188.163.109.153 - - [07/Sep/2020:09:32:28 +0200] "GET /en/cruisers/2336-nkd-city-39-cruiser.html HTTP/1.0" 301 - "http://www.deszkak.hu/en/cruisers/2336-nkd-city-39-cruiser.html" "Mozilla/5.0 (Windows NT 6.1; Win64; x64) AppleWebKit/537.36 (KHTML, like Gecko) Chrome/68.0.3440.106 Safari/537.36 OPR/55.0.2994.44"
54.36.148.202 - - [07/Sep/2020:09:38:29 +0200] "GET /hu/csavarok/1385-steadfast-gumiharang.html HTTP/1.1" 301 - "-" "Mozilla/5.0 (compatible; AhrefsBot/6.1; +http://ahrefs.com/robot/)"
40.77.167.14 - - [07/Sep/2020:09:43:15 +0200] "GET /3179-home_default/area-sebastian-longboard.jpg HTTP/1.1" 200 7705 "-" "Mozilla/5.0 (compatible; bingbot/2.0; +http://www.bing.com/bingbot.htm)"
66.249.75.144 - - [07/Sep/2020:09:45:52 +0200] "GET /hu/gordeszkak/1111-enuff-also-gordeszka-zold.html HTTP/1.1" 301 - "-" "Mozilla/5.0 (Linux; Android 6.0.1; Nexus 5X Build/MMB29P) AppleWebKit/537.36 (KHTML, like Gecko) Chrome/85.0.4183.97 Mobile Safari/537.36 (compatible; Googlebot/2.1; +http://www.google.com/bot.html)"
66.249.75.144 - - [07/Sep/2020:09:46:11 +0200] "GET /en/decks/1749-acid-drop-uncle-sam-8-deck.html HTTP/1.1" 301 - "-" "Mozilla/5.0 (Linux; Android 6.0.1; Nexus 5X Build/MMB29P) AppleWebKit/537.36 (KHTML, like Gecko) Chrome/80.0.3987.92 Mobile Safari/537.36 (compatible; Googlebot/2.1; +http://www.google.com/bot.html)"
66.249.75.146 - - [07/Sep/2020:09:46:14 +0200] "GET /en/decks/1749-acid-drop-uncle-sam-8-deck.html HTTP/1.1" 301 - "-" "Mozilla/5.0 (Linux; Android 6.0.1; Nexus 5X Build/MMB29P) AppleWebKit/537.36 (KHTML, like Gecko) Chrome/80.0.3987.92 Mobile Safari/537.36 (compatible; Googlebot/2.1; +http://www.google.com/bot.html)"
213.180.203.34 - - [07/Sep/2020:09:46:51 +0200] "GET /4127-home_default/sfr-vision-canvas-kids-quad-skate-floral.jpg HTTP/1.1" 404 1041 "-" "Mozilla/5.0 (compatible; YandexImages/3.0; +http://yandex.com/bots)"
207.46.13.196 - - [07/Sep/2020:09:47:40 +0200] "GET /3943-home_default/area-lion-24-skateboard.jpg HTTP/1.1" 200 8346 "-" "Mozilla/5.0 (compatible; bingbot/2.0; +http://www.bing.com/bingbot.htm)"
207.46.13.196 - - [07/Sep/2020:09:49:22 +0200] "GET /3907-cart_default/street-surfing-shark-attack-30-great-white.jpg HTTP/1.1" 200 3547 "-" "Mozilla/5.0 (compatible; bingbot/2.0; +http://www.bing.com/bingbot.htm)"
89.132.225.94 - - [07/Sep/2020:09:53:31 +0200] "GET /modules/ptsthemepanel/assets/css/admin.css HTTP/1.1" 304 - "http://www.deszkak.hu/admin16011/index.php?controller=AdminOrders&token=c1978206ebd196d9f154bec0d83018cf" "Mozilla/5.0 (Windows NT 6.1; Win64; x64) AppleWebKit/537.36 (KHTML, like Gecko) Chrome/84.0.4147.135 Safari/537.36"
89.132.225.94 - - [07/Sep/2020:09:53:31 +0200] "GET /modules/leoblog/assets/admin/blogmenu.css HTTP/1.1" 304 - "http://www.deszkak.hu/admin16011/index.php?controller=AdminOrders&token=c1978206ebd196d9f154bec0d83018cf" "Mozilla/5.0 (Windows NT 6.1; Win64; x64) AppleWebKit/537.36 (KHTML, like Gecko) Chrome/84.0.4147.135 Safari/537.36"
89.132.225.94 - - [07/Sep/2020:09:53:32 +0200] "GET /js/jquery/plugins/alerts/jquery.alerts.css HTTP/1.1" 304 - "http://www.deszkak.hu/admin16011/index.php?controller=AdminOrders&token=c1978206ebd196d9f154bec0d83018cf" "Mozilla/5.0 (Windows NT 6.1; Win64; x64) AppleWebKit/537.36 (KHTML, like Gecko) Chrome/84.0.4147.135 Safari/537.36"
89.132.225.94 - - [07/Sep/2020:09:53:32 +0200] "GET /js/jquery/ui/themes/base/jquery.ui.slider.css HTTP/1.1" 304 - "http://www.deszkak.hu/admin16011/index.php?controller=AdminOrders&token=c1978206ebd196d9f154bec0d83018cf" "Mozilla/5.0 (Windows NT 6.1; Win64; x64) AppleWebKit/537.36 (KHTML, like Gecko) Chrome/84.0.4147.135 Safari/537.36"
89.132.225.94 - - [07/Sep/2020:09:53:32 +0200] "GET /js/jquery/ui/themes/base/jquery.ui.theme.css HTTP/1.1" 304 - "http://www.deszkak.hu/admin16011/index.php?controller=AdminOrders&token=c1978206ebd196d9f154bec0d83018cf" "Mozilla/5.0 (Windows NT 6.1; Win64; x64) AppleWebKit/537.36 (KHTML, like Gecko) Chrome/84.0.4147.135 Safari/537.36"
89.132.225.94 - - [07/Sep/2020:09:53:32 +0200] "GET /js/jquery/plugins/chosen/jquery.chosen.css HTTP/1.1" 304 - "http://www.deszkak.hu/admin16011/index.php?controller=AdminOrders&token=c1978206ebd196d9f154bec0d83018cf" "Mozilla/5.0 (Windows NT 6.1; Win64; x64) AppleWebKit/537.36 (KHTML, like Gecko) Chrome/84.0.4147.135 Safari/537.36"
89.132.225.94 - - [07/Sep/2020:09:53:32 +0200] "GET /js/jquery/ui/themes/base/jquery.ui.core.css HTTP/1.1" 304 - "http://www.deszkak.hu/admin16011/index.php?controller=AdminOrders&token=c1978206ebd196d9f154bec0d83018cf" "Mozilla/5.0 (Windows NT 6.1; Win64; x64) AppleWebKit/537.36 (KHTML, like Gecko) Chrome/84.0.4147.135 Safari/537.36"
89.132.225.94 - - [07/Sep/2020:09:53:32 +0200] "GET /admin16011/themes/default/css/vendor/nv.d3.css HTTP/1.1" 304 - "http://www.deszkak.hu/admin16011/index.php?controller=AdminOrders&token=c1978206ebd196d9f154bec0d83018cf" "Mozilla/5.0 (Windows NT 6.1; Win64; x64) AppleWebKit/537.36 (KHTML, like Gecko) Chrome/84.0.4147.135 Safari/537.36"
89.132.225.94 - - [07/Sep/2020:09:53:33 +0200] "GET /modules/gamification/views/js/gamification_bt.js HTTP/1.1" 304 - "http://www.deszkak.hu/admin16011/index.php?controller=AdminOrders&token=c1978206ebd196d9f154bec0d83018cf" "Mozilla/5.0 (Windows NT 6.1; Win64; x64) AppleWebKit/537.36 (KHTML, like Gecko) Chrome/84.0.4147.135 Safari/537.36"
89.132.225.94 - - [07/Sep/2020:09:53:33 +0200] "GET /js/jquery/plugins/fancybox/jquery.fancybox.js HTTP/1.1" 304 - "http://www.deszkak.hu/admin16011/index.php?controller=AdminOrders&token=c1978206ebd196d9f154bec0d83018cf" "Mozilla/5.0 (Windows NT 6.1; Win64; x64) AppleWebKit/537.36 (KHTML, like Gecko) Chrome/84.0.4147.135 Safari/537.36"
89.132.225.94 - - [07/Sep/2020:09:53:31 +0200] "GET /modules/glsps/views/css/back.css HTTP/1.1" 304 - "http://www.deszkak.hu/admin16011/index.php?controller=AdminOrders&token=c1978206ebd196d9f154bec0d83018cf" "Mozilla/5.0 (Windows NT 6.1; Win64; x64) AppleWebKit/537.36 (KHTML, like Gecko) Chrome/84.0.4147.135 Safari/537.36"
89.132.225.94 - - [07/Sep/2020:09:53:32 +0200] "GET /modules/pagecache/views/css/bootstrap-slider.min.css HTTP/1.1" 304 - "http://www.deszkak.hu/admin16011/index.php?controller=AdminOrders&token=c1978206ebd196d9f154bec0d83018cf" "Mozilla/5.0 (Windows NT 6.1; Win64; x64) AppleWebKit/537.36 (KHTML, like Gecko) Chrome/84.0.4147.135 Safari/537.36"
89.132.225.94 - - [07/Sep/2020:09:53:33 +0200] "GET /modules/pagecache/views/js/countUp.js HTTP/1.1" 304 - "http://www.deszkak.hu/admin16011/index.php?controller=AdminOrders&token=c1978206ebd196d9f154bec0d83018cf" "Mozilla/5.0 (Windows NT 6.1; Win64; x64) AppleWebKit/537.36 (KHTML, like Gecko) Chrome/84.0.4147.135 Safari/537.36"
89.132.225.94 - - [07/Sep/2020:09:53:33 +0200] "GET /modules/pagecache/views/js/bootstrap-slider.js HTTP/1.1" 304 - "http://www.deszkak.hu/admin16011/index.php?controller=AdminOrders&token=c1978206ebd196d9f154bec0d83018cf" "Mozilla/5.0 (Windows NT 6.1; Win64; x64) AppleWebKit/537.36 (KHTML, like Gecko) Chrome/84.0.4147.135 Safari/537.36"
89.132.225.94 - - [07/Sep/2020:09:53:34 +0200] "GET /js/jquery/plugins/jquery.chosen.js HTTP/1.1" 304 - "http://www.deszkak.hu/admin16011/index.php?controller=AdminOrders&token=c1978206ebd196d9f154bec0d83018cf" "Mozilla/5.0 (Windows NT 6.1; Win64; x64) AppleWebKit/537.36 (KHTML, like Gecko) Chrome/84.0.4147.135 Safari/537.36"
89.132.225.94 - - [07/Sep/2020:09:53:34 +0200] "GET /js/jquery/ui/jquery.ui.widget.min.js HTTP/1.1" 304 - "http://www.deszkak.hu/admin16011/index.php?controller=AdminOrders&token=c1978206ebd196d9f154bec0d83018cf" "Mozilla/5.0 (Windows NT 6.1; Win64; x64) AppleWebKit/537.36 (KHTML, like Gecko) Chrome/84.0.4147.135 Safari/537.36"
89.132.225.94 - - [07/Sep/2020:09:53:34 +0200] "GET /js/jquery/ui/jquery.ui.datepicker.min.js HTTP/1.1" 304 - "http://www.deszkak.hu/admin16011/index.php?controller=AdminOrders&token=c1978206ebd196d9f154bec0d83018cf" "Mozilla/5.0 (Windows NT 6.1; Win64; x64) AppleWebKit/537.36 (KHTML, like Gecko) Chrome/84.0.4147.135 Safari/537.36"
89.132.225.94 - - [07/Sep/2020:09:53:32 +0200] "GET /js/jquery/ui/themes/base/jquery.ui.datepicker.css HTTP/1.1" 304 - "http://www.deszkak.hu/admin16011/index.php?controller=AdminOrders&token=c1978206ebd196d9f154bec0d83018cf" "Mozilla/5.0 (Windows NT 6.1; Win64; x64) AppleWebKit/537.36 (KHTML, like Gecko) Chrome/84.0.4147.135 Safari/537.36"
89.132.225.94 - - [07/Sep/2020:09:53:33 +0200] "GET /admin16011/themes/default/css/overrides.css HTTP/1.1" 304 - "http://www.deszkak.hu/admin16011/index.php?controller=AdminOrders&token=c1978206ebd196d9f154bec0d83018cf" "Mozilla/5.0 (Windows NT 6.1; Win64; x64) AppleWebKit/537.36 (KHTML, like Gecko) Chrome/84.0.4147.135 Safari/537.36"
89.132.225.94 - - [07/Sep/2020:09:53:33 +0200] "GET /js/jquery/jquery-1.11.0.min.js HTTP/1.1" 304 - "http://www.deszkak.hu/admin16011/index.php?controller=AdminOrders&token=c1978206ebd196d9f154bec0d83018cf" "Mozilla/5.0 (Windows NT 6.1; Win64; x64) AppleWebKit/537.36 (KHTML, like Gecko) Chrome/84.0.4147.135 Safari/537.36"
89.132.225.94 - - [07/Sep/2020:09:53:33 +0200] "GET /js/jquery/jquery-migrate-1.2.1.min.js HTTP/1.1" 304 - "http://www.deszkak.hu/admin16011/index.php?controller=AdminOrders&token=c1978206ebd196d9f154bec0d83018cf" "Mozilla/5.0 (Windows NT 6.1; Win64; x64) AppleWebKit/537.36 (KHTML, like Gecko) Chrome/84.0.4147.135 Safari/537.36"
89.132.225.94 - - [07/Sep/2020:09:53:33 +0200] "GET /modules/ptsthemepanel/assets/js/admin.js HTTP/1.1" 304 - "http://www.deszkak.hu/admin16011/index.php?controller=AdminOrders&token=c1978206ebd196d9f154bec0d83018cf" "Mozilla/5.0 (Windows NT 6.1; Win64; x64) AppleWebKit/537.36 (KHTML, like Gecko) Chrome/84.0.4147.135 Safari/537.36"
89.132.225.94 - - [07/Sep/2020:09:53:33 +0200] "GET /js/jquery/plugins/jquery.scrollTo.js HTTP/1.1" 304 - "http://www.deszkak.hu/admin16011/index.php?controller=AdminOrders&token=c1978206ebd196d9f154bec0d83018cf" "Mozilla/5.0 (Windows NT 6.1; Win64; x64) AppleWebKit/537.36 (KHTML, like Gecko) Chrome/84.0.4147.135 Safari/537.36"
89.132.225.94 - - [07/Sep/2020:09:53:34 +0200] "GET /js/jquery/ui/jquery.ui.mouse.min.js HTTP/1.1" 304 - "http://www.deszkak.hu/admin16011/index.php?controller=AdminOrders&token=c1978206ebd196d9f154bec0d83018cf" "Mozilla/5.0 (Windows NT 6.1; Win64; x64) AppleWebKit/537.36 (KHTML, like Gecko) Chrome/84.0.4147.135 Safari/537.36"
89.132.225.94 - - [07/Sep/2020:09:53:34 +0200] "GET /js/jquery/ui/jquery.ui.slider.min.js HTTP/1.1" 304 - "http://www.deszkak.hu/admin16011/index.php?controller=AdminOrders&token=c1978206ebd196d9f154bec0d83018cf" "Mozilla/5.0 (Windows NT 6.1; Win64; x64) AppleWebKit/537.36 (KHTML, like Gecko) Chrome/84.0.4147.135 Safari/537.36"
89.132.225.94 - - [07/Sep/2020:09:53:34 +0200] "GET /js/jquery/ui/i18n/jquery.ui.datepicker-hu.js HTTP/1.1" 304 - "http://www.deszkak.hu/admin16011/index.php?controller=AdminOrders&token=c1978206ebd196d9f154bec0d83018cf" "Mozilla/5.0 (Windows NT 6.1; Win64; x64) AppleWebKit/537.36 (KHTML, like Gecko) Chrome/84.0.4147.135 Safari/537.36"
89.132.225.94 - - [07/Sep/2020:09:53:34 +0200] "GET /js/tools.js HTTP/1.1" 304 - "http://www.deszkak.hu/admin16011/index.php?controller=AdminOrders&token=c1978206ebd196d9f154bec0d83018cf" "Mozilla/5.0 (Windows NT 6.1; Win64; x64) AppleWebKit/537.36 (KHTML, like Gecko) Chrome/84.0.4147.135 Safari/537.36"
89.132.225.94 - - [07/Sep/2020:09:53:34 +0200] "GET /js/jquery/plugins/timepicker/jquery-ui-timepicker-addon.js HTTP/1.1" 304 - "http://www.deszkak.hu/admin16011/index.php?controller=AdminOrders&token=c1978206ebd196d9f154bec0d83018cf" "Mozilla/5.0 (Windows NT 6.1; Win64; x64) AppleWebKit/537.36 (KHTML, like Gecko) Chrome/84.0.4147.135 Safari/537.36"
89.132.225.94 - - [07/Sep/2020:09:53:28 +0200] "GET /modules/gamification/views/css/gamification.css HTTP/1.1" 304 - "http://www.deszkak.hu/admin16011/index.php?controller=AdminOrders&token=c1978206ebd196d9f154bec0d83018cf" "Mozilla/5.0 (Windows NT 6.1; Win64; x64) AppleWebKit/537.36 (KHTML, like Gecko) Chrome/84.0.4147.135 Safari/537.36"
89.132.225.94 - - [07/Sep/2020:09:53:34 +0200] "GET /admin16011/themes/default/js/modernizr-loads.js HTTP/1.1" 304 - "http://www.deszkak.hu/admin16011/index.php?controller=AdminOrders&token=c1978206ebd196d9f154bec0d83018cf" "Mozilla/5.0 (Windows NT 6.1; Win64; x64) AppleWebKit/537.36 (KHTML, like Gecko) Chrome/84.0.4147.135 Safari/537.36"
89.132.225.94 - - [07/Sep/2020:09:53:34 +0200] "GET /admin16011/themes/default/js/vendor/moment-with-langs.min.js HTTP/1.1" 304 - "http://www.deszkak.hu/admin16011/index.php?controller=AdminOrders&token=c1978206ebd196d9f154bec0d83018cf" "Mozilla/5.0 (Windows NT 6.1; Win64; x64) AppleWebKit/537.36 (KHTML, like Gecko) Chrome/84.0.4147.135 Safari/537.36"
89.132.225.94 - - [07/Sep/2020:09:53:34 +0200] "GET /js/admin/notifications.js HTTP/1.1" 304 - "http://www.deszkak.hu/admin16011/index.php?controller=AdminOrders&token=c1978206ebd196d9f154bec0d83018cf" "Mozilla/5.0 (Windows NT 6.1; Win64; x64) AppleWebKit/537.36 (KHTML, like Gecko) Chrome/84.0.4147.135 Safari/537.36"
89.132.225.94 - - [07/Sep/2020:09:53:34 +0200] "GET /js/vendor/d3.v3.min.js HTTP/1.1" 304 - "http://www.deszkak.hu/admin16011/index.php?controller=AdminOrders&token=c1978206ebd196d9f154bec0d83018cf" "Mozilla/5.0 (Windows NT 6.1; Win64; x64) AppleWebKit/537.36 (KHTML, like Gecko) Chrome/84.0.4147.135 Safari/537.36"
89.132.225.94 - - [07/Sep/2020:09:53:34 +0200] "GET /admin16011/themes/default/js/vendor/nv.d3.min.js HTTP/1.1" 304 - "http://www.deszkak.hu/admin16011/index.php?controller=AdminOrders&token=c1978206ebd196d9f154bec0d83018cf" "Mozilla/5.0 (Windows NT 6.1; Win64; x64) AppleWebKit/537.36 (KHTML, like Gecko) Chrome/84.0.4147.135 Safari/537.36"
89.132.225.94 - - [07/Sep/2020:09:53:34 +0200] "GET /admin16011/themes/default/js/vendor/enquire.min.js HTTP/1.1" 304 - "http://www.deszkak.hu/admin16011/index.php?controller=AdminOrders&token=c1978206ebd196d9f154bec0d83018cf" "Mozilla/5.0 (Windows NT 6.1; Win64; x64) AppleWebKit/537.36 (KHTML, like Gecko) Chrome/84.0.4147.135 Safari/537.36"
89.132.225.94 - - [07/Sep/2020:09:53:35 +0200] "POST /admin16011/ajax.php?rand=1599465215756 HTTP/1.1" 200 2329 "http://www.deszkak.hu/admin16011/index.php?controller=AdminOrders&token=c1978206ebd196d9f154bec0d83018cf" "Mozilla/5.0 (Windows NT 6.1; Win64; x64) AppleWebKit/537.36 (KHTML, like Gecko) Chrome/84.0.4147.135 Safari/537.36"
89.132.225.94 - - [07/Sep/2020:09:53:34 +0200] "GET /js/admin.js HTTP/1.1" 304 - "http://www.deszkak.hu/admin16011/index.php?controller=AdminOrders&token=c1978206ebd196d9f154bec0d83018cf" "Mozilla/5.0 (Windows NT 6.1; Win64; x64) AppleWebKit/537.36 (KHTML, like Gecko) Chrome/84.0.4147.135 Safari/537.36"
89.132.225.94 - - [07/Sep/2020:09:53:34 +0200] "GET /admin16011/themes/default/js/vendor/bootstrap.min.js HTTP/1.1" 304 - "http://www.deszkak.hu/admin16011/index.php?controller=AdminOrders&token=c1978206ebd196d9f154bec0d83018cf" "Mozilla/5.0 (Windows NT 6.1; Win64; x64) AppleWebKit/537.36 (KHTML, like Gecko) Chrome/84.0.4147.135 Safari/537.36"
89.132.225.94 - - [07/Sep/2020:09:53:34 +0200] "GET /admin16011/themes/default/js/vendor/modernizr.min.js HTTP/1.1" 304 - "http://www.deszkak.hu/admin16011/index.php?controller=AdminOrders&token=c1978206ebd196d9f154bec0d83018cf" "Mozilla/5.0 (Windows NT 6.1; Win64; x64) AppleWebKit/537.36 (KHTML, like Gecko) Chrome/84.0.4147.135 Safari/537.36"
89.132.225.94 - - [07/Sep/2020:09:53:34 +0200] "GET /admin16011/themes/default/js/help.js HTTP/1.1" 304 - "http://www.deszkak.hu/admin16011/index.php?controller=AdminOrders&token=c1978206ebd196d9f154bec0d83018cf" "Mozilla/5.0 (Windows NT 6.1; Win64; x64) AppleWebKit/537.36 (KHTML, like Gecko) Chrome/84.0.4147.135 Safari/537.36"
89.132.225.94 - - [07/Sep/2020:09:53:34 +0200] "GET /admin16011/themes/default/js/admin-theme.js HTTP/1.1" 304 - "http://www.deszkak.hu/admin16011/index.php?controller=AdminOrders&token=c1978206ebd196d9f154bec0d83018cf" "Mozilla/5.0 (Windows NT 6.1; Win64; x64) AppleWebKit/537.36 (KHTML, like Gecko) Chrome/84.0.4147.135 Safari/537.36"
89.132.225.94 - - [07/Sep/2020:09:53:35 +0200] "POST /admin16011/index.php?controller=AdminGamification&token=a365fd1a059bd9034feefbbfe8a8aacd HTTP/1.1" 200 5221 "http://www.deszkak.hu/admin16011/index.php?controller=AdminOrders&token=c1978206ebd196d9f154bec0d83018cf" "Mozilla/5.0 (Windows NT 6.1; Win64; x64) AppleWebKit/537.36 (KHTML, like Gecko) Chrome/84.0.4147.135 Safari/537.36"
89.132.225.94 - - [07/Sep/2020:09:53:26 +0200] "GET /admin16011/index.php?controller=AdminOrders&token=c1978206ebd196d9f154bec0d83018cf HTTP/1.1" 200 129246 "http://www.deszkak.hu/admin16011/index.php?controller=AdminOrders&id_order=13872&vieworder&token=c1978206ebd196d9f154bec0d83018cf" "Mozilla/5.0 (Windows NT 6.1; Win64; x64) AppleWebKit/537.36 (KHTML, like Gecko) Chrome/84.0.4147.135 Safari/537.36"
89.132.225.94 - - [07/Sep/2020:09:53:28 +0200] "GET /admin16011/themes/default/css/admin-theme.css HTTP/1.1" 304 - "http://www.deszkak.hu/admin16011/index.php?controller=AdminOrders&token=c1978206ebd196d9f154bec0d83018cf" "Mozilla/5.0 (Windows NT 6.1; Win64; x64) AppleWebKit/537.36 (KHTML, like Gecko) Chrome/84.0.4147.135 Safari/537.36"
89.132.225.94 - - [07/Sep/2020:09:53:28 +0200] "GET /js/jquery/plugins/fancybox/jquery.fancybox.css HTTP/1.1" 304 - "http://www.deszkak.hu/admin16011/index.php?controller=AdminOrders&token=c1978206ebd196d9f154bec0d83018cf" "Mozilla/5.0 (Windows NT 6.1; Win64; x64) AppleWebKit/537.36 (KHTML, like Gecko) Chrome/84.0.4147.135 Safari/537.36"
179.43.156.235 - - [07/Sep/2020:09:53:48 +0200] "GET /db.gz HTTP/1.1" 302 - "-" "Mozilla/5.0 (X11; Linux x86_64; rv:68.0) Gecko/20100101 Firefox/68.0"
89.132.225.94 - - [07/Sep/2020:09:53:33 +0200] "GET /js/jquery/plugins/alerts/jquery.alerts.js HTTP/1.1" 304 - "http://www.deszkak.hu/admin16011/index.php?controller=AdminOrders&token=c1978206ebd196d9f154bec0d83018cf" "Mozilla/5.0 (Windows NT 6.1; Win64; x64) AppleWebKit/537.36 (KHTML, like Gecko) Chrome/84.0.4147.135 Safari/537.36"
89.132.225.94 - - [07/Sep/2020:09:53:34 +0200] "GET /js/jquery/plugins/jquery.autosize.js HTTP/1.1" 304 - "http://www.deszkak.hu/admin16011/index.php?controller=AdminOrders&token=c1978206ebd196d9f154bec0d83018cf" "Mozilla/5.0 (Windows NT 6.1; Win64; x64) AppleWebKit/537.36 (KHTML, like Gecko) Chrome/84.0.4147.135 Safari/537.36"
89.132.225.94 - - [07/Sep/2020:09:53:34 +0200] "GET /js/jquery/plugins/growl/jquery.growl.js HTTP/1.1" 304 - "http://www.deszkak.hu/admin16011/index.php?controller=AdminOrders&token=c1978206ebd196d9f154bec0d83018cf" "Mozilla/5.0 (Windows NT 6.1; Win64; x64) AppleWebKit/537.36 (KHTML, like Gecko) Chrome/84.0.4147.135 Safari/537.36"
89.132.225.94 - - [07/Sep/2020:09:53:34 +0200] "GET /js/jquery/ui/jquery.ui.core.min.js HTTP/1.1" 304 - "http://www.deszkak.hu/admin16011/index.php?controller=AdminOrders&token=c1978206ebd196d9f154bec0d83018cf" "Mozilla/5.0 (Windows NT 6.1; Win64; x64) AppleWebKit/537.36 (KHTML, like Gecko) Chrome/84.0.4147.135 Safari/537.36"
89.132.225.94 - - [07/Sep/2020:09:54:16 +0200] "POST /admin16011/index.php?controller=AdminOrders&token=c1978206ebd196d9f154bec0d83018cf HTTP/1.1" 200 129308 "http://www.deszkak.hu/admin16011/index.php?controller=AdminOrders&token=c1978206ebd196d9f154bec0d83018cf" "Mozilla/5.0 (Windows NT 6.1; Win64; x64) AppleWebKit/537.36 (KHTML, like Gecko) Chrome/84.0.4147.135 Safari/537.36"
89.132.225.94 - - [07/Sep/2020:09:54:18 +0200] "POST /admin16011/index.php?controller=AdminGamification&token=a365fd1a059bd9034feefbbfe8a8aacd HTTP/1.1" 200 5221 "http://www.deszkak.hu/admin16011/index.php?controller=AdminOrders&token=c1978206ebd196d9f154bec0d83018cf" "Mozilla/5.0 (Windows NT 6.1; Win64; x64) AppleWebKit/537.36 (KHTML, like Gecko) Chrome/84.0.4147.135 Safari/537.36"
89.132.225.94 - - [07/Sep/2020:09:54:35 +0200] "GET /js/jquery/plugins/autocomplete/jquery.autocomplete.css HTTP/1.1" 304 - "http://www.deszkak.hu/admin16011/index.php?controller=AdminOrders&id_order=13890&vieworder&token=c1978206ebd196d9f154bec0d83018cf" "Mozilla/5.0 (Windows NT 6.1; Win64; x64) AppleWebKit/537.36 (KHTML, like Gecko) Chrome/84.0.4147.135 Safari/537.36"
89.132.225.94 - - [07/Sep/2020:09:54:22 +0200] "POST /admin16011/ajax.php?rand=1599465262613 HTTP/1.1" 200 2329 "http://www.deszkak.hu/admin16011/index.php?controller=AdminOrders&token=c1978206ebd196d9f154bec0d83018cf" "Mozilla/5.0 (Windows NT 6.1; Win64; x64) AppleWebKit/537.36 (KHTML, like Gecko) Chrome/84.0.4147.135 Safari/537.36"
89.132.225.94 - - [07/Sep/2020:09:54:33 +0200] "GET /admin16011/index.php?controller=AdminOrders&id_order=13890&vieworder&token=c1978206ebd196d9f154bec0d83018cf HTTP/1.1" 200 105032 "http://www.deszkak.hu/admin16011/index.php?controller=AdminOrders&token=c1978206ebd196d9f154bec0d83018cf" "Mozilla/5.0 (Windows NT 6.1; Win64; x64) AppleWebKit/537.36 (KHTML, like Gecko) Chrome/84.0.4147.135 Safari/537.36"
89.132.225.94 - - [07/Sep/2020:09:54:35 +0200] "GET /modules/bdszamlazzhu/views/css/back_order.css HTTP/1.1" 304 - "http://www.deszkak.hu/admin16011/index.php?controller=AdminOrders&id_order=13890&vieworder&token=c1978206ebd196d9f154bec0d83018cf" "Mozilla/5.0 (Windows NT 6.1; Win64; x64) AppleWebKit/537.36 (KHTML, like Gecko) Chrome/84.0.4147.135 Safari/537.36"
89.132.225.94 - - [07/Sep/2020:09:54:35 +0200] "GET /js/admin/orders.js HTTP/1.1" 304 - "http://www.deszkak.hu/admin16011/index.php?controller=AdminOrders&id_order=13890&vieworder&token=c1978206ebd196d9f154bec0d83018cf" "Mozilla/5.0 (Windows NT 6.1; Win64; x64) AppleWebKit/537.36 (KHTML, like Gecko) Chrome/84.0.4147.135 Safari/537.36"
89.132.225.94 - - [07/Sep/2020:09:54:36 +0200] "POST /admin16011/ajax.php?rand=1599465276490 HTTP/1.1" 200 2329 "http://www.deszkak.hu/admin16011/index.php?controller=AdminOrders&id_order=13890&vieworder&token=c1978206ebd196d9f154bec0d83018cf" "Mozilla/5.0 (Windows NT 6.1; Win64; x64) AppleWebKit/537.36 (KHTML, like Gecko) Chrome/84.0.4147.135 Safari/537.36"
157.55.39.156 - - [07/Sep/2020:09:54:51 +0200] "GET /1941-home_default/tony-hawk-720-series-skateboard-dual-hawk.jpg HTTP/1.1" 200 13934 "-" "Mozilla/5.0 (compatible; bingbot/2.0; +http://www.bing.com/bingbot.htm)"
89.132.225.94 - - [07/Sep/2020:09:54:18 +0200] "POST /admin16011/ajax.php?rand=1599465259011 HTTP/1.1" 200 2329 "http://www.deszkak.hu/admin16011/index.php?controller=AdminOrders&token=c1978206ebd196d9f154bec0d83018cf" "Mozilla/5.0 (Windows NT 6.1; Win64; x64) AppleWebKit/537.36 (KHTML, like Gecko) Chrome/84.0.4147.135 Safari/537.36"
89.132.225.94 - - [07/Sep/2020:09:54:20 +0200] "POST /admin16011/index.php?controller=AdminOrders&token=c1978206ebd196d9f154bec0d83018cf HTTP/1.1" 200 273131 "http://www.deszkak.hu/admin16011/index.php?controller=AdminOrders&token=c1978206ebd196d9f154bec0d83018cf" "Mozilla/5.0 (Windows NT 6.1; Win64; x64) AppleWebKit/537.36 (KHTML, like Gecko) Chrome/84.0.4147.135 Safari/537.36"
89.132.225.94 - - [07/Sep/2020:09:54:22 +0200] "POST /admin16011/index.php?controller=AdminGamification&token=a365fd1a059bd9034feefbbfe8a8aacd HTTP/1.1" 200 5221 "http://www.deszkak.hu/admin16011/index.php?controller=AdminOrders&token=c1978206ebd196d9f154bec0d83018cf" "Mozilla/5.0 (Windows NT 6.1; Win64; x64) AppleWebKit/537.36 (KHTML, like Gecko) Chrome/84.0.4147.135 Safari/537.36"
89.132.225.94 - - [07/Sep/2020:09:56:36 +0200] "POST /admin16011/ajax.php?rand=1599465396938 HTTP/1.1" 200 2329 "http://www.deszkak.hu/admin16011/index.php?controller=AdminOrders&id_order=13890&vieworder&token=c1978206ebd196d9f154bec0d83018cf" "Mozilla/5.0 (Windows NT 6.1; Win64; x64) AppleWebKit/537.36 (KHTML, like Gecko) Chrome/84.0.4147.135 Safari/537.36"
89.132.225.94 - - [07/Sep/2020:09:58:37 +0200] "POST /admin16011/ajax.php?rand=1599465517939 HTTP/1.1" 200 2329 "http://www.deszkak.hu/admin16011/index.php?controller=AdminOrders&id_order=13890&vieworder&token=c1978206ebd196d9f154bec0d83018cf" "Mozilla/5.0 (Windows NT 6.1; Win64; x64) AppleWebKit/537.36 (KHTML, like Gecko) Chrome/84.0.4147.135 Safari/537.36"
89.132.225.94 - - [07/Sep/2020:09:54:35 +0200] "GET /js/jquery/plugins/autocomplete/jquery.autocomplete.js HTTP/1.1" 304 - "http://www.deszkak.hu/admin16011/index.php?controller=AdminOrders&id_order=13890&vieworder&token=c1978206ebd196d9f154bec0d83018cf" "Mozilla/5.0 (Windows NT 6.1; Win64; x64) AppleWebKit/537.36 (KHTML, like Gecko) Chrome/84.0.4147.135 Safari/537.36"
89.132.225.94 - - [07/Sep/2020:09:54:36 +0200] "GET /img/tmp/product_mini_1883_0.jpg?time=1599465273 HTTP/1.1" 200 1242 "http://www.deszkak.hu/admin16011/index.php?controller=AdminOrders&id_order=13890&vieworder&token=c1978206ebd196d9f154bec0d83018cf" "Mozilla/5.0 (Windows NT 6.1; Win64; x64) AppleWebKit/537.36 (KHTML, like Gecko) Chrome/84.0.4147.135 Safari/537.36"
89.132.225.94 - - [07/Sep/2020:09:54:36 +0200] "POST /admin16011/index.php?controller=AdminGamification&token=a365fd1a059bd9034feefbbfe8a8aacd HTTP/1.1" 200 5221 "http://www.deszkak.hu/admin16011/index.php?controller=AdminOrders&id_order=13890&vieworder&token=c1978206ebd196d9f154bec0d83018cf" "Mozilla/5.0 (Windows NT 6.1; Win64; x64) AppleWebKit/537.36 (KHTML, like Gecko) Chrome/84.0.4147.135 Safari/537.36"
94.44.110.108 - - [07/Sep/2020:10:01:48 +0200] "GET / HTTP/1.1" 301 - "-" "Mozilla/5.0 (Linux; Android 8.0.0; WAS-LX1) AppleWebKit/537.36 (KHTML, like Gecko) Chrome/85.0.4183.81 Mobile Safari/537.36"
89.132.225.94 - - [07/Sep/2020:10:00:38 +0200] "POST /admin16011/ajax.php?rand=1599465638944 HTTP/1.1" 200 2329 "http://www.deszkak.hu/admin16011/index.php?controller=AdminOrders&id_order=13890&vieworder&token=c1978206ebd196d9f154bec0d83018cf" "Mozilla/5.0 (Windows NT 6.1; Win64; x64) AppleWebKit/537.36 (KHTML, like Gecko) Chrome/84.0.4147.135 Safari/537.36"
179.43.156.235 - - [07/Sep/2020:10:01:05 +0200] "GET /sql.gz HTTP/1.1" 302 - "-" "Mozilla/5.0 (X11; Linux x86_64; rv:68.0) Gecko/20100101 Firefox/68.0"
89.132.225.94 - - [07/Sep/2020:10:02:39 +0200] "POST /admin16011/ajax.php?rand=1599465759113 HTTP/1.1" 200 2329 "http://www.deszkak.hu/admin16011/index.php?controller=AdminOrders&id_order=13890&vieworder&token=c1978206ebd196d9f154bec0d83018cf" "Mozilla/5.0 (Windows NT 6.1; Win64; x64) AppleWebKit/537.36 (KHTML, like Gecko) Chrome/84.0.4147.135 Safari/537.36"
89.132.225.94 - - [07/Sep/2020:10:04:39 +0200] "POST /admin16011/ajax.php?rand=1599465879260 HTTP/1.1" 200 2309 "http://www.deszkak.hu/admin16011/index.php?controller=AdminOrders&id_order=13890&vieworder&token=c1978206ebd196d9f154bec0d83018cf" "Mozilla/5.0 (Windows NT 6.1; Win64; x64) AppleWebKit/537.36 (KHTML, like Gecko) Chrome/84.0.4147.135 Safari/537.36"
89.132.225.94 - - [07/Sep/2020:10:06:39 +0200] "POST /admin16011/ajax.php?rand=1599465999420 HTTP/1.1" 200 2317 "http://www.deszkak.hu/admin16011/index.php?controller=AdminOrders&id_order=13890&vieworder&token=c1978206ebd196d9f154bec0d83018cf" "Mozilla/5.0 (Windows NT 6.1; Win64; x64) AppleWebKit/537.36 (KHTML, like Gecko) Chrome/84.0.4147.135 Safari/537.36"
89.132.225.94 - - [07/Sep/2020:10:08:39 +0200] "POST /admin16011/ajax.php?rand=1599466119965 HTTP/1.1" 200 2317 "http://www.deszkak.hu/admin16011/index.php?controller=AdminOrders&id_order=13890&vieworder&token=c1978206ebd196d9f154bec0d83018cf" "Mozilla/5.0 (Windows NT 6.1; Win64; x64) AppleWebKit/537.36 (KHTML, like Gecko) Chrome/84.0.4147.135 Safari/537.36"
89.132.225.94 - - [07/Sep/2020:10:10:40 +0200] "POST /admin16011/ajax.php?rand=1599466240974 HTTP/1.1" 200 2317 "http://www.deszkak.hu/admin16011/index.php?controller=AdminOrders&id_order=13890&vieworder&token=c1978206ebd196d9f154bec0d83018cf" "Mozilla/5.0 (Windows NT 6.1; Win64; x64) AppleWebKit/537.36 (KHTML, like Gecko) Chrome/84.0.4147.135 Safari/537.36"
89.132.225.94 - - [07/Sep/2020:10:12:41 +0200] "POST /admin16011/ajax.php?rand=1599466361980 HTTP/1.1" 200 2317 "http://www.deszkak.hu/admin16011/index.php?controller=AdminOrders&id_order=13890&vieworder&token=c1978206ebd196d9f154bec0d83018cf" "Mozilla/5.0 (Windows NT 6.1; Win64; x64) AppleWebKit/537.36 (KHTML, like Gecko) Chrome/84.0.4147.135 Safari/537.36"
134.255.85.218 - - [07/Sep/2020:10:14:08 +0200] "GET /index.php?id_cms=10&controller=cms HTTP/1.1" 301 - "-" "Mozilla/5.0 (Macintosh; Intel Mac OS X 10_15_4) AppleWebKit/537.36 (KHTML, like Gecko) Chrome/85.0.4183.83 Safari/537.36"
89.132.225.94 - - [07/Sep/2020:10:14:42 +0200] "POST /admin16011/ajax.php?rand=1599466482985 HTTP/1.1" 200 2317 "http://www.deszkak.hu/admin16011/index.php?controller=AdminOrders&id_order=13890&vieworder&token=c1978206ebd196d9f154bec0d83018cf" "Mozilla/5.0 (Windows NT 6.1; Win64; x64) AppleWebKit/537.36 (KHTML, like Gecko) Chrome/84.0.4147.135 Safari/537.36"
212.48.245.89 - - [07/Sep/2020:10:13:19 +0200] "GET / HTTP/1.1" 301 - "-" "Mozilla/5.0 (Macintosh; Intel Mac OS X 10_14_1) AppleWebKit/537.36 (KHTML, like Gecko) Chrome/85.0.4183.83 Safari/537.36"
179.43.156.235 - - [07/Sep/2020:10:15:50 +0200] "GET /web.gz HTTP/1.1" 302 - "-" "Mozilla/5.0 (X11; Linux x86_64; rv:68.0) Gecko/20100101 Firefox/68.0"
66.249.75.144 - - [07/Sep/2020:10:17:35 +0200] "GET /hu/longboard/543-mindless-savage-iii-longboard-piros.html?search_query=mindless&results=67 HTTP/1.1" 301 - "-" "Mozilla/5.0 (Linux; Android 6.0.1; Nexus 5X Build/MMB29P) AppleWebKit/537.36 (KHTML, like Gecko) Chrome/85.0.4183.97 Mobile Safari/537.36 (compatible; Googlebot/2.1; +http://www.google.com/bot.html)"
129.226.49.27 - - [07/Sep/2020:10:16:30 +0200] "GET / HTTP/1.1" 301 - "-" "Mozilla/4.0 (compatible; MSIE 7.0; Windows NT 5.1; Trident/4.0; Mozilla/4.0 (compatible; MSIE 6.0; Windows NT 5.1; SV1))"
89.132.225.94 - - [07/Sep/2020:10:18:44 +0200] "POST /admin16011/ajax.php?rand=1599466724997 HTTP/1.1" 200 2317 "http://www.deszkak.hu/admin16011/index.php?controller=AdminOrders&id_order=13890&vieworder&token=c1978206ebd196d9f154bec0d83018cf" "Mozilla/5.0 (Windows NT 6.1; Win64; x64) AppleWebKit/537.36 (KHTML, like Gecko) Chrome/84.0.4147.135 Safari/537.36"
89.132.225.94 - - [07/Sep/2020:10:16:43 +0200] "POST /admin16011/ajax.php?rand=1599466603991 HTTP/1.1" 200 2317 "http://www.deszkak.hu/admin16011/index.php?controller=AdminOrders&id_order=13890&vieworder&token=c1978206ebd196d9f154bec0d83018cf" "Mozilla/5.0 (Windows NT 6.1; Win64; x64) AppleWebKit/537.36 (KHTML, like Gecko) Chrome/84.0.4147.135 Safari/537.36"
89.132.225.94 - - [07/Sep/2020:10:20:45 +0200] "POST /admin16011/ajax.php?rand=1599466846002 HTTP/1.1" 200 2283 "http://www.deszkak.hu/admin16011/index.php?controller=AdminOrders&id_order=13890&vieworder&token=c1978206ebd196d9f154bec0d83018cf" "Mozilla/5.0 (Windows NT 6.1; Win64; x64) AppleWebKit/537.36 (KHTML, like Gecko) Chrome/84.0.4147.135 Safari/537.36"
40.88.21.235 - - [07/Sep/2020:10:22:51 +0200] "GET / HTTP/1.1" 301 - "http://www.deszkak.hu/" "Mozilla/5.0 (compatible; DuckDuckGo-Favicons-Bot/1.0; +http://duckduckgo.com)"
66.249.91.209 - - [07/Sep/2020:10:23:18 +0200] "GET /hu/43-alkatreszek HTTP/1.1" 301 - "-" "AdsBot-Google (+http://www.google.com/adsbot.html)"
66.249.75.144 - - [07/Sep/2020:10:23:50 +0200] "GET /hu/longboard/125-mindless-voodoo-haraka-longboard-kerek-69mm-lila.html HTTP/1.1" 301 - "-" "Mozilla/5.0 (Linux; Android 6.0.1; Nexus 5X Build/MMB29P) AppleWebKit/537.36 (KHTML, like Gecko) Chrome/80.0.3987.92 Mobile Safari/537.36 (compatible; Googlebot/2.1; +http://www.google.com/bot.html)"
66.249.75.144 - - [07/Sep/2020:10:23:54 +0200] "GET /hu/longboard/125-mindless-voodoo-haraka-longboard-kerek-69mm-lila.html HTTP/1.1" 301 - "-" "Mozilla/5.0 (Linux; Android 6.0.1; Nexus 5X Build/MMB29P) AppleWebKit/537.36 (KHTML, like Gecko) Chrome/80.0.3987.92 Mobile Safari/537.36 (compatible; Googlebot/2.1; +http://www.google.com/bot.html)"
216.244.66.194 - - [07/Sep/2020:10:24:03 +0200] "GET /en/bearings/138-enuff-bearings-abec-7.html HTTP/1.1" 301 - "-" "Mozilla/5.0 (compatible; DotBot/1.1; http://www.opensiteexplorer.org/dotbot, help@moz.com)"
216.244.66.194 - - [07/Sep/2020:10:23:59 +0200] "GET /en/25-helmets HTTP/1.1" 301 - "-" "Mozilla/5.0 (compatible; DotBot/1.1; http://www.opensiteexplorer.org/dotbot, help@moz.com)"
89.132.225.94 - - [07/Sep/2020:10:22:46 +0200] "POST /admin16011/ajax.php?rand=1599466967008 HTTP/1.1" 200 2283 "http://www.deszkak.hu/admin16011/index.php?controller=AdminOrders&id_order=13890&vieworder&token=c1978206ebd196d9f154bec0d83018cf" "Mozilla/5.0 (Windows NT 6.1; Win64; x64) AppleWebKit/537.36 (KHTML, like Gecko) Chrome/84.0.4147.135 Safari/537.36"
89.132.225.94 - - [07/Sep/2020:10:24:47 +0200] "POST /admin16011/ajax.php?rand=1599467088014 HTTP/1.1" 200 2283 "http://www.deszkak.hu/admin16011/index.php?controller=AdminOrders&id_order=13890&vieworder&token=c1978206ebd196d9f154bec0d83018cf" "Mozilla/5.0 (Windows NT 6.1; Win64; x64) AppleWebKit/537.36 (KHTML, like Gecko) Chrome/84.0.4147.135 Safari/537.36"
66.249.75.146 - - [07/Sep/2020:10:25:45 +0200] "GET /hu/fuggok/349-peril-gordeszka-felfuggesztes-piros-base.html HTTP/1.1" 301 - "-" "Mozilla/5.0 (Linux; Android 6.0.1; Nexus 5X Build/MMB29P) AppleWebKit/537.36 (KHTML, like Gecko) Chrome/85.0.4183.97 Mobile Safari/537.36 (compatible; Googlebot/2.1; +http://www.google.com/bot.html)"
66.249.75.144 - - [07/Sep/2020:10:25:41 +0200] "GET /hu/fuggok/349-peril-gordeszka-felfuggesztes-piros-base.html HTTP/1.1" 301 - "-" "Mozilla/5.0 (Linux; Android 6.0.1; Nexus 5X Build/MMB29P) AppleWebKit/537.36 (KHTML, like Gecko) Chrome/85.0.4183.97 Mobile Safari/537.36 (compatible; Googlebot/2.1; +http://www.google.com/bot.html)"
89.132.225.94 - - [07/Sep/2020:10:26:48 +0200] "POST /admin16011/ajax.php?rand=1599467209020 HTTP/1.1" 200 2274 "http://www.deszkak.hu/admin16011/index.php?controller=AdminOrders&id_order=13890&vieworder&token=c1978206ebd196d9f154bec0d83018cf" "Mozilla/5.0 (Windows NT 6.1; Win64; x64) AppleWebKit/537.36 (KHTML, like Gecko) Chrome/84.0.4147.135 Safari/537.36"
216.244.66.194 - - [07/Sep/2020:10:27:15 +0200] "GET /en/25-helmets HTTP/1.1" 301 - "-" "Mozilla/5.0 (compatible; DotBot/1.1; http://www.opensiteexplorer.org/dotbot, help@moz.com)"
141.8.142.88 - - [07/Sep/2020:10:27:03 +0200] "GET /robots.txt HTTP/1.1" 200 2464 "-" "Mozilla/5.0 (compatible; YandexBot/3.0; +http://yandex.com/bots)"
141.8.142.88 - - [07/Sep/2020:10:27:07 +0200] "GET /4316-cart_default/d-street-cruiser-hornet.jpg HTTP/1.1" 304 - "-" "Mozilla/5.0 (compatible; YandexImages/3.0; +http://yandex.com/bots)"
216.244.66.194 - - [07/Sep/2020:10:27:21 +0200] "GET /en/bearings/138-enuff-bearings-abec-7.html HTTP/1.1" 301 - "-" "Mozilla/5.0 (compatible; DotBot/1.1; http://www.opensiteexplorer.org/dotbot, help@moz.com)"
89.132.225.94 - - [07/Sep/2020:10:28:50 +0200] "POST /admin16011/ajax.php?rand=1599467330026 HTTP/1.1" 200 2274 "http://www.deszkak.hu/admin16011/index.php?controller=AdminOrders&id_order=13890&vieworder&token=c1978206ebd196d9f154bec0d83018cf" "Mozilla/5.0 (Windows NT 6.1; Win64; x64) AppleWebKit/537.36 (KHTML, like Gecko) Chrome/84.0.4147.135 Safari/537.36"
141.8.142.88 - - [07/Sep/2020:10:29:51 +0200] "GET /3946-large_default/area-cool-boy-28-skateboard.jpg HTTP/1.1" 200 37465 "-" "Mozilla/5.0 (compatible; YandexImages/3.0; +http://yandex.com/bots)"
141.8.142.88 - - [07/Sep/2020:10:29:12 +0200] "GET /434-small_default/mgp-honcho-series-gordeszka-iron-star.jpg HTTP/1.1" 304 - "-" "Mozilla/5.0 (compatible; YandexImages/3.0; +http://yandex.com/bots)"
179.43.156.235 - - [07/Sep/2020:10:30:35 +0200] "GET /htdocs.gz HTTP/1.1" 302 - "-" "Mozilla/5.0 (X11; Linux x86_64; rv:68.0) Gecko/20100101 Firefox/68.0"
89.132.225.94 - - [07/Sep/2020:10:30:50 +0200] "POST /admin16011/ajax.php?rand=1599467451032 HTTP/1.1" 200 2274 "http://www.deszkak.hu/admin16011/index.php?controller=AdminOrders&id_order=13890&vieworder&token=c1978206ebd196d9f154bec0d83018cf" "Mozilla/5.0 (Windows NT 6.1; Win64; x64) AppleWebKit/537.36 (KHTML, like Gecko) Chrome/84.0.4147.135 Safari/537.36"
40.77.167.60 - - [07/Sep/2020:10:31:07 +0200] "GET /2656-thickbox_default/steadfastswirl-gels-53mm-skateboard-wheels-blue-white.jpg HTTP/1.1" 200 65400 "-" "Mozilla/5.0 (compatible; bingbot/2.0; +http://www.bing.com/bingbot.htm)"
216.244.66.194 - - [07/Sep/2020:10:31:15 +0200] "GET /en/bearings/138-enuff-bearings-abec-7.html HTTP/1.1" 301 - "-" "Mozilla/5.0 (compatible; DotBot/1.1; http://www.opensiteexplorer.org/dotbot, help@moz.com)"
216.244.66.194 - - [07/Sep/2020:10:31:10 +0200] "GET /en/25-helmets HTTP/1.1" 301 - "-" "Mozilla/5.0 (compatible; DotBot/1.1; http://www.opensiteexplorer.org/dotbot, help@moz.com)"
89.132.225.94 - - [07/Sep/2020:10:32:51 +0200] "POST /admin16011/ajax.php?rand=1599467572038 HTTP/1.1" 200 2274 "http://www.deszkak.hu/admin16011/index.php?controller=AdminOrders&id_order=13890&vieworder&token=c1978206ebd196d9f154bec0d83018cf" "Mozilla/5.0 (Windows NT 6.1; Win64; x64) AppleWebKit/537.36 (KHTML, like Gecko) Chrome/84.0.4147.135 Safari/537.36"
66.249.93.58 - - [07/Sep/2020:10:33:39 +0200] "GET / HTTP/1.1" 301 - "-" "Mozilla/5.0 (X11; Linux x86_64) AppleWebKit/537.36 (KHTML, like Gecko) Chrome/49.0.2623.75 Safari/537.36 Google Favicon"
176.63.7.132 - - [07/Sep/2020:10:33:52 +0200] "GET / HTTP/1.1" 301 - "-" "Mozilla/5.0 (Linux; Android 9; Redmi Note 5) AppleWebKit/537.36 (KHTML, like Gecko) Chrome/85.0.4183.81 Mobile Safari/537.36"
89.132.225.94 - - [07/Sep/2020:10:34:53 +0200] "POST /admin16011/ajax.php?rand=1599467693044 HTTP/1.1" 200 2274 "http://www.deszkak.hu/admin16011/index.php?controller=AdminOrders&id_order=13890&vieworder&token=c1978206ebd196d9f154bec0d83018cf" "Mozilla/5.0 (Windows NT 6.1; Win64; x64) AppleWebKit/537.36 (KHTML, like Gecko) Chrome/84.0.4147.135 Safari/537.36"
145.236.252.37 - - [07/Sep/2020:10:36:03 +0200] "GET /hu/32-wave-board?gclid=CjwKCAjwtNf6BRAwEiwAkt6UQgRE0sRZg39e-CW8Hs0fuzziNN0fXVOeCmmrrGusK8U8JV5ehkQDCxoC_gQQAvD_BwE HTTP/1.1" 301 - "https://www.google.com/" "Mozilla/5.0 (Windows NT 10.0; Win64; x64) AppleWebKit/537.36 (KHTML, like Gecko) Chrome/85.0.4183.83 Safari/537.36"
40.77.167.221 - - [07/Sep/2020:10:36:20 +0200] "GET /3356-home_default/mindless-voodoo-iktomi.jpg HTTP/1.1" 200 8938 "-" "Mozilla/5.0 (compatible; bingbot/2.0; +http://www.bing.com/bingbot.htm)"
145.236.252.37 - - [07/Sep/2020:10:36:07 +0200] "GET /hu/32-wave-board?gclid=CjwKCAjwtNf6BRAwEiwAkt6UQhOq5uHhuU9NIxyIQjvQOzwr9qKWQohUxyW7wO36WreaqSM8TSw0pRoCTDIQAvD_BwE HTTP/1.1" 301 - "https://www.google.com/" "Mozilla/5.0 (Windows NT 10.0; Win64; x64) AppleWebKit/537.36 (KHTML, like Gecko) Chrome/85.0.4183.83 Safari/537.36"
89.132.225.94 - - [07/Sep/2020:10:36:54 +0200] "POST /admin16011/ajax.php?rand=1599467814050 HTTP/1.1" 200 2274 "http://www.deszkak.hu/admin16011/index.php?controller=AdminOrders&id_order=13890&vieworder&token=c1978206ebd196d9f154bec0d83018cf" "Mozilla/5.0 (Windows NT 6.1; Win64; x64) AppleWebKit/537.36 (KHTML, like Gecko) Chrome/84.0.4147.135 Safari/537.36"
91.241.19.182 - - [07/Sep/2020:10:37:43 +0200] "GET / HTTP/1.1" 301 - "-" "Mozilla/5.0 (Windows NT 5.1; rv:5.0) Gecko/20100101 Firefox/5.0"
89.132.225.94 - - [07/Sep/2020:10:38:55 +0200] "POST /admin16011/ajax.php?rand=1599467935055 HTTP/1.1" 200 2274 "http://www.deszkak.hu/admin16011/index.php?controller=AdminOrders&id_order=13890&vieworder&token=c1978206ebd196d9f154bec0d83018cf" "Mozilla/5.0 (Windows NT 6.1; Win64; x64) AppleWebKit/537.36 (KHTML, like Gecko) Chrome/84.0.4147.135 Safari/537.36"
188.163.109.153 - - [07/Sep/2020:10:39:45 +0200] "GET /en/cruisers/2336-nkd-city-39-cruiser.html HTTP/1.0" 301 - "http://www.deszkak.hu/en/cruisers/2336-nkd-city-39-cruiser.html" "Mozilla/5.0 (Windows NT 6.1) AppleWebKit/537.36 (KHTML, like Gecko) Chrome/67.0.3396.99 Safari/537.36 Kinza/4.8.2"
141.8.142.88 - - [07/Sep/2020:10:40:53 +0200] "GET /4064-small_default/rio-roller-signature-gyerek-quad-gorkorcsolya-lila.jpg HTTP/1.1" 200 2639 "-" "Mozilla/5.0 (compatible; YandexImages/3.0; +http://yandex.com/bots)"
89.132.225.94 - - [07/Sep/2020:10:40:56 +0200] "POST /admin16011/ajax.php?rand=1599468056061 HTTP/1.1" 200 2274 "http://www.deszkak.hu/admin16011/index.php?controller=AdminOrders&id_order=13890&vieworder&token=c1978206ebd196d9f154bec0d83018cf" "Mozilla/5.0 (Windows NT 6.1; Win64; x64) AppleWebKit/537.36 (KHTML, like Gecko) Chrome/84.0.4147.135 Safari/537.36"
66.249.75.148 - - [07/Sep/2020:10:42:06 +0200] "GET /1070-thickbox_default/steadfast-skateboard-tool-neon-green.jpg HTTP/1.1" 200 28344 "-" "Googlebot-Image/1.0"
37.76.92.222 - - [07/Sep/2020:10:42:40 +0200] "GET / HTTP/1.1" 301 - "-" "Mozilla/5.0 (iPhone; CPU iPhone OS 13_6_1 like Mac OS X) AppleWebKit/605.1.15 (KHTML, like Gecko) Version/13.1.2 Mobile/15E148 Safari/604.1"
89.132.225.94 - - [07/Sep/2020:10:42:57 +0200] "POST /admin16011/ajax.php?rand=1599468177066 HTTP/1.1" 200 2274 "http://www.deszkak.hu/admin16011/index.php?controller=AdminOrders&id_order=13890&vieworder&token=c1978206ebd196d9f154bec0d83018cf" "Mozilla/5.0 (Windows NT 6.1; Win64; x64) AppleWebKit/537.36 (KHTML, like Gecko) Chrome/84.0.4147.135 Safari/537.36"
66.249.75.146 - - [07/Sep/2020:10:44:04 +0200] "GET /1_en_0_sitemap.xml HTTP/1.1" 304 - "-" "Mozilla/5.0 (Linux; Android 6.0.1; Nexus 5X Build/MMB29P) AppleWebKit/537.36 (KHTML, like Gecko) Chrome/85.0.4183.97 Mobile Safari/537.36 (compatible; Googlebot/2.1; +http://www.google.com/bot.html)"
89.132.225.94 - - [07/Sep/2020:10:44:58 +0200] "POST /admin16011/ajax.php?rand=1599468298072 HTTP/1.1" 200 2274 "http://www.deszkak.hu/admin16011/index.php?controller=AdminOrders&id_order=13890&vieworder&token=c1978206ebd196d9f154bec0d83018cf" "Mozilla/5.0 (Windows NT 6.1; Win64; x64) AppleWebKit/537.36 (KHTML, like Gecko) Chrome/84.0.4147.135 Safari/537.36"
179.43.156.235 - - [07/Sep/2020:10:45:12 +0200] "GET /site.gz HTTP/1.1" 302 - "-" "Mozilla/5.0 (X11; Linux x86_64; rv:68.0) Gecko/20100101 Firefox/68.0"
89.133.14.110 - - [07/Sep/2020:10:45:39 +0200] "GET /hu/32-wave-board?gclid=CjwKCAjwtNf6BRAwEiwAkt6UQpGTjzzoqsfh2A8-Yck47watu_mRJ4MkL8ikzG-qInsZ6fPbDjM5_xoCJHUQAvD_BwE HTTP/1.1" 301 - "https://www.google.com/" "Mozilla/5.0 (Windows NT 10.0; Win64; x64) AppleWebKit/537.36 (KHTML, like Gecko) Chrome/84.0.4147.135 Safari/537.36"
216.244.66.194 - - [07/Sep/2020:10:47:13 +0200] "GET /hu/longboard/1854-penny-59mm-longboard-kerek-kek.html HTTP/1.1" 301 - "-" "Mozilla/5.0 (compatible; DotBot/1.1; http://www.opensiteexplorer.org/dotbot, help@moz.com)"
5.187.150.158 - - [07/Sep/2020:10:46:52 +0200] "GET / HTTP/1.1" 301 - "-" "Mozilla/5.0 (Linux; Android 9; Redmi Note 6 Pro) AppleWebKit/537.36 (KHTML, like Gecko) Chrome/85.0.4183.81 Mobile Safari/537.36"
216.244.66.194 - - [07/Sep/2020:10:47:07 +0200] "GET /en/trucks/1486-enuff-decade-pro-satin-129mm-skateboard-truck-raw-teal.html HTTP/1.1" 301 - "-" "Mozilla/5.0 (compatible; DotBot/1.1; http://www.opensiteexplorer.org/dotbot, help@moz.com)"
216.244.66.194 - - [07/Sep/2020:10:47:02 +0200] "GET /en/grip-tapes/1516-flik-zodiac-grip-tape-libra.html HTTP/1.1" 301 - "-" "Mozilla/5.0 (compatible; DotBot/1.1; http://www.opensiteexplorer.org/dotbot, help@moz.com)"
89.132.225.94 - - [07/Sep/2020:10:46:59 +0200] "POST /admin16011/ajax.php?rand=1599468419078 HTTP/1.1" 200 2274 "http://www.deszkak.hu/admin16011/index.php?controller=AdminOrders&id_order=13890&vieworder&token=c1978206ebd196d9f154bec0d83018cf" "Mozilla/5.0 (Windows NT 6.1; Win64; x64) AppleWebKit/537.36 (KHTML, like Gecko) Chrome/84.0.4147.135 Safari/537.36"
216.244.66.194 - - [07/Sep/2020:10:48:18 +0200] "GET /en/cart?add=1&id_product=1183&token=dd1548e4374f499b814aa1cfc96bc198 HTTP/1.1" 301 - "-" "Mozilla/5.0 (compatible; DotBot/1.1; http://www.opensiteexplorer.org/dotbot, help@moz.com)"
89.132.225.94 - - [07/Sep/2020:10:49:00 +0200] "POST /admin16011/ajax.php?rand=1599468540084 HTTP/1.1" 200 2274 "http://www.deszkak.hu/admin16011/index.php?controller=AdminOrders&id_order=13890&vieworder&token=c1978206ebd196d9f154bec0d83018cf" "Mozilla/5.0 (Windows NT 6.1; Win64; x64) AppleWebKit/537.36 (KHTML, like Gecko) Chrome/84.0.4147.135 Safari/537.36"
89.132.225.94 - - [07/Sep/2020:10:51:01 +0200] "POST /admin16011/ajax.php?rand=1599468661090 HTTP/1.1" 200 2274 "http://www.deszkak.hu/admin16011/index.php?controller=AdminOrders&id_order=13890&vieworder&token=c1978206ebd196d9f154bec0d83018cf" "Mozilla/5.0 (Windows NT 6.1; Win64; x64) AppleWebKit/537.36 (KHTML, like Gecko) Chrome/84.0.4147.135 Safari/537.36"
216.244.66.194 - - [07/Sep/2020:10:52:20 +0200] "GET /en/cart?add=1&id_product=7&token=dd1548e4374f499b814aa1cfc96bc198 HTTP/1.1" 301 - "-" "Mozilla/5.0 (compatible; DotBot/1.1; http://www.opensiteexplorer.org/dotbot, help@moz.com)"
89.132.225.94 - - [07/Sep/2020:10:53:02 +0200] "POST /admin16011/ajax.php?rand=1599468782096 HTTP/1.1" 200 2274 "http://www.deszkak.hu/admin16011/index.php?controller=AdminOrders&id_order=13890&vieworder&token=c1978206ebd196d9f154bec0d83018cf" "Mozilla/5.0 (Windows NT 6.1; Win64; x64) AppleWebKit/537.36 (KHTML, like Gecko) Chrome/84.0.4147.135 Safari/537.36"
89.132.225.94 - - [07/Sep/2020:10:55:03 +0200] "POST /admin16011/ajax.php?rand=1599468903102 HTTP/1.1" 200 2274 "http://www.deszkak.hu/admin16011/index.php?controller=AdminOrders&id_order=13890&vieworder&token=c1978206ebd196d9f154bec0d83018cf" "Mozilla/5.0 (Windows NT 6.1; Win64; x64) AppleWebKit/537.36 (KHTML, like Gecko) Chrome/84.0.4147.135 Safari/537.36"
86.101.251.134 - - [07/Sep/2020:10:56:48 +0200] "GET / HTTP/1.1" 301 - "-" "Mozilla/5.0 (iPhone; CPU iPhone OS 13_7 like Mac OS X) AppleWebKit/605.1.15 (KHTML, like Gecko) Version/13.1.2 Mobile/15E148 Safari/604.1"
89.132.225.94 - - [07/Sep/2020:10:57:04 +0200] "POST /admin16011/ajax.php?rand=1599469024108 HTTP/1.1" 200 2274 "http://www.deszkak.hu/admin16011/index.php?controller=AdminOrders&id_order=13890&vieworder&token=c1978206ebd196d9f154bec0d83018cf" "Mozilla/5.0 (Windows NT 6.1; Win64; x64) AppleWebKit/537.36 (KHTML, like Gecko) Chrome/84.0.4147.135 Safari/537.36"
86.101.251.134 - - [07/Sep/2020:10:57:00 +0200] "GET /index.php?controller=contact HTTP/1.1" 301 - "-" "Mozilla/5.0 (iPhone; CPU iPhone OS 13_7 like Mac OS X) AppleWebKit/605.1.15 (KHTML, like Gecko) Version/13.1.2 Mobile/15E148 Safari/604.1"
89.132.225.94 - - [07/Sep/2020:10:58:39 +0200] "GET / HTTP/1.1" 301 - "-" "Mozilla/5.0 (Windows NT 6.1; Win64; x64) AppleWebKit/537.36 (KHTML, like Gecko) Chrome/85.0.4183.83 Safari/537.36"
86.101.251.134 - - [07/Sep/2020:10:56:53 +0200] "GET / HTTP/1.1" 301 - "-" "Mozilla/5.0 (iPhone; CPU iPhone OS 13_7 like Mac OS X) AppleWebKit/605.1.15 (KHTML, like Gecko) Version/13.1.2 Mobile/15E148 Safari/604.1"
66.249.75.144 - - [07/Sep/2020:10:58:06 +0200] "GET /robots.txt HTTP/1.1" 200 2464 "-" "Mozilla/5.0 (compatible; Googlebot/2.1; +http://www.google.com/bot.html)"
66.249.75.144 - - [07/Sep/2020:10:59:39 +0200] "GET /hu/gordeszka/1389-steadfast-5050-gordeszka-kerekek-kek-rozsaszin.html HTTP/1.1" 301 - "-" "Mozilla/5.0 (Linux; Android 6.0.1; Nexus 5X Build/MMB29P) AppleWebKit/537.36 (KHTML, like Gecko) Chrome/80.0.3987.92 Mobile Safari/537.36 (compatible; Googlebot/2.1; +http://www.google.com/bot.html)"
179.43.156.235 - - [07/Sep/2020:10:59:44 +0200] "GET /home.gz HTTP/1.1" 302 - "-" "Mozilla/5.0 (X11; Linux x86_64; rv:68.0) Gecko/20100101 Firefox/68.0"
89.132.225.94 - - [07/Sep/2020:11:01:06 +0200] "POST /admin16011/ajax.php?rand=1599469266119 HTTP/1.1" 200 2274 "http://www.deszkak.hu/admin16011/index.php?controller=AdminOrders&id_order=13890&vieworder&token=c1978206ebd196d9f154bec0d83018cf" "Mozilla/5.0 (Windows NT 6.1; Win64; x64) AppleWebKit/537.36 (KHTML, like Gecko) Chrome/84.0.4147.135 Safari/537.36"
89.132.225.94 - - [07/Sep/2020:10:59:05 +0200] "POST /admin16011/ajax.php?rand=1599469145114 HTTP/1.1" 200 2274 "http://www.deszkak.hu/admin16011/index.php?controller=AdminOrders&id_order=13890&vieworder&token=c1978206ebd196d9f154bec0d83018cf" "Mozilla/5.0 (Windows NT 6.1; Win64; x64) AppleWebKit/537.36 (KHTML, like Gecko) Chrome/84.0.4147.135 Safari/537.36"
66.249.75.148 - - [07/Sep/2020:10:59:43 +0200] "GET /hu/gordeszka/1389-steadfast-5050-gordeszka-kerekek-kek-rozsaszin.html HTTP/1.1" 301 - "-" "Mozilla/5.0 (Linux; Android 6.0.1; Nexus 5X Build/MMB29P) AppleWebKit/537.36 (KHTML, like Gecko) Chrome/80.0.3987.92 Mobile Safari/537.36 (compatible; Googlebot/2.1; +http://www.google.com/bot.html)"
85.238.83.41 - - [07/Sep/2020:11:00:31 +0200] "GET / HTTP/1.1" 301 - "-" "Mozilla/5.0 (Windows NT 10.0; Win64; x64) AppleWebKit/537.36 (KHTML, like Gecko) Chrome/85.0.4183.83 Safari/537.36"
207.46.13.196 - - [07/Sep/2020:11:02:22 +0200] "GET /458-home_default/tony-hawk-77-gordeszka-militia-sovenyzold.jpg HTTP/1.1" 200 13729 "-" "Mozilla/5.0 (compatible; bingbot/2.0; +http://www.bing.com/bingbot.htm)"
89.132.225.94 - - [07/Sep/2020:11:03:07 +0200] "POST /admin16011/ajax.php?rand=1599469387125 HTTP/1.1" 200 2258 "http://www.deszkak.hu/admin16011/index.php?controller=AdminOrders&id_order=13890&vieworder&token=c1978206ebd196d9f154bec0d83018cf" "Mozilla/5.0 (Windows NT 6.1; Win64; x64) AppleWebKit/537.36 (KHTML, like Gecko) Chrome/84.0.4147.135 Safari/537.36"
89.132.225.94 - - [07/Sep/2020:11:04:02 +0200] "POST /admin16011/ajax.php?rand=1599469442265 HTTP/1.1" 200 2405 "http://www.deszkak.hu/admin16011/index.php?controller=AdminOrders&token=c1978206ebd196d9f154bec0d83018cf" "Mozilla/5.0 (Windows NT 6.1; Win64; x64) AppleWebKit/537.36 (KHTML, like Gecko) Chrome/84.0.4147.135 Safari/537.36"
89.132.225.94 - - [07/Sep/2020:11:04:06 +0200] "GET /admin16011/index.php?controller=AdminOrders&id_order=13899&vieworder&token=c1978206ebd196d9f154bec0d83018cf HTTP/1.1" 200 105937 "http://www.deszkak.hu/admin16011/index.php?controller=AdminOrders&token=c1978206ebd196d9f154bec0d83018cf" "Mozilla/5.0 (Windows NT 6.1; Win64; x64) AppleWebKit/537.36 (KHTML, like Gecko) Chrome/84.0.4147.135 Safari/537.36"
89.132.225.94 - - [07/Sep/2020:11:04:09 +0200] "GET /img/tmp/product_mini_808_0.jpg?time=1599469446 HTTP/1.1" 200 1591 "http://www.deszkak.hu/admin16011/index.php?controller=AdminOrders&id_order=13899&vieworder&token=c1978206ebd196d9f154bec0d83018cf" "Mozilla/5.0 (Windows NT 6.1; Win64; x64) AppleWebKit/537.36 (KHTML, like Gecko) Chrome/84.0.4147.135 Safari/537.36"
