207.46.13.252 - - [14/Sep/2020:03:20:24 +0200] "GET /2368-large_default/enuff-y-tool-gordeszka-szerszam-fekete.jpg HTTP/1.1" 301 376 "-" "Mozilla/5.0 (compatible; bingbot/2.0; +http://www.bing.com/bingbot.htm)"
157.55.39.135 - - [14/Sep/2020:03:24:49 +0200] "GET /hu/cart?add=1&id_product=1316&token=dd1548e4374f499b814aa1cfc96bc198 HTTP/1.1" 301 391 "-" "Mozilla/5.0 (compatible; bingbot/2.0; +http://www.bing.com/bingbot.htm)"
207.46.13.35 - - [14/Sep/2020:03:27:29 +0200] "GET /en/cart?add=1&id_product=442&token=dd1548e4374f499b814aa1cfc96bc198 HTTP/1.1" 301 390 "-" "Mozilla/5.0 (compatible; bingbot/2.0; +http://www.bing.com/bingbot.htm)"
66.249.66.130 - - [14/Sep/2020:03:38:30 +0200] "GET /hu/lapok/1181-enuff-scramble-8-lap-zold.html HTTP/1.1" 301 359 "-" "Mozilla/5.0 (Linux; Android 6.0.1; Nexus 5X Build/MMB29P) AppleWebKit/537.36 (KHTML, like Gecko) Chrome/80.0.3987.92 Mobile Safari/537.36 (compatible; Googlebot/2.1; +http://www.google.com/bot.html)"
66.249.66.130 - - [14/Sep/2020:03:48:28 +0200] "GET /en/helmets/1701-pro-tec-classic-helmet-volcom-mag-vibes.html HTTP/1.1" 301 375 "-" "Mozilla/5.0 (Linux; Android 6.0.1; Nexus 5X Build/MMB29P) AppleWebKit/537.36 (KHTML, like Gecko) Chrome/80.0.3987.92 Mobile Safari/537.36 (compatible; Googlebot/2.1; +http://www.google.com/bot.html)"
66.249.66.130 - - [14/Sep/2020:03:48:28 +0200] "GET /robots.txt HTTP/1.1" 301 325 "-" "Mozilla/5.0 (compatible; Googlebot/2.1; +http://www.google.com/bot.html)"
207.46.13.165 - - [14/Sep/2020:03:55:39 +0200] "GET /3749-home_default/pro-tec-full-cut-bukosisak-ezustcsillam.jpg HTTP/1.1" 301 376 "-" "Mozilla/5.0 (compatible; bingbot/2.0; +http://www.bing.com/bingbot.htm)"
207.46.13.16 - - [14/Sep/2020:03:58:44 +0200] "GET /en/skateboards/83-enuff-skull-775-skateboard-greenblack.html HTTP/1.1" 301 375 "-" "Mozilla/5.0 (compatible; bingbot/2.0; +http://www.bing.com/bingbot.htm)"
66.249.92.67 - - [14/Sep/2020:04:07:50 +0200] "GET /hu/32-wave-board?gclid=EAIaIQobChMIwPu5t4qs3AIVAQAAAB0BAAAAEAAYACAAEgJVzfD_BwE HTTP/1.1" 301 393 "-" "AdsBot-Google (+http://www.google.com/adsbot.html)"
66.249.66.132 - - [14/Sep/2020:04:10:01 +0200] "GET /hu/terd-konyok-bokavedo/1051-pro-tec-street-terdvedo.html HTTP/1.1" 301 372 "-" "Mozilla/5.0 (Linux; Android 6.0.1; Nexus 5X Build/MMB29P) AppleWebKit/537.36 (KHTML, like Gecko) Chrome/80.0.3987.92 Mobile Safari/537.36 (compatible; Googlebot/2.1; +http://www.google.com/bot.html)"
207.46.13.35 - - [14/Sep/2020:04:09:37 +0200] "GET /1023-large_default/mindless-voodoo-makali-sk-purple.jpg HTTP/1.1" 301 370 "-" "Mozilla/5.0 (compatible; bingbot/2.0; +http://www.bing.com/bingbot.htm)"
66.249.92.67 - - [14/Sep/2020:04:07:32 +0200] "GET /en/29-quad-skate?gclid=EAIaIQobChMIwPu5t4qs3AIVAQAAAB0BAAAAEAAYACAAEgJVzfD_BwE HTTP/1.1" 301 393 "-" "Mozilla/5.0 (iPhone; CPU iPhone OS 9_1 like Mac OS X) AppleWebKit/601.1.46 (KHTML, like Gecko) Version/9.0 Mobile/13B143 Safari/601.1 (compatible; AdsBot-Google-Mobile; +http://www.google.com/mobile/adsbot.html)"
114.119.151.33 - - [14/Sep/2020:04:13:33 +0200] "GET /robots.txt HTTP/1.1" 301 325 "-" "(compatible;PetalBot;+http://aspiegel.com/petalbot)"
66.249.66.130 - - [14/Sep/2020:04:20:44 +0200] "GET /hu/gordeszka/393-steadfast-two-tone-51mm-gordeszka-kerekek-kek-feher.html HTTP/1.1" 301 388 "-" "Mozilla/5.0 (Linux; Android 6.0.1; Nexus 5X Build/MMB29P) AppleWebKit/537.36 (KHTML, like Gecko) Chrome/85.0.4183.97 Mobile Safari/537.36 (compatible; Googlebot/2.1; +http://www.google.com/bot.html)"
157.55.39.76 - - [14/Sep/2020:04:21:58 +0200] "GET /en/cart?add=1&id_product=1828&token=dd1548e4374f499b814aa1cfc96bc198 HTTP/1.1" 301 391 "-" "Mozilla/5.0 (compatible; bingbot/2.0; +http://www.bing.com/bingbot.htm)"
66.249.66.130 - - [14/Sep/2020:04:22:51 +0200] "GET /en/helmets/1584-sfr-beginner-helmet-black.html?search_query=sfr&results=33 HTTP/1.1" 301 393 "-" "Mozilla/5.0 (compatible; Googlebot/2.1; +http://www.google.com/bot.html)"
40.77.167.30 - - [14/Sep/2020:04:25:59 +0200] "GET /2163-thickbox_default/street-surfing-longboard-surf-s-up.jpg HTTP/1.1" 301 375 "-" "Mozilla/5.0 (compatible; bingbot/2.0; +http://www.bing.com/bingbot.htm)"
207.46.13.16 - - [14/Sep/2020:04:27:35 +0200] "GET /734-home_default/stella-global-cruiser-mr-bottle-longboard.jpg HTTP/1.1" 301 377 "-" "Mozilla/5.0 (compatible; bingbot/2.0; +http://www.bing.com/bingbot.htm)"
66.249.66.134 - - [14/Sep/2020:04:28:49 +0200] "GET /en/best-sales?n=100&p=2 HTTP/1.1" 301 342 "-" "Mozilla/5.0 (Linux; Android 6.0.1; Nexus 5X Build/MMB29P) AppleWebKit/537.36 (KHTML, like Gecko) Chrome/80.0.3987.92 Mobile Safari/537.36 (compatible; Googlebot/2.1; +http://www.google.com/bot.html)"
223.88.45.96 - - [14/Sep/2020:04:30:07 +0200] "GET / HTTP/1.1" 301 315 "www.deszkak.hu" "Mozilla/5.0 (compatible; MSIE 9.0; Windows NT 6.1; Trident/5.0)"
223.88.45.96 - - [14/Sep/2020:04:30:03 +0200] "HEAD / HTTP/1.1" 301 - "www.deszkak.hu" "Mozilla/5.0 (compatible; MSIE 9.0; Windows NT 6.1; Trident/5.0)"
40.77.167.30 - - [14/Sep/2020:04:32:30 +0200] "GET /hu/alkatreszek/1422-rio-roller-korcsolyafek-kek.html HTTP/1.1" 301 367 "-" "Mozilla/5.0 (compatible; bingbot/2.0; +http://www.bing.com/bingbot.htm)"
66.249.66.132 - - [14/Sep/2020:04:32:02 +0200] "GET /index.php?controller=contact HTTP/1.1" 301 343 "-" "Mozilla/5.0 (Linux; Android 6.0.1; Nexus 5X Build/MMB29P) AppleWebKit/537.36 (KHTML, like Gecko) Chrome/80.0.3987.92 Mobile Safari/537.36 (compatible; Googlebot/2.1; +http://www.google.com/bot.html)"
66.249.66.130 - - [14/Sep/2020:04:31:31 +0200] "GET /en/helmets/276-sfr-helmet-metal-white.html HTTP/1.1" 301 357 "-" "Mozilla/5.0 (Linux; Android 6.0.1; Nexus 5X Build/MMB29P) AppleWebKit/537.36 (KHTML, like Gecko) Chrome/80.0.3987.92 Mobile Safari/537.36 (compatible; Googlebot/2.1; +http://www.google.com/bot.html)"
207.46.13.16 - - [14/Sep/2020:04:33:06 +0200] "GET /3647-thickbox_default/aob-gdk-bearing-set.jpg HTTP/1.1" 301 360 "-" "Mozilla/5.0 (compatible; bingbot/2.0; +http://www.bing.com/bingbot.htm)"
66.249.66.130 - - [14/Sep/2020:04:35:35 +0200] "GET /hu/cruiser-short-board/1538-street-surfing-corleone-board-cruiser-all-good.html HTTP/1.1" 301 394 "-" "Mozilla/5.0 (Linux; Android 6.0.1; Nexus 5X Build/MMB29P) AppleWebKit/537.36 (KHTML, like Gecko) Chrome/80.0.3987.92 Mobile Safari/537.36 (compatible; Googlebot/2.1; +http://www.google.com/bot.html)"
207.46.13.35 - - [14/Sep/2020:04:33:51 +0200] "GET /2164-thickbox_default/street-surfing-surf-s-up-longboard.jpg HTTP/1.1" 301 375 "-" "Mozilla/5.0 (compatible; bingbot/2.0; +http://www.bing.com/bingbot.htm)"
66.249.66.134 - - [14/Sep/2020:04:38:35 +0200] "GET /hu/15-griptapek HTTP/1.1" 301 330 "-" "Mozilla/5.0 (Linux; Android 6.0.1; Nexus 5X Build/MMB29P) AppleWebKit/537.36 (KHTML, like Gecko) Chrome/80.0.3987.92 Mobile Safari/537.36 (compatible; Googlebot/2.1; +http://www.google.com/bot.html)"
66.249.66.134 - - [14/Sep/2020:04:40:15 +0200] "GET /en/decks/1327-sds-floral-8-deck-brown.html HTTP/1.1" 301 357 "-" "Mozilla/5.0 (Linux; Android 6.0.1; Nexus 5X Build/MMB29P) AppleWebKit/537.36 (KHTML, like Gecko) Chrome/80.0.3987.92 Mobile Safari/537.36 (compatible; Googlebot/2.1; +http://www.google.com/bot.html)"
66.249.66.130 - - [14/Sep/2020:04:40:15 +0200] "GET /en/decks/1327-sds-floral-8-deck-brown.html HTTP/1.1" 301 357 "-" "Mozilla/5.0 (Linux; Android 6.0.1; Nexus 5X Build/MMB29P) AppleWebKit/537.36 (KHTML, like Gecko) Chrome/80.0.3987.92 Mobile Safari/537.36 (compatible; Googlebot/2.1; +http://www.google.com/bot.html)"
207.46.13.35 - - [14/Sep/2020:04:39:33 +0200] "GET /250-home_default/mindless-outlaw-longboard-kerek-narancssarga.jpg HTTP/1.1" 301 380 "-" "Mozilla/5.0 (compatible; bingbot/2.0; +http://www.bing.com/bingbot.htm)"
40.77.167.30 - - [14/Sep/2020:04:47:24 +0200] "GET /1270-home_default/enuff-block-icon-gordeszka-kek.jpg HTTP/1.1" 301 367 "-" "Mozilla/5.0 (compatible; bingbot/2.0; +http://www.bing.com/bingbot.htm)"
157.55.39.58 - - [14/Sep/2020:04:46:56 +0200] "GET /3861-home_default/armor-3600-vedoszett.jpg HTTP/1.1" 301 357 "-" "Mozilla/5.0 (compatible; bingbot/2.0; +http://www.bing.com/bingbot.htm)"
103.131.71.133 - - [14/Sep/2020:04:50:12 +0200] "GET /robots.txt HTTP/1.1" 301 325 "-" "Mozilla/5.0 (compatible; coccocbot-web/1.0; +http://help.coccoc.com/searchengine)"
103.131.71.143 - - [14/Sep/2020:04:50:19 +0200] "GET /robots.txt HTTP/1.1" 301 325 "-" "Mozilla/5.0 (compatible; coccocbot-web/1.0; +http://help.coccoc.com/searchengine)"
85.141.132.225 - - [14/Sep/2020:04:51:56 +0200] "GET /hu/cruiser/1224-area-seashell-cruiser.html HTTP/1.0" 301 357 "http://www.deszkak.hu/hu/cruiser/1224-area-seashell-cruiser.html" "Mozilla/5.0 (Windows NT 10.0; Win64; x64) AppleWebKit/537.36 (KHTML, like Gecko) Chrome/67.0.3396.87 Safari/537.36 OPR/54.0.2952.54"
66.249.66.130 - - [14/Sep/2020:04:54:44 +0200] "GET /robots.txt HTTP/1.1" 301 325 "-" "Mozilla/5.0 (compatible; Googlebot/2.1; +http://www.google.com/bot.html)"
66.249.66.130 - - [14/Sep/2020:04:54:44 +0200] "GET /en/13-longboards HTTP/1.1" 301 331 "-" "Mozilla/5.0 (Linux; Android 6.0.1; Nexus 5X Build/MMB29P) AppleWebKit/537.36 (KHTML, like Gecko) Chrome/80.0.3987.92 Mobile Safari/537.36 (compatible; Googlebot/2.1; +http://www.google.com/bot.html)"
66.249.66.134 - - [14/Sep/2020:04:58:40 +0200] "GET /en/cruisers/1719-stella-beer-runner-flat-tire-cruiser.html HTTP/1.1" 301 373 "-" "Mozilla/5.0 (Linux; Android 6.0.1; Nexus 5X Build/MMB29P) AppleWebKit/537.36 (KHTML, like Gecko) Chrome/80.0.3987.92 Mobile Safari/537.36 (compatible; Googlebot/2.1; +http://www.google.com/bot.html)"
45.135.232.234 - - [14/Sep/2020:05:01:42 +0200] "GET /en/cruisers/2275-penny-22-cruiser-checkout.html?search_query=Penny&results=118/ HTTP/1.1" 301 398 "-" "Mozilla/5.0 (Windows NT 5.1) AppleWebKit/537.36 (KHTML, like Gecko) Chrome/30.0.1599.17 Safari/537.36"
40.77.167.30 - - [14/Sep/2020:05:03:35 +0200] "GET /3936-thickbox_default/area-little-owl-20-skateboard.jpg HTTP/1.1" 301 370 "-" "Mozilla/5.0 (compatible; bingbot/2.0; +http://www.bing.com/bingbot.htm)"
207.46.13.252 - - [14/Sep/2020:05:08:24 +0200] "GET /4468-cart_default/sds-dead-in-space-775-skateboard.jpg HTTP/1.1" 301 369 "-" "Mozilla/5.0 (compatible; bingbot/2.0; +http://www.bing.com/bingbot.htm)"
207.46.13.165 - - [14/Sep/2020:05:09:03 +0200] "GET /3883-thickbox_default/rio-roller-leopard-kids-quad-skate-teal.jpg HTTP/1.1" 301 380 "-" "Mozilla/5.0 (compatible; bingbot/2.0; +http://www.bing.com/bingbot.htm)"
66.249.66.134 - - [14/Sep/2020:05:10:20 +0200] "GET /en/cruisers/1882-z-flex-27-harbinger-cruiser-horseman.html HTTP/1.1" 301 373 "-" "Mozilla/5.0 (Linux; Android 6.0.1; Nexus 5X Build/MMB29P) AppleWebKit/537.36 (KHTML, like Gecko) Chrome/80.0.3987.92 Mobile Safari/537.36 (compatible; Googlebot/2.1; +http://www.google.com/bot.html)"
40.77.167.30 - - [14/Sep/2020:05:16:29 +0200] "GET /896-large_default/pro-tec-classic-certified-helmet-independent.jpg HTTP/1.1" 301 381 "-" "Mozilla/5.0 (compatible; bingbot/2.0; +http://www.bing.com/bingbot.htm)"
157.55.39.76 - - [14/Sep/2020:05:14:53 +0200] "GET /en/cart?add=1&id_product=758&token=dd1548e4374f499b814aa1cfc96bc198 HTTP/1.1" 301 390 "-" "Mozilla/5.0 (compatible; bingbot/2.0; +http://www.bing.com/bingbot.htm)"
40.77.167.30 - - [14/Sep/2020:05:20:26 +0200] "GET /2788-large_default/rio-roller-kicks-style-gyerek-quad-gorkorcsolya.jpg HTTP/1.1" 301 385 "-" "Mozilla/5.0 (compatible; bingbot/2.0; +http://www.bing.com/bingbot.htm)"
114.119.142.12 - - [14/Sep/2020:05:21:01 +0200] "GET /robots.txt HTTP/1.1" 301 325 "-" "(compatible;PetalBot;+http://aspiegel.com/petalbot)"
66.249.66.132 - - [14/Sep/2020:05:18:52 +0200] "GET /en/bolts-and-nuts/1527-steadfast-skateboard-wheel-lock-nut-black.html HTTP/1.1" 301 384 "-" "Mozilla/5.0 (Linux; Android 6.0.1; Nexus 5X Build/MMB29P) AppleWebKit/537.36 (KHTML, like Gecko) Chrome/80.0.3987.92 Mobile Safari/537.36 (compatible; Googlebot/2.1; +http://www.google.com/bot.html)"
66.249.66.134 - - [14/Sep/2020:05:20:44 +0200] "GET /hu/gordeszka/393-steadfast-two-tone-51mm-gordeszka-kerekek-kek-feher.html HTTP/1.1" 301 388 "-" "Mozilla/5.0 (compatible; Googlebot/2.1; +http://www.google.com/bot.html)"
113.88.134.121 - - [14/Sep/2020:05:25:04 +0200] "GET /favicon.ico HTTP/1.1" 301 326 "-" "Mozilla/5.0 (Windows NT 6.1; WOW64) AppleWebKit/537.36 (KHTML, like Gecko) Chrome/78.0.3904.108 Safari/537.36"
66.249.66.130 - - [14/Sep/2020:05:28:42 +0200] "GET /hu/36-alatet HTTP/1.1" 301 327 "-" "Mozilla/5.0 (Linux; Android 6.0.1; Nexus 5X Build/MMB29P) AppleWebKit/537.36 (KHTML, like Gecko) Chrome/80.0.3987.92 Mobile Safari/537.36 (compatible; Googlebot/2.1; +http://www.google.com/bot.html)"
66.249.66.130 - - [14/Sep/2020:05:36:11 +0200] "GET /en/longboard/716-aob-straight-longboard-wheels-orange.html HTTP/1.1" 301 373 "-" "Mozilla/5.0 (Linux; Android 6.0.1; Nexus 5X Build/MMB29P) AppleWebKit/537.36 (KHTML, like Gecko) Chrome/80.0.3987.92 Mobile Safari/537.36 (compatible; Googlebot/2.1; +http://www.google.com/bot.html)"
176.63.30.120 - - [14/Sep/2020:05:44:51 +0200] "GET /hu/ HTTP/1.1" 301 318 "http://instagram.com/" "Mozilla/5.0 (Linux; Android 10; SM-A715F Build/QP1A.190711.020; wv) AppleWebKit/537.36 (KHTML, like Gecko) Version/4.0 Chrome/85.0.4183.81 Mobile Safari/537.36 Instagram 158.0.0.30.123 Android (29/10; 480dpi; 1080x2264; samsung; SM-A715F; a71; qcom; hu_HU; 243646269)"
144.91.91.164 - - [14/Sep/2020:05:45:07 +0200] "GET /robots.txt HTTP/1.1" 301 325 "-" "Mozilla/5.0 (compatible; MJ12bot/v1.4.8; http://mj12bot.com/)"
66.249.66.134 - - [14/Sep/2020:05:48:52 +0200] "GET /robots.txt HTTP/1.1" 301 325 "-" "Mozilla/5.0 (compatible; Googlebot/2.1; +http://www.google.com/bot.html)"
66.249.66.130 - - [14/Sep/2020:05:48:52 +0200] "GET /hu/quad-gorkorcsolya/1368-sfr-vision-canvas-gyerek-quad-gorkorcsolya-jeans.html HTTP/1.1" 301 394 "-" "Mozilla/5.0 (Linux; Android 6.0.1; Nexus 5X Build/MMB29P) AppleWebKit/537.36 (KHTML, like Gecko) Chrome/80.0.3987.92 Mobile Safari/537.36 (compatible; Googlebot/2.1; +http://www.google.com/bot.html)"
66.249.66.130 - - [14/Sep/2020:05:52:01 +0200] "GET /hu/gordeszkak/1548-area-little-owl-20-gordeszka.html HTTP/1.1" 301 367 "-" "Mozilla/5.0 (Linux; Android 6.0.1; Nexus 5X Build/MMB29P) AppleWebKit/537.36 (KHTML, like Gecko) Chrome/80.0.3987.92 Mobile Safari/537.36 (compatible; Googlebot/2.1; +http://www.google.com/bot.html)"
207.46.13.165 - - [14/Sep/2020:05:54:32 +0200] "GET /2398-home_default/rio-roller-fashion-taska-fekete-feher.jpg HTTP/1.1" 301 374 "-" "Mozilla/5.0 (compatible; bingbot/2.0; +http://www.bing.com/bingbot.htm)"
207.46.13.252 - - [14/Sep/2020:05:57:44 +0200] "GET /988-large_default/mindless-savage-iii-longboard-blue.jpg HTTP/1.1" 301 371 "-" "Mozilla/5.0 (compatible; bingbot/2.0; +http://www.bing.com/bingbot.htm)"
66.249.66.134 - - [14/Sep/2020:05:57:44 +0200] "GET /hu/gordeszkak/622-enuff-block-icon-gordeszka-kek.html HTTP/1.1" 301 368 "-" "Mozilla/5.0 (Linux; Android 6.0.1; Nexus 5X Build/MMB29P) AppleWebKit/537.36 (KHTML, like Gecko) Chrome/80.0.3987.92 Mobile Safari/537.36 (compatible; Googlebot/2.1; +http://www.google.com/bot.html)"
207.46.13.35 - - [14/Sep/2020:05:59:43 +0200] "GET /2567-cart_default/stella-fridays-longboard-60mm-kerek-feher.jpg HTTP/1.1" 301 378 "-" "Mozilla/5.0 (compatible; bingbot/2.0; +http://www.bing.com/bingbot.htm)"
24.247.10.162 - - [14/Sep/2020:06:02:59 +0200] "GET /4846-cart_default/penny-36-longboard-seafoam.jpg HTTP/1.1" 301 363 "https://www.bing.com/" "Mozilla/5.0 (Windows NT 10.0; Win64; x64) AppleWebKit/537.36 (KHTML, like Gecko) Chrome/64.0.3282.140 Safari/537.36 Edge/18.17763"
40.77.167.30 - - [14/Sep/2020:05:59:48 +0200] "GET /2555-home_default/ram-solitary-78a-longboard-kerek-feher-olajzold-logoval.jpg HTTP/1.1" 301 392 "-" "Mozilla/5.0 (compatible; bingbot/2.0; +http://www.bing.com/bingbot.htm)"
207.46.13.252 - - [14/Sep/2020:06:05:56 +0200] "GET /en/cruisers/1035-ram-old-school-mini-cruiser-beach-glass.html HTTP/1.1" 301 376 "-" "Mozilla/5.0 (compatible; bingbot/2.0; +http://www.bing.com/bingbot.htm)"
207.46.13.35 - - [14/Sep/2020:06:04:09 +0200] "GET /en/cruisers/1804-penny-22-cruiser-casper-glow-in-the-dark.html HTTP/1.1" 301 377 "-" "Mozilla/5.0 (compatible; bingbot/2.0; +http://www.bing.com/bingbot.htm)"
66.249.66.130 - - [14/Sep/2020:06:06:15 +0200] "GET /en/cruisers-short-boards/1137-street-surfing-cruiser-30-jelly-fish.html HTTP/1.1" 301 386 "-" "Mozilla/5.0 (Linux; Android 6.0.1; Nexus 5X Build/MMB29P) AppleWebKit/537.36 (KHTML, like Gecko) Chrome/80.0.3987.92 Mobile Safari/537.36 (compatible; Googlebot/2.1; +http://www.google.com/bot.html)"
87.229.50.82 - - [14/Sep/2020:06:17:21 +0200] "GET /hu/?fbclid=PAAabh--r_LwqjNFdl1gtO4VTZqM9YkBQwXB_7djKK20u3aHBe6XSjJHWug8c HTTP/1.1" 301 387 "http://instagram.com/" "Mozilla/5.0 (Linux; Android 9; ANE-LX1 Build/HUAWEIANE-L01; wv) AppleWebKit/537.36 (KHTML, like Gecko) Version/4.0 Chrome/85.0.4183.101 Mobile Safari/537.36 Instagram 158.0.0.30.123 Android (28/9; 480dpi; 1080x2190; HUAWEI; ANE-LX1; HWANE; hi6250; hu_HU; 243646269)"
66.249.66.130 - - [14/Sep/2020:06:19:41 +0200] "GET /en/helmets/264-sfr-helmet-satin-black.html?search_query=sfr&results=11 HTTP/1.1" 301 389 "-" "Mozilla/5.0 (Linux; Android 6.0.1; Nexus 5X Build/MMB29P) AppleWebKit/537.36 (KHTML, like Gecko) Chrome/80.0.3987.92 Mobile Safari/537.36 (compatible; Googlebot/2.1; +http://www.google.com/bot.html)"
66.249.66.130 - - [14/Sep/2020:06:20:31 +0200] "GET /en/cruisers-short-boards/923-stella-beer-runner-rona-cruiser.html HTTP/1.1" 301 380 "-" "Mozilla/5.0 (Linux; Android 6.0.1; Nexus 5X Build/MMB29P) AppleWebKit/537.36 (KHTML, like Gecko) Chrome/80.0.3987.92 Mobile Safari/537.36 (compatible; Googlebot/2.1; +http://www.google.com/bot.html)"
40.77.167.30 - - [14/Sep/2020:06:21:31 +0200] "GET /960-large_default/ram-longboard-viesez-burned-olive.jpg HTTP/1.1" 301 370 "-" "Mozilla/5.0 (compatible; bingbot/2.0; +http://www.bing.com/bingbot.htm)"
176.63.31.238 - - [14/Sep/2020:06:20:26 +0200] "GET /hu/?fbclid=PAAab1EPDUdakOm_zJ4v5wyN5lV3YbLHovbQYaYMVDb_Z-SQ1vlTO7kXkZvL0 HTTP/1.1" 301 387 "http://instagram.com/" "Mozilla/5.0 (Linux; Android 9; KSA-LX9 Build/HONORKSA-LX9; wv) AppleWebKit/537.36 (KHTML, like Gecko) Version/4.0 Chrome/85.0.4183.101 Mobile Safari/537.36 Instagram 158.0.0.30.123 Android (28/9; 320dpi; 720x1372; HUAWEI/HONOR; KSA-LX9; HWKSA-M; mt6761; hu_HU; 243646252)"
176.77.131.153 - - [14/Sep/2020:06:26:11 +0200] "GET /hu/?fbclid=PAAaa3kxso_jmGquEsdqyuOn8kV2f-mrCPok9NlDviJtnjW-U0ADHBP3B4lwA HTTP/1.1" 301 387 "-" "Mozilla/5.0 (iPhone; CPU iPhone OS 13_7 like Mac OS X) AppleWebKit/605.1.15 (KHTML, like Gecko) Mobile/15E148 Instagram 158.0.0.27.120 (iPhone8,4; iOS 13_7; en_HU; en-HU; scale=2.00; 640x1136; 242841067)"
157.55.39.76 - - [14/Sep/2020:06:29:56 +0200] "GET /2801-thickbox_default/enuff-refresher-53mm-skateboard-wheels-pink.jpg HTTP/1.1" 301 384 "-" "Mozilla/5.0 (compatible; bingbot/2.0; +http://www.bing.com/bingbot.htm)"
114.119.150.226 - - [14/Sep/2020:06:30:15 +0200] "GET /robots.txt HTTP/1.1" 301 325 "-" "(compatible;PetalBot;+http://aspiegel.com/petalbot)"
207.46.13.165 - - [14/Sep/2020:06:30:05 +0200] "GET /338-home_default/ram-longboard-lokz-marina-blue.jpg HTTP/1.1" 301 366 "-" "Mozilla/5.0 (compatible; bingbot/2.0; +http://www.bing.com/bingbot.htm)"
70.32.23.51 - - [14/Sep/2020:06:33:08 +0200] "GET /wp/wp-admin/ HTTP/1.1" 301 327 "http://deszkak.hu/" "Mozilla/5.0 (Windows NT 10.0; Win64; x64) AppleWebKit/537.36 (KHTML, like Gecko) Chrome/78.0.3904.97 Safari/537.36"
66.249.66.132 - - [14/Sep/2020:06:33:50 +0200] "GET /hu/39-longboard HTTP/1.1" 301 330 "-" "Mozilla/5.0 (Linux; Android 6.0.1; Nexus 5X Build/MMB29P) AppleWebKit/537.36 (KHTML, like Gecko) Chrome/80.0.3987.92 Mobile Safari/537.36 (compatible; Googlebot/2.1; +http://www.google.com/bot.html)"
40.77.167.30 - - [14/Sep/2020:06:35:05 +0200] "GET /2764-cart_default/street-surfing-longboard-cloudy.jpg HTTP/1.1" 301 368 "-" "Mozilla/5.0 (compatible; bingbot/2.0; +http://www.bing.com/bingbot.htm)"
188.143.33.107 - - [14/Sep/2020:06:37:25 +0200] "GET /hu/?fbclid=PAAabqOCMX_SFueWBiwJt7-T7-pB4pNFtaE2gDS7E-zSBgOoIEIcdfdks20hE HTTP/1.1" 301 387 "http://instagram.com/" "Mozilla/5.0 (Linux; Android 10; Redmi Note 7 Build/QKQ1.190910.002; wv) AppleWebKit/537.36 (KHTML, like Gecko) Version/4.0 Chrome/85.0.4183.101 Mobile Safari/537.36 Instagram 158.0.0.30.123 Android (29/10; 440dpi; 1080x2131; Xiaomi/xiaomi; Redmi Note 7; lavender; qcom; en_GB; 243646269)"
66.249.66.130 - - [14/Sep/2020:06:39:39 +0200] "GET /hu/24_nmb HTTP/1.1" 301 324 "-" "Mozilla/5.0 (Linux; Android 6.0.1; Nexus 5X Build/MMB29P) AppleWebKit/537.36 (KHTML, like Gecko) Chrome/80.0.3987.92 Mobile Safari/537.36 (compatible; Googlebot/2.1; +http://www.google.com/bot.html)"
207.46.13.16 - - [14/Sep/2020:06:40:49 +0200] "GET /robots.txt HTTP/1.1" 301 325 "-" "Mozilla/5.0 (compatible; bingbot/2.0; +http://www.bing.com/bingbot.htm)"
207.46.13.16 - - [14/Sep/2020:06:40:49 +0200] "GET /robots.txt HTTP/1.1" 301 325 "-" "Mozilla/5.0 (compatible; bingbot/2.0; +http://www.bing.com/bingbot.htm)"
207.46.13.16 - - [14/Sep/2020:06:40:48 +0200] "GET /robots.txt HTTP/1.1" 301 325 "-" "Mozilla/5.0 (compatible; bingbot/2.0; +http://www.bing.com/bingbot.htm)"
207.46.13.16 - - [14/Sep/2020:06:40:49 +0200] "GET /robots.txt HTTP/1.1" 301 325 "-" "Mozilla/5.0 (compatible; bingbot/2.0; +http://www.bing.com/bingbot.htm)"
207.46.13.16 - - [14/Sep/2020:06:40:48 +0200] "GET /robots.txt HTTP/1.1" 301 325 "-" "Mozilla/5.0 (compatible; bingbot/2.0; +http://www.bing.com/bingbot.htm)"
207.46.13.16 - - [14/Sep/2020:06:40:50 +0200] "GET /robots.txt HTTP/1.1" 301 325 "-" "Mozilla/5.0 (compatible; bingbot/2.0; +http://www.bing.com/bingbot.htm)"
207.46.13.16 - - [14/Sep/2020:06:40:48 +0200] "GET /robots.txt HTTP/1.1" 301 325 "-" "Mozilla/5.0 (compatible; bingbot/2.0; +http://www.bing.com/bingbot.htm)"
207.46.13.16 - - [14/Sep/2020:06:40:50 +0200] "GET /robots.txt HTTP/1.1" 301 325 "-" "Mozilla/5.0 (compatible; bingbot/2.0; +http://www.bing.com/bingbot.htm)"
157.55.39.76 - - [14/Sep/2020:06:43:51 +0200] "GET /1572-home_default/stella-bottle-opener-hell-horns-complete-board.jpg HTTP/1.1" 301 383 "-" "Mozilla/5.0 (compatible; bingbot/2.0; +http://www.bing.com/bingbot.htm)"
66.249.92.67 - - [14/Sep/2020:06:43:58 +0200] "GET /en/32-wave-board?gclid=EAIaIQobChMIwPu5t4qs3AIVAQAAAB0BAAAAEAAYACAAEgJVzfD_BwE HTTP/1.1" 301 393 "-" "Mozilla/5.0 (iPhone; CPU iPhone OS 9_1 like Mac OS X) AppleWebKit/601.1.46 (KHTML, like Gecko) Version/9.0 Mobile/13B143 Safari/601.1 (compatible; AdsBot-Google-Mobile; +http://www.google.com/mobile/adsbot.html)"
66.249.66.132 - - [14/Sep/2020:06:45:13 +0200] "GET /hu/csapagyak/588-enuff-csapagyszett-abec-9.html HTTP/1.1" 301 362 "-" "Mozilla/5.0 (Linux; Android 6.0.1; Nexus 5X Build/MMB29P) AppleWebKit/537.36 (KHTML, like Gecko) Chrome/80.0.3987.92 Mobile Safari/537.36 (compatible; Googlebot/2.1; +http://www.google.com/bot.html)"
66.249.66.130 - - [14/Sep/2020:06:43:58 +0200] "GET /robots.txt HTTP/1.1" 301 325 "-" "Mozilla/5.0 (compatible; Googlebot/2.1; +http://www.google.com/bot.html)"
66.249.66.130 - - [14/Sep/2020:06:46:39 +0200] "GET /en/others/151-enuff-skateboard-shock-pad-red.html HTTP/1.1" 301 364 "-" "Mozilla/5.0 (compatible; Googlebot/2.1; +http://www.google.com/bot.html)"
66.249.66.130 - - [14/Sep/2020:06:46:51 +0200] "GET /en/bolts-and-nuts/1529-steadfast-kingpin-nut.html HTTP/1.1" 301 364 "-" "Mozilla/5.0 (Linux; Android 6.0.1; Nexus 5X Build/MMB29P) AppleWebKit/537.36 (KHTML, like Gecko) Chrome/80.0.3987.92 Mobile Safari/537.36 (compatible; Googlebot/2.1; +http://www.google.com/bot.html)"
66.249.66.132 - - [14/Sep/2020:06:47:12 +0200] "GET /hu/quad-gorkorcsolya/1534-rio-roller-leopard-gyerek-quad-gorkorcsolya-kek.html HTTP/1.1" 301 393 "-" "Mozilla/5.0 (Linux; Android 6.0.1; Nexus 5X Build/MMB29P) AppleWebKit/537.36 (KHTML, like Gecko) Chrome/80.0.3987.92 Mobile Safari/537.36 (compatible; Googlebot/2.1; +http://www.google.com/bot.html)"
207.46.13.252 - - [14/Sep/2020:06:47:48 +0200] "GET /3346-cart_default/mindless-voodoo-lakota-freeride-longboard.jpg HTTP/1.1" 301 378 "-" "Mozilla/5.0 (compatible; bingbot/2.0; +http://www.bing.com/bingbot.htm)"
173.252.107.22 - - [14/Sep/2020:06:50:48 +0200] "GET /1729-large_default/rio-roller-pure-felnott-quad-gorkorcsolya-kek-arany.jpg HTTP/1.1" 301 389 "-" "facebookexternalhit/1.1 (+http://www.facebook.com/externalhit_uatext.php)"
66.249.66.132 - - [14/Sep/2020:06:49:45 +0200] "GET /en/15-grip-tapes HTTP/1.1" 301 331 "-" "Mozilla/5.0 (Linux; Android 6.0.1; Nexus 5X Build/MMB29P) AppleWebKit/537.36 (KHTML, like Gecko) Chrome/80.0.3987.92 Mobile Safari/537.36 (compatible; Googlebot/2.1; +http://www.google.com/bot.html)"
66.249.66.132 - - [14/Sep/2020:06:50:07 +0200] "GET /hu/longboard/968-ram-78a-longboard-kerek-malna-rozsa.html HTTP/1.1" 301 372 "-" "Mozilla/5.0 (Linux; Android 6.0.1; Nexus 5X Build/MMB29P) AppleWebKit/537.36 (KHTML, like Gecko) Chrome/80.0.3987.92 Mobile Safari/537.36 (compatible; Googlebot/2.1; +http://www.google.com/bot.html)"
66.249.66.130 - - [14/Sep/2020:06:49:46 +0200] "GET /en/15-grip-tapes HTTP/1.1" 301 331 "-" "Mozilla/5.0 (Linux; Android 6.0.1; Nexus 5X Build/MMB29P) AppleWebKit/537.36 (KHTML, like Gecko) Chrome/80.0.3987.92 Mobile Safari/537.36 (compatible; Googlebot/2.1; +http://www.google.com/bot.html)"
66.249.66.130 - - [14/Sep/2020:06:54:29 +0200] "GET /en/26-knee-elbow-ankle-protect HTTP/1.1" 301 345 "-" "Mozilla/5.0 (Linux; Android 6.0.1; Nexus 5X Build/MMB29P) AppleWebKit/537.36 (KHTML, like Gecko) Chrome/80.0.3987.92 Mobile Safari/537.36 (compatible; Googlebot/2.1; +http://www.google.com/bot.html)"
157.55.39.76 - - [14/Sep/2020:06:57:34 +0200] "GET /2381-thickbox_default/enuff-bearings-black-608-2rs.jpg HTTP/1.1" 301 369 "-" "Mozilla/5.0 (compatible; bingbot/2.0; +http://www.bing.com/bingbot.htm)"
207.46.13.165 - - [14/Sep/2020:06:58:33 +0200] "GET /en/cruisers-short-boards/459-stella-beer-runner-cerveza-cruiser.html HTTP/1.1" 301 383 "-" "Mozilla/5.0 (compatible; bingbot/2.0; +http://www.bing.com/bingbot.htm)"
20.185.0.202 - - [14/Sep/2020:06:59:13 +0200] "GET /blog/wp-content/plugins/wp-file-manager/lib/php/connector.minimal.php HTTP/1.1" 301 384 "www.google.com" "Mozlila/5.0 (Linux; Android 7.0; SM-G892A Bulid/NRD90M; wv) AppleWebKit/537.36 (KHTML, like Gecko) Version/4.0 Chrome/60.0.3112.107 Moblie Safari/537.36"
79.122.46.118 - - [14/Sep/2020:06:59:31 +0200] "GET /hu/?fbclid=PAAaZKGxMETOv0SWBq-lVDS6nxSPIio9emmGv_FUhd99dyOJOJjhT4MFunjL0 HTTP/1.1" 301 387 "-" "Mozilla/5.0 (Linux; Android 10; MAR-LX1A) AppleWebKit/537.36 (KHTML, like Gecko) Chrome/85.0.4183.101 Mobile Safari/537.36"
20.185.0.202 - - [14/Sep/2020:06:58:23 +0200] "GET //wp-content/plugins/wp-file-manager/lib/php/connector.minimal.php HTTP/1.1" 301 379 "www.google.com" "Mozlila/5.0 (Linux; Android 7.0; SM-G892A Bulid/NRD90M; wv) AppleWebKit/537.36 (KHTML, like Gecko) Version/4.0 Chrome/60.0.3112.107 Moblie Safari/537.36"
81.183.162.250 - - [14/Sep/2020:06:59:09 +0200] "GET /hu/?fbclid=PAAabYjj_UmDa2lESel35D8cdcOwLSa8ZvOj3hleaRhOZtR5_HY9WWYko4HXw HTTP/1.1" 301 387 "http://instagram.com/" "Mozilla/5.0 (Linux; Android 9; EML-L29 Build/HUAWEIEML-L29; wv) AppleWebKit/537.36 (KHTML, like Gecko) Version/4.0 Chrome/85.0.4183.81 Mobile Safari/537.36 Instagram 157.0.0.37.120 Android (28/9; 480dpi; 1080x2031; HUAWEI; EML-L29; HWEML; kirin970; hu_HU; 242168941)"
185.181.103.244 - - [14/Sep/2020:06:57:58 +0200] "GET / HTTP/1.1" 301 315 "-" "Mozilla/5.0 (Windows NT 10.0; Win64; x64) AppleWebKit/537.36 (KHTML, like Gecko) Chrome/85.0.4183.102 Safari/537.36"
20.185.0.202 - - [14/Sep/2020:06:59:08 +0200] "GET /wordpress/wp-content/plugins/wp-file-manager/lib/php/connector.minimal.php HTTP/1.1" 301 389 "www.google.com" "Mozlila/5.0 (Linux; Android 7.0; SM-G892A Bulid/NRD90M; wv) AppleWebKit/537.36 (KHTML, like Gecko) Version/4.0 Chrome/60.0.3112.107 Moblie Safari/537.36"
20.185.0.202 - - [14/Sep/2020:06:58:39 +0200] "GET /wp/wp-content/plugins/wp-file-manager/lib/php/connector.minimal.php HTTP/1.1" 301 382 "www.google.com" "Mozlila/5.0 (Linux; Android 7.0; SM-G892A Bulid/NRD90M; wv) AppleWebKit/537.36 (KHTML, like Gecko) Version/4.0 Chrome/60.0.3112.107 Moblie Safari/537.36"
20.185.0.202 - - [14/Sep/2020:06:59:40 +0200] "GET /new/wp-content/plugins/wp-file-manager/lib/php/connector.minimal.php HTTP/1.1" 301 383 "www.google.com" "Mozlila/5.0 (Linux; Android 7.0; SM-G892A Bulid/NRD90M; wv) AppleWebKit/537.36 (KHTML, like Gecko) Version/4.0 Chrome/60.0.3112.107 Moblie Safari/537.36"
20.185.0.202 - - [14/Sep/2020:06:59:54 +0200] "GET /old/wp-content/plugins/wp-file-manager/lib/php/connector.minimal.php HTTP/1.1" 301 383 "www.google.com" "Mozlila/5.0 (Linux; Android 7.0; SM-G892A Bulid/NRD90M; wv) AppleWebKit/537.36 (KHTML, like Gecko) Version/4.0 Chrome/60.0.3112.107 Moblie Safari/537.36"
207.46.13.16 - - [14/Sep/2020:07:00:59 +0200] "GET /903-cart_default/pro-tec-classic-certified-helmet-bucky-lasek.jpg HTTP/1.1" 301 380 "-" "Mozilla/5.0 (compatible; bingbot/2.0; +http://www.bing.com/bingbot.htm)"
20.185.0.202 - - [14/Sep/2020:06:59:57 +0200] "GET /demo/wp-content/plugins/wp-file-manager/lib/php/connector.minimal.php HTTP/1.1" 301 384 "www.google.com" "Mozlila/5.0 (Linux; Android 7.0; SM-G892A Bulid/NRD90M; wv) AppleWebKit/537.36 (KHTML, like Gecko) Version/4.0 Chrome/60.0.3112.107 Moblie Safari/537.36"
66.249.66.130 - - [14/Sep/2020:07:07:35 +0200] "GET /en/tools/1478-sushi-ninja-t-skateboard-tool-black.html HTTP/1.1" 301 369 "-" "Mozilla/5.0 (Linux; Android 6.0.1; Nexus 5X Build/MMB29P) AppleWebKit/537.36 (KHTML, like Gecko) Chrome/80.0.3987.92 Mobile Safari/537.36 (compatible; Googlebot/2.1; +http://www.google.com/bot.html)"
77.110.130.228 - - [14/Sep/2020:07:08:26 +0200] "GET /hu/ HTTP/1.1" 301 318 "http://m.facebook.com/" "Mozilla/5.0 (Linux; Android 10; Redmi 8 Build/QKQ1.191014.001; wv) AppleWebKit/537.36 (KHTML, like Gecko) Version/4.0 Chrome/85.0.4183.101 Mobile Safari/537.36 [FB_IAB/FB4A;FBAV/287.0.0.50.119;]"
157.55.39.58 - - [14/Sep/2020:07:11:15 +0200] "GET /2388-thickbox_default/enuff-bearings-abec-7.jpg HTTP/1.1" 301 362 "-" "Mozilla/5.0 (compatible; bingbot/2.0; +http://www.bing.com/bingbot.htm)"
66.249.66.134 - - [14/Sep/2020:07:12:06 +0200] "GET /hu/cruiser-short-board/1719-stella-beer-runner-flat-tire-cruiser.html HTTP/1.1" 301 384 "-" "Mozilla/5.0 (Linux; Android 6.0.1; Nexus 5X Build/MMB29P) AppleWebKit/537.36 (KHTML, like Gecko) Chrome/80.0.3987.92 Mobile Safari/537.36 (compatible; Googlebot/2.1; +http://www.google.com/bot.html)"
207.46.13.165 - - [14/Sep/2020:07:14:03 +0200] "GET /en/cart?add=1&id_product=588&token=dd1548e4374f499b814aa1cfc96bc198 HTTP/1.1" 301 390 "-" "Mozilla/5.0 (compatible; bingbot/2.0; +http://www.bing.com/bingbot.htm)"
85.66.98.118 - - [14/Sep/2020:07:15:27 +0200] "GET /hu/?fbclid=PAAaa_kRVdydg_kR0DmENVjTDQ4TTThHxUAtGwCeeNhSEJhR5kfjQuc0lxBsk HTTP/1.1" 301 387 "-" "Mozilla/5.0 (iPhone; CPU iPhone OS 13_6 like Mac OS X) AppleWebKit/605.1.15 (KHTML, like Gecko) Mobile/15E148 Instagram 158.1.0.29.120 (iPhone9,3; iOS 13_6; hu_HU; hu-HU; scale=2.00; 750x1334; 244229785)"
66.249.66.130 - - [14/Sep/2020:07:20:44 +0200] "GET /hu/cruiser-short-board/812-d-street-polyprop-cruiser-galaxy.html HTTP/1.1" 301 379 "-" "Mozilla/5.0 (compatible; Googlebot/2.1; +http://www.google.com/bot.html)"
66.249.66.132 - - [14/Sep/2020:07:20:05 +0200] "GET /en/cruisers-short-boards/1137-street-surfing-cruiser-30-jelly-fish.html HTTP/1.1" 301 386 "-" "Mozilla/5.0 (Linux; Android 6.0.1; Nexus 5X Build/MMB29P) AppleWebKit/537.36 (KHTML, like Gecko) Chrome/80.0.3987.92 Mobile Safari/537.36 (compatible; Googlebot/2.1; +http://www.google.com/bot.html)"
66.249.66.130 - - [14/Sep/2020:07:20:41 +0200] "GET /hu/longboard/712-aob-blackshot-longboard.html HTTP/1.1" 301 360 "-" "Mozilla/5.0 (Linux; Android 6.0.1; Nexus 5X Build/MMB29P) AppleWebKit/537.36 (KHTML, like Gecko) Chrome/80.0.3987.92 Mobile Safari/537.36 (compatible; Googlebot/2.1; +http://www.google.com/bot.html)"
66.249.66.132 - - [14/Sep/2020:07:25:03 +0200] "GET /en/skateboards/1103-enuff-tag-graffiti-gordeszka-yellow.html HTTP/1.1" 301 375 "-" "Mozilla/5.0 (Linux; Android 6.0.1; Nexus 5X Build/MMB29P) AppleWebKit/537.36 (KHTML, like Gecko) Chrome/80.0.3987.92 Mobile Safari/537.36 (compatible; Googlebot/2.1; +http://www.google.com/bot.html)"
207.46.13.16 - - [14/Sep/2020:07:27:43 +0200] "GET /1261-thickbox_default/enuff-scramble-skateboard-purpleblue.jpg HTTP/1.1" 301 377 "-" "Mozilla/5.0 (compatible; bingbot/2.0; +http://www.bing.com/bingbot.htm)"
40.77.167.30 - - [14/Sep/2020:07:36:57 +0200] "GET /451-home_default/tony-hawk-775-skateboard-full-hawk-white.jpg HTTP/1.1" 301 376 "-" "Mozilla/5.0 (compatible; bingbot/2.0; +http://www.bing.com/bingbot.htm)"
66.249.66.130 - - [14/Sep/2020:07:39:14 +0200] "GET /hu/gordeszka/1165-enuff-peacekeeper-53mm-gordeszka-kerekek.html HTTP/1.1" 301 378 "-" "Mozilla/5.0 (Linux; Android 6.0.1; Nexus 5X Build/MMB29P) AppleWebKit/537.36 (KHTML, like Gecko) Chrome/80.0.3987.92 Mobile Safari/537.36 (compatible; Googlebot/2.1; +http://www.google.com/bot.html)"
66.249.66.134 - - [14/Sep/2020:07:40:02 +0200] "GET /en/skateboard/1018-enuff-refresher-skateboard-wheels-green.html HTTP/1.1" 301 378 "-" "Mozilla/5.0 (Linux; Android 6.0.1; Nexus 5X Build/MMB29P) AppleWebKit/537.36 (KHTML, like Gecko) Chrome/80.0.3987.92 Mobile Safari/537.36 (compatible; Googlebot/2.1; +http://www.google.com/bot.html)"
84.225.172.152 - - [14/Sep/2020:07:40:38 +0200] "GET /hu/?fbclid=PAAaYhDWL2kMR03IVOJqKDiEx4v4k4x11O1k0ZHUrGyiBsubeQIwq4eJzbQXU HTTP/1.1" 301 387 "http://instagram.com/" "Mozilla/5.0 (Linux; Android 10; SM-A705FN Build/QP1A.190711.020; wv) AppleWebKit/537.36 (KHTML, like Gecko) Version/4.0 Chrome/85.0.4183.81 Mobile Safari/537.36 Instagram 158.0.0.30.123 Android (29/10; 420dpi; 1080x2198; samsung; SM-A705FN; a70q; qcom; hu_HU; 243646269)"
66.249.66.130 - - [14/Sep/2020:07:42:32 +0200] "GET /robots.txt HTTP/1.1" 301 325 "-" "Mozilla/5.0 (compatible; Googlebot/2.1; +http://www.google.com/bot.html)"
66.249.66.130 - - [14/Sep/2020:07:42:32 +0200] "GET /hu/bukosisak/1072-rekd-elite-icon-attetszo-sisak-szurke.html HTTP/1.1" 301 375 "-" "Mozilla/5.0 (Linux; Android 6.0.1; Nexus 5X Build/MMB29P) AppleWebKit/537.36 (KHTML, like Gecko) Chrome/80.0.3987.92 Mobile Safari/537.36 (compatible; Googlebot/2.1; +http://www.google.com/bot.html)"
66.249.66.130 - - [14/Sep/2020:07:44:50 +0200] "GET /hu/kerekek/387-steadfast-two-tone-51mm-gordeszka-kerekek-fekete-neon-zold.html HTTP/1.1" 301 393 "-" "Mozilla/5.0 (Linux; Android 6.0.1; Nexus 5X Build/MMB29P) AppleWebKit/537.36 (KHTML, like Gecko) Chrome/80.0.3987.92 Mobile Safari/537.36 (compatible; Googlebot/2.1; +http://www.google.com/bot.html)"
114.119.145.66 - - [14/Sep/2020:07:45:34 +0200] "GET /robots.txt HTTP/1.1" 301 325 "-" "(compatible;PetalBot;+http://aspiegel.com/petalbot)"
66.249.66.132 - - [14/Sep/2020:07:46:53 +0200] "GET /hu/gordeszkak/777-area-brkyln-8-gordeszka.html HTTP/1.1" 301 361 "-" "Mozilla/5.0 (Linux; Android 6.0.1; Nexus 5X Build/MMB29P) AppleWebKit/537.36 (KHTML, like Gecko) Chrome/80.0.3987.92 Mobile Safari/537.36 (compatible; Googlebot/2.1; +http://www.google.com/bot.html)"
207.46.13.252 - - [14/Sep/2020:07:49:15 +0200] "GET /4236-thickbox_default/tony-hawk-540-series-skateboard-hawk-zoom.jpg HTTP/1.1" 301 382 "-" "Mozilla/5.0 (compatible; bingbot/2.0; +http://www.bing.com/bingbot.htm)"
79.121.13.135 - - [14/Sep/2020:07:53:18 +0200] "GET / HTTP/1.1" 301 315 "android-app://com.google.android.googlequicksearchbox/" "Mozilla/5.0 (Linux; Android 10; Nokia 7.2) AppleWebKit/537.36 (KHTML, like Gecko) Chrome/85.0.4183.101 Mobile Safari/537.36"
84.1.111.202 - - [14/Sep/2020:07:58:05 +0200] "GET /hu/?fbclid=PAAab58QI6hUwGNgwgrlz6GSa3n8xTfUQAjP-wcljGeUPsG1YUyzU8tCio1CQ HTTP/1.1" 301 387 "http://instagram.com/" "Mozilla/5.0 (Linux; Android 5.1.1; SM-J320FN Build/LMY47V; wv) AppleWebKit/537.36 (KHTML, like Gecko) Version/4.0 Chrome/55.0.2883.91 Mobile Safari/537.36 Instagram 141.0.0.32.118 Android (22/5.1.1; 320dpi; 720x1280; samsung; SM-J320FN; j3xnlte; sc8830; hu_HU; 214245295)"
207.46.13.16 - - [14/Sep/2020:07:57:48 +0200] "GET /3450-home_default/maui-and-sons-70mm-clear-longboard-kerekek-kek.jpg HTTP/1.1" 301 383 "-" "Mozilla/5.0 (compatible; bingbot/2.0; +http://www.bing.com/bingbot.htm)"
45.55.60.215 - - [14/Sep/2020:08:03:50 +0200] "GET /wp-content/plugins/wp-file-manager/lib/php/connector.minimal.php HTTP/1.1" 301 379 "-" "Mozilla/5.0 (X11; Linux x86_64) AppleWebKit/537.36 (KHTML, like Gecko) Chrome/81.0.4044.129 Safari/537.36"
207.46.13.165 - - [14/Sep/2020:08:04:56 +0200] "GET /en/grip-tapes/221-flik-grip-tape-fat-stripe-charcoal.html HTTP/1.1" 301 372 "-" "Mozilla/5.0 (compatible; bingbot/2.0; +http://www.bing.com/bingbot.htm)"
66.249.66.130 - - [14/Sep/2020:08:06:47 +0200] "GET /hu/36-alatet HTTP/1.1" 301 327 "-" "Mozilla/5.0 (Linux; Android 6.0.1; Nexus 5X Build/MMB29P) AppleWebKit/537.36 (KHTML, like Gecko) Chrome/80.0.3987.92 Mobile Safari/537.36 (compatible; Googlebot/2.1; +http://www.google.com/bot.html)"
66.249.66.130 - - [14/Sep/2020:08:08:43 +0200] "GET /hu/gordeszka/158-enuff-refresher-gordeszka-kerekek-rasta.html HTTP/1.1" 301 376 "-" "Mozilla/5.0 (Linux; Android 6.0.1; Nexus 5X Build/MMB29P) AppleWebKit/537.36 (KHTML, like Gecko) Chrome/80.0.3987.92 Mobile Safari/537.36 (compatible; Googlebot/2.1; +http://www.google.com/bot.html)"
178.164.239.162 - - [14/Sep/2020:08:08:36 +0200] "GET / HTTP/1.1" 301 315 "-" "Mozilla/5.0 (Windows NT 10.0; Win64; x64) AppleWebKit/537.36 (KHTML, like Gecko) Chrome/85.0.4183.102 Safari/537.36"
157.55.39.76 - - [14/Sep/2020:08:12:02 +0200] "GET /4795-cart_default/penny-27-cruiser-white-copper-fade.jpg HTTP/1.1" 301 371 "-" "Mozilla/5.0 (compatible; bingbot/2.0; +http://www.bing.com/bingbot.htm)"
40.77.167.103 - - [14/Sep/2020:08:13:57 +0200] "GET /en/longboard/706-mindless-nimball-longboard-wheels-purple.html HTTP/1.1" 301 377 "-" "Mozilla/5.0 (compatible; bingbot/2.0; +http://www.bing.com/bingbot.htm)"
40.77.167.103 - - [14/Sep/2020:08:18:15 +0200] "GET /3091-thickbox_default/pro-tec-full-cut-helmet-gloss-black.jpg HTTP/1.1" 301 376 "-" "Mozilla/5.0 (compatible; bingbot/2.0; +http://www.bing.com/bingbot.htm)"
66.249.66.130 - - [14/Sep/2020:08:19:09 +0200] "GET /hu/griptapek/1513-flik-zodiac-grip-tape-capricorn.html?search_query=flik+grip+tape&results=54 HTTP/1.1" 301 412 "-" "Mozilla/5.0 (Linux; Android 6.0.1; Nexus 5X Build/MMB29P) AppleWebKit/537.36 (KHTML, like Gecko) Chrome/80.0.3987.92 Mobile Safari/537.36 (compatible; Googlebot/2.1; +http://www.google.com/bot.html)"
188.157.36.212 - - [14/Sep/2020:08:20:39 +0200] "GET / HTTP/1.1" 301 315 "-" "Mozilla/5.0 (iPhone; CPU iPhone OS 13_7 like Mac OS X) AppleWebKit/605.1.15 (KHTML, like Gecko) Version/13.1.2 Mobile/15E148 Safari/604.1"
40.77.167.103 - - [14/Sep/2020:08:22:59 +0200] "GET /2133-thickbox_default/street-surfing-longboard-40-woods.jpg HTTP/1.1" 301 374 "-" "Mozilla/5.0 (compatible; bingbot/2.0; +http://www.bing.com/bingbot.htm)"
66.249.66.134 - - [14/Sep/2020:08:24:20 +0200] "GET /en/grip-tapes/904-flik-grip-tape-polka-dots-black-clear.html?search_query=flik+grip+tape&results=34 HTTP/1.1" 301 418 "-" "Mozilla/5.0 (Linux; Android 6.0.1; Nexus 5X Build/MMB29P) AppleWebKit/537.36 (KHTML, like Gecko) Chrome/80.0.3987.92 Mobile Safari/537.36 (compatible; Googlebot/2.1; +http://www.google.com/bot.html)"
178.164.178.164 - - [14/Sep/2020:08:25:05 +0200] "GET /hu/32-wave-board?gclid=Cj0KCQjwhvf6BRCkARIsAGl1GGi_iR8_EgeFV-SatWscM1jd3HNQiEyD-GFSHNT_yjjTo2zV8KubiAgaAtmBEALw_wcB HTTP/1.1" 301 430 "https://www.google.com/" "Mozilla/5.0 (Linux; Android 10; SM-A202F) AppleWebKit/537.36 (KHTML, like Gecko) Chrome/85.0.4183.101 Mobile Safari/537.36"
176.77.154.60 - - [14/Sep/2020:08:25:15 +0200] "GET / HTTP/1.1" 301 315 "android-app://com.google.android.googlequicksearchbox/" "Mozilla/5.0 (Linux; Android 9; Redmi Note 8T) AppleWebKit/537.36 (KHTML, like Gecko) Chrome/85.0.4183.101 Mobile Safari/537.36"
66.249.66.130 - - [14/Sep/2020:08:25:57 +0200] "GET /1905-home_default/d-street-polyprop-grande-cruiser-szurke-narancs.jpg HTTP/1.1" 301 384 "-" "Googlebot-Image/1.0"
207.46.13.165 - - [14/Sep/2020:08:25:18 +0200] "GET /2384-thickbox_default/enuff-bearings-abec-9.jpg HTTP/1.1" 301 362 "-" "Mozilla/5.0 (compatible; bingbot/2.0; +http://www.bing.com/bingbot.htm)"
66.249.66.130 - - [14/Sep/2020:08:26:04 +0200] "GET / HTTP/1.1" 301 315 "-" "Mozilla/5.0 (Linux; Android 6.0.1; Nexus 5X Build/MMB29P) AppleWebKit/537.36 (KHTML, like Gecko) Chrome/85.0.4183.112 Mobile Safari/537.36 (compatible; Googlebot/2.1; +http://www.google.com/bot.html)"
66.249.66.130 - - [14/Sep/2020:08:26:11 +0200] "GET /hu/griptapek/246-flik-grip-tape-lazer-cut.html HTTP/1.1" 301 361 "-" "Mozilla/5.0 (Linux; Android 6.0.1; Nexus 5X Build/MMB29P) AppleWebKit/537.36 (KHTML, like Gecko) Chrome/80.0.3987.92 Mobile Safari/537.36 (compatible; Googlebot/2.1; +http://www.google.com/bot.html)"
157.55.39.58 - - [14/Sep/2020:08:27:19 +0200] "GET /en/cruisers/1249-mindless-campus-iv-cruiser-orange.html HTTP/1.1" 301 370 "-" "Mozilla/5.0 (compatible; bingbot/2.0; +http://www.bing.com/bingbot.htm)"
93.85.75.20 - - [14/Sep/2020:08:27:19 +0200] "GET /en/cruisers/2336-nkd-city-39-cruiser.html HTTP/1.0" 301 356 "http://www.deszkak.hu/en/cruisers/2336-nkd-city-39-cruiser.html" "Mozilla/5.0 (Windows NT 10.0; Win64; x64) AppleWebKit/537.36 (KHTML, like Gecko) Chrome/66.0.3359.170 Safari/537.36 OPR/53.0.2907.99"
207.46.13.252 - - [14/Sep/2020:08:31:44 +0200] "GET /2558-cart_default/stella-69mm-longboard-gel-kerek-narancs.jpg HTTP/1.1" 301 376 "-" "Mozilla/5.0 (compatible; bingbot/2.0; +http://www.bing.com/bingbot.htm)"
40.77.167.30 - - [14/Sep/2020:08:31:57 +0200] "GET /3399-thickbox_default/maui-bullseye-longboard.jpg HTTP/1.1" 301 364 "-" "Mozilla/5.0 (compatible; bingbot/2.0; +http://www.bing.com/bingbot.htm)"
66.249.66.134 - - [14/Sep/2020:08:35:57 +0200] "GET /1888-home_default/street-surfing-beach-board-cruiser-ocean-breeze.jpg HTTP/1.1" 301 384 "-" "Googlebot-Image/1.0"
66.249.66.130 - - [14/Sep/2020:08:35:56 +0200] "GET /1888-home_default/street-surfing-beach-board-cruiser-ocean-breeze.jpg HTTP/1.1" 301 384 "-" "Googlebot-Image/1.0"
66.249.66.132 - - [14/Sep/2020:08:37:54 +0200] "GET /en/index.php HTTP/1.1" 301 327 "-" "Mozilla/5.0 (Linux; Android 6.0.1; Nexus 5X Build/MMB29P) AppleWebKit/537.36 (KHTML, like Gecko) Chrome/80.0.3987.92 Mobile Safari/537.36 (compatible; Googlebot/2.1; +http://www.google.com/bot.html)"
40.77.167.30 - - [14/Sep/2020:08:47:54 +0200] "GET /2844-home_default/enuff-tie-dye-skateboard.jpg HTTP/1.1" 301 361 "-" "Mozilla/5.0 (compatible; bingbot/2.0; +http://www.bing.com/bingbot.htm)"
114.119.130.177 - - [14/Sep/2020:08:52:02 +0200] "GET /robots.txt HTTP/1.1" 301 325 "-" "(compatible;PetalBot;+http://aspiegel.com/petalbot)"
40.77.167.30 - - [14/Sep/2020:08:50:27 +0200] "GET /4232-cart_default/tony-hawk-540-series-skateboard-cyber-hawk.jpg HTTP/1.1" 301 379 "-" "Mozilla/5.0 (compatible; bingbot/2.0; +http://www.bing.com/bingbot.htm)"
94.44.243.139 - - [14/Sep/2020:08:53:29 +0200] "GET / HTTP/1.1" 301 315 "-" "Mozilla/5.0 (iPhone; CPU iPhone OS 13_6_1 like Mac OS X) AppleWebKit/605.1.15 (KHTML, like Gecko) Version/13.1.2 Mobile/15E148 Safari/604.1"
37.76.17.152 - - [14/Sep/2020:08:52:48 +0200] "GET / HTTP/1.1" 301 315 "-" "Mozilla/5.0 (Linux; Android 9; SM-J415FN) AppleWebKit/537.36 (KHTML, like Gecko) Chrome/85.0.4183.101 Mobile Safari/537.36"
66.249.66.132 - - [14/Sep/2020:08:55:04 +0200] "GET /robots.txt HTTP/1.1" 301 325 "-" "Mozilla/5.0 (compatible; Googlebot/2.1; +http://www.google.com/bot.html)"
66.249.66.134 - - [14/Sep/2020:08:55:04 +0200] "GET /en/15-grip-tapes HTTP/1.1" 301 331 "-" "Mozilla/5.0 (Linux; Android 6.0.1; Nexus 5X Build/MMB29P) AppleWebKit/537.36 (KHTML, like Gecko) Chrome/80.0.3987.92 Mobile Safari/537.36 (compatible; Googlebot/2.1; +http://www.google.com/bot.html)"
5.187.137.115 - - [14/Sep/2020:08:57:53 +0200] "GET /modules/ptssliderlayer/images/!!!over.jpg HTTP/1.1" 301 356 "-" "Snapchat/11.0.6.82 (FIG-LX1; Android 9#9.1.0.216C432#28; gzip) V/MUSHROOM"
5.187.137.115 - - [14/Sep/2020:08:57:55 +0200] "GET /modules/ptssliderlayer/images/!!!over.jpg HTTP/1.1" 301 356 "-" "Dalvik/2.1.0 (Linux; U; Android 9; FIG-LX1 Build/HUAWEIFIG-L11)"
5.187.137.115 - - [14/Sep/2020:08:57:56 +0200] "GET /modules/ptssliderlayer/images/!!!over.jpg HTTP/1.1" 301 356 "-" "Dalvik/2.1.0 (Linux; U; Android 9; FIG-LX1 Build/HUAWEIFIG-L11)"
207.46.13.35 - - [14/Sep/2020:08:59:18 +0200] "GET /2581-home_default/steadfast-biggies-70mm-gel-longboard-kerekek-kek.jpg HTTP/1.1" 301 385 "-" "Mozilla/5.0 (compatible; bingbot/2.0; +http://www.bing.com/bingbot.htm)"
94.44.232.202 - - [14/Sep/2020:09:01:32 +0200] "GET /hu/?fbclid=PAAabMvgiXCd8yiup8zONEPfc-Zw75rsVTqISQ4oLM7DnhpFlKtKhH1vYiU88 HTTP/1.1" 301 387 "http://instagram.com/" "Mozilla/5.0 (Linux; Android 6.0; F3311 Build/37.0.A.2.248; wv) AppleWebKit/537.36 (KHTML, like Gecko) Version/4.0 Chrome/73.0.3683.90 Mobile Safari/537.36 Instagram 88.0.0.14.99 Android (23/6.0; 320dpi; 720x1184; Sony; F3311; F3311; mt6735; hu_HU; 149350058)"
37.76.114.7 - - [14/Sep/2020:09:01:49 +0200] "GET /hu/?fbclid=PAAabM9O0sKW4ZEc3y4CIq9YSST0BpOom9_DYL_S6DDO_a-wsUcCMSd74dmyM HTTP/1.1" 301 387 "http://instagram.com/" "Mozilla/5.0 (Linux; Android 10; SM-A405FN Build/QP1A.190711.020; wv) AppleWebKit/537.36 (KHTML, like Gecko) Version/4.0 Chrome/85.0.4183.101 Mobile Safari/537.36 Instagram 158.0.0.30.123 Android (29/10; 480dpi; 1080x2254; samsung; SM-A405FN; a40; exynos7904; hu_HU; 243646269)"
66.249.66.130 - - [14/Sep/2020:09:02:39 +0200] "GET /hu/guest-tracking HTTP/1.1" 301 332 "-" "Mozilla/5.0 (Linux; Android 6.0.1; Nexus 5X Build/MMB29P) AppleWebKit/537.36 (KHTML, like Gecko) Chrome/80.0.3987.92 Mobile Safari/537.36 (compatible; Googlebot/2.1; +http://www.google.com/bot.html)"
78.31.152.93 - - [14/Sep/2020:09:04:21 +0200] "GET /2378/enuff-bearings-swiss-abec-9.jpg HTTP/1.1" 301 351 "-" "Mozilla/5.0 (Windows NT 10.0; Win64; x64; rv:80.0) Gecko/20100101 Firefox/80.0"
66.249.66.132 - - [14/Sep/2020:09:05:43 +0200] "GET /1898-thickbox_default/street-surfing-fuel-board-cruiser-skelectron.jpg HTTP/1.1" 301 385 "-" "Googlebot-Image/1.0"
66.249.66.132 - - [14/Sep/2020:09:15:25 +0200] "GET /hu/cruiser-short-board/1717-stella-beer-runner-monk-cruiser.html HTTP/1.1" 301 379 "-" "Mozilla/5.0 (Linux; Android 6.0.1; Nexus 5X Build/MMB29P) AppleWebKit/537.36 (KHTML, like Gecko) Chrome/80.0.3987.92 Mobile Safari/537.36 (compatible; Googlebot/2.1; +http://www.google.com/bot.html)"
66.249.66.132 - - [14/Sep/2020:09:15:26 +0200] "GET /hu/cruiser-short-board/1717-stella-beer-runner-monk-cruiser.html HTTP/1.1" 301 379 "-" "Mozilla/5.0 (Linux; Android 6.0.1; Nexus 5X Build/MMB29P) AppleWebKit/537.36 (KHTML, like Gecko) Chrome/80.0.3987.92 Mobile Safari/537.36 (compatible; Googlebot/2.1; +http://www.google.com/bot.html)"
95.138.198.217 - - [14/Sep/2020:09:16:22 +0200] "GET /hu/search?controller=search&orderby=position&orderway=desc&category_filter=14&search_query=Longboard+Ker%C3%A9k&submit_search= HTTP/1.1" 301 465 "https://www.google.hu/" "Mozilla/5.0 (Linux; Android 10; SAMSUNG SM-A605FN) AppleWebKit/537.36 (KHTML, like Gecko) SamsungBrowser/12.1 Chrome/79.0.3945.136 Mobile Safari/537.36"
66.249.66.132 - - [14/Sep/2020:09:18:35 +0200] "GET /hu/fuggok/133-mindless-rk-longboard-felfuggesztes-fekete.html HTTP/1.1" 301 376 "-" "Mozilla/5.0 (Linux; Android 6.0.1; Nexus 5X Build/MMB29P) AppleWebKit/537.36 (KHTML, like Gecko) Chrome/80.0.3987.92 Mobile Safari/537.36 (compatible; Googlebot/2.1; +http://www.google.com/bot.html)"
52.155.169.38 - - [14/Sep/2020:09:21:19 +0200] "GET /3215-thickbox_default/rio-roller-script-gyerek-quad-gorkorcsolya-rozsaszin.jpg HTTP/1.1" 301 393 "-" "Mozilla/5.0 (Windows NT 6.1; WOW64) AppleWebKit/534+ (KHTML, like Gecko) BingPreview/1.0b"
20.44.74.172 - - [14/Sep/2020:09:21:20 +0200] "GET /3215-thickbox_default/rio-roller-script-gyerek-quad-gorkorcsolya-rozsaszin.jpg HTTP/1.1" 301 393 "-" "Mozilla/5.0 (Windows NT 6.1; WOW64) AppleWebKit/534+ (KHTML, like Gecko) BingPreview/1.0b"
164.132.222.65 - - [14/Sep/2020:09:25:31 +0200] "GET / HTTP/1.1" 301 315 "-" "Mozilla/5.0 (Macintosh; Intel Mac OS X 10.10; rv:44.0) Gecko/20100101 Firefox/44.0"
207.46.13.165 - - [14/Sep/2020:09:29:33 +0200] "GET /430-home_default/mgp-honcho-series-gordeszka-the-end.jpg HTTP/1.1" 301 371 "-" "Mozilla/5.0 (compatible; bingbot/2.0; +http://www.bing.com/bingbot.htm)"
157.55.39.76 - - [14/Sep/2020:09:31:05 +0200] "GET /hu/kerekek/155-enuff-refresher-52mm-gordeszka-kerekek-narancssarga.html HTTP/1.1" 301 386 "-" "Mozilla/5.0 (compatible; bingbot/2.0; +http://www.bing.com/bingbot.htm)"
66.249.66.132 - - [14/Sep/2020:09:31:41 +0200] "GET /hu/gordeszkak/1107-enuff-pyro-fade-gordeszka-kek.html HTTP/1.1" 301 368 "-" "Mozilla/5.0 (Linux; Android 6.0.1; Nexus 5X Build/MMB29P) AppleWebKit/537.36 (KHTML, like Gecko) Chrome/80.0.3987.92 Mobile Safari/537.36 (compatible; Googlebot/2.1; +http://www.google.com/bot.html)"
207.46.13.165 - - [14/Sep/2020:09:34:52 +0200] "GET /en/accessories/1059-waveboard-caster-set.html HTTP/1.1" 301 360 "-" "Mozilla/5.0 (compatible; bingbot/2.0; +http://www.bing.com/bingbot.htm)"
157.55.39.58 - - [14/Sep/2020:09:33:48 +0200] "GET /2917-large_default/sfr-vision-ii-kids-quad-skate-blue.jpg HTTP/1.1" 301 372 "-" "Mozilla/5.0 (compatible; bingbot/2.0; +http://www.bing.com/bingbot.htm)"
207.46.13.165 - - [14/Sep/2020:09:34:17 +0200] "GET /en/grip-tapes/1080-enuff-griptape-logo-white.html HTTP/1.1" 301 364 "-" "Mozilla/5.0 (compatible; bingbot/2.0; +http://www.bing.com/bingbot.htm)"
66.249.66.132 - - [14/Sep/2020:09:36:03 +0200] "GET /hu/cruiser-short-board/985-street-surfing-cruiser-comics.html HTTP/1.1" 301 376 "-" "Mozilla/5.0 (Linux; Android 6.0.1; Nexus 5X Build/MMB29P) AppleWebKit/537.36 (KHTML, like Gecko) Chrome/80.0.3987.92 Mobile Safari/537.36 (compatible; Googlebot/2.1; +http://www.google.com/bot.html)"
