216.244.66.194 - - [06/Sep/2020:06:54:00 +0200] "GET /en/cart?add=1&id_product=894&token=dd1548e4374f499b814aa1cfc96bc198 HTTP/1.1" 301 - "-" "Mozilla/5.0 (compatible; DotBot/1.1; http://www.opensiteexplorer.org/dotbot, help@moz.com)"
216.244.66.194 - - [06/Sep/2020:06:53:20 +0200] "GET /en/cruiser-short-board/1300-mindless-stained-daily-cruiser-lila-zold.html HTTP/1.1" 301 - "-" "Mozilla/5.0 (compatible; DotBot/1.1; http://www.opensiteexplorer.org/dotbot, help@moz.com)"
216.244.66.194 - - [06/Sep/2020:06:53:31 +0200] "GET /en/best-sales?p=4 HTTP/1.1" 301 - "-" "Mozilla/5.0 (compatible; DotBot/1.1; http://www.opensiteexplorer.org/dotbot, help@moz.com)"
89.132.225.94 - - [06/Sep/2020:06:55:29 +0200] "POST /admin16011/ajax.php?rand=1599368127071 HTTP/1.1" 200 1435 "http://www.deszkak.hu/admin16011/index.php?controller=AdminOrders&token=c1978206ebd196d9f154bec0d83018cf" "Mozilla/5.0 (Windows NT 6.1; Win64; x64) AppleWebKit/537.36 (KHTML, like Gecko) Chrome/85.0.4183.83 Safari/537.36"
89.132.225.94 - - [06/Sep/2020:06:55:18 +0200] "POST /admin16011/ajax.php?rand=1599368116067 HTTP/1.1" 200 2834 "http://www.deszkak.hu/admin16011/index.php?controller=AdminOrders&token=0209ffce19e7478d67c5c840bf0a38da" "Mozilla/5.0 (Windows NT 6.1; Win64; x64) AppleWebKit/537.36 (KHTML, like Gecko) Chrome/85.0.4183.83 Safari/537.36"
89.132.225.94 - - [06/Sep/2020:06:57:19 +0200] "POST /admin16011/ajax.php?rand=1599368237067 HTTP/1.1" 200 2834 "http://www.deszkak.hu/admin16011/index.php?controller=AdminOrders&token=0209ffce19e7478d67c5c840bf0a38da" "Mozilla/5.0 (Windows NT 6.1; Win64; x64) AppleWebKit/537.36 (KHTML, like Gecko) Chrome/85.0.4183.83 Safari/537.36"
89.132.225.94 - - [06/Sep/2020:06:57:30 +0200] "POST /admin16011/ajax.php?rand=1599368248073 HTTP/1.1" 200 1435 "http://www.deszkak.hu/admin16011/index.php?controller=AdminOrders&token=c1978206ebd196d9f154bec0d83018cf" "Mozilla/5.0 (Windows NT 6.1; Win64; x64) AppleWebKit/537.36 (KHTML, like Gecko) Chrome/85.0.4183.83 Safari/537.36"
89.132.225.94 - - [06/Sep/2020:06:59:20 +0200] "POST /admin16011/ajax.php?rand=1599368358081 HTTP/1.1" 200 2834 "http://www.deszkak.hu/admin16011/index.php?controller=AdminOrders&token=0209ffce19e7478d67c5c840bf0a38da" "Mozilla/5.0 (Windows NT 6.1; Win64; x64) AppleWebKit/537.36 (KHTML, like Gecko) Chrome/85.0.4183.83 Safari/537.36"
89.132.225.94 - - [06/Sep/2020:06:59:31 +0200] "POST /admin16011/ajax.php?rand=1599368369076 HTTP/1.1" 200 1435 "http://www.deszkak.hu/admin16011/index.php?controller=AdminOrders&token=c1978206ebd196d9f154bec0d83018cf" "Mozilla/5.0 (Windows NT 6.1; Win64; x64) AppleWebKit/537.36 (KHTML, like Gecko) Chrome/85.0.4183.83 Safari/537.36"
89.132.225.94 - - [06/Sep/2020:07:01:21 +0200] "POST /admin16011/ajax.php?rand=1599368479068 HTTP/1.1" 200 2834 "http://www.deszkak.hu/admin16011/index.php?controller=AdminOrders&token=0209ffce19e7478d67c5c840bf0a38da" "Mozilla/5.0 (Windows NT 6.1; Win64; x64) AppleWebKit/537.36 (KHTML, like Gecko) Chrome/85.0.4183.83 Safari/537.36"
89.132.225.94 - - [06/Sep/2020:07:01:32 +0200] "POST /admin16011/ajax.php?rand=1599368490074 HTTP/1.1" 200 1435 "http://www.deszkak.hu/admin16011/index.php?controller=AdminOrders&token=c1978206ebd196d9f154bec0d83018cf" "Mozilla/5.0 (Windows NT 6.1; Win64; x64) AppleWebKit/537.36 (KHTML, like Gecko) Chrome/85.0.4183.83 Safari/537.36"
89.132.225.94 - - [06/Sep/2020:07:03:33 +0200] "POST /admin16011/ajax.php?rand=1599368611075 HTTP/1.1" 200 1435 "http://www.deszkak.hu/admin16011/index.php?controller=AdminOrders&token=c1978206ebd196d9f154bec0d83018cf" "Mozilla/5.0 (Windows NT 6.1; Win64; x64) AppleWebKit/537.36 (KHTML, like Gecko) Chrome/85.0.4183.83 Safari/537.36"
89.132.225.94 - - [06/Sep/2020:07:03:22 +0200] "POST /admin16011/ajax.php?rand=1599368600072 HTTP/1.1" 200 2834 "http://www.deszkak.hu/admin16011/index.php?controller=AdminOrders&token=0209ffce19e7478d67c5c840bf0a38da" "Mozilla/5.0 (Windows NT 6.1; Win64; x64) AppleWebKit/537.36 (KHTML, like Gecko) Chrome/85.0.4183.83 Safari/537.36"
89.132.225.94 - - [06/Sep/2020:07:05:23 +0200] "POST /admin16011/ajax.php?rand=1599368721070 HTTP/1.1" 200 2834 "http://www.deszkak.hu/admin16011/index.php?controller=AdminOrders&token=0209ffce19e7478d67c5c840bf0a38da" "Mozilla/5.0 (Windows NT 6.1; Win64; x64) AppleWebKit/537.36 (KHTML, like Gecko) Chrome/85.0.4183.83 Safari/537.36"
89.132.225.94 - - [06/Sep/2020:07:05:34 +0200] "POST /admin16011/ajax.php?rand=1599368732073 HTTP/1.1" 200 1435 "http://www.deszkak.hu/admin16011/index.php?controller=AdminOrders&token=c1978206ebd196d9f154bec0d83018cf" "Mozilla/5.0 (Windows NT 6.1; Win64; x64) AppleWebKit/537.36 (KHTML, like Gecko) Chrome/85.0.4183.83 Safari/537.36"
89.132.225.94 - - [06/Sep/2020:07:07:35 +0200] "POST /admin16011/ajax.php?rand=1599368853069 HTTP/1.1" 200 1435 "http://www.deszkak.hu/admin16011/index.php?controller=AdminOrders&token=c1978206ebd196d9f154bec0d83018cf" "Mozilla/5.0 (Windows NT 6.1; Win64; x64) AppleWebKit/537.36 (KHTML, like Gecko) Chrome/85.0.4183.83 Safari/537.36"
89.132.225.94 - - [06/Sep/2020:07:07:24 +0200] "POST /admin16011/ajax.php?rand=1599368842073 HTTP/1.1" 200 2834 "http://www.deszkak.hu/admin16011/index.php?controller=AdminOrders&token=0209ffce19e7478d67c5c840bf0a38da" "Mozilla/5.0 (Windows NT 6.1; Win64; x64) AppleWebKit/537.36 (KHTML, like Gecko) Chrome/85.0.4183.83 Safari/537.36"
89.132.225.94 - - [06/Sep/2020:07:09:25 +0200] "POST /admin16011/ajax.php?rand=1599368963071 HTTP/1.1" 200 2834 "http://www.deszkak.hu/admin16011/index.php?controller=AdminOrders&token=0209ffce19e7478d67c5c840bf0a38da" "Mozilla/5.0 (Windows NT 6.1; Win64; x64) AppleWebKit/537.36 (KHTML, like Gecko) Chrome/85.0.4183.83 Safari/537.36"
89.132.225.94 - - [06/Sep/2020:07:09:36 +0200] "POST /admin16011/ajax.php?rand=1599368974080 HTTP/1.1" 200 1435 "http://www.deszkak.hu/admin16011/index.php?controller=AdminOrders&token=c1978206ebd196d9f154bec0d83018cf" "Mozilla/5.0 (Windows NT 6.1; Win64; x64) AppleWebKit/537.36 (KHTML, like Gecko) Chrome/85.0.4183.83 Safari/537.36"
89.132.225.94 - - [06/Sep/2020:07:11:26 +0200] "POST /admin16011/ajax.php?rand=1599369084074 HTTP/1.1" 200 2834 "http://www.deszkak.hu/admin16011/index.php?controller=AdminOrders&token=0209ffce19e7478d67c5c840bf0a38da" "Mozilla/5.0 (Windows NT 6.1; Win64; x64) AppleWebKit/537.36 (KHTML, like Gecko) Chrome/85.0.4183.83 Safari/537.36"
89.132.225.94 - - [06/Sep/2020:07:11:37 +0200] "POST /admin16011/ajax.php?rand=1599369095078 HTTP/1.1" 200 1435 "http://www.deszkak.hu/admin16011/index.php?controller=AdminOrders&token=c1978206ebd196d9f154bec0d83018cf" "Mozilla/5.0 (Windows NT 6.1; Win64; x64) AppleWebKit/537.36 (KHTML, like Gecko) Chrome/85.0.4183.83 Safari/537.36"
207.46.13.246 - - [06/Sep/2020:07:10:30 +0200] "GET /robots.txt HTTP/1.1" 200 2464 "-" "Mozilla/5.0 (compatible; bingbot/2.0; +http://www.bing.com/bingbot.htm)"
89.132.225.94 - - [06/Sep/2020:07:13:38 +0200] "POST /admin16011/ajax.php?rand=1599369216076 HTTP/1.1" 200 1435 "http://www.deszkak.hu/admin16011/index.php?controller=AdminOrders&token=c1978206ebd196d9f154bec0d83018cf" "Mozilla/5.0 (Windows NT 6.1; Win64; x64) AppleWebKit/537.36 (KHTML, like Gecko) Chrome/85.0.4183.83 Safari/537.36"
89.132.225.94 - - [06/Sep/2020:07:13:27 +0200] "POST /admin16011/ajax.php?rand=1599369205078 HTTP/1.1" 200 2834 "http://www.deszkak.hu/admin16011/index.php?controller=AdminOrders&token=0209ffce19e7478d67c5c840bf0a38da" "Mozilla/5.0 (Windows NT 6.1; Win64; x64) AppleWebKit/537.36 (KHTML, like Gecko) Chrome/85.0.4183.83 Safari/537.36"
89.132.225.94 - - [06/Sep/2020:07:15:28 +0200] "POST /admin16011/ajax.php?rand=1599369326074 HTTP/1.1" 200 2834 "http://www.deszkak.hu/admin16011/index.php?controller=AdminOrders&token=0209ffce19e7478d67c5c840bf0a38da" "Mozilla/5.0 (Windows NT 6.1; Win64; x64) AppleWebKit/537.36 (KHTML, like Gecko) Chrome/85.0.4183.83 Safari/537.36"
89.132.225.94 - - [06/Sep/2020:07:17:29 +0200] "POST /admin16011/ajax.php?rand=1599369447078 HTTP/1.1" 200 2834 "http://www.deszkak.hu/admin16011/index.php?controller=AdminOrders&token=0209ffce19e7478d67c5c840bf0a38da" "Mozilla/5.0 (Windows NT 6.1; Win64; x64) AppleWebKit/537.36 (KHTML, like Gecko) Chrome/85.0.4183.83 Safari/537.36"
89.132.225.94 - - [06/Sep/2020:07:17:40 +0200] "POST /admin16011/ajax.php?rand=1599369458072 HTTP/1.1" 200 1435 "http://www.deszkak.hu/admin16011/index.php?controller=AdminOrders&token=c1978206ebd196d9f154bec0d83018cf" "Mozilla/5.0 (Windows NT 6.1; Win64; x64) AppleWebKit/537.36 (KHTML, like Gecko) Chrome/85.0.4183.83 Safari/537.36"
89.132.225.94 - - [06/Sep/2020:07:15:39 +0200] "POST /admin16011/ajax.php?rand=1599369337077 HTTP/1.1" 200 1435 "http://www.deszkak.hu/admin16011/index.php?controller=AdminOrders&token=c1978206ebd196d9f154bec0d83018cf" "Mozilla/5.0 (Windows NT 6.1; Win64; x64) AppleWebKit/537.36 (KHTML, like Gecko) Chrome/85.0.4183.83 Safari/537.36"
66.249.66.130 - - [06/Sep/2020:07:19:11 +0200] "GET /en/search?controller=search&orderby=position&orderway=desc&category_filter=0&search_query=stella&submit_search= HTTP/1.1" 301 - "-" "Mozilla/5.0 (Linux; Android 6.0.1; Nexus 5X Build/MMB29P) AppleWebKit/537.36 (KHTML, like Gecko) Chrome/85.0.4183.97 Mobile Safari/537.36 (compatible; Googlebot/2.1; +http://www.google.com/bot.html)"
89.132.225.94 - - [06/Sep/2020:07:19:30 +0200] "POST /admin16011/ajax.php?rand=1599369568074 HTTP/1.1" 200 2834 "http://www.deszkak.hu/admin16011/index.php?controller=AdminOrders&token=0209ffce19e7478d67c5c840bf0a38da" "Mozilla/5.0 (Windows NT 6.1; Win64; x64) AppleWebKit/537.36 (KHTML, like Gecko) Chrome/85.0.4183.83 Safari/537.36"
164.132.222.66 - - [06/Sep/2020:07:19:36 +0200] "GET /img/deszk\xc3\xa1khu-logo-1431408344.jpg HTTP/1.1" 200 14303 "-" "Mozilla/5.0 (X11; Linux i586; rv:31.0) Gecko/20100101 Firefox/31.0"
89.132.225.94 - - [06/Sep/2020:07:19:41 +0200] "POST /admin16011/ajax.php?rand=1599369579079 HTTP/1.1" 200 1435 "http://www.deszkak.hu/admin16011/index.php?controller=AdminOrders&token=c1978206ebd196d9f154bec0d83018cf" "Mozilla/5.0 (Windows NT 6.1; Win64; x64) AppleWebKit/537.36 (KHTML, like Gecko) Chrome/85.0.4183.83 Safari/537.36"
176.63.0.188 - - [06/Sep/2020:07:20:40 +0200] "GET / HTTP/1.1" 301 - "-" "Mozilla/5.0 (iPhone; CPU OS 13_6_1 like Mac OS X) AppleWebKit/605.1.15 (KHTML, like Gecko) FxiOS/28.1  Mobile/15E148 Safari/605.1.15"
89.132.225.94 - - [06/Sep/2020:07:21:31 +0200] "POST /admin16011/ajax.php?rand=1599369689075 HTTP/1.1" 200 2834 "http://www.deszkak.hu/admin16011/index.php?controller=AdminOrders&token=0209ffce19e7478d67c5c840bf0a38da" "Mozilla/5.0 (Windows NT 6.1; Win64; x64) AppleWebKit/537.36 (KHTML, like Gecko) Chrome/85.0.4183.83 Safari/537.36"
176.63.0.188 - - [06/Sep/2020:07:22:13 +0200] "GET / HTTP/1.1" 301 - "-" "Mozilla/5.0 (iPhone; CPU OS 13_6_1 like Mac OS X) AppleWebKit/605.1.15 (KHTML, like Gecko) FxiOS/28.1  Mobile/15E148 Safari/605.1.15"
176.63.0.188 - - [06/Sep/2020:07:22:15 +0200] "GET / HTTP/1.1" 301 - "-" "Mozilla/5.0 (iPhone; CPU OS 13_6_1 like Mac OS X) AppleWebKit/605.1.15 (KHTML, like Gecko) FxiOS/28.1  Mobile/15E148 Safari/605.1.15"
176.63.0.188 - - [06/Sep/2020:07:22:10 +0200] "GET / HTTP/1.1" 301 - "-" "Mozilla/5.0 (iPhone; CPU OS 13_6_1 like Mac OS X) AppleWebKit/605.1.15 (KHTML, like Gecko) FxiOS/28.1  Mobile/15E148 Safari/605.1.15"
164.132.222.79 - - [06/Sep/2020:07:19:35 +0200] "GET / HTTP/1.1" 301 - "-" "Mozilla/5.0 (Macintosh; Intel Mac OS X 10_9_3) AppleWebKit/537.75.14 (KHTML, like Gecko) Version/7.0.3 Safari/7046A194A"
89.132.225.94 - - [06/Sep/2020:07:21:42 +0200] "POST /admin16011/ajax.php?rand=1599369700078 HTTP/1.1" 200 1435 "http://www.deszkak.hu/admin16011/index.php?controller=AdminOrders&token=c1978206ebd196d9f154bec0d83018cf" "Mozilla/5.0 (Windows NT 6.1; Win64; x64) AppleWebKit/537.36 (KHTML, like Gecko) Chrome/85.0.4183.83 Safari/537.36"
176.63.0.188 - - [06/Sep/2020:07:22:10 +0200] "GET / HTTP/1.1" 301 - "-" "Mozilla/5.0 (iPhone; CPU OS 13_6_1 like Mac OS X) AppleWebKit/605.1.15 (KHTML, like Gecko) FxiOS/28.1  Mobile/15E148 Safari/605.1.15"
176.63.0.188 - - [06/Sep/2020:07:22:19 +0200] "GET / HTTP/1.1" 301 - "-" "Mozilla/5.0 (iPhone; CPU OS 13_6_1 like Mac OS X) AppleWebKit/605.1.15 (KHTML, like Gecko) FxiOS/28.1  Mobile/15E148 Safari/605.1.15"
89.132.225.94 - - [06/Sep/2020:07:23:32 +0200] "POST /admin16011/ajax.php?rand=1599369810077 HTTP/1.1" 200 2834 "http://www.deszkak.hu/admin16011/index.php?controller=AdminOrders&token=0209ffce19e7478d67c5c840bf0a38da" "Mozilla/5.0 (Windows NT 6.1; Win64; x64) AppleWebKit/537.36 (KHTML, like Gecko) Chrome/85.0.4183.83 Safari/537.36"
89.132.225.94 - - [06/Sep/2020:07:23:43 +0200] "POST /admin16011/ajax.php?rand=1599369821081 HTTP/1.1" 200 1435 "http://www.deszkak.hu/admin16011/index.php?controller=AdminOrders&token=c1978206ebd196d9f154bec0d83018cf" "Mozilla/5.0 (Windows NT 6.1; Win64; x64) AppleWebKit/537.36 (KHTML, like Gecko) Chrome/85.0.4183.83 Safari/537.36"
89.132.225.94 - - [06/Sep/2020:07:25:44 +0200] "POST /admin16011/ajax.php?rand=1599369942081 HTTP/1.1" 200 1435 "http://www.deszkak.hu/admin16011/index.php?controller=AdminOrders&token=c1978206ebd196d9f154bec0d83018cf" "Mozilla/5.0 (Windows NT 6.1; Win64; x64) AppleWebKit/537.36 (KHTML, like Gecko) Chrome/85.0.4183.83 Safari/537.36"
89.132.225.94 - - [06/Sep/2020:07:25:33 +0200] "POST /admin16011/ajax.php?rand=1599369931088 HTTP/1.1" 200 2834 "http://www.deszkak.hu/admin16011/index.php?controller=AdminOrders&token=0209ffce19e7478d67c5c840bf0a38da" "Mozilla/5.0 (Windows NT 6.1; Win64; x64) AppleWebKit/537.36 (KHTML, like Gecko) Chrome/85.0.4183.83 Safari/537.36"
89.132.225.94 - - [06/Sep/2020:07:27:34 +0200] "POST /admin16011/ajax.php?rand=1599370052079 HTTP/1.1" 200 2834 "http://www.deszkak.hu/admin16011/index.php?controller=AdminOrders&token=0209ffce19e7478d67c5c840bf0a38da" "Mozilla/5.0 (Windows NT 6.1; Win64; x64) AppleWebKit/537.36 (KHTML, like Gecko) Chrome/85.0.4183.83 Safari/537.36"
89.132.225.94 - - [06/Sep/2020:07:27:45 +0200] "POST /admin16011/ajax.php?rand=1599370063083 HTTP/1.1" 200 1435 "http://www.deszkak.hu/admin16011/index.php?controller=AdminOrders&token=c1978206ebd196d9f154bec0d83018cf" "Mozilla/5.0 (Windows NT 6.1; Win64; x64) AppleWebKit/537.36 (KHTML, like Gecko) Chrome/85.0.4183.83 Safari/537.36"
89.132.225.94 - - [06/Sep/2020:07:29:46 +0200] "POST /admin16011/ajax.php?rand=1599370184080 HTTP/1.1" 200 1435 "http://www.deszkak.hu/admin16011/index.php?controller=AdminOrders&token=c1978206ebd196d9f154bec0d83018cf" "Mozilla/5.0 (Windows NT 6.1; Win64; x64) AppleWebKit/537.36 (KHTML, like Gecko) Chrome/85.0.4183.83 Safari/537.36"
89.132.225.94 - - [06/Sep/2020:07:29:35 +0200] "POST /admin16011/ajax.php?rand=1599370173081 HTTP/1.1" 200 2834 "http://www.deszkak.hu/admin16011/index.php?controller=AdminOrders&token=0209ffce19e7478d67c5c840bf0a38da" "Mozilla/5.0 (Windows NT 6.1; Win64; x64) AppleWebKit/537.36 (KHTML, like Gecko) Chrome/85.0.4183.83 Safari/537.36"
89.132.225.94 - - [06/Sep/2020:07:31:36 +0200] "POST /admin16011/ajax.php?rand=1599370294077 HTTP/1.1" 200 2834 "http://www.deszkak.hu/admin16011/index.php?controller=AdminOrders&token=0209ffce19e7478d67c5c840bf0a38da" "Mozilla/5.0 (Windows NT 6.1; Win64; x64) AppleWebKit/537.36 (KHTML, like Gecko) Chrome/85.0.4183.83 Safari/537.36"
89.132.225.94 - - [06/Sep/2020:07:31:47 +0200] "POST /admin16011/ajax.php?rand=1599370305080 HTTP/1.1" 200 1435 "http://www.deszkak.hu/admin16011/index.php?controller=AdminOrders&token=c1978206ebd196d9f154bec0d83018cf" "Mozilla/5.0 (Windows NT 6.1; Win64; x64) AppleWebKit/537.36 (KHTML, like Gecko) Chrome/85.0.4183.83 Safari/537.36"
54.36.149.7 - - [06/Sep/2020:07:32:16 +0200] "GET /en/lapok/1171-enuff-classic-825-lap-fekete.html HTTP/1.1" 301 - "-" "Mozilla/5.0 (compatible; AhrefsBot/6.1; +http://ahrefs.com/robot/)"
17.58.99.114 - - [06/Sep/2020:07:34:24 +0200] "GET /robots.txt HTTP/1.1" 200 2464 "-" "Mozilla/5.0 (Macintosh; Intel Mac OS X 10_15_5) AppleWebKit/605.1.15 (KHTML, like Gecko) Version/13.1.1 Safari/605.1.15 (Applebot/0.1; +http://www.apple.com/go/applebot)"
89.132.225.94 - - [06/Sep/2020:07:33:48 +0200] "POST /admin16011/ajax.php?rand=1599370426085 HTTP/1.1" 200 1435 "http://www.deszkak.hu/admin16011/index.php?controller=AdminOrders&token=c1978206ebd196d9f154bec0d83018cf" "Mozilla/5.0 (Windows NT 6.1; Win64; x64) AppleWebKit/537.36 (KHTML, like Gecko) Chrome/85.0.4183.83 Safari/537.36"
89.132.225.94 - - [06/Sep/2020:07:33:37 +0200] "POST /admin16011/ajax.php?rand=1599370415077 HTTP/1.1" 200 2834 "http://www.deszkak.hu/admin16011/index.php?controller=AdminOrders&token=0209ffce19e7478d67c5c840bf0a38da" "Mozilla/5.0 (Windows NT 6.1; Win64; x64) AppleWebKit/537.36 (KHTML, like Gecko) Chrome/85.0.4183.83 Safari/537.36"
17.58.96.34 - - [06/Sep/2020:07:34:24 +0200] "GET /en/20-decks HTTP/1.1" 301 - "-" "Mozilla/5.0 (Macintosh; Intel Mac OS X 10_15_5) AppleWebKit/605.1.15 (KHTML, like Gecko) Version/13.1.1 Safari/605.1.15 (Applebot/0.1; +http://www.apple.com/go/applebot)"
89.132.225.94 - - [06/Sep/2020:07:35:38 +0200] "POST /admin16011/ajax.php?rand=1599370536081 HTTP/1.1" 200 2834 "http://www.deszkak.hu/admin16011/index.php?controller=AdminOrders&token=0209ffce19e7478d67c5c840bf0a38da" "Mozilla/5.0 (Windows NT 6.1; Win64; x64) AppleWebKit/537.36 (KHTML, like Gecko) Chrome/85.0.4183.83 Safari/537.36"
89.132.225.94 - - [06/Sep/2020:07:35:49 +0200] "POST /admin16011/ajax.php?rand=1599370547094 HTTP/1.1" 200 1435 "http://www.deszkak.hu/admin16011/index.php?controller=AdminOrders&token=c1978206ebd196d9f154bec0d83018cf" "Mozilla/5.0 (Windows NT 6.1; Win64; x64) AppleWebKit/537.36 (KHTML, like Gecko) Chrome/85.0.4183.83 Safari/537.36"
66.249.66.130 - - [06/Sep/2020:07:38:27 +0200] "GET /hu/longboard/856-street-surfing-longboard-36-spartans.html HTTP/1.1" 301 - "-" "Mozilla/5.0 (compatible; Googlebot/2.1; +http://www.google.com/bot.html)"
206.41.178.111 - - [06/Sep/2020:07:38:26 +0200] "GET / HTTP/1.0" 301 - "http://deszkak.hu" "Mozilla/5.0 (Macintosh; Intel Mac OS X 10_11_3) AppleWebKit/537.36 (KHTML, like Gecko) Chrome/67.0.3396.62 Safari/537.36"
89.132.225.94 - - [06/Sep/2020:07:37:39 +0200] "POST /admin16011/ajax.php?rand=1599370657083 HTTP/1.1" 200 2834 "http://www.deszkak.hu/admin16011/index.php?controller=AdminOrders&token=0209ffce19e7478d67c5c840bf0a38da" "Mozilla/5.0 (Windows NT 6.1; Win64; x64) AppleWebKit/537.36 (KHTML, like Gecko) Chrome/85.0.4183.83 Safari/537.36"
66.249.66.130 - - [06/Sep/2020:07:38:55 +0200] "GET /hu/cruiser-short-board/672-d-street-3rd-gen-polyprop-cruiser-kek-piros.html HTTP/1.1" 301 - "-" "Mozilla/5.0 (Linux; Android 6.0.1; Nexus 5X Build/MMB29P) AppleWebKit/537.36 (KHTML, like Gecko) Chrome/80.0.3987.92 Mobile Safari/537.36 (compatible; Googlebot/2.1; +http://www.google.com/bot.html)"
66.249.66.130 - - [06/Sep/2020:07:39:35 +0200] "GET /hu/alkatreszek/1419-rio-roller-korcsolyafek-piros.html HTTP/1.1" 301 - "-" "Mozilla/5.0 (Linux; Android 6.0.1; Nexus 5X Build/MMB29P) AppleWebKit/537.36 (KHTML, like Gecko) Chrome/80.0.3987.92 Mobile Safari/537.36 (compatible; Googlebot/2.1; +http://www.google.com/bot.html)"
134.255.85.218 - - [06/Sep/2020:07:40:11 +0200] "GET /index.php?id_cms=6&controller=cms HTTP/1.1" 301 - "-" "Mozilla/5.0 (Macintosh; Intel Mac OS X 10_15_4) AppleWebKit/537.36 (KHTML, like Gecko) Chrome/85.0.4183.83 Safari/537.36"
66.249.66.130 - - [06/Sep/2020:07:38:59 +0200] "GET /hu/cruiser-short-board/672-d-street-3rd-gen-polyprop-cruiser-kek-piros.html HTTP/1.1" 301 - "-" "Mozilla/5.0 (Linux; Android 6.0.1; Nexus 5X Build/MMB29P) AppleWebKit/537.36 (KHTML, like Gecko) Chrome/80.0.3987.92 Mobile Safari/537.36 (compatible; Googlebot/2.1; +http://www.google.com/bot.html)"
89.132.225.94 - - [06/Sep/2020:07:37:50 +0200] "POST /admin16011/ajax.php?rand=1599370668082 HTTP/1.1" 200 1435 "http://www.deszkak.hu/admin16011/index.php?controller=AdminOrders&token=c1978206ebd196d9f154bec0d83018cf" "Mozilla/5.0 (Windows NT 6.1; Win64; x64) AppleWebKit/537.36 (KHTML, like Gecko) Chrome/85.0.4183.83 Safari/537.36"
89.132.225.94 - - [06/Sep/2020:07:39:40 +0200] "POST /admin16011/ajax.php?rand=1599370778085 HTTP/1.1" 200 2834 "http://www.deszkak.hu/admin16011/index.php?controller=AdminOrders&token=0209ffce19e7478d67c5c840bf0a38da" "Mozilla/5.0 (Windows NT 6.1; Win64; x64) AppleWebKit/537.36 (KHTML, like Gecko) Chrome/85.0.4183.83 Safari/537.36"
89.132.225.94 - - [06/Sep/2020:07:39:51 +0200] "POST /admin16011/ajax.php?rand=1599370789081 HTTP/1.1" 200 1435 "http://www.deszkak.hu/admin16011/index.php?controller=AdminOrders&token=c1978206ebd196d9f154bec0d83018cf" "Mozilla/5.0 (Windows NT 6.1; Win64; x64) AppleWebKit/537.36 (KHTML, like Gecko) Chrome/85.0.4183.83 Safari/537.36"
89.132.225.94 - - [06/Sep/2020:07:41:41 +0200] "POST /admin16011/ajax.php?rand=1599370899082 HTTP/1.1" 200 2834 "http://www.deszkak.hu/admin16011/index.php?controller=AdminOrders&token=0209ffce19e7478d67c5c840bf0a38da" "Mozilla/5.0 (Windows NT 6.1; Win64; x64) AppleWebKit/537.36 (KHTML, like Gecko) Chrome/85.0.4183.83 Safari/537.36"
207.46.13.126 - - [06/Sep/2020:07:39:17 +0200] "GET /2869-cart_default/enuff-also-gordeszka-narancs.jpg HTTP/1.1" 200 3845 "-" "Mozilla/5.0 (compatible; bingbot/2.0; +http://www.bing.com/bingbot.htm)"
89.132.225.94 - - [06/Sep/2020:07:41:52 +0200] "POST /admin16011/ajax.php?rand=1599370910083 HTTP/1.1" 200 1435 "http://www.deszkak.hu/admin16011/index.php?controller=AdminOrders&token=c1978206ebd196d9f154bec0d83018cf" "Mozilla/5.0 (Windows NT 6.1; Win64; x64) AppleWebKit/537.36 (KHTML, like Gecko) Chrome/85.0.4183.83 Safari/537.36"
94.44.110.185 - - [06/Sep/2020:07:43:09 +0200] "GET / HTTP/1.1" 301 - "https://www.google.hu/" "Mozilla/5.0 (iPhone; CPU iPhone OS 13_5_1 like Mac OS X) AppleWebKit/605.1.15 (KHTML, like Gecko) Version/13.1.1 Mobile/15E148 Safari/604.1"
89.132.225.94 - - [06/Sep/2020:07:43:53 +0200] "POST /admin16011/ajax.php?rand=1599371031085 HTTP/1.1" 200 1435 "http://www.deszkak.hu/admin16011/index.php?controller=AdminOrders&token=c1978206ebd196d9f154bec0d83018cf" "Mozilla/5.0 (Windows NT 6.1; Win64; x64) AppleWebKit/537.36 (KHTML, like Gecko) Chrome/85.0.4183.83 Safari/537.36"
89.132.225.94 - - [06/Sep/2020:07:43:42 +0200] "POST /admin16011/ajax.php?rand=1599371020081 HTTP/1.1" 200 2834 "http://www.deszkak.hu/admin16011/index.php?controller=AdminOrders&token=0209ffce19e7478d67c5c840bf0a38da" "Mozilla/5.0 (Windows NT 6.1; Win64; x64) AppleWebKit/537.36 (KHTML, like Gecko) Chrome/85.0.4183.83 Safari/537.36"
216.244.66.194 - - [06/Sep/2020:07:45:12 +0200] "GET /en/19-cruisers HTTP/1.1" 301 - "-" "Mozilla/5.0 (compatible; DotBot/1.1; http://www.opensiteexplorer.org/dotbot, help@moz.com)"
89.132.225.94 - - [06/Sep/2020:07:45:43 +0200] "POST /admin16011/ajax.php?rand=1599371141080 HTTP/1.1" 200 2834 "http://www.deszkak.hu/admin16011/index.php?controller=AdminOrders&token=0209ffce19e7478d67c5c840bf0a38da" "Mozilla/5.0 (Windows NT 6.1; Win64; x64) AppleWebKit/537.36 (KHTML, like Gecko) Chrome/85.0.4183.83 Safari/537.36"
216.244.66.194 - - [06/Sep/2020:07:45:20 +0200] "GET /en/38-skateboard HTTP/1.1" 301 - "-" "Mozilla/5.0 (compatible; DotBot/1.1; http://www.opensiteexplorer.org/dotbot, help@moz.com)"
216.244.66.194 - - [06/Sep/2020:07:45:44 +0200] "GET /en/skateboard/2412-enuff-nu-53-mm-skateboard-wheels-white.html HTTP/1.1" 301 - "-" "Mozilla/5.0 (compatible; DotBot/1.1; http://www.opensiteexplorer.org/dotbot, help@moz.com)"
216.244.66.194 - - [06/Sep/2020:07:45:51 +0200] "GET /hu/longboard/1058-street-surfing-longboard-owl.html HTTP/1.1" 301 - "-" "Mozilla/5.0 (compatible; DotBot/1.1; http://www.opensiteexplorer.org/dotbot, help@moz.com)"
216.244.66.194 - - [06/Sep/2020:07:45:57 +0200] "GET /en/accessories/2617-rookie-allstas-58mm-wheels-black.html HTTP/1.1" 301 - "-" "Mozilla/5.0 (compatible; DotBot/1.1; http://www.opensiteexplorer.org/dotbot, help@moz.com)"
89.132.225.94 - - [06/Sep/2020:07:45:54 +0200] "POST /admin16011/ajax.php?rand=1599371152092 HTTP/1.1" 200 1435 "http://www.deszkak.hu/admin16011/index.php?controller=AdminOrders&token=c1978206ebd196d9f154bec0d83018cf" "Mozilla/5.0 (Windows NT 6.1; Win64; x64) AppleWebKit/537.36 (KHTML, like Gecko) Chrome/85.0.4183.83 Safari/537.36"
216.244.66.194 - - [06/Sep/2020:07:45:47 +0200] "GET /en/skateboards/1571-area-street-jungle-skateboard.html HTTP/1.1" 301 - "-" "Mozilla/5.0 (compatible; DotBot/1.1; http://www.opensiteexplorer.org/dotbot, help@moz.com)"
216.244.66.194 - - [06/Sep/2020:07:46:14 +0200] "GET /en/home/1003-sushi-button-head-kingpin.html HTTP/1.1" 301 - "-" "Mozilla/5.0 (compatible; DotBot/1.1; http://www.opensiteexplorer.org/dotbot, help@moz.com)"
216.244.66.194 - - [06/Sep/2020:07:46:29 +0200] "GET /hu/cruiser-short-board/1043-d-street-cruiser-live-fast-rozsa.html HTTP/1.1" 301 - "-" "Mozilla/5.0 (compatible; DotBot/1.1; http://www.opensiteexplorer.org/dotbot, help@moz.com)"
216.244.66.194 - - [06/Sep/2020:07:46:30 +0200] "GET /hu/gordeszkak/1643-tony-hawk-180-series-gordeszka-outrun.html HTTP/1.1" 301 - "-" "Mozilla/5.0 (compatible; DotBot/1.1; http://www.opensiteexplorer.org/dotbot, help@moz.com)"
216.244.66.194 - - [06/Sep/2020:07:46:33 +0200] "GET /hu/lapok/1340-sds-class-of-1816-825-lap.html HTTP/1.1" 301 - "-" "Mozilla/5.0 (compatible; DotBot/1.1; http://www.opensiteexplorer.org/dotbot, help@moz.com)"
216.244.66.194 - - [06/Sep/2020:07:46:04 +0200] "GET /en/knee-elbow-ankle-protect/1472-harsh-kids-pack-protector-set.html HTTP/1.1" 301 - "-" "Mozilla/5.0 (compatible; DotBot/1.1; http://www.opensiteexplorer.org/dotbot, help@moz.com)"
216.244.66.194 - - [06/Sep/2020:07:47:05 +0200] "GET /en/bolts-and-nuts/423-steadfast-bolt-set-15-black.html HTTP/1.1" 301 - "-" "Mozilla/5.0 (compatible; DotBot/1.1; http://www.opensiteexplorer.org/dotbot, help@moz.com)"
216.244.66.194 - - [06/Sep/2020:07:47:13 +0200] "GET /hu/gordeszkak/2512-dgk-gordeszka-75-tropic-link.html HTTP/1.1" 301 - "-" "Mozilla/5.0 (compatible; DotBot/1.1; http://www.opensiteexplorer.org/dotbot, help@moz.com)"
66.249.66.130 - - [06/Sep/2020:07:47:02 +0200] "GET /en/helmets/647-rekd-elite-helmet-white-red.html HTTP/1.1" 301 - "-" "Mozilla/5.0 (compatible; Googlebot/2.1; +http://www.google.com/bot.html)"
216.244.66.194 - - [06/Sep/2020:07:47:10 +0200] "GET /hu/bukosisak/269-harsh-hx1-classic-bukosisak-zold.html HTTP/1.1" 301 - "-" "Mozilla/5.0 (compatible; DotBot/1.1; http://www.opensiteexplorer.org/dotbot, help@moz.com)"
216.244.66.194 - - [06/Sep/2020:07:47:08 +0200] "GET /en/skateboards/2624-rocket-pile-up-75-skateboard-wild.html HTTP/1.1" 301 - "-" "Mozilla/5.0 (compatible; DotBot/1.1; http://www.opensiteexplorer.org/dotbot, help@moz.com)"
216.244.66.194 - - [06/Sep/2020:07:47:20 +0200] "GET /en/cart?add=1&id_product=1749&token=dd1548e4374f499b814aa1cfc96bc198 HTTP/1.1" 301 - "-" "Mozilla/5.0 (compatible; DotBot/1.1; http://www.opensiteexplorer.org/dotbot, help@moz.com)"
216.244.66.194 - - [06/Sep/2020:07:47:06 +0200] "GET /en/cart?add=1&id_product=2449&token=dd1548e4374f499b814aa1cfc96bc198 HTTP/1.1" 301 - "-" "Mozilla/5.0 (compatible; DotBot/1.1; http://www.opensiteexplorer.org/dotbot, help@moz.com)"
216.244.66.194 - - [06/Sep/2020:07:47:32 +0200] "GET /hu/matrica/2652-independent-bar-matrica-fekete.html HTTP/1.1" 301 - "-" "Mozilla/5.0 (compatible; DotBot/1.1; http://www.opensiteexplorer.org/dotbot, help@moz.com)"
216.244.66.194 - - [06/Sep/2020:07:47:43 +0200] "GET /hu/fuggok/170-enuff-gordeszka-felfuggesztes-black-ice.html HTTP/1.1" 301 - "-" "Mozilla/5.0 (compatible; DotBot/1.1; http://www.opensiteexplorer.org/dotbot, help@moz.com)"
216.244.66.194 - - [06/Sep/2020:07:47:29 +0200] "GET /en/longboard/1994-arbor-bogart-longboard-gel-wheels-amber.html HTTP/1.1" 301 - "-" "Mozilla/5.0 (compatible; DotBot/1.1; http://www.opensiteexplorer.org/dotbot, help@moz.com)"
216.244.66.194 - - [06/Sep/2020:07:47:31 +0200] "GET /hu/longboard/946-stella-dictator-longboard.html HTTP/1.1" 301 - "-" "Mozilla/5.0 (compatible; DotBot/1.1; http://www.opensiteexplorer.org/dotbot, help@moz.com)"
89.132.225.94 - - [06/Sep/2020:07:47:44 +0200] "POST /admin16011/ajax.php?rand=1599371262084 HTTP/1.1" 200 2834 "http://www.deszkak.hu/admin16011/index.php?controller=AdminOrders&token=0209ffce19e7478d67c5c840bf0a38da" "Mozilla/5.0 (Windows NT 6.1; Win64; x64) AppleWebKit/537.36 (KHTML, like Gecko) Chrome/85.0.4183.83 Safari/537.36"
216.244.66.194 - - [06/Sep/2020:07:46:32 +0200] "GET /hu/gordeszkak/941-sds-rasta-lion-775-gordeszka.html HTTP/1.1" 301 - "-" "Mozilla/5.0 (compatible; DotBot/1.1; http://www.opensiteexplorer.org/dotbot, help@moz.com)"
216.244.66.194 - - [06/Sep/2020:07:46:50 +0200] "GET /en/skateboards/1644-tony-hawk-180-series-skateboard-moonscape.html HTTP/1.1" 301 - "-" "Mozilla/5.0 (compatible; DotBot/1.1; http://www.opensiteexplorer.org/dotbot, help@moz.com)"
216.244.66.194 - - [06/Sep/2020:07:47:11 +0200] "GET /hu/fuggok/1627-sushi-pagoda-134-mm-gordeszka-felfuggesztes-fekete.html HTTP/1.1" 301 - "-" "Mozilla/5.0 (compatible; DotBot/1.1; http://www.opensiteexplorer.org/dotbot, help@moz.com)"
216.244.66.194 - - [06/Sep/2020:07:47:30 +0200] "GET /hu/fuggok/188-enuff-gordeszka-felfuggesztes-rasta.html HTTP/1.1" 301 - "-" "Mozilla/5.0 (compatible; DotBot/1.1; http://www.opensiteexplorer.org/dotbot, help@moz.com)"
216.244.66.194 - - [06/Sep/2020:07:47:34 +0200] "GET /hu/lapok/1339-sds-faded-825-lap-lila.html HTTP/1.1" 301 - "-" "Mozilla/5.0 (compatible; DotBot/1.1; http://www.opensiteexplorer.org/dotbot, help@moz.com)"
216.244.66.194 - - [06/Sep/2020:07:46:28 +0200] "GET /en/skateboards/832-tony-hawk-900-series-skateboard-feathered.html HTTP/1.1" 301 - "-" "Mozilla/5.0 (compatible; DotBot/1.1; http://www.opensiteexplorer.org/dotbot, help@moz.com)"
216.244.66.194 - - [06/Sep/2020:07:47:21 +0200] "GET /hu/fuggok/2456-atlas-ultralight-longboard-180mm-fuggok-fekete.html HTTP/1.1" 301 - "-" "Mozilla/5.0 (compatible; DotBot/1.1; http://www.opensiteexplorer.org/dotbot, help@moz.com)"
216.244.66.194 - - [06/Sep/2020:07:47:52 +0200] "GET /hu/gordeszka/1166-enuff-peacekeeper-54mm-gordeszka-kerekek.html HTTP/1.1" 301 - "-" "Mozilla/5.0 (compatible; DotBot/1.1; http://www.opensiteexplorer.org/dotbot, help@moz.com)"
216.244.66.194 - - [06/Sep/2020:07:46:01 +0200] "GET /hu/csavarok/1635-sushi-tocsavarkeszlet-1.html HTTP/1.1" 301 - "-" "Mozilla/5.0 (compatible; DotBot/1.1; http://www.opensiteexplorer.org/dotbot, help@moz.com)"
216.244.66.194 - - [06/Sep/2020:07:47:09 +0200] "GET /en/skateboards/398-sds-775-skateboard-great-white.html HTTP/1.1" 301 - "-" "Mozilla/5.0 (compatible; DotBot/1.1; http://www.opensiteexplorer.org/dotbot, help@moz.com)"
213.180.203.107 - - [06/Sep/2020:07:47:27 +0200] "GET /261-thickbox_default/enuff-logo-skateboard-fluo.jpg HTTP/1.1" 200 29410 "-" "Mozilla/5.0 (compatible; YandexImages/3.0; +http://yandex.com/bots)"
216.244.66.194 - - [06/Sep/2020:07:47:35 +0200] "GET /hu/wave-board/1326-street-surfing-casterboard-wave-rider-wood-signature.html HTTP/1.1" 301 - "-" "Mozilla/5.0 (compatible; DotBot/1.1; http://www.opensiteexplorer.org/dotbot, help@moz.com)"
216.244.66.194 - - [06/Sep/2020:07:48:13 +0200] "GET /hu/bukosisak/2631-pro-tec-rental-classic-certified-bukosisak-fenyes-sarga.html HTTP/1.1" 301 - "-" "Mozilla/5.0 (compatible; DotBot/1.1; http://www.opensiteexplorer.org/dotbot, help@moz.com)"
216.244.66.194 - - [06/Sep/2020:07:48:15 +0200] "GET /hu/lapok/1173-enuff-classic-8-lap-kek.html HTTP/1.1" 301 - "-" "Mozilla/5.0 (compatible; DotBot/1.1; http://www.opensiteexplorer.org/dotbot, help@moz.com)"
216.244.66.194 - - [06/Sep/2020:07:48:19 +0200] "GET /en/longboard/1279-maui-shave-ice-longboard.html HTTP/1.1" 301 - "-" "Mozilla/5.0 (compatible; DotBot/1.1; http://www.opensiteexplorer.org/dotbot, help@moz.com)"
216.244.66.194 - - [06/Sep/2020:07:48:25 +0200] "GET /en/cruisers/1454-street-surfing-cruiser-30-jelly-fish.html HTTP/1.1" 301 - "-" "Mozilla/5.0 (compatible; DotBot/1.1; http://www.opensiteexplorer.org/dotbot, help@moz.com)"
89.132.225.94 - - [06/Sep/2020:07:47:55 +0200] "POST /admin16011/ajax.php?rand=1599371273087 HTTP/1.1" 200 1435 "http://www.deszkak.hu/admin16011/index.php?controller=AdminOrders&token=c1978206ebd196d9f154bec0d83018cf" "Mozilla/5.0 (Windows NT 6.1; Win64; x64) AppleWebKit/537.36 (KHTML, like Gecko) Chrome/85.0.4183.83 Safari/537.36"
216.244.66.194 - - [06/Sep/2020:07:48:21 +0200] "GET /en/longboard/542-mindless-savage-iii-longboard-kek.html HTTP/1.1" 301 - "-" "Mozilla/5.0 (compatible; DotBot/1.1; http://www.opensiteexplorer.org/dotbot, help@moz.com)"
216.244.66.194 - - [06/Sep/2020:07:46:25 +0200] "GET /en/cruisers-short-boards/810-street-surfing-fuel-board-cruiser-skelectron.html HTTP/1.1" 301 - "-" "Mozilla/5.0 (compatible; DotBot/1.1; http://www.opensiteexplorer.org/dotbot, help@moz.com)"
5.255.253.116 - - [06/Sep/2020:07:47:24 +0200] "GET /1803-thickbox_default/area-african-baby-skateboard.jpg HTTP/1.1" 200 97428 "-" "Mozilla/5.0 (compatible; YandexImages/3.0; +http://yandex.com/bots)"
216.244.66.194 - - [06/Sep/2020:07:47:56 +0200] "GET /hu/szerszamok/164-enuff-y-tool-gordeszka-szerszam-kek.html HTTP/1.1" 301 - "-" "Mozilla/5.0 (compatible; DotBot/1.1; http://www.opensiteexplorer.org/dotbot, help@moz.com)"
216.244.66.194 - - [06/Sep/2020:07:46:26 +0200] "GET /en/decks/1301-enuff-doppler-8-deck-red.html HTTP/1.1" 301 - "-" "Mozilla/5.0 (compatible; DotBot/1.1; http://www.opensiteexplorer.org/dotbot, help@moz.com)"
216.244.66.194 - - [06/Sep/2020:07:47:07 +0200] "GET /en/cruisers/684-d-street-polyprop-neon-flash-led-cruiser-green.html HTTP/1.1" 301 - "-" "Mozilla/5.0 (compatible; DotBot/1.1; http://www.opensiteexplorer.org/dotbot, help@moz.com)"
216.244.66.194 - - [06/Sep/2020:07:48:18 +0200] "GET /en/cart?add=1&id_product=1873&token=dd1548e4374f499b814aa1cfc96bc198 HTTP/1.1" 301 - "-" "Mozilla/5.0 (compatible; DotBot/1.1; http://www.opensiteexplorer.org/dotbot, help@moz.com)"
216.244.66.194 - - [06/Sep/2020:07:48:22 +0200] "GET /hu/csavarok/424-steadfast-tocsavarkeszlet-1-fekete.html HTTP/1.1" 301 - "-" "Mozilla/5.0 (compatible; DotBot/1.1; http://www.opensiteexplorer.org/dotbot, help@moz.com)"
216.244.66.194 - - [06/Sep/2020:07:48:26 +0200] "GET /en/longboard/1858-penny-59mm-longboard-kerek-zold-lila-swirl.html HTTP/1.1" 301 - "-" "Mozilla/5.0 (compatible; DotBot/1.1; http://www.opensiteexplorer.org/dotbot, help@moz.com)"
216.244.66.194 - - [06/Sep/2020:07:48:27 +0200] "GET /hu/fuggok/1094-enuff-decade-pro-satin-139mm-gordeszka-felfuggesztes-raw-kek.html HTTP/1.1" 301 - "-" "Mozilla/5.0 (compatible; DotBot/1.1; http://www.opensiteexplorer.org/dotbot, help@moz.com)"
216.244.66.194 - - [06/Sep/2020:07:48:00 +0200] "GET /en/longboard/856-street-surfing-longboard-36-spartans.html HTTP/1.1" 301 - "-" "Mozilla/5.0 (compatible; DotBot/1.1; http://www.opensiteexplorer.org/dotbot, help@moz.com)"
216.244.66.194 - - [06/Sep/2020:07:48:08 +0200] "GET /en/cart?add=1&id_product=2037&token=573953c316d703c43d7ea871ae803b89 HTTP/1.1" 301 - "-" "Mozilla/5.0 (compatible; DotBot/1.1; http://www.opensiteexplorer.org/dotbot, help@moz.com)"
216.244.66.194 - - [06/Sep/2020:07:48:58 +0200] "GET /en/cart?add=1&id_product=741&token=dd1548e4374f499b814aa1cfc96bc198 HTTP/1.1" 301 - "-" "Mozilla/5.0 (compatible; DotBot/1.1; http://www.opensiteexplorer.org/dotbot, help@moz.com)"
216.244.66.194 - - [06/Sep/2020:07:47:27 +0200] "GET /en/cart?add=1&id_product=1910&token=dd1548e4374f499b814aa1cfc96bc198 HTTP/1.1" 301 - "-" "Mozilla/5.0 (compatible; DotBot/1.1; http://www.opensiteexplorer.org/dotbot, help@moz.com)"
216.244.66.194 - - [06/Sep/2020:07:48:10 +0200] "GET /en/cart?add=1&id_product=2457&token=573953c316d703c43d7ea871ae803b89 HTTP/1.1" 301 - "-" "Mozilla/5.0 (compatible; DotBot/1.1; http://www.opensiteexplorer.org/dotbot, help@moz.com)"
216.244.66.194 - - [06/Sep/2020:07:49:31 +0200] "GET /en/cart?add=1&id_product=398&token=dd1548e4374f499b814aa1cfc96bc198 HTTP/1.1" 301 - "-" "Mozilla/5.0 (compatible; DotBot/1.1; http://www.opensiteexplorer.org/dotbot, help@moz.com)"
89.132.225.94 - - [06/Sep/2020:07:49:45 +0200] "POST /admin16011/ajax.php?rand=1599371383088 HTTP/1.1" 200 2834 "http://www.deszkak.hu/admin16011/index.php?controller=AdminOrders&token=0209ffce19e7478d67c5c840bf0a38da" "Mozilla/5.0 (Windows NT 6.1; Win64; x64) AppleWebKit/537.36 (KHTML, like Gecko) Chrome/85.0.4183.83 Safari/537.36"
216.244.66.194 - - [06/Sep/2020:07:49:12 +0200] "GET /en/decks/1945-enuff-classic-825-deck-black.html HTTP/1.1" 301 - "-" "Mozilla/5.0 (compatible; DotBot/1.1; http://www.opensiteexplorer.org/dotbot, help@moz.com)"
216.244.66.194 - - [06/Sep/2020:07:49:42 +0200] "GET /en/cart?add=1&id_product=1964&token=573953c316d703c43d7ea871ae803b89 HTTP/1.1" 301 - "-" "Mozilla/5.0 (compatible; DotBot/1.1; http://www.opensiteexplorer.org/dotbot, help@moz.com)"
216.244.66.194 - - [06/Sep/2020:07:50:30 +0200] "GET /en/longboard/7-area-zebbie-longboard.html HTTP/1.1" 301 - "-" "Mozilla/5.0 (compatible; DotBot/1.1; http://www.opensiteexplorer.org/dotbot, help@moz.com)"
89.132.225.94 - - [06/Sep/2020:07:49:56 +0200] "POST /admin16011/ajax.php?rand=1599371394085 HTTP/1.1" 200 1435 "http://www.deszkak.hu/admin16011/index.php?controller=AdminOrders&token=c1978206ebd196d9f154bec0d83018cf" "Mozilla/5.0 (Windows NT 6.1; Win64; x64) AppleWebKit/537.36 (KHTML, like Gecko) Chrome/85.0.4183.83 Safari/537.36"
216.244.66.194 - - [06/Sep/2020:07:50:28 +0200] "GET /en/longboard/1313-stella-buzzcuts-71-mm-longboard-kerek-teale.html HTTP/1.1" 301 - "-" "Mozilla/5.0 (compatible; DotBot/1.1; http://www.opensiteexplorer.org/dotbot, help@moz.com)"
89.132.225.94 - - [06/Sep/2020:07:51:46 +0200] "POST /admin16011/ajax.php?rand=1599371504086 HTTP/1.1" 200 2834 "http://www.deszkak.hu/admin16011/index.php?controller=AdminOrders&token=0209ffce19e7478d67c5c840bf0a38da" "Mozilla/5.0 (Windows NT 6.1; Win64; x64) AppleWebKit/537.36 (KHTML, like Gecko) Chrome/85.0.4183.83 Safari/537.36"
216.244.66.194 - - [06/Sep/2020:07:50:58 +0200] "GET /en/cart?add=1&id_product=470&token=dd1548e4374f499b814aa1cfc96bc198 HTTP/1.1" 301 - "-" "Mozilla/5.0 (compatible; DotBot/1.1; http://www.opensiteexplorer.org/dotbot, help@moz.com)"
216.244.66.194 - - [06/Sep/2020:07:51:16 +0200] "GET /en/cart?add=1&id_product=1407&token=dd1548e4374f499b814aa1cfc96bc198 HTTP/1.1" 301 - "-" "Mozilla/5.0 (compatible; DotBot/1.1; http://www.opensiteexplorer.org/dotbot, help@moz.com)"
216.244.66.194 - - [06/Sep/2020:07:50:25 +0200] "GET /en/cruisers-short-boards/1207-area-replica-paisley-cruiser.html HTTP/1.1" 301 - "-" "Mozilla/5.0 (compatible; DotBot/1.1; http://www.opensiteexplorer.org/dotbot, help@moz.com)"
216.244.66.194 - - [06/Sep/2020:07:50:29 +0200] "GET /en/longboard/454-stella-blunt-nose-charger-longboard.html HTTP/1.1" 301 - "-" "Mozilla/5.0 (compatible; DotBot/1.1; http://www.opensiteexplorer.org/dotbot, help@moz.com)"
216.244.66.194 - - [06/Sep/2020:07:50:26 +0200] "GET /en/griptapek/217-flik-grip-tape-zold.html HTTP/1.1" 301 - "-" "Mozilla/5.0 (compatible; DotBot/1.1; http://www.opensiteexplorer.org/dotbot, help@moz.com)"
216.244.66.194 - - [06/Sep/2020:07:50:31 +0200] "GET /en/skateboards/420-sds-dye-775-skateboard-green.html HTTP/1.1" 301 - "-" "Mozilla/5.0 (compatible; DotBot/1.1; http://www.opensiteexplorer.org/dotbot, help@moz.com)"
89.132.225.94 - - [06/Sep/2020:07:51:57 +0200] "POST /admin16011/ajax.php?rand=1599371515090 HTTP/1.1" 200 1435 "http://www.deszkak.hu/admin16011/index.php?controller=AdminOrders&token=c1978206ebd196d9f154bec0d83018cf" "Mozilla/5.0 (Windows NT 6.1; Win64; x64) AppleWebKit/537.36 (KHTML, like Gecko) Chrome/85.0.4183.83 Safari/537.36"
216.244.66.194 - - [06/Sep/2020:07:50:28 +0200] "GET /en/lapok/1241-mindless-maverick-ii-longboard-lap.html HTTP/1.1" 301 - "-" "Mozilla/5.0 (compatible; DotBot/1.1; http://www.opensiteexplorer.org/dotbot, help@moz.com)"
216.244.66.194 - - [06/Sep/2020:07:50:35 +0200] "GET /en/quad-gorkorcsolya/1140-sfr-vision-ii-gyerek-quad-gorkorcsolya-lila.html HTTP/1.1" 301 - "-" "Mozilla/5.0 (compatible; DotBot/1.1; http://www.opensiteexplorer.org/dotbot, help@moz.com)"
178.154.200.59 - - [06/Sep/2020:07:51:05 +0200] "GET /1393-small_default/rekd-elite-sisak-zold-fekete.jpg HTTP/1.1" 304 - "-" "Mozilla/5.0 (compatible; YandexImages/3.0; +http://yandex.com/bots)"
216.244.66.194 - - [06/Sep/2020:07:52:57 +0200] "GET /en/cart?add=1&id_product=1838&token=dd1548e4374f499b814aa1cfc96bc198 HTTP/1.1" 301 - "-" "Mozilla/5.0 (compatible; DotBot/1.1; http://www.opensiteexplorer.org/dotbot, help@moz.com)"
216.244.66.194 - - [06/Sep/2020:07:52:58 +0200] "GET /en/cart?add=1&id_product=1931&token=dd1548e4374f499b814aa1cfc96bc198 HTTP/1.1" 301 - "-" "Mozilla/5.0 (compatible; DotBot/1.1; http://www.opensiteexplorer.org/dotbot, help@moz.com)"
216.244.66.194 - - [06/Sep/2020:07:50:24 +0200] "GET /en/alkatreszek/1412-rio-roller-light-up-54-mm-kerek-feher.html HTTP/1.1" 301 - "-" "Mozilla/5.0 (compatible; DotBot/1.1; http://www.opensiteexplorer.org/dotbot, help@moz.com)"
216.244.66.194 - - [06/Sep/2020:07:51:33 +0200] "GET /en/cart?add=1&id_product=2370&token=dd1548e4374f499b814aa1cfc96bc198 HTTP/1.1" 301 - "-" "Mozilla/5.0 (compatible; DotBot/1.1; http://www.opensiteexplorer.org/dotbot, help@moz.com)"
216.244.66.194 - - [06/Sep/2020:07:51:40 +0200] "GET /hu/cruiser/2525-mindless-mandala-cruiser-fekete.html HTTP/1.1" 301 - "-" "Mozilla/5.0 (compatible; DotBot/1.1; http://www.opensiteexplorer.org/dotbot, help@moz.com)"
216.244.66.194 - - [06/Sep/2020:07:53:43 +0200] "GET /en/cart?add=1&id_product=1648&token=dd1548e4374f499b814aa1cfc96bc198 HTTP/1.1" 301 - "-" "Mozilla/5.0 (compatible; DotBot/1.1; http://www.opensiteexplorer.org/dotbot, help@moz.com)"
216.244.66.194 - - [06/Sep/2020:07:52:56 +0200] "GET /en/cart?add=1&id_product=1548&token=573953c316d703c43d7ea871ae803b89 HTTP/1.1" 301 - "-" "Mozilla/5.0 (compatible; DotBot/1.1; http://www.opensiteexplorer.org/dotbot, help@moz.com)"
216.244.66.194 - - [06/Sep/2020:07:52:59 +0200] "GET /en/cart?add=1&id_product=2308&token=dd1548e4374f499b814aa1cfc96bc198 HTTP/1.1" 301 - "-" "Mozilla/5.0 (compatible; DotBot/1.1; http://www.opensiteexplorer.org/dotbot, help@moz.com)"
216.244.66.194 - - [06/Sep/2020:07:53:04 +0200] "GET /en/cart?add=1&id_product=1948&token=dd1548e4374f499b814aa1cfc96bc198 HTTP/1.1" 301 - "-" "Mozilla/5.0 (compatible; DotBot/1.1; http://www.opensiteexplorer.org/dotbot, help@moz.com)"
134.255.85.218 - - [06/Sep/2020:07:53:02 +0200] "GET /hu/contact-us HTTP/1.1" 301 - "-" "Mozilla/5.0 (Macintosh; Intel Mac OS X 10_15_4) AppleWebKit/537.36 (KHTML, like Gecko) Chrome/85.0.4183.83 Safari/537.36"
216.244.66.194 - - [06/Sep/2020:07:53:43 +0200] "GET /en/cart?add=1&id_product=254&token=dd1548e4374f499b814aa1cfc96bc198 HTTP/1.1" 301 - "-" "Mozilla/5.0 (compatible; DotBot/1.1; http://www.opensiteexplorer.org/dotbot, help@moz.com)"
89.132.225.94 - - [06/Sep/2020:07:53:47 +0200] "POST /admin16011/ajax.php?rand=1599371625084 HTTP/1.1" 200 2834 "http://www.deszkak.hu/admin16011/index.php?controller=AdminOrders&token=0209ffce19e7478d67c5c840bf0a38da" "Mozilla/5.0 (Windows NT 6.1; Win64; x64) AppleWebKit/537.36 (KHTML, like Gecko) Chrome/85.0.4183.83 Safari/537.36"
89.132.225.94 - - [06/Sep/2020:07:53:58 +0200] "POST /admin16011/ajax.php?rand=1599371636088 HTTP/1.1" 200 1435 "http://www.deszkak.hu/admin16011/index.php?controller=AdminOrders&token=c1978206ebd196d9f154bec0d83018cf" "Mozilla/5.0 (Windows NT 6.1; Win64; x64) AppleWebKit/537.36 (KHTML, like Gecko) Chrome/85.0.4183.83 Safari/537.36"
89.132.225.94 - - [06/Sep/2020:07:55:48 +0200] "POST /admin16011/ajax.php?rand=1599371746086 HTTP/1.1" 200 2834 "http://www.deszkak.hu/admin16011/index.php?controller=AdminOrders&token=0209ffce19e7478d67c5c840bf0a38da" "Mozilla/5.0 (Windows NT 6.1; Win64; x64) AppleWebKit/537.36 (KHTML, like Gecko) Chrome/85.0.4183.83 Safari/537.36"
89.132.225.94 - - [06/Sep/2020:07:57:49 +0200] "POST /admin16011/ajax.php?rand=1599371867091 HTTP/1.1" 200 2834 "http://www.deszkak.hu/admin16011/index.php?controller=AdminOrders&token=0209ffce19e7478d67c5c840bf0a38da" "Mozilla/5.0 (Windows NT 6.1; Win64; x64) AppleWebKit/537.36 (KHTML, like Gecko) Chrome/85.0.4183.83 Safari/537.36"
89.132.225.94 - - [06/Sep/2020:07:58:00 +0200] "POST /admin16011/ajax.php?rand=1599371878092 HTTP/1.1" 200 1435 "http://www.deszkak.hu/admin16011/index.php?controller=AdminOrders&token=c1978206ebd196d9f154bec0d83018cf" "Mozilla/5.0 (Windows NT 6.1; Win64; x64) AppleWebKit/537.36 (KHTML, like Gecko) Chrome/85.0.4183.83 Safari/537.36"
66.249.66.130 - - [06/Sep/2020:07:57:43 +0200] "GET /hu/longboard/856-street-surfing-longboard-36-spartans.html HTTP/1.1" 301 - "-" "Mozilla/5.0 (Linux; Android 6.0.1; Nexus 5X Build/MMB29P) AppleWebKit/537.36 (KHTML, like Gecko) Chrome/85.0.4183.97 Mobile Safari/537.36 (compatible; Googlebot/2.1; +http://www.google.com/bot.html)"
89.132.225.94 - - [06/Sep/2020:07:55:59 +0200] "POST /admin16011/ajax.php?rand=1599371757098 HTTP/1.1" 200 1435 "http://www.deszkak.hu/admin16011/index.php?controller=AdminOrders&token=c1978206ebd196d9f154bec0d83018cf" "Mozilla/5.0 (Windows NT 6.1; Win64; x64) AppleWebKit/537.36 (KHTML, like Gecko) Chrome/85.0.4183.83 Safari/537.36"
89.132.225.94 - - [06/Sep/2020:07:59:50 +0200] "POST /admin16011/ajax.php?rand=1599371988089 HTTP/1.1" 200 2834 "http://www.deszkak.hu/admin16011/index.php?controller=AdminOrders&token=0209ffce19e7478d67c5c840bf0a38da" "Mozilla/5.0 (Windows NT 6.1; Win64; x64) AppleWebKit/537.36 (KHTML, like Gecko) Chrome/85.0.4183.83 Safari/537.36"
89.132.225.94 - - [06/Sep/2020:08:00:01 +0200] "POST /admin16011/ajax.php?rand=1599371999090 HTTP/1.1" 200 1435 "http://www.deszkak.hu/admin16011/index.php?controller=AdminOrders&token=c1978206ebd196d9f154bec0d83018cf" "Mozilla/5.0 (Windows NT 6.1; Win64; x64) AppleWebKit/537.36 (KHTML, like Gecko) Chrome/85.0.4183.83 Safari/537.36"
84.0.78.251 - - [06/Sep/2020:08:01:16 +0200] "GET / HTTP/1.1" 301 - "-" "Mozilla/5.0 (iPhone; CPU iPhone OS 13_6_1 like Mac OS X) AppleWebKit/605.1.15 (KHTML, like Gecko) Version/13.1.2 Mobile/15E148 Safari/604.1"
89.132.225.94 - - [06/Sep/2020:08:01:51 +0200] "POST /admin16011/ajax.php?rand=1599372109089 HTTP/1.1" 200 2834 "http://www.deszkak.hu/admin16011/index.php?controller=AdminOrders&token=0209ffce19e7478d67c5c840bf0a38da" "Mozilla/5.0 (Windows NT 6.1; Win64; x64) AppleWebKit/537.36 (KHTML, like Gecko) Chrome/85.0.4183.83 Safari/537.36"
89.132.225.94 - - [06/Sep/2020:08:02:02 +0200] "POST /admin16011/ajax.php?rand=1599372120090 HTTP/1.1" 200 1435 "http://www.deszkak.hu/admin16011/index.php?controller=AdminOrders&token=c1978206ebd196d9f154bec0d83018cf" "Mozilla/5.0 (Windows NT 6.1; Win64; x64) AppleWebKit/537.36 (KHTML, like Gecko) Chrome/85.0.4183.83 Safari/537.36"
66.249.66.130 - - [06/Sep/2020:08:02:49 +0200] "GET /hu/bukosisak/276-sfr-bukosisak-metal-feher.html?search_query=sfr&results=33 HTTP/1.1" 301 - "-" "Mozilla/5.0 (Linux; Android 6.0.1; Nexus 5X Build/MMB29P) AppleWebKit/537.36 (KHTML, like Gecko) Chrome/80.0.3987.92 Mobile Safari/537.36 (compatible; Googlebot/2.1; +http://www.google.com/bot.html)"
84.0.78.251 - - [06/Sep/2020:08:03:09 +0200] "GET /hu/cruiser-short-board/863-street-surfing-cruiser-rocky-mountain.html HTTP/1.1" 301 - "-" "Mozilla/5.0 (iPhone; CPU iPhone OS 13_6_1 like Mac OS X) AppleWebKit/605.1.15 (KHTML, like Gecko) Version/13.1.2 Mobile/15E148 Safari/604.1"
89.132.225.94 - - [06/Sep/2020:08:03:52 +0200] "POST /admin16011/ajax.php?rand=1599372230087 HTTP/1.1" 200 2834 "http://www.deszkak.hu/admin16011/index.php?controller=AdminOrders&token=0209ffce19e7478d67c5c840bf0a38da" "Mozilla/5.0 (Windows NT 6.1; Win64; x64) AppleWebKit/537.36 (KHTML, like Gecko) Chrome/85.0.4183.83 Safari/537.36"
89.132.225.94 - - [06/Sep/2020:08:04:03 +0200] "POST /admin16011/ajax.php?rand=1599372241089 HTTP/1.1" 200 1435 "http://www.deszkak.hu/admin16011/index.php?controller=AdminOrders&token=c1978206ebd196d9f154bec0d83018cf" "Mozilla/5.0 (Windows NT 6.1; Win64; x64) AppleWebKit/537.36 (KHTML, like Gecko) Chrome/85.0.4183.83 Safari/537.36"
89.132.225.94 - - [06/Sep/2020:08:06:04 +0200] "POST /admin16011/ajax.php?rand=1599372362087 HTTP/1.1" 200 1431 "http://www.deszkak.hu/admin16011/index.php?controller=AdminOrders&token=c1978206ebd196d9f154bec0d83018cf" "Mozilla/5.0 (Windows NT 6.1; Win64; x64) AppleWebKit/537.36 (KHTML, like Gecko) Chrome/85.0.4183.83 Safari/537.36"
89.132.225.94 - - [06/Sep/2020:08:05:53 +0200] "POST /admin16011/ajax.php?rand=1599372351089 HTTP/1.1" 200 2834 "http://www.deszkak.hu/admin16011/index.php?controller=AdminOrders&token=0209ffce19e7478d67c5c840bf0a38da" "Mozilla/5.0 (Windows NT 6.1; Win64; x64) AppleWebKit/537.36 (KHTML, like Gecko) Chrome/85.0.4183.83 Safari/537.36"
216.244.66.194 - - [06/Sep/2020:08:08:09 +0200] "GET /en/19-cruisers HTTP/1.1" 301 - "-" "Mozilla/5.0 (compatible; DotBot/1.1; http://www.opensiteexplorer.org/dotbot, help@moz.com)"
216.244.66.194 - - [06/Sep/2020:08:08:14 +0200] "GET /en/38-skateboard HTTP/1.1" 301 - "-" "Mozilla/5.0 (compatible; DotBot/1.1; http://www.opensiteexplorer.org/dotbot, help@moz.com)"
89.132.225.94 - - [06/Sep/2020:08:08:05 +0200] "POST /admin16011/ajax.php?rand=1599372483096 HTTP/1.1" 200 1431 "http://www.deszkak.hu/admin16011/index.php?controller=AdminOrders&token=c1978206ebd196d9f154bec0d83018cf" "Mozilla/5.0 (Windows NT 6.1; Win64; x64) AppleWebKit/537.36 (KHTML, like Gecko) Chrome/85.0.4183.83 Safari/537.36"
89.132.225.94 - - [06/Sep/2020:08:07:54 +0200] "POST /admin16011/ajax.php?rand=1599372472117 HTTP/1.1" 200 2830 "http://www.deszkak.hu/admin16011/index.php?controller=AdminOrders&token=0209ffce19e7478d67c5c840bf0a38da" "Mozilla/5.0 (Windows NT 6.1; Win64; x64) AppleWebKit/537.36 (KHTML, like Gecko) Chrome/85.0.4183.83 Safari/537.36"
216.244.66.194 - - [06/Sep/2020:08:08:39 +0200] "GET /hu/longboard/1058-street-surfing-longboard-owl.html HTTP/1.1" 301 - "-" "Mozilla/5.0 (compatible; DotBot/1.1; http://www.opensiteexplorer.org/dotbot, help@moz.com)"
