89.132.225.94 - - [06/Sep/2020:03:27:46 +0200] "POST /admin16011/ajax.php?rand=1599355664019 HTTP/1.1" 200 1451 "http://www.deszkak.hu/admin16011/index.php?controller=AdminOrders&token=c1978206ebd196d9f154bec0d83018cf" "Mozilla/5.0 (Windows NT 6.1; Win64; x64) AppleWebKit/537.36 (KHTML, like Gecko) Chrome/85.0.4183.83 Safari/537.36"
89.132.225.94 - - [06/Sep/2020:03:29:47 +0200] "POST /admin16011/ajax.php?rand=1599355785011 HTTP/1.1" 200 1451 "http://www.deszkak.hu/admin16011/index.php?controller=AdminOrders&token=c1978206ebd196d9f154bec0d83018cf" "Mozilla/5.0 (Windows NT 6.1; Win64; x64) AppleWebKit/537.36 (KHTML, like Gecko) Chrome/85.0.4183.83 Safari/537.36"
89.132.225.94 - - [06/Sep/2020:03:29:36 +0200] "POST /admin16011/ajax.php?rand=1599355774004 HTTP/1.1" 200 2850 "http://www.deszkak.hu/admin16011/index.php?controller=AdminOrders&token=0209ffce19e7478d67c5c840bf0a38da" "Mozilla/5.0 (Windows NT 6.1; Win64; x64) AppleWebKit/537.36 (KHTML, like Gecko) Chrome/85.0.4183.83 Safari/537.36"
89.132.225.94 - - [06/Sep/2020:03:31:48 +0200] "POST /admin16011/ajax.php?rand=1599355906011 HTTP/1.1" 200 1451 "http://www.deszkak.hu/admin16011/index.php?controller=AdminOrders&token=c1978206ebd196d9f154bec0d83018cf" "Mozilla/5.0 (Windows NT 6.1; Win64; x64) AppleWebKit/537.36 (KHTML, like Gecko) Chrome/85.0.4183.83 Safari/537.36"
89.132.225.94 - - [06/Sep/2020:03:31:37 +0200] "POST /admin16011/ajax.php?rand=1599355895005 HTTP/1.1" 200 2850 "http://www.deszkak.hu/admin16011/index.php?controller=AdminOrders&token=0209ffce19e7478d67c5c840bf0a38da" "Mozilla/5.0 (Windows NT 6.1; Win64; x64) AppleWebKit/537.36 (KHTML, like Gecko) Chrome/85.0.4183.83 Safari/537.36"
89.132.225.94 - - [06/Sep/2020:03:33:38 +0200] "POST /admin16011/ajax.php?rand=1599356016009 HTTP/1.1" 200 2850 "http://www.deszkak.hu/admin16011/index.php?controller=AdminOrders&token=0209ffce19e7478d67c5c840bf0a38da" "Mozilla/5.0 (Windows NT 6.1; Win64; x64) AppleWebKit/537.36 (KHTML, like Gecko) Chrome/85.0.4183.83 Safari/537.36"
89.132.225.94 - - [06/Sep/2020:03:33:49 +0200] "POST /admin16011/ajax.php?rand=1599356027009 HTTP/1.1" 200 1451 "http://www.deszkak.hu/admin16011/index.php?controller=AdminOrders&token=c1978206ebd196d9f154bec0d83018cf" "Mozilla/5.0 (Windows NT 6.1; Win64; x64) AppleWebKit/537.36 (KHTML, like Gecko) Chrome/85.0.4183.83 Safari/537.36"
51.11.178.87 - - [06/Sep/2020:03:37:06 +0200] "GET /.env HTTP/1.1" 302 - "-" "Mozilla/5.0 (X11; Linux x86_64) AppleWebKit/537.36 (KHTML, like Gecko) Chrome/81.0.4044.129 Safari/537.36"
89.132.225.94 - - [06/Sep/2020:03:35:50 +0200] "POST /admin16011/ajax.php?rand=1599356148006 HTTP/1.1" 200 1451 "http://www.deszkak.hu/admin16011/index.php?controller=AdminOrders&token=c1978206ebd196d9f154bec0d83018cf" "Mozilla/5.0 (Windows NT 6.1; Win64; x64) AppleWebKit/537.36 (KHTML, like Gecko) Chrome/85.0.4183.83 Safari/537.36"
89.132.225.94 - - [06/Sep/2020:03:37:40 +0200] "POST /admin16011/ajax.php?rand=1599356258007 HTTP/1.1" 200 2850 "http://www.deszkak.hu/admin16011/index.php?controller=AdminOrders&token=0209ffce19e7478d67c5c840bf0a38da" "Mozilla/5.0 (Windows NT 6.1; Win64; x64) AppleWebKit/537.36 (KHTML, like Gecko) Chrome/85.0.4183.83 Safari/537.36"
89.132.225.94 - - [06/Sep/2020:03:35:39 +0200] "POST /admin16011/ajax.php?rand=1599356137011 HTTP/1.1" 200 2850 "http://www.deszkak.hu/admin16011/index.php?controller=AdminOrders&token=0209ffce19e7478d67c5c840bf0a38da" "Mozilla/5.0 (Windows NT 6.1; Win64; x64) AppleWebKit/537.36 (KHTML, like Gecko) Chrome/85.0.4183.83 Safari/537.36"
51.11.178.87 - - [06/Sep/2020:03:37:06 +0200] "POST / HTTP/1.1" 302 - "-" "Mozilla/5.0 (X11; Linux x86_64) AppleWebKit/537.36 (KHTML, like Gecko) Chrome/81.0.4044.129 Safari/537.36"
89.132.225.94 - - [06/Sep/2020:03:37:51 +0200] "POST /admin16011/ajax.php?rand=1599356269010 HTTP/1.1" 200 1451 "http://www.deszkak.hu/admin16011/index.php?controller=AdminOrders&token=c1978206ebd196d9f154bec0d83018cf" "Mozilla/5.0 (Windows NT 6.1; Win64; x64) AppleWebKit/537.36 (KHTML, like Gecko) Chrome/85.0.4183.83 Safari/537.36"
89.132.225.94 - - [06/Sep/2020:03:39:52 +0200] "POST /admin16011/ajax.php?rand=1599356390016 HTTP/1.1" 200 1451 "http://www.deszkak.hu/admin16011/index.php?controller=AdminOrders&token=c1978206ebd196d9f154bec0d83018cf" "Mozilla/5.0 (Windows NT 6.1; Win64; x64) AppleWebKit/537.36 (KHTML, like Gecko) Chrome/85.0.4183.83 Safari/537.36"
89.132.225.94 - - [06/Sep/2020:03:39:41 +0200] "POST /admin16011/ajax.php?rand=1599356379007 HTTP/1.1" 200 2850 "http://www.deszkak.hu/admin16011/index.php?controller=AdminOrders&token=0209ffce19e7478d67c5c840bf0a38da" "Mozilla/5.0 (Windows NT 6.1; Win64; x64) AppleWebKit/537.36 (KHTML, like Gecko) Chrome/85.0.4183.83 Safari/537.36"
89.132.225.94 - - [06/Sep/2020:03:41:53 +0200] "POST /admin16011/ajax.php?rand=1599356511015 HTTP/1.1" 200 1451 "http://www.deszkak.hu/admin16011/index.php?controller=AdminOrders&token=c1978206ebd196d9f154bec0d83018cf" "Mozilla/5.0 (Windows NT 6.1; Win64; x64) AppleWebKit/537.36 (KHTML, like Gecko) Chrome/85.0.4183.83 Safari/537.36"
89.132.225.94 - - [06/Sep/2020:03:41:42 +0200] "POST /admin16011/ajax.php?rand=1599356500011 HTTP/1.1" 200 2850 "http://www.deszkak.hu/admin16011/index.php?controller=AdminOrders&token=0209ffce19e7478d67c5c840bf0a38da" "Mozilla/5.0 (Windows NT 6.1; Win64; x64) AppleWebKit/537.36 (KHTML, like Gecko) Chrome/85.0.4183.83 Safari/537.36"
89.132.225.94 - - [06/Sep/2020:03:43:43 +0200] "POST /admin16011/ajax.php?rand=1599356621017 HTTP/1.1" 200 2850 "http://www.deszkak.hu/admin16011/index.php?controller=AdminOrders&token=0209ffce19e7478d67c5c840bf0a38da" "Mozilla/5.0 (Windows NT 6.1; Win64; x64) AppleWebKit/537.36 (KHTML, like Gecko) Chrome/85.0.4183.83 Safari/537.36"
89.132.225.94 - - [06/Sep/2020:03:43:54 +0200] "POST /admin16011/ajax.php?rand=1599356632016 HTTP/1.1" 200 1451 "http://www.deszkak.hu/admin16011/index.php?controller=AdminOrders&token=c1978206ebd196d9f154bec0d83018cf" "Mozilla/5.0 (Windows NT 6.1; Win64; x64) AppleWebKit/537.36 (KHTML, like Gecko) Chrome/85.0.4183.83 Safari/537.36"
89.132.225.94 - - [06/Sep/2020:03:45:44 +0200] "POST /admin16011/ajax.php?rand=1599356742010 HTTP/1.1" 200 2850 "http://www.deszkak.hu/admin16011/index.php?controller=AdminOrders&token=0209ffce19e7478d67c5c840bf0a38da" "Mozilla/5.0 (Windows NT 6.1; Win64; x64) AppleWebKit/537.36 (KHTML, like Gecko) Chrome/85.0.4183.83 Safari/537.36"
89.132.225.94 - - [06/Sep/2020:03:45:55 +0200] "POST /admin16011/ajax.php?rand=1599356753009 HTTP/1.1" 200 1451 "http://www.deszkak.hu/admin16011/index.php?controller=AdminOrders&token=c1978206ebd196d9f154bec0d83018cf" "Mozilla/5.0 (Windows NT 6.1; Win64; x64) AppleWebKit/537.36 (KHTML, like Gecko) Chrome/85.0.4183.83 Safari/537.36"
213.217.225.176 - - [06/Sep/2020:03:47:11 +0200] "GET /en/cruisers/2336-nkd-city-39-cruiser.html HTTP/1.0" 301 - "http://www.deszkak.hu/en/cruisers/2336-nkd-city-39-cruiser.html" "Mozilla/5.0 (Windows NT 10.0; Win64; x64) AppleWebKit/537.36 (KHTML, like Gecko) Chrome/66.0.3359.170 Safari/537.36 OPR/53.0.2907.68"
66.249.66.130 - - [06/Sep/2020:03:47:23 +0200] "GET /hu/szerszamok/411-steadfast-gordeszka-szerszam-neon-zold.html HTTP/1.1" 301 - "-" "Mozilla/5.0 (compatible; Googlebot/2.1; +http://www.google.com/bot.html)"
89.132.225.94 - - [06/Sep/2020:03:47:45 +0200] "POST /admin16011/ajax.php?rand=1599356863014 HTTP/1.1" 200 2850 "http://www.deszkak.hu/admin16011/index.php?controller=AdminOrders&token=0209ffce19e7478d67c5c840bf0a38da" "Mozilla/5.0 (Windows NT 6.1; Win64; x64) AppleWebKit/537.36 (KHTML, like Gecko) Chrome/85.0.4183.83 Safari/537.36"
66.249.66.130 - - [06/Sep/2020:03:47:19 +0200] "GET /hu/szerszamok/411-steadfast-gordeszka-szerszam-neon-zold.html HTTP/1.1" 301 - "-" "Mozilla/5.0 (compatible; Googlebot/2.1; +http://www.google.com/bot.html)"
207.46.13.246 - - [06/Sep/2020:03:49:44 +0200] "GET /robots.txt HTTP/1.1" 200 2464 "-" "Mozilla/5.0 (compatible; bingbot/2.0; +http://www.bing.com/bingbot.htm)"
89.132.225.94 - - [06/Sep/2020:03:47:56 +0200] "POST /admin16011/ajax.php?rand=1599356874014 HTTP/1.1" 200 1451 "http://www.deszkak.hu/admin16011/index.php?controller=AdminOrders&token=c1978206ebd196d9f154bec0d83018cf" "Mozilla/5.0 (Windows NT 6.1; Win64; x64) AppleWebKit/537.36 (KHTML, like Gecko) Chrome/85.0.4183.83 Safari/537.36"
89.132.225.94 - - [06/Sep/2020:03:49:46 +0200] "POST /admin16011/ajax.php?rand=1599356984016 HTTP/1.1" 200 2850 "http://www.deszkak.hu/admin16011/index.php?controller=AdminOrders&token=0209ffce19e7478d67c5c840bf0a38da" "Mozilla/5.0 (Windows NT 6.1; Win64; x64) AppleWebKit/537.36 (KHTML, like Gecko) Chrome/85.0.4183.83 Safari/537.36"
89.132.225.94 - - [06/Sep/2020:03:49:57 +0200] "POST /admin16011/ajax.php?rand=1599356995014 HTTP/1.1" 200 1451 "http://www.deszkak.hu/admin16011/index.php?controller=AdminOrders&token=c1978206ebd196d9f154bec0d83018cf" "Mozilla/5.0 (Windows NT 6.1; Win64; x64) AppleWebKit/537.36 (KHTML, like Gecko) Chrome/85.0.4183.83 Safari/537.36"
89.132.225.94 - - [06/Sep/2020:03:51:47 +0200] "POST /admin16011/ajax.php?rand=1599357105014 HTTP/1.1" 200 2850 "http://www.deszkak.hu/admin16011/index.php?controller=AdminOrders&token=0209ffce19e7478d67c5c840bf0a38da" "Mozilla/5.0 (Windows NT 6.1; Win64; x64) AppleWebKit/537.36 (KHTML, like Gecko) Chrome/85.0.4183.83 Safari/537.36"
89.132.225.94 - - [06/Sep/2020:03:51:58 +0200] "POST /admin16011/ajax.php?rand=1599357116015 HTTP/1.1" 200 1451 "http://www.deszkak.hu/admin16011/index.php?controller=AdminOrders&token=c1978206ebd196d9f154bec0d83018cf" "Mozilla/5.0 (Windows NT 6.1; Win64; x64) AppleWebKit/537.36 (KHTML, like Gecko) Chrome/85.0.4183.83 Safari/537.36"
89.132.225.94 - - [06/Sep/2020:03:53:48 +0200] "POST /admin16011/ajax.php?rand=1599357226011 HTTP/1.1" 200 2850 "http://www.deszkak.hu/admin16011/index.php?controller=AdminOrders&token=0209ffce19e7478d67c5c840bf0a38da" "Mozilla/5.0 (Windows NT 6.1; Win64; x64) AppleWebKit/537.36 (KHTML, like Gecko) Chrome/85.0.4183.83 Safari/537.36"
89.132.225.94 - - [06/Sep/2020:03:53:59 +0200] "POST /admin16011/ajax.php?rand=1599357237022 HTTP/1.1" 200 1451 "http://www.deszkak.hu/admin16011/index.php?controller=AdminOrders&token=c1978206ebd196d9f154bec0d83018cf" "Mozilla/5.0 (Windows NT 6.1; Win64; x64) AppleWebKit/537.36 (KHTML, like Gecko) Chrome/85.0.4183.83 Safari/537.36"
89.132.225.94 - - [06/Sep/2020:03:55:49 +0200] "POST /admin16011/ajax.php?rand=1599357347014 HTTP/1.1" 200 2850 "http://www.deszkak.hu/admin16011/index.php?controller=AdminOrders&token=0209ffce19e7478d67c5c840bf0a38da" "Mozilla/5.0 (Windows NT 6.1; Win64; x64) AppleWebKit/537.36 (KHTML, like Gecko) Chrome/85.0.4183.83 Safari/537.36"
89.132.225.94 - - [06/Sep/2020:03:56:00 +0200] "POST /admin16011/ajax.php?rand=1599357358020 HTTP/1.1" 200 1451 "http://www.deszkak.hu/admin16011/index.php?controller=AdminOrders&token=c1978206ebd196d9f154bec0d83018cf" "Mozilla/5.0 (Windows NT 6.1; Win64; x64) AppleWebKit/537.36 (KHTML, like Gecko) Chrome/85.0.4183.83 Safari/537.36"
89.132.225.94 - - [06/Sep/2020:03:57:50 +0200] "POST /admin16011/ajax.php?rand=1599357468021 HTTP/1.1" 200 2850 "http://www.deszkak.hu/admin16011/index.php?controller=AdminOrders&token=0209ffce19e7478d67c5c840bf0a38da" "Mozilla/5.0 (Windows NT 6.1; Win64; x64) AppleWebKit/537.36 (KHTML, like Gecko) Chrome/85.0.4183.83 Safari/537.36"
89.132.225.94 - - [06/Sep/2020:03:58:01 +0200] "POST /admin16011/ajax.php?rand=1599357479022 HTTP/1.1" 200 1451 "http://www.deszkak.hu/admin16011/index.php?controller=AdminOrders&token=c1978206ebd196d9f154bec0d83018cf" "Mozilla/5.0 (Windows NT 6.1; Win64; x64) AppleWebKit/537.36 (KHTML, like Gecko) Chrome/85.0.4183.83 Safari/537.36"
89.132.225.94 - - [06/Sep/2020:04:00:02 +0200] "POST /admin16011/ajax.php?rand=1599357600020 HTTP/1.1" 200 1451 "http://www.deszkak.hu/admin16011/index.php?controller=AdminOrders&token=c1978206ebd196d9f154bec0d83018cf" "Mozilla/5.0 (Windows NT 6.1; Win64; x64) AppleWebKit/537.36 (KHTML, like Gecko) Chrome/85.0.4183.83 Safari/537.36"
89.132.225.94 - - [06/Sep/2020:03:59:51 +0200] "POST /admin16011/ajax.php?rand=1599357589017 HTTP/1.1" 200 2850 "http://www.deszkak.hu/admin16011/index.php?controller=AdminOrders&token=0209ffce19e7478d67c5c840bf0a38da" "Mozilla/5.0 (Windows NT 6.1; Win64; x64) AppleWebKit/537.36 (KHTML, like Gecko) Chrome/85.0.4183.83 Safari/537.36"
207.46.13.126 - - [06/Sep/2020:04:00:32 +0200] "GET /2694-home_default/pro-tec-classic-bukosisak-gumi-fekete.jpg HTTP/1.1" 200 11999 "-" "Mozilla/5.0 (compatible; bingbot/2.0; +http://www.bing.com/bingbot.htm)"
89.132.225.94 - - [06/Sep/2020:04:01:52 +0200] "POST /admin16011/ajax.php?rand=1599357710020 HTTP/1.1" 200 2850 "http://www.deszkak.hu/admin16011/index.php?controller=AdminOrders&token=0209ffce19e7478d67c5c840bf0a38da" "Mozilla/5.0 (Windows NT 6.1; Win64; x64) AppleWebKit/537.36 (KHTML, like Gecko) Chrome/85.0.4183.83 Safari/537.36"
89.132.225.94 - - [06/Sep/2020:04:02:03 +0200] "POST /admin16011/ajax.php?rand=1599357721025 HTTP/1.1" 200 1451 "http://www.deszkak.hu/admin16011/index.php?controller=AdminOrders&token=c1978206ebd196d9f154bec0d83018cf" "Mozilla/5.0 (Windows NT 6.1; Win64; x64) AppleWebKit/537.36 (KHTML, like Gecko) Chrome/85.0.4183.83 Safari/537.36"
89.132.225.94 - - [06/Sep/2020:04:04:04 +0200] "POST /admin16011/ajax.php?rand=1599357842016 HTTP/1.1" 200 1451 "http://www.deszkak.hu/admin16011/index.php?controller=AdminOrders&token=c1978206ebd196d9f154bec0d83018cf" "Mozilla/5.0 (Windows NT 6.1; Win64; x64) AppleWebKit/537.36 (KHTML, like Gecko) Chrome/85.0.4183.83 Safari/537.36"
89.132.225.94 - - [06/Sep/2020:04:03:53 +0200] "POST /admin16011/ajax.php?rand=1599357831015 HTTP/1.1" 200 2850 "http://www.deszkak.hu/admin16011/index.php?controller=AdminOrders&token=0209ffce19e7478d67c5c840bf0a38da" "Mozilla/5.0 (Windows NT 6.1; Win64; x64) AppleWebKit/537.36 (KHTML, like Gecko) Chrome/85.0.4183.83 Safari/537.36"
89.132.225.94 - - [06/Sep/2020:04:06:05 +0200] "POST /admin16011/ajax.php?rand=1599357963022 HTTP/1.1" 200 1451 "http://www.deszkak.hu/admin16011/index.php?controller=AdminOrders&token=c1978206ebd196d9f154bec0d83018cf" "Mozilla/5.0 (Windows NT 6.1; Win64; x64) AppleWebKit/537.36 (KHTML, like Gecko) Chrome/85.0.4183.83 Safari/537.36"
89.132.225.94 - - [06/Sep/2020:04:05:54 +0200] "POST /admin16011/ajax.php?rand=1599357952018 HTTP/1.1" 200 2850 "http://www.deszkak.hu/admin16011/index.php?controller=AdminOrders&token=0209ffce19e7478d67c5c840bf0a38da" "Mozilla/5.0 (Windows NT 6.1; Win64; x64) AppleWebKit/537.36 (KHTML, like Gecko) Chrome/85.0.4183.83 Safari/537.36"
216.244.66.194 - - [06/Sep/2020:04:07:44 +0200] "GET /en/cart?add=1&id_product=1711&token=dd1548e4374f499b814aa1cfc96bc198 HTTP/1.1" 301 - "-" "Mozilla/5.0 (compatible; DotBot/1.1; http://www.opensiteexplorer.org/dotbot, help@moz.com)"
216.244.66.194 - - [06/Sep/2020:04:07:55 +0200] "GET /en/bushings/146-enuff-99a-skateboard-cushions-black.html HTTP/1.1" 301 - "-" "Mozilla/5.0 (compatible; DotBot/1.1; http://www.opensiteexplorer.org/dotbot, help@moz.com)"
216.244.66.194 - - [06/Sep/2020:04:07:59 +0200] "GET /en/grip-tapes/241-flik-grip-tape-theotis-beasley-signature-rattler-green.html HTTP/1.1" 301 - "-" "Mozilla/5.0 (compatible; DotBot/1.1; http://www.opensiteexplorer.org/dotbot, help@moz.com)"
216.244.66.194 - - [06/Sep/2020:04:07:49 +0200] "GET /en/bearings/1228-aob-gdk-bearing-set.html HTTP/1.1" 301 - "-" "Mozilla/5.0 (compatible; DotBot/1.1; http://www.opensiteexplorer.org/dotbot, help@moz.com)"
89.132.225.94 - - [06/Sep/2020:04:07:55 +0200] "POST /admin16011/ajax.php?rand=1599358073021 HTTP/1.1" 200 2850 "http://www.deszkak.hu/admin16011/index.php?controller=AdminOrders&token=0209ffce19e7478d67c5c840bf0a38da" "Mozilla/5.0 (Windows NT 6.1; Win64; x64) AppleWebKit/537.36 (KHTML, like Gecko) Chrome/85.0.4183.83 Safari/537.36"
216.244.66.194 - - [06/Sep/2020:04:08:03 +0200] "GET /en/quad-skate/1139-sfr-vision-ii-kids-quad-skate-blue.html HTTP/1.1" 301 - "-" "Mozilla/5.0 (compatible; DotBot/1.1; http://www.opensiteexplorer.org/dotbot, help@moz.com)"
89.132.225.94 - - [06/Sep/2020:04:08:06 +0200] "POST /admin16011/ajax.php?rand=1599358084017 HTTP/1.1" 200 1451 "http://www.deszkak.hu/admin16011/index.php?controller=AdminOrders&token=c1978206ebd196d9f154bec0d83018cf" "Mozilla/5.0 (Windows NT 6.1; Win64; x64) AppleWebKit/537.36 (KHTML, like Gecko) Chrome/85.0.4183.83 Safari/537.36"
89.132.225.94 - - [06/Sep/2020:04:09:56 +0200] "POST /admin16011/ajax.php?rand=1599358194017 HTTP/1.1" 200 2850 "http://www.deszkak.hu/admin16011/index.php?controller=AdminOrders&token=0209ffce19e7478d67c5c840bf0a38da" "Mozilla/5.0 (Windows NT 6.1; Win64; x64) AppleWebKit/537.36 (KHTML, like Gecko) Chrome/85.0.4183.83 Safari/537.36"
216.244.66.194 - - [06/Sep/2020:04:08:28 +0200] "GET /hu/lapok/2308-ram-longboard-lap-solitary-20-narancs.html HTTP/1.1" 301 - "-" "Mozilla/5.0 (compatible; DotBot/1.1; http://www.opensiteexplorer.org/dotbot, help@moz.com)"
89.132.225.94 - - [06/Sep/2020:04:10:07 +0200] "POST /admin16011/ajax.php?rand=1599358205027 HTTP/1.1" 200 1451 "http://www.deszkak.hu/admin16011/index.php?controller=AdminOrders&token=c1978206ebd196d9f154bec0d83018cf" "Mozilla/5.0 (Windows NT 6.1; Win64; x64) AppleWebKit/537.36 (KHTML, like Gecko) Chrome/85.0.4183.83 Safari/537.36"
89.132.225.94 - - [06/Sep/2020:04:11:57 +0200] "POST /admin16011/ajax.php?rand=1599358315023 HTTP/1.1" 200 2850 "http://www.deszkak.hu/admin16011/index.php?controller=AdminOrders&token=0209ffce19e7478d67c5c840bf0a38da" "Mozilla/5.0 (Windows NT 6.1; Win64; x64) AppleWebKit/537.36 (KHTML, like Gecko) Chrome/85.0.4183.83 Safari/537.36"
89.132.225.94 - - [06/Sep/2020:04:12:08 +0200] "POST /admin16011/ajax.php?rand=1599358326022 HTTP/1.1" 200 1451 "http://www.deszkak.hu/admin16011/index.php?controller=AdminOrders&token=c1978206ebd196d9f154bec0d83018cf" "Mozilla/5.0 (Windows NT 6.1; Win64; x64) AppleWebKit/537.36 (KHTML, like Gecko) Chrome/85.0.4183.83 Safari/537.36"
89.132.225.94 - - [06/Sep/2020:04:13:58 +0200] "POST /admin16011/ajax.php?rand=1599358436018 HTTP/1.1" 200 2850 "http://www.deszkak.hu/admin16011/index.php?controller=AdminOrders&token=0209ffce19e7478d67c5c840bf0a38da" "Mozilla/5.0 (Windows NT 6.1; Win64; x64) AppleWebKit/537.36 (KHTML, like Gecko) Chrome/85.0.4183.83 Safari/537.36"
89.132.225.94 - - [06/Sep/2020:04:14:09 +0200] "POST /admin16011/ajax.php?rand=1599358447022 HTTP/1.1" 200 1451 "http://www.deszkak.hu/admin16011/index.php?controller=AdminOrders&token=c1978206ebd196d9f154bec0d83018cf" "Mozilla/5.0 (Windows NT 6.1; Win64; x64) AppleWebKit/537.36 (KHTML, like Gecko) Chrome/85.0.4183.83 Safari/537.36"
89.132.225.94 - - [06/Sep/2020:04:15:59 +0200] "POST /admin16011/ajax.php?rand=1599358557019 HTTP/1.1" 200 2850 "http://www.deszkak.hu/admin16011/index.php?controller=AdminOrders&token=0209ffce19e7478d67c5c840bf0a38da" "Mozilla/5.0 (Windows NT 6.1; Win64; x64) AppleWebKit/537.36 (KHTML, like Gecko) Chrome/85.0.4183.83 Safari/537.36"
89.132.225.94 - - [06/Sep/2020:04:16:10 +0200] "POST /admin16011/ajax.php?rand=1599358568028 HTTP/1.1" 200 1451 "http://www.deszkak.hu/admin16011/index.php?controller=AdminOrders&token=c1978206ebd196d9f154bec0d83018cf" "Mozilla/5.0 (Windows NT 6.1; Win64; x64) AppleWebKit/537.36 (KHTML, like Gecko) Chrome/85.0.4183.83 Safari/537.36"
89.132.225.94 - - [06/Sep/2020:04:18:00 +0200] "POST /admin16011/ajax.php?rand=1599358678019 HTTP/1.1" 200 2850 "http://www.deszkak.hu/admin16011/index.php?controller=AdminOrders&token=0209ffce19e7478d67c5c840bf0a38da" "Mozilla/5.0 (Windows NT 6.1; Win64; x64) AppleWebKit/537.36 (KHTML, like Gecko) Chrome/85.0.4183.83 Safari/537.36"
89.132.225.94 - - [06/Sep/2020:04:18:11 +0200] "POST /admin16011/ajax.php?rand=1599358689029 HTTP/1.1" 200 1451 "http://www.deszkak.hu/admin16011/index.php?controller=AdminOrders&token=c1978206ebd196d9f154bec0d83018cf" "Mozilla/5.0 (Windows NT 6.1; Win64; x64) AppleWebKit/537.36 (KHTML, like Gecko) Chrome/85.0.4183.83 Safari/537.36"
141.8.142.65 - - [06/Sep/2020:04:19:48 +0200] "GET /robots.txt HTTP/1.1" 200 2464 "-" "Mozilla/5.0 (compatible; YandexBot/3.0; +http://yandex.com/bots)"
89.132.225.94 - - [06/Sep/2020:04:20:12 +0200] "POST /admin16011/ajax.php?rand=1599358810024 HTTP/1.1" 200 1451 "http://www.deszkak.hu/admin16011/index.php?controller=AdminOrders&token=c1978206ebd196d9f154bec0d83018cf" "Mozilla/5.0 (Windows NT 6.1; Win64; x64) AppleWebKit/537.36 (KHTML, like Gecko) Chrome/85.0.4183.83 Safari/537.36"
141.8.142.88 - - [06/Sep/2020:04:19:51 +0200] "GET /4799-home_default/penny-27-cruiser-gunmetal-metallic-fade.jpg HTTP/1.1" 200 10539 "-" "Mozilla/5.0 (compatible; YandexImages/3.0; +http://yandex.com/bots)"
192.99.14.130 - - [06/Sep/2020:04:22:21 +0200] "GET /robots.txt HTTP/1.1" 200 2464 "-" "Mozilla/5.0 (compatible; MJ12bot/v1.4.8; http://mj12bot.com/)"
89.132.225.94 - - [06/Sep/2020:04:20:01 +0200] "POST /admin16011/ajax.php?rand=1599358799023 HTTP/1.1" 200 2850 "http://www.deszkak.hu/admin16011/index.php?controller=AdminOrders&token=0209ffce19e7478d67c5c840bf0a38da" "Mozilla/5.0 (Windows NT 6.1; Win64; x64) AppleWebKit/537.36 (KHTML, like Gecko) Chrome/85.0.4183.83 Safari/537.36"
89.132.225.94 - - [06/Sep/2020:04:22:13 +0200] "POST /admin16011/ajax.php?rand=1599358931022 HTTP/1.1" 200 1451 "http://www.deszkak.hu/admin16011/index.php?controller=AdminOrders&token=c1978206ebd196d9f154bec0d83018cf" "Mozilla/5.0 (Windows NT 6.1; Win64; x64) AppleWebKit/537.36 (KHTML, like Gecko) Chrome/85.0.4183.83 Safari/537.36"
89.132.225.94 - - [06/Sep/2020:04:22:02 +0200] "POST /admin16011/ajax.php?rand=1599358920022 HTTP/1.1" 200 2850 "http://www.deszkak.hu/admin16011/index.php?controller=AdminOrders&token=0209ffce19e7478d67c5c840bf0a38da" "Mozilla/5.0 (Windows NT 6.1; Win64; x64) AppleWebKit/537.36 (KHTML, like Gecko) Chrome/85.0.4183.83 Safari/537.36"
89.132.225.94 - - [06/Sep/2020:04:24:03 +0200] "POST /admin16011/ajax.php?rand=1599359041025 HTTP/1.1" 200 2850 "http://www.deszkak.hu/admin16011/index.php?controller=AdminOrders&token=0209ffce19e7478d67c5c840bf0a38da" "Mozilla/5.0 (Windows NT 6.1; Win64; x64) AppleWebKit/537.36 (KHTML, like Gecko) Chrome/85.0.4183.83 Safari/537.36"
66.249.92.69 - - [06/Sep/2020:04:23:02 +0200] "GET /hu/32-wave-board HTTP/1.1" 301 - "-" "AdsBot-Google (+http://www.google.com/adsbot.html)"
89.132.225.94 - - [06/Sep/2020:04:24:14 +0200] "POST /admin16011/ajax.php?rand=1599359052029 HTTP/1.1" 200 1451 "http://www.deszkak.hu/admin16011/index.php?controller=AdminOrders&token=c1978206ebd196d9f154bec0d83018cf" "Mozilla/5.0 (Windows NT 6.1; Win64; x64) AppleWebKit/537.36 (KHTML, like Gecko) Chrome/85.0.4183.83 Safari/537.36"
66.249.66.132 - - [06/Sep/2020:04:23:28 +0200] "GET /1_hu_0_sitemap.xml HTTP/1.1" 200 542607 "-" "Mozilla/5.0 (compatible; Googlebot/2.1; +http://www.google.com/bot.html)"
192.99.14.130 - - [06/Sep/2020:04:22:32 +0200] "GET /hu/longboard/223-ram-longboard-lokz-marina-blue.html HTTP/1.1" 301 - "-" "Mozilla/5.0 (compatible; MJ12bot/v1.4.8; http://mj12bot.com/)"
89.132.225.94 - - [06/Sep/2020:04:26:04 +0200] "POST /admin16011/ajax.php?rand=1599359162032 HTTP/1.1" 200 2847 "http://www.deszkak.hu/admin16011/index.php?controller=AdminOrders&token=0209ffce19e7478d67c5c840bf0a38da" "Mozilla/5.0 (Windows NT 6.1; Win64; x64) AppleWebKit/537.36 (KHTML, like Gecko) Chrome/85.0.4183.83 Safari/537.36"
89.132.225.94 - - [06/Sep/2020:04:26:15 +0200] "POST /admin16011/ajax.php?rand=1599359173022 HTTP/1.1" 200 1448 "http://www.deszkak.hu/admin16011/index.php?controller=AdminOrders&token=c1978206ebd196d9f154bec0d83018cf" "Mozilla/5.0 (Windows NT 6.1; Win64; x64) AppleWebKit/537.36 (KHTML, like Gecko) Chrome/85.0.4183.83 Safari/537.36"
192.99.14.130 - - [06/Sep/2020:04:26:56 +0200] "GET /hu/longboard/233-ram-longboard-lokz-chestnut.html HTTP/1.1" 301 - "-" "Mozilla/5.0 (compatible; MJ12bot/v1.4.8; http://mj12bot.com/)"
89.132.225.94 - - [06/Sep/2020:04:28:05 +0200] "POST /admin16011/ajax.php?rand=1599359283024 HTTP/1.1" 200 2847 "http://www.deszkak.hu/admin16011/index.php?controller=AdminOrders&token=0209ffce19e7478d67c5c840bf0a38da" "Mozilla/5.0 (Windows NT 6.1; Win64; x64) AppleWebKit/537.36 (KHTML, like Gecko) Chrome/85.0.4183.83 Safari/537.36"
89.132.225.94 - - [06/Sep/2020:04:28:16 +0200] "POST /admin16011/ajax.php?rand=1599359294028 HTTP/1.1" 200 1448 "http://www.deszkak.hu/admin16011/index.php?controller=AdminOrders&token=c1978206ebd196d9f154bec0d83018cf" "Mozilla/5.0 (Windows NT 6.1; Win64; x64) AppleWebKit/537.36 (KHTML, like Gecko) Chrome/85.0.4183.83 Safari/537.36"
178.154.200.59 - - [06/Sep/2020:04:28:40 +0200] "GET /4410-home_default/enuff-hologram-gordeszka-fekete.jpg HTTP/1.1" 304 - "-" "Mozilla/5.0 (compatible; YandexImages/3.0; +http://yandex.com/bots)"
66.249.92.71 - - [06/Sep/2020:04:29:28 +0200] "GET /hu/32-wave-board HTTP/1.1" 301 - "-" "Mozilla/5.0 (iPhone; CPU iPhone OS 9_1 like Mac OS X) AppleWebKit/601.1.46 (KHTML, like Gecko) Version/9.0 Mobile/13B143 Safari/601.1 (compatible; AdsBot-Google-Mobile; +http://www.google.com/mobile/adsbot.html)"
89.132.225.94 - - [06/Sep/2020:04:30:06 +0200] "POST /admin16011/ajax.php?rand=1599359404041 HTTP/1.1" 200 2847 "http://www.deszkak.hu/admin16011/index.php?controller=AdminOrders&token=0209ffce19e7478d67c5c840bf0a38da" "Mozilla/5.0 (Windows NT 6.1; Win64; x64) AppleWebKit/537.36 (KHTML, like Gecko) Chrome/85.0.4183.83 Safari/537.36"
89.132.225.94 - - [06/Sep/2020:04:30:17 +0200] "POST /admin16011/ajax.php?rand=1599359415023 HTTP/1.1" 200 1448 "http://www.deszkak.hu/admin16011/index.php?controller=AdminOrders&token=c1978206ebd196d9f154bec0d83018cf" "Mozilla/5.0 (Windows NT 6.1; Win64; x64) AppleWebKit/537.36 (KHTML, like Gecko) Chrome/85.0.4183.83 Safari/537.36"
192.99.14.130 - - [06/Sep/2020:04:31:43 +0200] "GET /hu/longboard/244-ram-longboard-miloh-mahogany-roset.html HTTP/1.1" 301 - "-" "Mozilla/5.0 (compatible; MJ12bot/v1.4.8; http://mj12bot.com/)"
89.132.225.94 - - [06/Sep/2020:04:32:07 +0200] "POST /admin16011/ajax.php?rand=1599359525027 HTTP/1.1" 200 2847 "http://www.deszkak.hu/admin16011/index.php?controller=AdminOrders&token=0209ffce19e7478d67c5c840bf0a38da" "Mozilla/5.0 (Windows NT 6.1; Win64; x64) AppleWebKit/537.36 (KHTML, like Gecko) Chrome/85.0.4183.83 Safari/537.36"
89.132.225.94 - - [06/Sep/2020:04:32:18 +0200] "POST /admin16011/ajax.php?rand=1599359536031 HTTP/1.1" 200 1448 "http://www.deszkak.hu/admin16011/index.php?controller=AdminOrders&token=c1978206ebd196d9f154bec0d83018cf" "Mozilla/5.0 (Windows NT 6.1; Win64; x64) AppleWebKit/537.36 (KHTML, like Gecko) Chrome/85.0.4183.83 Safari/537.36"
89.132.225.94 - - [06/Sep/2020:04:34:08 +0200] "POST /admin16011/ajax.php?rand=1599359646026 HTTP/1.1" 200 2847 "http://www.deszkak.hu/admin16011/index.php?controller=AdminOrders&token=0209ffce19e7478d67c5c840bf0a38da" "Mozilla/5.0 (Windows NT 6.1; Win64; x64) AppleWebKit/537.36 (KHTML, like Gecko) Chrome/85.0.4183.83 Safari/537.36"
89.132.225.94 - - [06/Sep/2020:04:34:19 +0200] "POST /admin16011/ajax.php?rand=1599359657027 HTTP/1.1" 200 1448 "http://www.deszkak.hu/admin16011/index.php?controller=AdminOrders&token=c1978206ebd196d9f154bec0d83018cf" "Mozilla/5.0 (Windows NT 6.1; Win64; x64) AppleWebKit/537.36 (KHTML, like Gecko) Chrome/85.0.4183.83 Safari/537.36"
192.99.14.130 - - [06/Sep/2020:04:35:17 +0200] "GET /hu/longboard/247-ram-longboard-miloh-phantom.html HTTP/1.1" 301 - "-" "Mozilla/5.0 (compatible; MJ12bot/v1.4.8; http://mj12bot.com/)"
89.132.225.94 - - [06/Sep/2020:04:36:09 +0200] "POST /admin16011/ajax.php?rand=1599359767037 HTTP/1.1" 200 2847 "http://www.deszkak.hu/admin16011/index.php?controller=AdminOrders&token=0209ffce19e7478d67c5c840bf0a38da" "Mozilla/5.0 (Windows NT 6.1; Win64; x64) AppleWebKit/537.36 (KHTML, like Gecko) Chrome/85.0.4183.83 Safari/537.36"
89.132.225.94 - - [06/Sep/2020:04:36:20 +0200] "POST /admin16011/ajax.php?rand=1599359778030 HTTP/1.1" 200 1448 "http://www.deszkak.hu/admin16011/index.php?controller=AdminOrders&token=c1978206ebd196d9f154bec0d83018cf" "Mozilla/5.0 (Windows NT 6.1; Win64; x64) AppleWebKit/537.36 (KHTML, like Gecko) Chrome/85.0.4183.83 Safari/537.36"
192.99.14.130 - - [06/Sep/2020:04:37:28 +0200] "GET /hu/longboard/249-ram-longboard-ciemah-rosewood.html HTTP/1.1" 301 - "-" "Mozilla/5.0 (compatible; MJ12bot/v1.4.8; http://mj12bot.com/)"
89.132.225.94 - - [06/Sep/2020:04:38:10 +0200] "POST /admin16011/ajax.php?rand=1599359888029 HTTP/1.1" 200 2847 "http://www.deszkak.hu/admin16011/index.php?controller=AdminOrders&token=0209ffce19e7478d67c5c840bf0a38da" "Mozilla/5.0 (Windows NT 6.1; Win64; x64) AppleWebKit/537.36 (KHTML, like Gecko) Chrome/85.0.4183.83 Safari/537.36"
178.154.200.59 - - [06/Sep/2020:04:39:25 +0200] "GET /2860-large_default/enuff-floral-gordeszka-kek.jpg HTTP/1.1" 200 45104 "-" "Mozilla/5.0 (compatible; YandexImages/3.0; +http://yandex.com/bots)"
89.132.225.94 - - [06/Sep/2020:04:38:21 +0200] "POST /admin16011/ajax.php?rand=1599359899028 HTTP/1.1" 200 1448 "http://www.deszkak.hu/admin16011/index.php?controller=AdminOrders&token=c1978206ebd196d9f154bec0d83018cf" "Mozilla/5.0 (Windows NT 6.1; Win64; x64) AppleWebKit/537.36 (KHTML, like Gecko) Chrome/85.0.4183.83 Safari/537.36"
89.132.225.94 - - [06/Sep/2020:04:40:11 +0200] "POST /admin16011/ajax.php?rand=1599360009030 HTTP/1.1" 200 2847 "http://www.deszkak.hu/admin16011/index.php?controller=AdminOrders&token=0209ffce19e7478d67c5c840bf0a38da" "Mozilla/5.0 (Windows NT 6.1; Win64; x64) AppleWebKit/537.36 (KHTML, like Gecko) Chrome/85.0.4183.83 Safari/537.36"
89.132.225.94 - - [06/Sep/2020:04:40:22 +0200] "POST /admin16011/ajax.php?rand=1599360020035 HTTP/1.1" 200 1448 "http://www.deszkak.hu/admin16011/index.php?controller=AdminOrders&token=c1978206ebd196d9f154bec0d83018cf" "Mozilla/5.0 (Windows NT 6.1; Win64; x64) AppleWebKit/537.36 (KHTML, like Gecko) Chrome/85.0.4183.83 Safari/537.36"
192.99.14.130 - - [06/Sep/2020:04:41:18 +0200] "GET /hu/longboard/30-area-69mm-longboard-kerek-fekete.html HTTP/1.1" 301 - "-" "Mozilla/5.0 (compatible; MJ12bot/v1.4.8; http://mj12bot.com/)"
89.132.225.94 - - [06/Sep/2020:04:42:12 +0200] "POST /admin16011/ajax.php?rand=1599360130029 HTTP/1.1" 200 2847 "http://www.deszkak.hu/admin16011/index.php?controller=AdminOrders&token=0209ffce19e7478d67c5c840bf0a38da" "Mozilla/5.0 (Windows NT 6.1; Win64; x64) AppleWebKit/537.36 (KHTML, like Gecko) Chrome/85.0.4183.83 Safari/537.36"
89.132.225.94 - - [06/Sep/2020:04:42:23 +0200] "POST /admin16011/ajax.php?rand=1599360141029 HTTP/1.1" 200 1448 "http://www.deszkak.hu/admin16011/index.php?controller=AdminOrders&token=c1978206ebd196d9f154bec0d83018cf" "Mozilla/5.0 (Windows NT 6.1; Win64; x64) AppleWebKit/537.36 (KHTML, like Gecko) Chrome/85.0.4183.83 Safari/537.36"
192.99.14.130 - - [06/Sep/2020:04:42:16 +0200] "GET /hu/longboard/554-mindless-voodoo-makali-dh-narancs.html HTTP/1.1" 301 - "-" "Mozilla/5.0 (compatible; MJ12bot/v1.4.8; http://mj12bot.com/)"
207.46.13.126 - - [06/Sep/2020:04:42:47 +0200] "GET /3240-home_default/rio-roller-camo-gyerek-quad-gorkorcsolya-limitalt-kiadas.jpg HTTP/1.1" 200 19015 "-" "Mozilla/5.0 (compatible; bingbot/2.0; +http://www.bing.com/bingbot.htm)"
89.132.225.94 - - [06/Sep/2020:04:44:13 +0200] "POST /admin16011/ajax.php?rand=1599360251028 HTTP/1.1" 200 2847 "http://www.deszkak.hu/admin16011/index.php?controller=AdminOrders&token=0209ffce19e7478d67c5c840bf0a38da" "Mozilla/5.0 (Windows NT 6.1; Win64; x64) AppleWebKit/537.36 (KHTML, like Gecko) Chrome/85.0.4183.83 Safari/537.36"
89.132.225.94 - - [06/Sep/2020:04:44:24 +0200] "POST /admin16011/ajax.php?rand=1599360262028 HTTP/1.1" 200 1448 "http://www.deszkak.hu/admin16011/index.php?controller=AdminOrders&token=c1978206ebd196d9f154bec0d83018cf" "Mozilla/5.0 (Windows NT 6.1; Win64; x64) AppleWebKit/537.36 (KHTML, like Gecko) Chrome/85.0.4183.83 Safari/537.36"
192.99.14.130 - - [06/Sep/2020:04:44:54 +0200] "GET /hu/longboard/708-mindless-voodoo-maji-longboard-kerek-zold.html HTTP/1.1" 301 - "-" "Mozilla/5.0 (compatible; MJ12bot/v1.4.8; http://mj12bot.com/)"
89.132.225.94 - - [06/Sep/2020:04:46:14 +0200] "POST /admin16011/ajax.php?rand=1599360372028 HTTP/1.1" 200 2847 "http://www.deszkak.hu/admin16011/index.php?controller=AdminOrders&token=0209ffce19e7478d67c5c840bf0a38da" "Mozilla/5.0 (Windows NT 6.1; Win64; x64) AppleWebKit/537.36 (KHTML, like Gecko) Chrome/85.0.4183.83 Safari/537.36"
89.132.225.94 - - [06/Sep/2020:04:46:25 +0200] "POST /admin16011/ajax.php?rand=1599360383031 HTTP/1.1" 200 1448 "http://www.deszkak.hu/admin16011/index.php?controller=AdminOrders&token=c1978206ebd196d9f154bec0d83018cf" "Mozilla/5.0 (Windows NT 6.1; Win64; x64) AppleWebKit/537.36 (KHTML, like Gecko) Chrome/85.0.4183.83 Safari/537.36"
89.132.225.94 - - [06/Sep/2020:04:48:15 +0200] "POST /admin16011/ajax.php?rand=1599360493030 HTTP/1.1" 200 2847 "http://www.deszkak.hu/admin16011/index.php?controller=AdminOrders&token=0209ffce19e7478d67c5c840bf0a38da" "Mozilla/5.0 (Windows NT 6.1; Win64; x64) AppleWebKit/537.36 (KHTML, like Gecko) Chrome/85.0.4183.83 Safari/537.36"
89.132.225.94 - - [06/Sep/2020:04:48:26 +0200] "POST /admin16011/ajax.php?rand=1599360504033 HTTP/1.1" 200 1448 "http://www.deszkak.hu/admin16011/index.php?controller=AdminOrders&token=c1978206ebd196d9f154bec0d83018cf" "Mozilla/5.0 (Windows NT 6.1; Win64; x64) AppleWebKit/537.36 (KHTML, like Gecko) Chrome/85.0.4183.83 Safari/537.36"
141.8.142.88 - - [06/Sep/2020:04:49:25 +0200] "GET /2859-thickbox_default/enuff-floral-gordeszka-kek.jpg HTTP/1.1" 200 48201 "-" "Mozilla/5.0 (compatible; YandexImages/3.0; +http://yandex.com/bots)"
89.132.225.94 - - [06/Sep/2020:04:50:16 +0200] "POST /admin16011/ajax.php?rand=1599360614042 HTTP/1.1" 200 2847 "http://www.deszkak.hu/admin16011/index.php?controller=AdminOrders&token=0209ffce19e7478d67c5c840bf0a38da" "Mozilla/5.0 (Windows NT 6.1; Win64; x64) AppleWebKit/537.36 (KHTML, like Gecko) Chrome/85.0.4183.83 Safari/537.36"
89.132.225.94 - - [06/Sep/2020:04:50:27 +0200] "POST /admin16011/ajax.php?rand=1599360625029 HTTP/1.1" 200 1448 "http://www.deszkak.hu/admin16011/index.php?controller=AdminOrders&token=c1978206ebd196d9f154bec0d83018cf" "Mozilla/5.0 (Windows NT 6.1; Win64; x64) AppleWebKit/537.36 (KHTML, like Gecko) Chrome/85.0.4183.83 Safari/537.36"
66.249.66.130 - - [06/Sep/2020:04:52:28 +0200] "GET /hu/csapagyak/140-enuff-csapagyszett-black-608-2rs.html HTTP/1.1" 301 - "-" "Mozilla/5.0 (Linux; Android 6.0.1; Nexus 5X Build/MMB29P) AppleWebKit/537.36 (KHTML, like Gecko) Chrome/80.0.3987.92 Mobile Safari/537.36 (compatible; Googlebot/2.1; +http://www.google.com/bot.html)"
89.132.225.94 - - [06/Sep/2020:04:52:17 +0200] "POST /admin16011/ajax.php?rand=1599360735029 HTTP/1.1" 200 2847 "http://www.deszkak.hu/admin16011/index.php?controller=AdminOrders&token=0209ffce19e7478d67c5c840bf0a38da" "Mozilla/5.0 (Windows NT 6.1; Win64; x64) AppleWebKit/537.36 (KHTML, like Gecko) Chrome/85.0.4183.83 Safari/537.36"
89.132.225.94 - - [06/Sep/2020:04:52:28 +0200] "POST /admin16011/ajax.php?rand=1599360746039 HTTP/1.1" 200 1448 "http://www.deszkak.hu/admin16011/index.php?controller=AdminOrders&token=c1978206ebd196d9f154bec0d83018cf" "Mozilla/5.0 (Windows NT 6.1; Win64; x64) AppleWebKit/537.36 (KHTML, like Gecko) Chrome/85.0.4183.83 Safari/537.36"
89.132.225.94 - - [06/Sep/2020:04:54:18 +0200] "POST /admin16011/ajax.php?rand=1599360856031 HTTP/1.1" 200 2847 "http://www.deszkak.hu/admin16011/index.php?controller=AdminOrders&token=0209ffce19e7478d67c5c840bf0a38da" "Mozilla/5.0 (Windows NT 6.1; Win64; x64) AppleWebKit/537.36 (KHTML, like Gecko) Chrome/85.0.4183.83 Safari/537.36"
89.132.225.94 - - [06/Sep/2020:04:54:29 +0200] "POST /admin16011/ajax.php?rand=1599360867031 HTTP/1.1" 200 1448 "http://www.deszkak.hu/admin16011/index.php?controller=AdminOrders&token=c1978206ebd196d9f154bec0d83018cf" "Mozilla/5.0 (Windows NT 6.1; Win64; x64) AppleWebKit/537.36 (KHTML, like Gecko) Chrome/85.0.4183.83 Safari/537.36"
141.8.142.88 - - [06/Sep/2020:04:56:20 +0200] "GET /1081-home_default/area-candyboard-cruiser-blue-black.jpg HTTP/1.1" 200 12278 "-" "Mozilla/5.0 (compatible; YandexImages/3.0; +http://yandex.com/bots)"
89.132.225.94 - - [06/Sep/2020:04:56:19 +0200] "POST /admin16011/ajax.php?rand=1599360977031 HTTP/1.1" 200 2847 "http://www.deszkak.hu/admin16011/index.php?controller=AdminOrders&token=0209ffce19e7478d67c5c840bf0a38da" "Mozilla/5.0 (Windows NT 6.1; Win64; x64) AppleWebKit/537.36 (KHTML, like Gecko) Chrome/85.0.4183.83 Safari/537.36"
89.132.225.94 - - [06/Sep/2020:04:56:30 +0200] "POST /admin16011/ajax.php?rand=1599360988036 HTTP/1.1" 200 1448 "http://www.deszkak.hu/admin16011/index.php?controller=AdminOrders&token=c1978206ebd196d9f154bec0d83018cf" "Mozilla/5.0 (Windows NT 6.1; Win64; x64) AppleWebKit/537.36 (KHTML, like Gecko) Chrome/85.0.4183.83 Safari/537.36"
66.249.66.130 - - [06/Sep/2020:04:57:52 +0200] "GET /en/quad-skate/1148-sfr-vision-ii-kids-quad-skate-tropical.html HTTP/1.1" 301 - "-" "Mozilla/5.0 (compatible; Googlebot/2.1; +http://www.google.com/bot.html)"
89.132.225.94 - - [06/Sep/2020:04:58:20 +0200] "POST /admin16011/ajax.php?rand=1599361098032 HTTP/1.1" 200 2847 "http://www.deszkak.hu/admin16011/index.php?controller=AdminOrders&token=0209ffce19e7478d67c5c840bf0a38da" "Mozilla/5.0 (Windows NT 6.1; Win64; x64) AppleWebKit/537.36 (KHTML, like Gecko) Chrome/85.0.4183.83 Safari/537.36"
89.132.225.94 - - [06/Sep/2020:04:58:31 +0200] "POST /admin16011/ajax.php?rand=1599361109035 HTTP/1.1" 200 1448 "http://www.deszkak.hu/admin16011/index.php?controller=AdminOrders&token=c1978206ebd196d9f154bec0d83018cf" "Mozilla/5.0 (Windows NT 6.1; Win64; x64) AppleWebKit/537.36 (KHTML, like Gecko) Chrome/85.0.4183.83 Safari/537.36"
89.132.225.94 - - [06/Sep/2020:05:00:21 +0200] "POST /admin16011/ajax.php?rand=1599361219035 HTTP/1.1" 200 2847 "http://www.deszkak.hu/admin16011/index.php?controller=AdminOrders&token=0209ffce19e7478d67c5c840bf0a38da" "Mozilla/5.0 (Windows NT 6.1; Win64; x64) AppleWebKit/537.36 (KHTML, like Gecko) Chrome/85.0.4183.83 Safari/537.36"
89.132.225.94 - - [06/Sep/2020:05:00:32 +0200] "POST /admin16011/ajax.php?rand=1599361230038 HTTP/1.1" 200 1448 "http://www.deszkak.hu/admin16011/index.php?controller=AdminOrders&token=c1978206ebd196d9f154bec0d83018cf" "Mozilla/5.0 (Windows NT 6.1; Win64; x64) AppleWebKit/537.36 (KHTML, like Gecko) Chrome/85.0.4183.83 Safari/537.36"
89.132.225.94 - - [06/Sep/2020:05:02:22 +0200] "POST /admin16011/ajax.php?rand=1599361340037 HTTP/1.1" 200 2847 "http://www.deszkak.hu/admin16011/index.php?controller=AdminOrders&token=0209ffce19e7478d67c5c840bf0a38da" "Mozilla/5.0 (Windows NT 6.1; Win64; x64) AppleWebKit/537.36 (KHTML, like Gecko) Chrome/85.0.4183.83 Safari/537.36"
89.132.225.94 - - [06/Sep/2020:05:02:33 +0200] "POST /admin16011/ajax.php?rand=1599361351035 HTTP/1.1" 200 1448 "http://www.deszkak.hu/admin16011/index.php?controller=AdminOrders&token=c1978206ebd196d9f154bec0d83018cf" "Mozilla/5.0 (Windows NT 6.1; Win64; x64) AppleWebKit/537.36 (KHTML, like Gecko) Chrome/85.0.4183.83 Safari/537.36"
216.244.66.194 - - [06/Sep/2020:05:03:45 +0200] "GET /en/longboard/1116-sp-redemptions-longboard-72mm-rainwheels-white.html HTTP/1.1" 301 - "-" "Mozilla/5.0 (compatible; DotBot/1.1; http://www.opensiteexplorer.org/dotbot, help@moz.com)"
94.21.145.192 - - [06/Sep/2020:05:03:59 +0200] "GET /hu/contact-us HTTP/1.1" 301 - "-" "Mozilla/5.0 (Windows NT 6.3; Win64; x64) AppleWebKit/537.36 (KHTML, like Gecko) Chrome/84.0.4147.135 Safari/537.36"
216.244.66.194 - - [06/Sep/2020:05:03:55 +0200] "GET /en/cart?add=1&id_product=949&token=dd1548e4374f499b814aa1cfc96bc198 HTTP/1.1" 301 - "-" "Mozilla/5.0 (compatible; DotBot/1.1; http://www.opensiteexplorer.org/dotbot, help@moz.com)"
216.244.66.194 - - [06/Sep/2020:05:03:50 +0200] "GET /en/helmets/1475-pro-tec-classic-certified-helmet-caballero-pin-stripe.html HTTP/1.1" 301 - "-" "Mozilla/5.0 (compatible; DotBot/1.1; http://www.opensiteexplorer.org/dotbot, help@moz.com)"
89.132.225.94 - - [06/Sep/2020:05:04:23 +0200] "POST /admin16011/ajax.php?rand=1599361461035 HTTP/1.1" 200 2847 "http://www.deszkak.hu/admin16011/index.php?controller=AdminOrders&token=0209ffce19e7478d67c5c840bf0a38da" "Mozilla/5.0 (Windows NT 6.1; Win64; x64) AppleWebKit/537.36 (KHTML, like Gecko) Chrome/85.0.4183.83 Safari/537.36"
89.132.225.94 - - [06/Sep/2020:05:04:34 +0200] "POST /admin16011/ajax.php?rand=1599361472043 HTTP/1.1" 200 1448 "http://www.deszkak.hu/admin16011/index.php?controller=AdminOrders&token=c1978206ebd196d9f154bec0d83018cf" "Mozilla/5.0 (Windows NT 6.1; Win64; x64) AppleWebKit/537.36 (KHTML, like Gecko) Chrome/85.0.4183.83 Safari/537.36"
141.8.142.65 - - [06/Sep/2020:05:06:26 +0200] "GET /400-large_default/mindless-drop-thru-bolts-black.jpg HTTP/1.1" 304 - "-" "Mozilla/5.0 (compatible; YandexImages/3.0; +http://yandex.com/bots)"
89.132.225.94 - - [06/Sep/2020:05:06:24 +0200] "POST /admin16011/ajax.php?rand=1599361582038 HTTP/1.1" 200 2847 "http://www.deszkak.hu/admin16011/index.php?controller=AdminOrders&token=0209ffce19e7478d67c5c840bf0a38da" "Mozilla/5.0 (Windows NT 6.1; Win64; x64) AppleWebKit/537.36 (KHTML, like Gecko) Chrome/85.0.4183.83 Safari/537.36"
89.132.225.94 - - [06/Sep/2020:05:06:35 +0200] "POST /admin16011/ajax.php?rand=1599361593045 HTTP/1.1" 200 1448 "http://www.deszkak.hu/admin16011/index.php?controller=AdminOrders&token=c1978206ebd196d9f154bec0d83018cf" "Mozilla/5.0 (Windows NT 6.1; Win64; x64) AppleWebKit/537.36 (KHTML, like Gecko) Chrome/85.0.4183.83 Safari/537.36"
89.132.225.94 - - [06/Sep/2020:05:08:25 +0200] "POST /admin16011/ajax.php?rand=1599361703036 HTTP/1.1" 200 2847 "http://www.deszkak.hu/admin16011/index.php?controller=AdminOrders&token=0209ffce19e7478d67c5c840bf0a38da" "Mozilla/5.0 (Windows NT 6.1; Win64; x64) AppleWebKit/537.36 (KHTML, like Gecko) Chrome/85.0.4183.83 Safari/537.36"
89.132.225.94 - - [06/Sep/2020:05:08:36 +0200] "POST /admin16011/ajax.php?rand=1599361714037 HTTP/1.1" 200 1448 "http://www.deszkak.hu/admin16011/index.php?controller=AdminOrders&token=c1978206ebd196d9f154bec0d83018cf" "Mozilla/5.0 (Windows NT 6.1; Win64; x64) AppleWebKit/537.36 (KHTML, like Gecko) Chrome/85.0.4183.83 Safari/537.36"
157.55.39.156 - - [06/Sep/2020:05:09:34 +0200] "GET /en/cart?add=1&id_product=1818&token=dd1548e4374f499b814aa1cfc96bc198 HTTP/1.1" 301 - "-" "Mozilla/5.0 (compatible; bingbot/2.0; +http://www.bing.com/bingbot.htm)"
89.132.225.94 - - [06/Sep/2020:05:10:26 +0200] "POST /admin16011/ajax.php?rand=1599361824040 HTTP/1.1" 200 2847 "http://www.deszkak.hu/admin16011/index.php?controller=AdminOrders&token=0209ffce19e7478d67c5c840bf0a38da" "Mozilla/5.0 (Windows NT 6.1; Win64; x64) AppleWebKit/537.36 (KHTML, like Gecko) Chrome/85.0.4183.83 Safari/537.36"
89.132.225.94 - - [06/Sep/2020:05:10:37 +0200] "POST /admin16011/ajax.php?rand=1599361835039 HTTP/1.1" 200 1448 "http://www.deszkak.hu/admin16011/index.php?controller=AdminOrders&token=c1978206ebd196d9f154bec0d83018cf" "Mozilla/5.0 (Windows NT 6.1; Win64; x64) AppleWebKit/537.36 (KHTML, like Gecko) Chrome/85.0.4183.83 Safari/537.36"
213.186.4.78 - - [06/Sep/2020:05:11:45 +0200] "GET /hu/16-alkatreszek HTTP/1.1" 301 - "-" "Mediatoolkitbot (complaints@mediatoolkit.com)"
89.132.225.94 - - [06/Sep/2020:05:12:27 +0200] "POST /admin16011/ajax.php?rand=1599361945035 HTTP/1.1" 200 2847 "http://www.deszkak.hu/admin16011/index.php?controller=AdminOrders&token=0209ffce19e7478d67c5c840bf0a38da" "Mozilla/5.0 (Windows NT 6.1; Win64; x64) AppleWebKit/537.36 (KHTML, like Gecko) Chrome/85.0.4183.83 Safari/537.36"
89.132.225.94 - - [06/Sep/2020:05:12:38 +0200] "POST /admin16011/ajax.php?rand=1599361956042 HTTP/1.1" 200 1448 "http://www.deszkak.hu/admin16011/index.php?controller=AdminOrders&token=c1978206ebd196d9f154bec0d83018cf" "Mozilla/5.0 (Windows NT 6.1; Win64; x64) AppleWebKit/537.36 (KHTML, like Gecko) Chrome/85.0.4183.83 Safari/537.36"
89.132.225.94 - - [06/Sep/2020:05:14:28 +0200] "POST /admin16011/ajax.php?rand=1599362066042 HTTP/1.1" 200 2847 "http://www.deszkak.hu/admin16011/index.php?controller=AdminOrders&token=0209ffce19e7478d67c5c840bf0a38da" "Mozilla/5.0 (Windows NT 6.1; Win64; x64) AppleWebKit/537.36 (KHTML, like Gecko) Chrome/85.0.4183.83 Safari/537.36"
89.132.225.94 - - [06/Sep/2020:05:14:39 +0200] "POST /admin16011/ajax.php?rand=1599362077041 HTTP/1.1" 200 1448 "http://www.deszkak.hu/admin16011/index.php?controller=AdminOrders&token=c1978206ebd196d9f154bec0d83018cf" "Mozilla/5.0 (Windows NT 6.1; Win64; x64) AppleWebKit/537.36 (KHTML, like Gecko) Chrome/85.0.4183.83 Safari/537.36"
89.132.225.94 - - [06/Sep/2020:05:16:29 +0200] "POST /admin16011/ajax.php?rand=1599362187041 HTTP/1.1" 200 2847 "http://www.deszkak.hu/admin16011/index.php?controller=AdminOrders&token=0209ffce19e7478d67c5c840bf0a38da" "Mozilla/5.0 (Windows NT 6.1; Win64; x64) AppleWebKit/537.36 (KHTML, like Gecko) Chrome/85.0.4183.83 Safari/537.36"
89.132.225.94 - - [06/Sep/2020:05:16:40 +0200] "POST /admin16011/ajax.php?rand=1599362198037 HTTP/1.1" 200 1448 "http://www.deszkak.hu/admin16011/index.php?controller=AdminOrders&token=c1978206ebd196d9f154bec0d83018cf" "Mozilla/5.0 (Windows NT 6.1; Win64; x64) AppleWebKit/537.36 (KHTML, like Gecko) Chrome/85.0.4183.83 Safari/537.36"
89.132.225.94 - - [06/Sep/2020:05:18:30 +0200] "POST /admin16011/ajax.php?rand=1599362308064 HTTP/1.1" 200 2847 "http://www.deszkak.hu/admin16011/index.php?controller=AdminOrders&token=0209ffce19e7478d67c5c840bf0a38da" "Mozilla/5.0 (Windows NT 6.1; Win64; x64) AppleWebKit/537.36 (KHTML, like Gecko) Chrome/85.0.4183.83 Safari/537.36"
89.132.225.94 - - [06/Sep/2020:05:18:41 +0200] "POST /admin16011/ajax.php?rand=1599362319041 HTTP/1.1" 200 1448 "http://www.deszkak.hu/admin16011/index.php?controller=AdminOrders&token=c1978206ebd196d9f154bec0d83018cf" "Mozilla/5.0 (Windows NT 6.1; Win64; x64) AppleWebKit/537.36 (KHTML, like Gecko) Chrome/85.0.4183.83 Safari/537.36"
89.132.225.94 - - [06/Sep/2020:05:20:31 +0200] "POST /admin16011/ajax.php?rand=1599362429040 HTTP/1.1" 200 2847 "http://www.deszkak.hu/admin16011/index.php?controller=AdminOrders&token=0209ffce19e7478d67c5c840bf0a38da" "Mozilla/5.0 (Windows NT 6.1; Win64; x64) AppleWebKit/537.36 (KHTML, like Gecko) Chrome/85.0.4183.83 Safari/537.36"
89.132.225.94 - - [06/Sep/2020:05:20:42 +0200] "POST /admin16011/ajax.php?rand=1599362440044 HTTP/1.1" 200 1448 "http://www.deszkak.hu/admin16011/index.php?controller=AdminOrders&token=c1978206ebd196d9f154bec0d83018cf" "Mozilla/5.0 (Windows NT 6.1; Win64; x64) AppleWebKit/537.36 (KHTML, like Gecko) Chrome/85.0.4183.83 Safari/537.36"
89.132.225.94 - - [06/Sep/2020:05:22:43 +0200] "POST /admin16011/ajax.php?rand=1599362561040 HTTP/1.1" 200 1448 "http://www.deszkak.hu/admin16011/index.php?controller=AdminOrders&token=c1978206ebd196d9f154bec0d83018cf" "Mozilla/5.0 (Windows NT 6.1; Win64; x64) AppleWebKit/537.36 (KHTML, like Gecko) Chrome/85.0.4183.83 Safari/537.36"
89.132.225.94 - - [06/Sep/2020:05:22:32 +0200] "POST /admin16011/ajax.php?rand=1599362550039 HTTP/1.1" 200 2847 "http://www.deszkak.hu/admin16011/index.php?controller=AdminOrders&token=0209ffce19e7478d67c5c840bf0a38da" "Mozilla/5.0 (Windows NT 6.1; Win64; x64) AppleWebKit/537.36 (KHTML, like Gecko) Chrome/85.0.4183.83 Safari/537.36"
89.132.225.94 - - [06/Sep/2020:05:24:33 +0200] "POST /admin16011/ajax.php?rand=1599362671039 HTTP/1.1" 200 2847 "http://www.deszkak.hu/admin16011/index.php?controller=AdminOrders&token=0209ffce19e7478d67c5c840bf0a38da" "Mozilla/5.0 (Windows NT 6.1; Win64; x64) AppleWebKit/537.36 (KHTML, like Gecko) Chrome/85.0.4183.83 Safari/537.36"
89.132.225.94 - - [06/Sep/2020:05:24:44 +0200] "POST /admin16011/ajax.php?rand=1599362682049 HTTP/1.1" 200 1448 "http://www.deszkak.hu/admin16011/index.php?controller=AdminOrders&token=c1978206ebd196d9f154bec0d83018cf" "Mozilla/5.0 (Windows NT 6.1; Win64; x64) AppleWebKit/537.36 (KHTML, like Gecko) Chrome/85.0.4183.83 Safari/537.36"
89.132.225.94 - - [06/Sep/2020:05:26:34 +0200] "POST /admin16011/ajax.php?rand=1599362792039 HTTP/1.1" 200 2847 "http://www.deszkak.hu/admin16011/index.php?controller=AdminOrders&token=0209ffce19e7478d67c5c840bf0a38da" "Mozilla/5.0 (Windows NT 6.1; Win64; x64) AppleWebKit/537.36 (KHTML, like Gecko) Chrome/85.0.4183.83 Safari/537.36"
89.132.225.94 - - [06/Sep/2020:05:26:45 +0200] "POST /admin16011/ajax.php?rand=1599362803051 HTTP/1.1" 200 1448 "http://www.deszkak.hu/admin16011/index.php?controller=AdminOrders&token=c1978206ebd196d9f154bec0d83018cf" "Mozilla/5.0 (Windows NT 6.1; Win64; x64) AppleWebKit/537.36 (KHTML, like Gecko) Chrome/85.0.4183.83 Safari/537.36"
89.132.225.94 - - [06/Sep/2020:05:28:35 +0200] "POST /admin16011/ajax.php?rand=1599362913043 HTTP/1.1" 200 2847 "http://www.deszkak.hu/admin16011/index.php?controller=AdminOrders&token=0209ffce19e7478d67c5c840bf0a38da" "Mozilla/5.0 (Windows NT 6.1; Win64; x64) AppleWebKit/537.36 (KHTML, like Gecko) Chrome/85.0.4183.83 Safari/537.36"
89.132.225.94 - - [06/Sep/2020:05:28:46 +0200] "POST /admin16011/ajax.php?rand=1599362924049 HTTP/1.1" 200 1448 "http://www.deszkak.hu/admin16011/index.php?controller=AdminOrders&token=c1978206ebd196d9f154bec0d83018cf" "Mozilla/5.0 (Windows NT 6.1; Win64; x64) AppleWebKit/537.36 (KHTML, like Gecko) Chrome/85.0.4183.83 Safari/537.36"
89.132.225.94 - - [06/Sep/2020:05:30:36 +0200] "POST /admin16011/ajax.php?rand=1599363034043 HTTP/1.1" 200 2847 "http://www.deszkak.hu/admin16011/index.php?controller=AdminOrders&token=0209ffce19e7478d67c5c840bf0a38da" "Mozilla/5.0 (Windows NT 6.1; Win64; x64) AppleWebKit/537.36 (KHTML, like Gecko) Chrome/85.0.4183.83 Safari/537.36"
89.132.225.94 - - [06/Sep/2020:05:30:47 +0200] "POST /admin16011/ajax.php?rand=1599363045042 HTTP/1.1" 200 1448 "http://www.deszkak.hu/admin16011/index.php?controller=AdminOrders&token=c1978206ebd196d9f154bec0d83018cf" "Mozilla/5.0 (Windows NT 6.1; Win64; x64) AppleWebKit/537.36 (KHTML, like Gecko) Chrome/85.0.4183.83 Safari/537.36"
207.46.13.187 - - [06/Sep/2020:05:30:02 +0200] "GET /2639-large_default/steadfast-gels-50mm-skateboard-wheels-green.jpg HTTP/1.1" 200 34781 "-" "Mozilla/5.0 (compatible; bingbot/2.0; +http://www.bing.com/bingbot.htm)"
