207.46.13.126 - - [08/Sep/2020:03:16:16 +0200] "GET /1698-thickbox_default/sushi-chrome-steel-bearings-abec-7.jpg HTTP/1.1" 301 372 "-" "Mozilla/5.0 (compatible; bingbot/2.0; +http://www.bing.com/bingbot.htm)"
87.106.204.37 - - [08/Sep/2020:03:20:11 +0200] "GET /wp/wp-admin/setup-config.php HTTP/1.1" 301 340 "-" "python-requests/2.24.0"
87.106.204.37 - - [08/Sep/2020:03:20:15 +0200] "GET /wp5/wp-admin/setup-config.php HTTP/1.1" 301 341 "-" "python-requests/2.24.0"
87.106.204.37 - - [08/Sep/2020:03:20:20 +0200] "GET /en/wp-admin/setup-config.php HTTP/1.1" 301 340 "-" "python-requests/2.24.0"
87.106.204.37 - - [08/Sep/2020:03:20:10 +0200] "GET /wp-admin/setup-config.php HTTP/1.1" 301 337 "-" "python-requests/2.24.0"
87.106.204.37 - - [08/Sep/2020:03:20:13 +0200] "GET /wp3/wp-admin/setup-config.php HTTP/1.1" 301 341 "-" "python-requests/2.24.0"
87.106.204.37 - - [08/Sep/2020:03:20:24 +0200] "GET /myblog/wp-admin/setup-config.php HTTP/1.1" 301 344 "-" "python-requests/2.24.0"
87.106.204.37 - - [08/Sep/2020:03:20:30 +0200] "GET /site/wp-admin/setup-config.php HTTP/1.1" 301 342 "-" "python-requests/2.24.0"
87.106.204.37 - - [08/Sep/2020:03:20:10 +0200] "GET /wordpress/wp-admin/setup-config.php HTTP/1.1" 301 347 "-" "python-requests/2.24.0"
87.106.204.37 - - [08/Sep/2020:03:20:14 +0200] "GET /wp4/wp-admin/setup-config.php HTTP/1.1" 301 341 "-" "python-requests/2.24.0"
87.106.204.37 - - [08/Sep/2020:03:20:41 +0200] "GET /home/wp-admin/setup-config.php HTTP/1.1" 301 342 "-" "python-requests/2.24.0"
87.106.204.37 - - [08/Sep/2020:03:20:17 +0200] "GET /example/wp-admin/setup-config.php HTTP/1.1" 301 345 "-" "python-requests/2.24.0"
87.106.204.37 - - [08/Sep/2020:03:20:23 +0200] "GET /oldsite/wp-admin/setup-config.php HTTP/1.1" 301 345 "-" "python-requests/2.24.0"
87.106.204.37 - - [08/Sep/2020:03:20:29 +0200] "GET /testwordpress/wp-admin/setup-config.php HTTP/1.1" 301 351 "-" "python-requests/2.24.0"
87.106.204.37 - - [08/Sep/2020:03:20:36 +0200] "GET /wpsite/wp-admin/setup-config.php HTTP/1.1" 301 344 "-" "python-requests/2.24.0"
87.106.204.37 - - [08/Sep/2020:03:20:43 +0200] "GET /wp1/wp-admin/setup-config.php HTTP/1.1" 301 341 "-" "python-requests/2.24.0"
87.106.204.37 - - [08/Sep/2020:03:20:47 +0200] "GET /2018/wp-admin/setup-config.php HTTP/1.1" 301 342 "-" "python-requests/2.24.0"
87.106.204.37 - - [08/Sep/2020:03:20:51 +0200] "GET /v5/wp-admin/setup-config.php HTTP/1.1" 301 340 "-" "python-requests/2.24.0"
87.106.204.37 - - [08/Sep/2020:03:20:19 +0200] "GET /ex/wp-admin/setup-config.php HTTP/1.1" 301 340 "-" "python-requests/2.24.0"
87.106.204.37 - - [08/Sep/2020:03:20:25 +0200] "GET /newblog/wp-admin/setup-config.php HTTP/1.1" 301 345 "-" "python-requests/2.24.0"
87.106.204.37 - - [08/Sep/2020:03:20:31 +0200] "GET /new/wp-admin/setup-config.php HTTP/1.1" 301 341 "-" "python-requests/2.24.0"
87.106.204.37 - - [08/Sep/2020:03:20:37 +0200] "GET /wpwebsite/wp-admin/setup-config.php HTTP/1.1" 301 347 "-" "python-requests/2.24.0"
87.106.204.37 - - [08/Sep/2020:03:20:40 +0200] "GET /backup/wp-admin/setup-config.php HTTP/1.1" 301 344 "-" "python-requests/2.24.0"
87.106.204.37 - - [08/Sep/2020:03:20:12 +0200] "GET /wp2/wp-admin/setup-config.php HTTP/1.1" 301 341 "-" "python-requests/2.24.0"
87.106.204.37 - - [08/Sep/2020:03:20:16 +0200] "GET /blog/wp-admin/setup-config.php HTTP/1.1" 301 342 "-" "python-requests/2.24.0"
87.106.204.37 - - [08/Sep/2020:03:20:23 +0200] "GET /admin/wp-admin/setup-config.php HTTP/1.1" 301 343 "-" "python-requests/2.24.0"
87.106.204.37 - - [08/Sep/2020:03:20:27 +0200] "GET /testwp/wp-admin/setup-config.php HTTP/1.1" 301 344 "-" "python-requests/2.24.0"
87.106.204.37 - - [08/Sep/2020:03:20:33 +0200] "GET /try/wp-admin/setup-config.php HTTP/1.1" 301 341 "-" "python-requests/2.24.0"
87.106.204.37 - - [08/Sep/2020:03:20:38 +0200] "GET /wordpresswebsite/wp-admin/setup-config.php HTTP/1.1" 301 354 "-" "python-requests/2.24.0"
87.106.204.37 - - [08/Sep/2020:03:20:48 +0200] "GET /v1/wp-admin/setup-config.php HTTP/1.1" 301 340 "-" "python-requests/2.24.0"
87.106.204.37 - - [08/Sep/2020:03:20:21 +0200] "GET /es/wp-admin/setup-config.php HTTP/1.1" 301 340 "-" "python-requests/2.24.0"
87.106.204.37 - - [08/Sep/2020:03:20:27 +0200] "GET /test/wp-admin/setup-config.php HTTP/1.1" 301 342 "-" "python-requests/2.24.0"
87.106.204.37 - - [08/Sep/2020:03:20:33 +0200] "GET /main/wp-admin/setup-config.php HTTP/1.1" 301 342 "-" "python-requests/2.24.0"
87.106.204.37 - - [08/Sep/2020:03:20:45 +0200] "GET /2020/wp-admin/setup-config.php HTTP/1.1" 301 342 "-" "python-requests/2.24.0"
87.106.204.37 - - [08/Sep/2020:03:20:49 +0200] "GET /v2/wp-admin/setup-config.php HTTP/1.1" 301 340 "-" "python-requests/2.24.0"
87.106.204.37 - - [08/Sep/2020:03:20:39 +0200] "GET /backup/wp-admin/setup-config.php HTTP/1.1" 301 344 "-" "python-requests/2.24.0"
87.106.204.37 - - [08/Sep/2020:03:20:44 +0200] "GET /wp2/wp-admin/setup-config.php HTTP/1.1" 301 341 "-" "python-requests/2.24.0"
87.106.204.37 - - [08/Sep/2020:03:20:47 +0200] "GET /Old/wp-admin/setup-config.php HTTP/1.1" 301 341 "-" "python-requests/2.24.0"
87.106.204.37 - - [08/Sep/2020:03:20:37 +0200] "GET /wordpresssite/wp-admin/setup-config.php HTTP/1.1" 301 351 "-" "python-requests/2.24.0"
87.106.204.37 - - [08/Sep/2020:03:20:50 +0200] "GET /v3/wp-admin/setup-config.php HTTP/1.1" 301 340 "-" "python-requests/2.24.0"
87.106.204.37 - - [08/Sep/2020:03:20:35 +0200] "GET /fortest/wp-admin/setup-config.php HTTP/1.1" 301 345 "-" "python-requests/2.24.0"
87.106.204.37 - - [08/Sep/2020:03:20:42 +0200] "GET /temp/wp-admin/setup-config.php HTTP/1.1" 301 342 "-" "python-requests/2.24.0"
87.106.204.37 - - [08/Sep/2020:03:20:26 +0200] "GET /oldblog/wp-admin/setup-config.php HTTP/1.1" 301 345 "-" "python-requests/2.24.0"
87.106.204.37 - - [08/Sep/2020:03:20:31 +0200] "GET /old/wp-admin/setup-config.php HTTP/1.1" 301 341 "-" "python-requests/2.24.0"
87.106.204.37 - - [08/Sep/2020:03:20:41 +0200] "GET /demo/wp-admin/setup-config.php HTTP/1.1" 301 342 "-" "python-requests/2.24.0"
87.106.204.37 - - [08/Sep/2020:03:20:46 +0200] "GET /2019/wp-admin/setup-config.php HTTP/1.1" 301 342 "-" "python-requests/2.24.0"
87.106.204.37 - - [08/Sep/2020:03:20:50 +0200] "GET /v4/wp-admin/setup-config.php HTTP/1.1" 301 340 "-" "python-requests/2.24.0"
113.116.51.124 - - [08/Sep/2020:03:25:13 +0200] "GET /favicon.ico HTTP/1.1" 301 323 "-" "Mozilla/5.0 (Windows NT 6.1; WOW64) AppleWebKit/537.36 (KHTML, like Gecko) Chrome/78.0.3904.108 Safari/537.36"
40.77.167.5 - - [08/Sep/2020:03:28:12 +0200] "GET /2207-home_default/maui-big-deal-cruiser.jpg HTTP/1.1" 301 355 "-" "Mozilla/5.0 (compatible; bingbot/2.0; +http://www.bing.com/bingbot.htm)"
66.249.75.208 - - [08/Sep/2020:03:36:05 +0200] "GET /en/trucks/730-aob-mk-longboard-truck-polished.html?search_query=area&results=56 HTTP/1.1" 301 395 "-" "Mozilla/5.0 (Linux; Android 6.0.1; Nexus 5X Build/MMB29P) AppleWebKit/537.36 (KHTML, like Gecko) Chrome/80.0.3987.92 Mobile Safari/537.36 (compatible; Googlebot/2.1; +http://www.google.com/bot.html)"
157.55.39.156 - - [08/Sep/2020:03:37:16 +0200] "GET /en/knee-elbow-ankle-protect/1525-armor-3600-pad-set.html HTTP/1.1" 301 368 "-" "Mozilla/5.0 (compatible; bingbot/2.0; +http://www.bing.com/bingbot.htm)"
157.55.39.156 - - [08/Sep/2020:03:44:40 +0200] "GET /1929-cart_default/tony-hawk-180-series-gordeszka-diving-hawk.jpg HTTP/1.1" 301 376 "-" "Mozilla/5.0 (compatible; bingbot/2.0; +http://www.bing.com/bingbot.htm)"
157.55.39.156 - - [08/Sep/2020:03:48:44 +0200] "GET /2951-large_default/enuff-decade-pro-satin-139mm-skateboard-truck-raw-green.jpg HTTP/1.1" 301 390 "-" "Mozilla/5.0 (compatible; bingbot/2.0; +http://www.bing.com/bingbot.htm)"
87.106.204.37 - - [08/Sep/2020:03:53:25 +0200] "GET /wp-admin/setup-config.php HTTP/1.1" 301 337 "-" "python-requests/2.24.0"
87.106.204.37 - - [08/Sep/2020:03:53:39 +0200] "GET /en/wp-admin/setup-config.php HTTP/1.1" 301 340 "-" "python-requests/2.24.0"
87.106.204.37 - - [08/Sep/2020:03:53:28 +0200] "GET /wp/wp-admin/setup-config.php HTTP/1.1" 301 340 "-" "python-requests/2.24.0"
87.106.204.37 - - [08/Sep/2020:03:53:30 +0200] "GET /wp3/wp-admin/setup-config.php HTTP/1.1" 301 341 "-" "python-requests/2.24.0"
87.106.204.37 - - [08/Sep/2020:03:53:37 +0200] "GET /example/wp-admin/setup-config.php HTTP/1.1" 301 345 "-" "python-requests/2.24.0"
87.106.204.37 - - [08/Sep/2020:03:53:26 +0200] "GET /wordpress/wp-admin/setup-config.php HTTP/1.1" 301 347 "-" "python-requests/2.24.0"
87.106.204.37 - - [08/Sep/2020:03:53:29 +0200] "GET /wp2/wp-admin/setup-config.php HTTP/1.1" 301 341 "-" "python-requests/2.24.0"
87.106.204.37 - - [08/Sep/2020:03:53:46 +0200] "GET /oldblog/wp-admin/setup-config.php HTTP/1.1" 301 345 "-" "python-requests/2.24.0"
87.106.204.37 - - [08/Sep/2020:03:53:57 +0200] "GET /fortest/wp-admin/setup-config.php HTTP/1.1" 301 345 "-" "python-requests/2.24.0"
87.106.204.37 - - [08/Sep/2020:03:54:01 +0200] "GET /wpwebsite/wp-admin/setup-config.php HTTP/1.1" 301 347 "-" "python-requests/2.24.0"
87.106.204.37 - - [08/Sep/2020:03:53:56 +0200] "GET /try/wp-admin/setup-config.php HTTP/1.1" 301 341 "-" "python-requests/2.24.0"
87.106.204.37 - - [08/Sep/2020:03:54:05 +0200] "GET /demo/wp-admin/setup-config.php HTTP/1.1" 301 342 "-" "python-requests/2.24.0"
87.106.204.37 - - [08/Sep/2020:03:53:38 +0200] "GET /ex/wp-admin/setup-config.php HTTP/1.1" 301 340 "-" "python-requests/2.24.0"
87.106.204.37 - - [08/Sep/2020:03:53:42 +0200] "GET /oldsite/wp-admin/setup-config.php HTTP/1.1" 301 345 "-" "python-requests/2.24.0"
87.106.204.37 - - [08/Sep/2020:03:53:50 +0200] "GET /testwordpress/wp-admin/setup-config.php HTTP/1.1" 301 351 "-" "python-requests/2.24.0"
87.106.204.37 - - [08/Sep/2020:03:53:58 +0200] "GET /wpsite/wp-admin/setup-config.php HTTP/1.1" 301 344 "-" "python-requests/2.24.0"
87.106.204.37 - - [08/Sep/2020:03:54:04 +0200] "GET /backup/wp-admin/setup-config.php HTTP/1.1" 301 344 "-" "python-requests/2.24.0"
87.106.204.37 - - [08/Sep/2020:03:54:07 +0200] "GET /temp/wp-admin/setup-config.php HTTP/1.1" 301 342 "-" "python-requests/2.24.0"
87.106.204.37 - - [08/Sep/2020:03:53:32 +0200] "GET /wp4/wp-admin/setup-config.php HTTP/1.1" 301 341 "-" "python-requests/2.24.0"
87.106.204.37 - - [08/Sep/2020:03:53:44 +0200] "GET /myblog/wp-admin/setup-config.php HTTP/1.1" 301 344 "-" "python-requests/2.24.0"
87.106.204.37 - - [08/Sep/2020:03:53:51 +0200] "GET /site/wp-admin/setup-config.php HTTP/1.1" 301 342 "-" "python-requests/2.24.0"
87.106.204.37 - - [08/Sep/2020:03:53:54 +0200] "GET /old/wp-admin/setup-config.php HTTP/1.1" 301 341 "-" "python-requests/2.24.0"
87.106.204.37 - - [08/Sep/2020:03:53:40 +0200] "GET /admin/wp-admin/setup-config.php HTTP/1.1" 301 343 "-" "python-requests/2.24.0"
87.106.204.37 - - [08/Sep/2020:03:53:48 +0200] "GET /testwp/wp-admin/setup-config.php HTTP/1.1" 301 344 "-" "python-requests/2.24.0"
87.106.204.37 - - [08/Sep/2020:03:53:59 +0200] "GET /wordpresssite/wp-admin/setup-config.php HTTP/1.1" 301 351 "-" "python-requests/2.24.0"
87.106.204.37 - - [08/Sep/2020:03:54:09 +0200] "GET /wp1/wp-admin/setup-config.php HTTP/1.1" 301 341 "-" "python-requests/2.24.0"
87.106.204.37 - - [08/Sep/2020:03:53:34 +0200] "GET /wp5/wp-admin/setup-config.php HTTP/1.1" 301 341 "-" "python-requests/2.24.0"
87.106.204.37 - - [08/Sep/2020:03:53:45 +0200] "GET /newblog/wp-admin/setup-config.php HTTP/1.1" 301 345 "-" "python-requests/2.24.0"
87.106.204.37 - - [08/Sep/2020:03:53:52 +0200] "GET /new/wp-admin/setup-config.php HTTP/1.1" 301 341 "-" "python-requests/2.24.0"
87.106.204.37 - - [08/Sep/2020:03:53:55 +0200] "GET /main/wp-admin/setup-config.php HTTP/1.1" 301 342 "-" "python-requests/2.24.0"
87.106.204.37 - - [08/Sep/2020:03:53:35 +0200] "GET /blog/wp-admin/setup-config.php HTTP/1.1" 301 342 "-" "python-requests/2.24.0"
87.106.204.37 - - [08/Sep/2020:03:53:40 +0200] "GET /es/wp-admin/setup-config.php HTTP/1.1" 301 340 "-" "python-requests/2.24.0"
87.106.204.37 - - [08/Sep/2020:03:53:47 +0200] "GET /test/wp-admin/setup-config.php HTTP/1.1" 301 342 "-" "python-requests/2.24.0"
87.106.204.37 - - [08/Sep/2020:03:54:03 +0200] "GET /backup/wp-admin/setup-config.php HTTP/1.1" 301 344 "-" "python-requests/2.24.0"
87.106.204.37 - - [08/Sep/2020:03:54:06 +0200] "GET /home/wp-admin/setup-config.php HTTP/1.1" 301 342 "-" "python-requests/2.24.0"
87.106.204.37 - - [08/Sep/2020:03:54:02 +0200] "GET /wordpresswebsite/wp-admin/setup-config.php HTTP/1.1" 301 354 "-" "python-requests/2.24.0"
213.180.203.55 - - [08/Sep/2020:03:55:01 +0200] "GET /3619-thickbox_default/sp-supremacy-longboard-70mm-wheels-white-black.jpg HTTP/1.1" 301 384 "-" "Mozilla/5.0 (compatible; YandexImages/3.0; +http://yandex.com/bots)"
207.46.13.126 - - [08/Sep/2020:03:58:16 +0200] "GET /1572-home_default/stella-bottle-opener-hell-horns-complete-board.jpg HTTP/1.1" 301 380 "-" "Mozilla/5.0 (compatible; bingbot/2.0; +http://www.bing.com/bingbot.htm)"
40.77.167.60 - - [08/Sep/2020:04:06:54 +0200] "GET /1734-home_default/rio-roller-varsity-felnott-quad-gorkorcsolya-kek-arany.jpg HTTP/1.1" 301 388 "-" "Mozilla/5.0 (compatible; bingbot/2.0; +http://www.bing.com/bingbot.htm)"
157.55.39.156 - - [08/Sep/2020:04:08:41 +0200] "GET /1731-thickbox_default/rio-roller-pure-adult-quad-skate-blue-gold.jpg HTTP/1.1" 301 380 "-" "Mozilla/5.0 (compatible; bingbot/2.0; +http://www.bing.com/bingbot.htm)"
5.255.253.188 - - [08/Sep/2020:04:08:50 +0200] "GET /3226-small_default/rio-roller-script-felnott-quad-gorkorcsolya-rozsaszin.jpg HTTP/1.1" 301 388 "-" "Mozilla/5.0 (compatible; YandexImages/3.0; +http://yandex.com/bots)"
66.249.75.208 - - [08/Sep/2020:04:10:59 +0200] "GET /en/longboards/930-stella-kicktail-tribe-dusk-longboard.html?search_query=stella&results=32 HTTP/1.1" 301 406 "-" "Mozilla/5.0 (Linux; Android 6.0.1; Nexus 5X Build/MMB29P) AppleWebKit/537.36 (KHTML, like Gecko) Chrome/80.0.3987.92 Mobile Safari/537.36 (compatible; Googlebot/2.1; +http://www.google.com/bot.html)"
207.46.13.129 - - [08/Sep/2020:04:27:28 +0200] "GET /en/cart?add=1&id_product=1812&token=dd1548e4374f499b814aa1cfc96bc198 HTTP/1.1" 301 388 "-" "Mozilla/5.0 (compatible; bingbot/2.0; +http://www.bing.com/bingbot.htm)"
80.252.136.182 - - [08/Sep/2020:04:29:29 +0200] "GET /wp-login.php HTTP/1.1" 301 324 "http://deszkak.hu/wp-login.php" "Mozilla/5.0 (X11; Ubuntu; Linux x86_64; rv:62.0) Gecko/20100101 Firefox/62.0"
207.46.13.246 - - [08/Sep/2020:04:49:05 +0200] "GET /robots.txt HTTP/1.1" 301 322 "-" "Mozilla/5.0 (compatible; bingbot/2.0; +http://www.bing.com/bingbot.htm)"
141.8.142.88 - - [08/Sep/2020:04:55:25 +0200] "GET /robots.txt HTTP/1.1" 301 322 "-" "Mozilla/5.0 (compatible; YandexBot/3.0; +http://yandex.com/bots)"
66.249.75.208 - - [08/Sep/2020:04:57:37 +0200] "GET /526-thickbox_default/peril-skateboard-trucks-pink.jpg HTTP/1.1" 301 365 "-" "Googlebot-Image/1.0"
40.77.167.60 - - [08/Sep/2020:04:58:12 +0200] "GET /1346-home_default/mindless-falcon-longboard-barna.jpg HTTP/1.1" 301 365 "-" "Mozilla/5.0 (compatible; bingbot/2.0; +http://www.bing.com/bingbot.htm)"
141.8.142.88 - - [08/Sep/2020:04:55:29 +0200] "GET /2980-home_default/mindless-daily-grande-ii-cruiser-fekete-feher.jpg HTTP/1.1" 301 379 "-" "Mozilla/5.0 (compatible; YandexImages/3.0; +http://yandex.com/bots)"
66.249.75.208 - - [08/Sep/2020:04:58:42 +0200] "GET /hu/csapagyak/115-mindless-revolver-csapagyszett.html HTTP/1.1" 301 364 "-" "Mozilla/5.0 (Linux; Android 6.0.1; Nexus 5X Build/MMB29P) AppleWebKit/537.36 (KHTML, like Gecko) Chrome/80.0.3987.92 Mobile Safari/537.36 (compatible; Googlebot/2.1; +http://www.google.com/bot.html)"
188.122.82.146 - - [08/Sep/2020:05:01:30 +0200] "GET /en/cruisers/2336-nkd-city-39-cruiser.html HTTP/1.0" 301 353 "http://www.deszkak.hu/en/cruisers/2336-nkd-city-39-cruiser.html" "Mozilla/5.0 (Windows NT 10.0; Win64; x64) AppleWebKit/537.36 (KHTML, like Gecko) Chrome/68.0.3440.84 Safari/537.36"
113.116.51.124 - - [08/Sep/2020:05:11:25 +0200] "GET /favicon.ico HTTP/1.1" 301 323 "-" "Mozilla/5.0 (Windows NT 6.1; WOW64) AppleWebKit/537.36 (KHTML, like Gecko) Chrome/78.0.3904.108 Safari/537.36"
178.159.37.85 - - [08/Sep/2020:05:13:10 +0200] "GET /en/cruisers/2336-nkd-city-39-cruiser.html HTTP/1.0" 301 353 "http://www.deszkak.hu/en/cruisers/2336-nkd-city-39-cruiser.html" "Mozilla/5.0 (Windows NT 6.1; WOW64) AppleWebKit/537.36 (KHTML, like Gecko) Chrome/67.0.3396.87 Safari/537.36 OPR/54.0.2952.64 (Edition Yx)"
40.77.167.5 - - [08/Sep/2020:05:18:16 +0200] "GET /3433-home_default/maui-hawaii-regional-longboard.jpg HTTP/1.1" 301 364 "-" "Mozilla/5.0 (compatible; bingbot/2.0; +http://www.bing.com/bingbot.htm)"
157.55.39.96 - - [08/Sep/2020:05:20:17 +0200] "GET /4190-home_default/tony-hawk-180-series-skateboard-downtown-mini.jpg HTTP/1.1" 301 379 "-" "Mozilla/5.0 (compatible; bingbot/2.0; +http://www.bing.com/bingbot.htm)"
66.249.75.212 - - [08/Sep/2020:05:38:29 +0200] "GET /en/16-spare-parts HTTP/1.1" 301 329 "-" "Mozilla/5.0 (compatible; Googlebot/2.1; +http://www.google.com/bot.html)"
40.77.167.60 - - [08/Sep/2020:05:39:05 +0200] "GET /2632-large_default/steadfast-50mm-gordeszka-kerekek-lila.jpg HTTP/1.1" 301 372 "-" "Mozilla/5.0 (compatible; bingbot/2.0; +http://www.bing.com/bingbot.htm)"
66.249.75.208 - - [08/Sep/2020:05:38:30 +0200] "GET /hu/griptapek/242-flik-grip-tape-rasta.html HTTP/1.1" 301 354 "-" "Mozilla/5.0 (Linux; Android 6.0.1; Nexus 5X Build/MMB29P) AppleWebKit/537.36 (KHTML, like Gecko) Chrome/85.0.4183.97 Mobile Safari/537.36 (compatible; Googlebot/2.1; +http://www.google.com/bot.html)"
66.249.75.210 - - [08/Sep/2020:05:42:50 +0200] "GET /en/trucks/730-aob-mk-longboard-truck-polished.html?search_query=area&results=56 HTTP/1.1" 301 395 "-" "Mozilla/5.0 (Linux; Android 6.0.1; Nexus 5X Build/MMB29P) AppleWebKit/537.36 (KHTML, like Gecko) Chrome/80.0.3987.92 Mobile Safari/537.36 (compatible; Googlebot/2.1; +http://www.google.com/bot.html)"
157.55.39.156 - - [08/Sep/2020:05:52:48 +0200] "GET /592-home_default/sds-dye-775-gordeszka-fekete.jpg HTTP/1.1" 301 361 "-" "Mozilla/5.0 (compatible; bingbot/2.0; +http://www.bing.com/bingbot.htm)"
188.122.82.146 - - [08/Sep/2020:05:53:48 +0200] "GET /en/cruisers/2336-nkd-city-39-cruiser.html HTTP/1.0" 301 353 "http://www.deszkak.hu/en/cruisers/2336-nkd-city-39-cruiser.html" "Mozilla/5.0 (Windows NT 6.1; WOW64) AppleWebKit/537.36 (KHTML, like Gecko) Chrome/67.0.3396.87 Safari/537.36 OPR/54.0.2952.64 (Edition Yx)"
178.154.200.59 - - [08/Sep/2020:05:54:45 +0200] "GET /3713-small_default/street-surfing-casterboard-wave-rider-wood-sundown.jpg HTTP/1.1" 301 385 "-" "Mozilla/5.0 (compatible; YandexImages/3.0; +http://yandex.com/bots)"
66.249.75.210 - - [08/Sep/2020:06:08:29 +0200] "GET /hu/longboard/223-ram-longboard-lokz-marina-kek.html HTTP/1.1" 301 363 "-" "Mozilla/5.0 (compatible; Googlebot/2.1; +http://www.google.com/bot.html)"
66.249.75.208 - - [08/Sep/2020:06:14:37 +0200] "GET /en/best-sales?n=625 HTTP/1.1" 301 331 "-" "Mozilla/5.0 (Linux; Android 6.0.1; Nexus 5X Build/MMB29P) AppleWebKit/537.36 (KHTML, like Gecko) Chrome/85.0.4183.97 Mobile Safari/537.36 (compatible; Googlebot/2.1; +http://www.google.com/bot.html)"
66.249.75.208 - - [08/Sep/2020:06:18:38 +0200] "GET /hu/szerszamok/919-steadfast-gordeszka-szerszam-neon-pink.html?search_query=szerszam&results=26 HTTP/1.1" 301 410 "-" "Mozilla/5.0 (Linux; Android 6.0.1; Nexus 5X Build/MMB29P) AppleWebKit/537.36 (KHTML, like Gecko) Chrome/80.0.3987.92 Mobile Safari/537.36 (compatible; Googlebot/2.1; +http://www.google.com/bot.html)"
207.46.13.246 - - [08/Sep/2020:06:21:42 +0200] "GET /robots.txt HTTP/1.1" 301 322 "-" "Mozilla/5.0 (compatible; bingbot/2.0; +http://www.bing.com/bingbot.htm)"
66.249.75.212 - - [08/Sep/2020:06:25:04 +0200] "GET /hu/egyeb/166-enuff-y-tool-gordeszka-szerszam-pink.html?search_query=szerszam&results=6 HTTP/1.1" 301 402 "-" "Mozilla/5.0 (Linux; Android 6.0.1; Nexus 5X Build/MMB29P) AppleWebKit/537.36 (KHTML, like Gecko) Chrome/80.0.3987.92 Mobile Safari/537.36 (compatible; Googlebot/2.1; +http://www.google.com/bot.html)"
66.249.75.208 - - [08/Sep/2020:06:26:55 +0200] "GET /en/skateboards/78-enuff-logo-skateboard-purple.html HTTP/1.1" 301 363 "-" "Mozilla/5.0 (Linux; Android 6.0.1; Nexus 5X Build/MMB29P) AppleWebKit/537.36 (KHTML, like Gecko) Chrome/80.0.3987.92 Mobile Safari/537.36 (compatible; Googlebot/2.1; +http://www.google.com/bot.html)"
66.249.75.208 - - [08/Sep/2020:06:38:29 +0200] "GET /hu/longboard/223-ram-longboard-lokz-marina-kek.html HTTP/1.1" 301 363 "-" "Mozilla/5.0 (Linux; Android 6.0.1; Nexus 5X Build/MMB29P) AppleWebKit/537.36 (KHTML, like Gecko) Chrome/85.0.4183.97 Mobile Safari/537.36 (compatible; Googlebot/2.1; +http://www.google.com/bot.html)"
66.249.75.208 - - [08/Sep/2020:06:38:30 +0200] "GET /hu/griptapek/242-flik-grip-tape-rasta.html HTTP/1.1" 301 354 "-" "Mozilla/5.0 (compatible; Googlebot/2.1; +http://www.google.com/bot.html)"
40.77.167.5 - - [08/Sep/2020:06:47:28 +0200] "GET /1740-thickbox_default/rio-roller-mayhem-felnott-quad-gorkorcsolya-fekete.jpg HTTP/1.1" 301 388 "-" "Mozilla/5.0 (compatible; bingbot/2.0; +http://www.bing.com/bingbot.htm)"
157.55.39.220 - - [08/Sep/2020:06:50:40 +0200] "GET /3200-large_default/area-soul-rebel-skateboard.jpg HTTP/1.1" 301 361 "-" "Mozilla/5.0 (compatible; bingbot/2.0; +http://www.bing.com/bingbot.htm)"
66.249.75.208 - - [08/Sep/2020:06:51:41 +0200] "GET /hu/cruiser-short-board/590-area-candyboard-cruiser-sarga-lila.html?search_query=area&results=54 HTTP/1.1" 301 411 "-" "Mozilla/5.0 (Linux; Android 6.0.1; Nexus 5X Build/MMB29P) AppleWebKit/537.36 (KHTML, like Gecko) Chrome/80.0.3987.92 Mobile Safari/537.36 (compatible; Googlebot/2.1; +http://www.google.com/bot.html)"
213.180.203.27 - - [08/Sep/2020:06:55:04 +0200] "GET /2992-thickbox_default/enuff-peacekeeper-52mm-skateboard-wheels.jpg HTTP/1.1" 301 378 "-" "Mozilla/5.0 (compatible; YandexImages/3.0; +http://yandex.com/bots)"
141.8.142.88 - - [08/Sep/2020:06:54:45 +0200] "GET /robots.txt HTTP/1.1" 301 322 "-" "Mozilla/5.0 (compatible; YandexBot/3.0; +http://yandex.com/bots)"
185.181.103.244 - - [08/Sep/2020:06:52:06 +0200] "GET / HTTP/1.1" 301 312 "-" "Mozilla/5.0 (Windows NT 10.0; Win64; x64) AppleWebKit/537.36 (KHTML, like Gecko) Chrome/85.0.4183.83 Safari/537.36"
141.8.142.88 - - [08/Sep/2020:06:54:49 +0200] "GET /1112-small_default/mindless-longboard-tool-black.jpg HTTP/1.1" 301 364 "-" "Mozilla/5.0 (compatible; YandexImages/3.0; +http://yandex.com/bots)"
66.249.75.208 - - [08/Sep/2020:06:57:12 +0200] "GET /hu/egyeb/166-enuff-y-tool-gordeszka-szerszam-pink.html?search_query=szerszam&results=6 HTTP/1.1" 301 402 "-" "Mozilla/5.0 (compatible; Googlebot/2.1; +http://www.google.com/bot.html)"
164.132.222.75 - - [08/Sep/2020:07:12:05 +0200] "GET / HTTP/1.1" 301 312 "-" "Mozilla/5.0 (Macintosh; Intel Mac OS X 10_9_3) AppleWebKit/537.75.14 (KHTML, like Gecko) Version/7.0.3 Safari/7046A194A"
37.76.79.219 - - [08/Sep/2020:07:16:56 +0200] "GET / HTTP/1.1" 301 312 "-" "Mozilla/5.0 (Linux; Android 5.1.1; SM-J320FN Build/LMY47V) AppleWebKit/537.36 (KHTML, like Gecko) Chrome/55.0.2883.91 Mobile Safari/537.36"
66.249.75.208 - - [08/Sep/2020:07:18:21 +0200] "GET /en/trucks/353-peril-skateboard-trucks-neon-pink.html HTTP/1.1" 301 364 "-" "Mozilla/5.0 (Linux; Android 6.0.1; Nexus 5X Build/MMB29P) AppleWebKit/537.36 (KHTML, like Gecko) Chrome/80.0.3987.92 Mobile Safari/537.36 (compatible; Googlebot/2.1; +http://www.google.com/bot.html)"
217.10.52.10 - - [08/Sep/2020:07:23:30 +0200] "GET /img/favicon.ico?1480176314 HTTP/1.1" 301 338 "-" "Mozilla/4.0 (compatible;)"
66.249.66.134 - - [08/Sep/2020:07:38:32 +0200] "GET /en/accessories/1413-sfr-slick-62-mm-wheel-red.html?search_query=sfr&results=37 HTTP/1.1" 301 394 "-" "Mozilla/5.0 (Linux; Android 6.0.1; Nexus 5X Build/MMB29P) AppleWebKit/537.36 (KHTML, like Gecko) Chrome/80.0.3987.92 Mobile Safari/537.36 (compatible; Googlebot/2.1; +http://www.google.com/bot.html)"
66.249.66.130 - - [08/Sep/2020:07:41:31 +0200] "GET /en/grip-tapes/1079-enuff-griptape-tag.html HTTP/1.1" 301 354 "-" "Mozilla/5.0 (compatible; Googlebot/2.1; +http://www.google.com/bot.html)"
94.130.64.96 - - [08/Sep/2020:07:41:28 +0200] "GET /robots.txt HTTP/1.1" 301 322 "-" "Mozilla/5.0 (compatible; BLEXBot/1.0; +http://webmeup-crawler.com/)"
66.249.66.130 - - [08/Sep/2020:07:41:59 +0200] "GET /en/trucks/730-aob-mk-longboard-truck-polished.html?search_query=area&results=56 HTTP/1.1" 301 395 "-" "Mozilla/5.0 (Linux; Android 6.0.1; Nexus 5X Build/MMB29P) AppleWebKit/537.36 (KHTML, like Gecko) Chrome/80.0.3987.92 Mobile Safari/537.36 (compatible; Googlebot/2.1; +http://www.google.com/bot.html)"
66.249.66.134 - - [08/Sep/2020:07:43:15 +0200] "GET /en/longboards/930-stella-kicktail-tribe-dusk-longboard.html?search_query=stella&results=32 HTTP/1.1" 301 406 "-" "Mozilla/5.0 (Linux; Android 6.0.1; Nexus 5X Build/MMB29P) AppleWebKit/537.36 (KHTML, like Gecko) Chrome/80.0.3987.92 Mobile Safari/537.36 (compatible; Googlebot/2.1; +http://www.google.com/bot.html)"
114.119.138.188 - - [08/Sep/2020:07:58:52 +0200] "GET /robots.txt HTTP/1.1" 301 322 "-" "(compatible;PetalBot;+http://aspiegel.com/petalbot)"
40.77.167.60 - - [08/Sep/2020:08:01:40 +0200] "GET /446-home_default/tony-hawk-775-skateboard-native-andorra-red.jpg HTTP/1.1" 301 376 "-" "Mozilla/5.0 (compatible; bingbot/2.0; +http://www.bing.com/bingbot.htm)"
66.249.66.130 - - [08/Sep/2020:08:04:39 +0200] "GET /en/13-longboards HTTP/1.1" 301 328 "-" "Mozilla/5.0 (Linux; Android 6.0.1; Nexus 5X Build/MMB29P) AppleWebKit/537.36 (KHTML, like Gecko) Chrome/85.0.4183.105 Mobile Safari/537.36 (compatible; Googlebot/2.1; +http://www.google.com/bot.html)"
66.249.66.132 - - [08/Sep/2020:08:05:31 +0200] "GET /en/grip-tapes/1079-enuff-griptape-tag.html HTTP/1.1" 301 354 "-" "Mozilla/5.0 (Linux; Android 6.0.1; Nexus 5X Build/MMB29P) AppleWebKit/537.36 (KHTML, like Gecko) Chrome/85.0.4183.97 Mobile Safari/537.36 (compatible; Googlebot/2.1; +http://www.google.com/bot.html)"
18.232.31.75 - - [08/Sep/2020:08:05:30 +0200] "GET /wp-content/plugins/wp-file-manager/lib/php/connector.minimal.php HTTP/1.1" 301 376 "www.google.com" "Mozlila/5.0 (Linux; Android 7.0; SM-G892A Bulid/NRD90M; wv) AppleWebKit/537.36 (KHTML, like Gecko) Version/4.0 Chrome/60.0.3112.107 Moblie Safari/537.36"
66.249.66.130 - - [08/Sep/2020:08:08:48 +0200] "GET /4046-home_default/sfr-helmet-matt-fluo-pink.jpg HTTP/1.1" 301 359 "-" "Googlebot-Image/1.0"
103.131.71.140 - - [08/Sep/2020:08:19:16 +0200] "GET /robots.txt HTTP/1.1" 301 322 "-" "Mozilla/5.0 (compatible; coccocbot-web/1.0; +http://help.coccoc.com/searchengine)"
103.131.71.131 - - [08/Sep/2020:08:19:12 +0200] "GET /robots.txt HTTP/1.1" 301 322 "-" "Mozilla/5.0 (compatible; coccocbot-web/1.0; +http://help.coccoc.com/searchengine)"
66.249.66.130 - - [08/Sep/2020:08:26:52 +0200] "GET /en/best-sales HTTP/1.1" 301 325 "-" "Mozilla/5.0 (compatible; Googlebot/2.1; +http://www.google.com/bot.html)"
66.249.66.136 - - [08/Sep/2020:08:27:04 +0200] "GET /en/wheels/515-mindless-voodoo-maji-70mm-longboard-wheel-purple.html HTTP/1.1" 301 379 "-" "Mozilla/5.0 (compatible; Googlebot/2.1; +http://www.google.com/bot.html)"
66.249.66.130 - - [08/Sep/2020:08:29:31 +0200] "GET /hu/szerszamok/165-enuff-y-tool-gordeszka-szerszam-zold.html HTTP/1.1" 301 371 "-" "Mozilla/5.0 (compatible; Googlebot/2.1; +http://www.google.com/bot.html)"
66.249.66.132 - - [08/Sep/2020:08:29:36 +0200] "GET /en/skateboard/383-steadfast-rasta-53mm-skateboard-wheels.html?search_query=Gordeszka+Kerek&results=139 HTTP/1.1" 301 418 "-" "Mozilla/5.0 (Linux; Android 6.0.1; Nexus 5X Build/MMB29P) AppleWebKit/537.36 (KHTML, like Gecko) Chrome/80.0.3987.92 Mobile Safari/537.36 (compatible; Googlebot/2.1; +http://www.google.com/bot.html)"
54.36.149.44 - - [08/Sep/2020:08:32:12 +0200] "GET /robots.txt HTTP/1.1" 301 322 "-" "Mozilla/5.0 (compatible; AhrefsBot/6.1; +http://ahrefs.com/robot/)"
40.77.167.60 - - [08/Sep/2020:08:36:41 +0200] "GET /2089-home_default/street-surfing-longboard-36-urban-rough.jpg HTTP/1.1" 301 373 "-" "Mozilla/5.0 (compatible; bingbot/2.0; +http://www.bing.com/bingbot.htm)"
194.88.3.4 - - [08/Sep/2020:08:40:53 +0200] "GET /2378/enuff-bearings-swiss-abec-9.jpg HTTP/1.1" 301 348 "-" "Mozilla/5.0 (Windows NT 10.0; Win64; x64; rv:80.0) Gecko/20100101 Firefox/80.0"
84.236.112.110 - - [08/Sep/2020:08:44:32 +0200] "GET / HTTP/1.1" 301 312 "-" "Mozilla/5.0 (Windows NT 10.0; Win64; x64) AppleWebKit/537.36 (KHTML, like Gecko) Chrome/85.0.4183.83 Safari/537.36 Edg/85.0.564.44"
66.249.66.134 - - [08/Sep/2020:08:46:07 +0200] "GET /hu/griptapek/235-flik-grip-tape-stiletto.html?search_query=flik+grip+tape&results=24 HTTP/1.1" 301 400 "-" "Mozilla/5.0 (Linux; Android 6.0.1; Nexus 5X Build/MMB29P) AppleWebKit/537.36 (KHTML, like Gecko) Chrome/80.0.3987.92 Mobile Safari/537.36 (compatible; Googlebot/2.1; +http://www.google.com/bot.html)"
66.249.66.130 - - [08/Sep/2020:08:58:11 +0200] "GET /en/longboards/930-stella-kicktail-tribe-dusk-longboard.html?search_query=stella&results=32 HTTP/1.1" 301 406 "-" "Mozilla/5.0 (Linux; Android 6.0.1; Nexus 5X Build/MMB29P) AppleWebKit/537.36 (KHTML, like Gecko) Chrome/80.0.3987.92 Mobile Safari/537.36 (compatible; Googlebot/2.1; +http://www.google.com/bot.html)"
66.249.66.132 - - [08/Sep/2020:09:01:21 +0200] "GET /en/13_peril HTTP/1.1" 301 323 "-" "Mozilla/5.0 (Linux; Android 6.0.1; Nexus 5X Build/MMB29P) AppleWebKit/537.36 (KHTML, like Gecko) Chrome/80.0.3987.92 Mobile Safari/537.36 (compatible; Googlebot/2.1; +http://www.google.com/bot.html)"
194.187.171.67 - - [08/Sep/2020:09:03:14 +0200] "GET /favicon.ico HTTP/1.1" 301 323 "-" "Qwantify/1.0"
66.249.66.130 - - [08/Sep/2020:09:03:53 +0200] "GET /hu/quad-gorkorcsolya/1534-rio-roller-leopard-gyerek-quad-gorkorcsolya-kek.html HTTP/1.1" 301 390 "-" "Mozilla/5.0 (Linux; Android 6.0.1; Nexus 5X Build/MMB29P) AppleWebKit/537.36 (KHTML, like Gecko) Chrome/80.0.3987.92 Mobile Safari/537.36 (compatible; Googlebot/2.1; +http://www.google.com/bot.html)"
66.249.66.132 - - [08/Sep/2020:09:04:32 +0200] "GET /hu/szerszamok/988-enuff-y-tool-gordeszka-szerszam-lila.html?search_query=szerszam&results=26 HTTP/1.1" 301 408 "-" "Mozilla/5.0 (Linux; Android 6.0.1; Nexus 5X Build/MMB29P) AppleWebKit/537.36 (KHTML, like Gecko) Chrome/80.0.3987.92 Mobile Safari/537.36 (compatible; Googlebot/2.1; +http://www.google.com/bot.html)"
66.249.66.130 - - [08/Sep/2020:09:09:31 +0200] "GET /hu/szerszamok/165-enuff-y-tool-gordeszka-szerszam-zold.html HTTP/1.1" 301 371 "-" "Mozilla/5.0 (Linux; Android 6.0.1; Nexus 5X Build/MMB29P) AppleWebKit/537.36 (KHTML, like Gecko) Chrome/85.0.4183.97 Mobile Safari/537.36 (compatible; Googlebot/2.1; +http://www.google.com/bot.html)"
114.119.140.175 - - [08/Sep/2020:09:09:15 +0200] "GET /robots.txt HTTP/1.1" 301 322 "-" "(compatible;PetalBot;+http://aspiegel.com/petalbot)"
40.77.167.5 - - [08/Sep/2020:09:10:55 +0200] "GET /4250-cart_default/d-street-el-mexicana-longboard.jpg HTTP/1.1" 301 364 "-" "Mozilla/5.0 (compatible; bingbot/2.0; +http://www.bing.com/bingbot.htm)"
40.77.167.88 - - [08/Sep/2020:09:15:00 +0200] "GET /2133-thickbox_default/street-surfing-longboard-40-woods.jpg HTTP/1.1" 301 371 "-" "Mozilla/5.0 (compatible; bingbot/2.0; +http://www.bing.com/bingbot.htm)"
66.249.66.130 - - [08/Sep/2020:09:15:57 +0200] "GET /en/9_harsh HTTP/1.1" 301 322 "-" "Mozilla/5.0 (Linux; Android 6.0.1; Nexus 5X Build/MMB29P) AppleWebKit/537.36 (KHTML, like Gecko) Chrome/80.0.3987.92 Mobile Safari/537.36 (compatible; Googlebot/2.1; +http://www.google.com/bot.html)"
66.249.66.130 - - [08/Sep/2020:09:17:13 +0200] "GET /hu/cruiser-short-board/1304-stella-beer-runner-heinny-cruiser.html?search_query=stella&results=37 HTTP/1.1" 301 413 "-" "Mozilla/5.0 (Linux; Android 6.0.1; Nexus 5X Build/MMB29P) AppleWebKit/537.36 (KHTML, like Gecko) Chrome/80.0.3987.92 Mobile Safari/537.36 (compatible; Googlebot/2.1; +http://www.google.com/bot.html)"
66.249.66.130 - - [08/Sep/2020:09:19:46 +0200] "GET /en/9_harsh HTTP/1.1" 301 322 "-" "Mozilla/5.0 (compatible; Googlebot/2.1; +http://www.google.com/bot.html)"
66.249.66.132 - - [08/Sep/2020:09:21:02 +0200] "GET /en/grip-tapes/1512-flik-zodiac-grip-tape-cancer.html HTTP/1.1" 301 364 "-" "Mozilla/5.0 (Linux; Android 6.0.1; Nexus 5X Build/MMB29P) AppleWebKit/537.36 (KHTML, like Gecko) Chrome/80.0.3987.92 Mobile Safari/537.36 (compatible; Googlebot/2.1; +http://www.google.com/bot.html)"
66.249.66.132 - - [08/Sep/2020:09:29:55 +0200] "GET /en/helmets/1581-sfr-helmet-matt-fluo-pink.html?search_query=sfr&results=37 HTTP/1.1" 301 390 "-" "Mozilla/5.0 (Linux; Android 6.0.1; Nexus 5X Build/MMB29P) AppleWebKit/537.36 (KHTML, like Gecko) Chrome/80.0.3987.92 Mobile Safari/537.36 (compatible; Googlebot/2.1; +http://www.google.com/bot.html)"
66.249.66.134 - - [08/Sep/2020:09:31:12 +0200] "GET /en/grip-tapes/1731-flik-glow-in-the-dark-logo-grip-tape-blue.html HTTP/1.1" 301 377 "-" "Mozilla/5.0 (Linux; Android 6.0.1; Nexus 5X Build/MMB29P) AppleWebKit/537.36 (KHTML, like Gecko) Chrome/80.0.3987.92 Mobile Safari/537.36 (compatible; Googlebot/2.1; +http://www.google.com/bot.html)"
40.77.167.5 - - [08/Sep/2020:09:34:51 +0200] "GET /2206-home_default/maui-big-deal-cruiser.jpg HTTP/1.1" 301 355 "-" "Mozilla/5.0 (compatible; bingbot/2.0; +http://www.bing.com/bingbot.htm)"
157.55.39.7 - - [08/Sep/2020:09:36:07 +0200] "GET /3847-large_default/flik-zodiac-grip-tape-capricorn.jpg HTTP/1.1" 301 366 "-" "Mozilla/5.0 (compatible; bingbot/2.0; +http://www.bing.com/bingbot.htm)"
185.180.72.10 - - [08/Sep/2020:09:36:40 +0200] "GET /hu/32-wave-board?gclid=CjwKCAjw19z6BRAYEiwAmo64LVDdp37HCwT9Kzq1ZncVj9M42YYOfOSMhQ2GmALXm1GIQYMiABuuyBoCfX0QAvD_BwE HTTP/1.1" 301 426 "http://www.deszkak.hu/" "Mozilla/5.0 (Windows NT 10.0; WOW64) AppleWebKit/537.36 (KHTML, like Gecko) Chrome/85.0.4183.83 Safari/537.36"
66.249.66.130 - - [08/Sep/2020:09:40:17 +0200] "GET /en/19-cruisers HTTP/1.1" 301 326 "-" "Mozilla/5.0 (Linux; Android 6.0.1; Nexus 5X Build/MMB29P) AppleWebKit/537.36 (KHTML, like Gecko) Chrome/85.0.4183.97 Mobile Safari/537.36 (compatible; Googlebot/2.1; +http://www.google.com/bot.html)"
66.249.66.130 - - [08/Sep/2020:09:41:21 +0200] "GET /en/cruisers-short-boards/1566-area-katana-28-cruiser.html HTTP/1.1" 301 369 "-" "Mozilla/5.0 (compatible; Googlebot/2.1; +http://www.google.com/bot.html)"
141.8.142.88 - - [08/Sep/2020:09:42:42 +0200] "GET /4242-home_default/tony-hawk-540-series-skateboard-fullcourt.jpg HTTP/1.1" 301 375 "-" "Mozilla/5.0 (compatible; YandexImages/3.0; +http://yandex.com/bots)"
31.46.92.137 - - [08/Sep/2020:09:42:00 +0200] "GET / HTTP/1.1" 301 312 "-" "Mozilla/5.0 (Windows NT 10.0; Win64; x64) AppleWebKit/537.36 (KHTML, like Gecko) Chrome/85.0.4183.83 Safari/537.36"
141.8.142.88 - - [08/Sep/2020:09:42:38 +0200] "GET /robots.txt HTTP/1.1" 301 322 "-" "Mozilla/5.0 (compatible; YandexBot/3.0; +http://yandex.com/bots)"
89.132.225.94 - - [08/Sep/2020:09:45:58 +0200] "GET / HTTP/1.1" 301 312 "-" "Mozilla/5.0 (Windows NT 6.1; Win64; x64) AppleWebKit/537.36 (KHTML, like Gecko) Chrome/85.0.4183.83 Safari/537.36"
40.77.167.5 - - [08/Sep/2020:09:48:32 +0200] "GET /526-thickbox_default/peril-gordeszka-felfuggesztes-pink.jpg HTTP/1.1" 301 371 "-" "Mozilla/5.0 (compatible; bingbot/2.0; +http://www.bing.com/bingbot.htm)"
66.249.66.132 - - [08/Sep/2020:09:50:52 +0200] "GET /en/grip-tapes/905-flik-grip-tape-polka-dots-white-black.html?search_query=flik+grip+tape&results=29 HTTP/1.1" 301 415 "-" "Mozilla/5.0 (Linux; Android 6.0.1; Nexus 5X Build/MMB29P) AppleWebKit/537.36 (KHTML, like Gecko) Chrome/80.0.3987.92 Mobile Safari/537.36 (compatible; Googlebot/2.1; +http://www.google.com/bot.html)"
216.244.66.194 - - [08/Sep/2020:09:53:36 +0200] "GET /robots.txt HTTP/1.1" 301 322 "-" "Mozilla/5.0 (compatible; DotBot/1.1; http://www.opensiteexplorer.org/dotbot, help@moz.com)"
157.55.39.115 - - [08/Sep/2020:09:54:50 +0200] "GET /988-large_default/mindless-savage-iii-longboard-blue.jpg HTTP/1.1" 301 368 "-" "Mozilla/5.0 (compatible; bingbot/2.0; +http://www.bing.com/bingbot.htm)"
157.55.39.115 - - [08/Sep/2020:09:56:11 +0200] "GET /2726-home_default/ram-longboard-samo-coral-reef.jpg HTTP/1.1" 301 363 "-" "Mozilla/5.0 (compatible; bingbot/2.0; +http://www.bing.com/bingbot.htm)"
192.71.12.140 - - [08/Sep/2020:09:57:52 +0200] "GET / HTTP/1.1" 301 312 "http://deszkak.hu/" "Go-http-client/1.1"
192.36.248.249 - - [08/Sep/2020:09:57:50 +0200] "GET /robots.txt HTTP/1.1" 301 322 "http://deszkak.hu/robots.txt" "Go-http-client/1.1"
192.71.12.140 - - [08/Sep/2020:09:57:51 +0200] "GET /humans.txt HTTP/1.1" 301 322 "http://deszkak.hu/humans.txt" "Go-http-client/1.1"
192.71.224.240 - - [08/Sep/2020:09:57:51 +0200] "GET /ads.txt HTTP/1.1" 301 319 "http://deszkak.hu/ads.txt" "Go-http-client/1.1"
66.249.66.132 - - [08/Sep/2020:09:59:48 +0200] "GET / HTTP/1.1" 301 312 "-" "Mozilla/5.0 (compatible; Googlebot/2.1; +http://www.google.com/bot.html)"
40.77.167.88 - - [08/Sep/2020:09:59:54 +0200] "GET /1517-home_default/pro-tec-street-lite-bukosisak-neon-narancs.jpg HTTP/1.1" 301 376 "-" "Mozilla/5.0 (compatible; bingbot/2.0; +http://www.bing.com/bingbot.htm)"
66.249.66.130 - - [08/Sep/2020:09:59:47 +0200] "GET /robots.txt HTTP/1.1" 301 322 "-" "Mozilla/5.0 (compatible; Googlebot/2.1; +http://www.google.com/bot.html)"
207.46.13.126 - - [08/Sep/2020:10:00:49 +0200] "GET /2919-thickbox_default/sfr-vision-ii-kids-quad-skate-blue.jpg HTTP/1.1" 301 372 "-" "Mozilla/5.0 (compatible; bingbot/2.0; +http://www.bing.com/bingbot.htm)"
66.249.66.132 - - [08/Sep/2020:10:01:02 +0200] "GET /en/quad-skate/1156-rio-roller-classic-ii-adult-quad-skate-blueberry.html HTTP/1.1" 301 384 "-" "Mozilla/5.0 (Linux; Android 6.0.1; Nexus 5X Build/MMB29P) AppleWebKit/537.36 (KHTML, like Gecko) Chrome/80.0.3987.92 Mobile Safari/537.36 (compatible; Googlebot/2.1; +http://www.google.com/bot.html)"
66.249.66.134 - - [08/Sep/2020:10:08:01 +0200] "GET /hu/gordeszka/155-enuff-refresher-gordeszka-kerekek-narancssarga.html HTTP/1.1" 301 380 "-" "Mozilla/5.0 (Linux; Android 6.0.1; Nexus 5X Build/MMB29P) AppleWebKit/537.36 (KHTML, like Gecko) Chrome/80.0.3987.92 Mobile Safari/537.36 (compatible; Googlebot/2.1; +http://www.google.com/bot.html)"
66.249.66.130 - - [08/Sep/2020:10:09:31 +0200] "GET /hu/longboard/852-street-surfing-longboard-42-the-leaf.html HTTP/1.1" 301 370 "-" "Mozilla/5.0 (compatible; Googlebot/2.1; +http://www.google.com/bot.html)"
157.55.39.213 - - [08/Sep/2020:10:10:49 +0200] "GET /4140-home_default/mgp-jive-series-skateboard-branded-black.jpg HTTP/1.1" 301 374 "-" "Mozilla/5.0 (compatible; bingbot/2.0; +http://www.bing.com/bingbot.htm)"
66.249.66.130 - - [08/Sep/2020:10:11:12 +0200] "GET /en/quad-skate/758-rio-roller-varsity-kids-quad-skate-blue-gold.html HTTP/1.1" 301 379 "-" "Mozilla/5.0 (Linux; Android 6.0.1; Nexus 5X Build/MMB29P) AppleWebKit/537.36 (KHTML, like Gecko) Chrome/80.0.3987.92 Mobile Safari/537.36 (compatible; Googlebot/2.1; +http://www.google.com/bot.html)"
157.55.39.213 - - [08/Sep/2020:10:10:49 +0200] "GET /2867-thickbox_default/enuff-also-skateboard-orange.jpg HTTP/1.1" 301 366 "-" "Mozilla/5.0 (compatible; bingbot/2.0; +http://www.bing.com/bingbot.htm)"
157.55.39.213 - - [08/Sep/2020:10:10:48 +0200] "GET /hu/kerekek/30-gordeszka1.html HTTP/1.1" 301 341 "-" "Mozilla/5.0 (compatible; bingbot/2.0; +http://www.bing.com/bingbot.htm)"
66.249.66.132 - - [08/Sep/2020:10:13:06 +0200] "GET /en/grip-tapes/1513-flik-zodiac-grip-tape-capricorn.html HTTP/1.1" 301 367 "-" "Mozilla/5.0 (compatible; Googlebot/2.1; +http://www.google.com/bot.html)"
157.55.39.208 - - [08/Sep/2020:10:12:56 +0200] "GET /en/skateboard/159-enuff-corelites-skateboard-wheels-whiteblue.html HTTP/1.1" 301 378 "-" "Mozilla/5.0 (compatible; bingbot/2.0; +http://www.bing.com/bingbot.htm)"
66.249.66.132 - - [08/Sep/2020:10:14:40 +0200] "GET /en/others/129-mindless-voodoo-juju-83a-longboard-bushings-green.html HTTP/1.1" 301 380 "-" "Mozilla/5.0 (Linux; Android 6.0.1; Nexus 5X Build/MMB29P) AppleWebKit/537.36 (KHTML, like Gecko) Chrome/85.0.4183.97 Mobile Safari/537.36 (compatible; Googlebot/2.1; +http://www.google.com/bot.html)"
40.77.167.88 - - [08/Sep/2020:10:15:27 +0200] "GET /en/decks/1346-sds-stained-bottom-8-deck-pink.html HTTP/1.1" 301 361 "-" "Mozilla/5.0 (compatible; bingbot/2.0; +http://www.bing.com/bingbot.htm)"
66.249.93.54 - - [08/Sep/2020:10:17:38 +0200] "GET / HTTP/1.1" 301 312 "-" "Mozilla/5.0 (X11; Linux x86_64) AppleWebKit/537.36 (KHTML, like Gecko) Chrome/49.0.2623.75 Safari/537.36 Google Favicon"
40.77.167.5 - - [08/Sep/2020:10:19:04 +0200] "GET /hu/20-lapok HTTP/1.1" 301 323 "-" "Mozilla/5.0 (compatible; bingbot/2.0; +http://www.bing.com/bingbot.htm)"
66.249.66.130 - - [08/Sep/2020:10:19:33 +0200] "GET /4045-home_default/sfr-helmet-matt-fluo-pink.jpg HTTP/1.1" 301 359 "-" "Googlebot-Image/1.0"
114.119.138.202 - - [08/Sep/2020:10:20:44 +0200] "GET /robots.txt HTTP/1.1" 301 322 "-" "(compatible;PetalBot;+http://aspiegel.com/petalbot)"
77.75.79.72 - - [08/Sep/2020:10:23:11 +0200] "GET /robots.txt HTTP/1.1" 301 322 "-" "Mozilla/5.0 (compatible; SeznamBot/3.2; +http://napoveda.seznam.cz/en/seznambot-intro/)"
77.75.79.72 - - [08/Sep/2020:10:23:11 +0200] "GET /index.php?id_cms=11&controller=cms HTTP/1.1" 301 350 "-" "Mozilla/5.0 (compatible; SeznamBot/3.2; +http://napoveda.seznam.cz/en/seznambot-intro/)"
77.75.79.72 - - [08/Sep/2020:10:23:11 +0200] "GET /index.php?id_cms=8&controller=cms HTTP/1.1" 301 349 "-" "Mozilla/5.0 (compatible; SeznamBot/3.2; +http://napoveda.seznam.cz/en/seznambot-intro/)"
157.55.39.7 - - [08/Sep/2020:10:24:08 +0200] "GET /903-cart_default/pro-tec-classic-certified-bukosisak-bucky-lasek.jpg HTTP/1.1" 301 380 "-" "Mozilla/5.0 (compatible; bingbot/2.0; +http://www.bing.com/bingbot.htm)"
207.46.13.126 - - [08/Sep/2020:10:29:51 +0200] "GET /1242-home_default/enuff-graffiti-ii-725-skateboard-orange.jpg HTTP/1.1" 301 373 "-" "Mozilla/5.0 (compatible; bingbot/2.0; +http://www.bing.com/bingbot.htm)"
79.175.111.91 - - [08/Sep/2020:10:31:23 +0200] "GET / HTTP/1.1" 301 312 "-" "Mozilla/5.0 (Windows NT 10.0) AppleWebKit/537.36 (KHTML, like Gecko) Chrome/84.0.4147.135 Safari/537.36 OPR/70.0.3728.154"
207.46.13.196 - - [08/Sep/2020:10:35:07 +0200] "GET /1736-large_default/rio-roller-leopard-felnott-quad-gorkorcsolya.jpg HTTP/1.1" 301 379 "-" "Mozilla/5.0 (compatible; bingbot/2.0; +http://www.bing.com/bingbot.htm)"
66.249.66.134 - - [08/Sep/2020:10:35:19 +0200] "GET /en/grip-tapes/1515-flik-zodiac-grip-tape-leo.html?search_query=flik+grip+tape&results=57 HTTP/1.1" 301 404 "-" "Mozilla/5.0 (Linux; Android 6.0.1; Nexus 5X Build/MMB29P) AppleWebKit/537.36 (KHTML, like Gecko) Chrome/80.0.3987.92 Mobile Safari/537.36 (compatible; Googlebot/2.1; +http://www.google.com/bot.html)"
66.249.66.132 - - [08/Sep/2020:10:35:18 +0200] "GET /en/quad-skate/766-rio-roller-leopard-adult-quad-skate.html HTTP/1.1" 301 370 "-" "Mozilla/5.0 (compatible; Googlebot/2.1; +http://www.google.com/bot.html)"
66.249.66.130 - - [08/Sep/2020:10:35:57 +0200] "GET /hu/longboard/1117-sp-cloudy-longboard-60mm-kerek-feher-lila.html HTTP/1.1" 301 376 "-" "Mozilla/5.0 (Linux; Android 6.0.1; Nexus 5X Build/MMB29P) AppleWebKit/537.36 (KHTML, like Gecko) Chrome/80.0.3987.92 Mobile Safari/537.36 (compatible; Googlebot/2.1; +http://www.google.com/bot.html)"
114.119.141.133 - - [08/Sep/2020:10:36:59 +0200] "GET /robots.txt HTTP/1.1" 301 322 "-" "(compatible;PetalBot;+http://aspiegel.com/petalbot)"
66.249.66.130 - - [08/Sep/2020:10:42:10 +0200] "GET /en/quad-skate/766-rio-roller-leopard-adult-quad-skate.html HTTP/1.1" 301 370 "-" "Mozilla/5.0 (Linux; Android 6.0.1; Nexus 5X Build/MMB29P) AppleWebKit/537.36 (KHTML, like Gecko) Chrome/85.0.4183.97 Mobile Safari/537.36 (compatible; Googlebot/2.1; +http://www.google.com/bot.html)"
66.249.66.130 - - [08/Sep/2020:10:42:18 +0200] "GET /hu/cruiser-short-board/1718-stella-beer-runner-tigress-cruiser.html?search_query=stella&results=45 HTTP/1.1" 301 414 "-" "Mozilla/5.0 (Linux; Android 6.0.1; Nexus 5X Build/MMB29P) AppleWebKit/537.36 (KHTML, like Gecko) Chrome/80.0.3987.92 Mobile Safari/537.36 (compatible; Googlebot/2.1; +http://www.google.com/bot.html)"
66.249.66.130 - - [08/Sep/2020:10:42:56 +0200] "GET /en/trucks/1189-mindless-voodoo-talisman-ii-longboard-trucks-polished.html?search_query=mindless&results=76 HTTP/1.1" 301 422 "-" "Mozilla/5.0 (Linux; Android 6.0.1; Nexus 5X Build/MMB29P) AppleWebKit/537.36 (KHTML, like Gecko) Chrome/80.0.3987.92 Mobile Safari/537.36 (compatible; Googlebot/2.1; +http://www.google.com/bot.html)"
66.249.66.130 - - [08/Sep/2020:10:45:29 +0200] "GET /en/bolts-and-nuts/1529-steadfast-kingpin-nut.html HTTP/1.1" 301 361 "-" "Mozilla/5.0 (Linux; Android 6.0.1; Nexus 5X Build/MMB29P) AppleWebKit/537.36 (KHTML, like Gecko) Chrome/80.0.3987.92 Mobile Safari/537.36 (compatible; Googlebot/2.1; +http://www.google.com/bot.html)"
157.55.39.115 - - [08/Sep/2020:10:49:07 +0200] "GET /2965-thickbox_default/rio-roller-classic-ii-adult-quad-skate-blueberry.jpg HTTP/1.1" 301 386 "-" "Mozilla/5.0 (compatible; bingbot/2.0; +http://www.bing.com/bingbot.htm)"
40.77.167.5 - - [08/Sep/2020:10:50:55 +0200] "GET /4102-cart_default/mindless-raider-v-longboard-teal.jpg HTTP/1.1" 301 366 "-" "Mozilla/5.0 (compatible; bingbot/2.0; +http://www.bing.com/bingbot.htm)"
54.160.34.81 - - [08/Sep/2020:10:52:08 +0200] "GET / HTTP/1.1" 301 312 "-" "Mozilla/5.0 (Windows NT 6.3; Win64; x64) AppleWebKit/537.36 (KHTML, like Gecko) Chrome/57.0.2987.133 Safari/537.36"
108.62.50.46 - - [08/Sep/2020:10:52:59 +0200] "GET / HTTP/1.1" 301 312 "-" "Mozilla/5.0 (Windows NT 10.0; WOW64; Trident/7.0; rv:11.0) like Gecko"
86.101.33.8 - - [08/Sep/2020:10:55:25 +0200] "GET / HTTP/1.1" 301 312 "-" "Mozilla/5.0 (iPhone; CPU iPhone OS 13_6 like Mac OS X) AppleWebKit/605.1.15 (KHTML, like Gecko) CriOS/84.0.4147.122 Mobile/15E148 Safari/604.1"
86.101.33.8 - - [08/Sep/2020:10:55:27 +0200] "GET / HTTP/1.1" 301 312 "-" "Mozilla/5.0 (iPhone; CPU iPhone OS 13_6 like Mac OS X) AppleWebKit/605.1.15 (KHTML, like Gecko) CriOS/84.0.4147.122 Mobile/15E148 Safari/604.1"
40.77.167.88 - - [08/Sep/2020:10:55:54 +0200] "GET /1163-thickbox_default/voltage-graffiti-logo-75-skateboard-red.jpg HTTP/1.1" 301 377 "-" "Mozilla/5.0 (compatible; bingbot/2.0; +http://www.bing.com/bingbot.htm)"
207.46.13.126 - - [08/Sep/2020:10:54:47 +0200] "GET /2801-thickbox_default/enuff-refresher-53mm-skateboard-wheels-pink.jpg HTTP/1.1" 301 381 "-" "Mozilla/5.0 (compatible; bingbot/2.0; +http://www.bing.com/bingbot.htm)"
141.8.142.65 - - [08/Sep/2020:10:53:15 +0200] "GET /4039-small_default/street-surfing-glow-in-the-dark-cruiser-kek.jpg HTTP/1.1" 301 378 "-" "Mozilla/5.0 (compatible; YandexImages/3.0; +http://yandex.com/bots)"
40.77.167.5 - - [08/Sep/2020:10:57:12 +0200] "GET /734-home_default/stella-global-cruiser-mr-bottle-longboard.jpg HTTP/1.1" 301 374 "-" "Mozilla/5.0 (compatible; bingbot/2.0; +http://www.bing.com/bingbot.htm)"
40.77.167.5 - - [08/Sep/2020:10:57:22 +0200] "GET /3859-home_default/armor-3500-pad-set.jpg HTTP/1.1" 301 352 "-" "Mozilla/5.0 (compatible; bingbot/2.0; +http://www.bing.com/bingbot.htm)"
178.159.37.69 - - [08/Sep/2020:10:58:31 +0200] "GET /en/cruisers/2336-nkd-city-39-cruiser.html HTTP/1.0" 301 353 "-" "Mozilla/5.0 (Windows NT 6.3; Win64; x64) AppleWebKit/537.36 (KHTML, like Gecko) Chrome/75.0.3770.100 Safari/537.36"
67.195.161.110 - - [08/Sep/2020:11:00:46 +0200] "GET /3436-thickbox_default/maui-hawaii-regional-longboard.jpg HTTP/1.1" 301 368 "https://images.search.yahoo.com/" "YahooCacheSystem; YahooWebServiceClient"
40.77.167.60 - - [08/Sep/2020:11:07:00 +0200] "GET /1954-home_default/tony-hawk-360-series-skateboard-league.jpg HTTP/1.1" 301 372 "-" "Mozilla/5.0 (compatible; bingbot/2.0; +http://www.bing.com/bingbot.htm)"
66.249.66.130 - - [08/Sep/2020:11:07:42 +0200] "GET /robots.txt HTTP/1.1" 301 322 "-" "Mozilla/5.0 (compatible; Googlebot/2.1; +http://www.google.com/bot.html)"
66.249.66.132 - - [08/Sep/2020:11:07:42 +0200] "GET /hu/fuggok/1089-enuff-decade-pro-satin-129mm-gordeszka-felfuggesztes-raw-piros.html HTTP/1.1" 301 394 "-" "Mozilla/5.0 (Linux; Android 6.0.1; Nexus 5X Build/MMB29P) AppleWebKit/537.36 (KHTML, like Gecko) Chrome/80.0.3987.92 Mobile Safari/537.36 (compatible; Googlebot/2.1; +http://www.google.com/bot.html)"
176.63.17.222 - - [08/Sep/2020:11:09:35 +0200] "GET / HTTP/1.1" 301 312 "-" "Mozilla/5.0 (Windows NT 10.0; Win64; x64) AppleWebKit/537.36 (KHTML, like Gecko) Chrome/81.0.4044.92 Safari/537.36 Edg/81.0.416.53"
40.77.167.5 - - [08/Sep/2020:11:13:10 +0200] "GET /3399-large_default/maui-bullseye-longboard.jpg HTTP/1.1" 301 358 "-" "Mozilla/5.0 (compatible; bingbot/2.0; +http://www.bing.com/bingbot.htm)"
31.46.249.37 - - [08/Sep/2020:11:11:20 +0200] "GET / HTTP/1.1" 301 312 "android-app://com.google.android.googlequicksearchbox/" "Mozilla/5.0 (Linux; Android 9; LM-Q610.FGN) AppleWebKit/537.36 (KHTML, like Gecko) Chrome/85.0.4183.81 Mobile Safari/537.36"
66.249.66.130 - - [08/Sep/2020:11:13:25 +0200] "GET /en/tools/584-mindless-longboard-tool-raw.html HTTP/1.1" 301 357 "-" "Mozilla/5.0 (Linux; Android 6.0.1; Nexus 5X Build/MMB29P) AppleWebKit/537.36 (KHTML, like Gecko) Chrome/80.0.3987.92 Mobile Safari/537.36 (compatible; Googlebot/2.1; +http://www.google.com/bot.html)"
141.8.142.88 - - [08/Sep/2020:11:19:21 +0200] "GET /2840-thickbox_default/enuff-tag-graffiti-gordeszka-yellow.jpg HTTP/1.1" 301 373 "-" "Mozilla/5.0 (compatible; YandexImages/3.0; +http://yandex.com/bots)"
141.8.142.88 - - [08/Sep/2020:11:19:17 +0200] "GET /robots.txt HTTP/1.1" 301 322 "-" "Mozilla/5.0 (compatible; YandexBot/3.0; +http://yandex.com/bots)"
66.249.93.58 - - [08/Sep/2020:11:19:25 +0200] "GET / HTTP/1.1" 301 312 "-" "Mozilla/5.0 (X11; Linux x86_64) AppleWebKit/537.36 (KHTML, like Gecko) Chrome/49.0.2623.75 Safari/537.36 Google Favicon"
66.249.66.134 - - [08/Sep/2020:11:21:02 +0200] "GET /hu/cruiser/1812-penny-22-cruiser-rainbow-bridge.html HTTP/1.1" 301 364 "-" "Mozilla/5.0 (Linux; Android 6.0.1; Nexus 5X Build/MMB29P) AppleWebKit/537.36 (KHTML, like Gecko) Chrome/80.0.3987.92 Mobile Safari/537.36 (compatible; Googlebot/2.1; +http://www.google.com/bot.html)"
