42.236.10.90 - - [07/Sep/2020:03:32:06 +0200] "GET / HTTP/1.1" 301 - "http://www.deszkak.hu/" "Mozilla/5.0 (Windows NT 6.1; WOW64) AppleWebKit/537.36 (KHTML, like Gecko) Chrome/50.4.2661.102 Safari/537.36; 360Spider"
89.132.225.94 - - [07/Sep/2020:03:31:47 +0200] "POST /admin16011/ajax.php?rand=1599442304440 HTTP/1.1" 200 2127 "http://www.deszkak.hu/admin16011/index.php?controller=AdminOrders&token=c1978206ebd196d9f154bec0d83018cf" "Mozilla/5.0 (Windows NT 6.1; Win64; x64) AppleWebKit/537.36 (KHTML, like Gecko) Chrome/85.0.4183.83 Safari/537.36"
89.132.225.94 - - [07/Sep/2020:03:33:48 +0200] "POST /admin16011/ajax.php?rand=1599442425456 HTTP/1.1" 200 2127 "http://www.deszkak.hu/admin16011/index.php?controller=AdminOrders&token=c1978206ebd196d9f154bec0d83018cf" "Mozilla/5.0 (Windows NT 6.1; Win64; x64) AppleWebKit/537.36 (KHTML, like Gecko) Chrome/85.0.4183.83 Safari/537.36"
40.77.167.221 - - [07/Sep/2020:03:35:08 +0200] "GET /2658-large_default/enuff-refresher-53-mm-skateboard-wheels-rasta.jpg HTTP/1.1" 200 44154 "-" "Mozilla/5.0 (compatible; bingbot/2.0; +http://www.bing.com/bingbot.htm)"
89.132.225.94 - - [07/Sep/2020:03:35:49 +0200] "POST /admin16011/ajax.php?rand=1599442546440 HTTP/1.1" 200 2127 "http://www.deszkak.hu/admin16011/index.php?controller=AdminOrders&token=c1978206ebd196d9f154bec0d83018cf" "Mozilla/5.0 (Windows NT 6.1; Win64; x64) AppleWebKit/537.36 (KHTML, like Gecko) Chrome/85.0.4183.83 Safari/537.36"
89.132.225.94 - - [07/Sep/2020:03:37:50 +0200] "POST /admin16011/ajax.php?rand=1599442667440 HTTP/1.1" 200 2127 "http://www.deszkak.hu/admin16011/index.php?controller=AdminOrders&token=c1978206ebd196d9f154bec0d83018cf" "Mozilla/5.0 (Windows NT 6.1; Win64; x64) AppleWebKit/537.36 (KHTML, like Gecko) Chrome/85.0.4183.83 Safari/537.36"
89.132.225.94 - - [07/Sep/2020:03:39:51 +0200] "POST /admin16011/ajax.php?rand=1599442788442 HTTP/1.1" 200 2127 "http://www.deszkak.hu/admin16011/index.php?controller=AdminOrders&token=c1978206ebd196d9f154bec0d83018cf" "Mozilla/5.0 (Windows NT 6.1; Win64; x64) AppleWebKit/537.36 (KHTML, like Gecko) Chrome/85.0.4183.83 Safari/537.36"
89.132.225.94 - - [07/Sep/2020:03:41:52 +0200] "POST /admin16011/ajax.php?rand=1599442909442 HTTP/1.1" 200 2146 "http://www.deszkak.hu/admin16011/index.php?controller=AdminOrders&token=c1978206ebd196d9f154bec0d83018cf" "Mozilla/5.0 (Windows NT 6.1; Win64; x64) AppleWebKit/537.36 (KHTML, like Gecko) Chrome/85.0.4183.83 Safari/537.36"
51.77.246.68 - - [07/Sep/2020:03:44:15 +0200] "GET / HTTP/1.1" 301 - "-" "Mozilla/5.0 (Macintosh; Intel Mac OS X 10_13_6) AppleWebKit/537.36 (KHTML, like Gecko) Chrome/74.0.3694.0 Safari/537.36 Chrome-Lighthouse"
157.55.39.156 - - [07/Sep/2020:03:44:34 +0200] "GET /3399-home_default/maui-bullseye-longboard.jpg HTTP/1.1" 200 12744 "-" "Mozilla/5.0 (compatible; bingbot/2.0; +http://www.bing.com/bingbot.htm)"
89.132.225.94 - - [07/Sep/2020:03:45:54 +0200] "POST /admin16011/ajax.php?rand=1599443151447 HTTP/1.1" 200 2146 "http://www.deszkak.hu/admin16011/index.php?controller=AdminOrders&token=c1978206ebd196d9f154bec0d83018cf" "Mozilla/5.0 (Windows NT 6.1; Win64; x64) AppleWebKit/537.36 (KHTML, like Gecko) Chrome/85.0.4183.83 Safari/537.36"
51.77.246.68 - - [07/Sep/2020:03:45:59 +0200] "GET / HTTP/1.1" 301 - "-" "Mozilla/5.0 (Macintosh; Intel Mac OS X 10_13_6) AppleWebKit/537.36 (KHTML, like Gecko) Chrome/74.0.3694.0 Safari/537.36 Chrome-Lighthouse"
89.132.225.94 - - [07/Sep/2020:03:43:53 +0200] "POST /admin16011/ajax.php?rand=1599443030442 HTTP/1.1" 200 2146 "http://www.deszkak.hu/admin16011/index.php?controller=AdminOrders&token=c1978206ebd196d9f154bec0d83018cf" "Mozilla/5.0 (Windows NT 6.1; Win64; x64) AppleWebKit/537.36 (KHTML, like Gecko) Chrome/85.0.4183.83 Safari/537.36"
51.77.246.68 - - [07/Sep/2020:03:44:04 +0200] "GET / HTTP/1.1" 301 - "-" "Mozilla/5.0 (compatible; Dataprovider.com)"
66.249.75.144 - - [07/Sep/2020:03:47:06 +0200] "GET /hu/24_nmb HTTP/1.1" 301 - "-" "Mozilla/5.0 (compatible; Googlebot/2.1; +http://www.google.com/bot.html)"
141.8.142.88 - - [07/Sep/2020:03:46:23 +0200] "GET /robots.txt HTTP/1.1" 200 2464 "-" "Mozilla/5.0 (compatible; YandexBot/3.0; +http://yandex.com/bots)"
66.249.75.144 - - [07/Sep/2020:03:47:10 +0200] "GET /hu/24_nmb HTTP/1.1" 301 - "-" "Mozilla/5.0 (compatible; Googlebot/2.1; +http://www.google.com/bot.html)"
141.8.142.88 - - [07/Sep/2020:03:46:27 +0200] "GET /1709-small_default/rio-roller-pure-gyerek-quad-gorkorcsolya-piros-feher.jpg HTTP/1.1" 304 - "-" "Mozilla/5.0 (compatible; YandexImages/3.0; +http://yandex.com/bots)"
40.77.167.14 - - [07/Sep/2020:03:46:47 +0200] "GET /3243-home_default/rio-roller-camo-felnott-quad-gorkorcsolya-limitalt-kiadas.jpg HTTP/1.1" 200 20667 "-" "Mozilla/5.0 (compatible; bingbot/2.0; +http://www.bing.com/bingbot.htm)"
89.132.225.94 - - [07/Sep/2020:03:47:55 +0200] "POST /admin16011/ajax.php?rand=1599443272445 HTTP/1.1" 200 2146 "http://www.deszkak.hu/admin16011/index.php?controller=AdminOrders&token=c1978206ebd196d9f154bec0d83018cf" "Mozilla/5.0 (Windows NT 6.1; Win64; x64) AppleWebKit/537.36 (KHTML, like Gecko) Chrome/85.0.4183.83 Safari/537.36"
89.132.225.94 - - [07/Sep/2020:03:49:56 +0200] "POST /admin16011/ajax.php?rand=1599443393444 HTTP/1.1" 200 2146 "http://www.deszkak.hu/admin16011/index.php?controller=AdminOrders&token=c1978206ebd196d9f154bec0d83018cf" "Mozilla/5.0 (Windows NT 6.1; Win64; x64) AppleWebKit/537.36 (KHTML, like Gecko) Chrome/85.0.4183.83 Safari/537.36"
40.77.167.14 - - [07/Sep/2020:03:50:29 +0200] "GET /436-home_default/mgp-honcho-series-gordeszka-iron-star.jpg HTTP/1.1" 200 17561 "-" "Mozilla/5.0 (compatible; bingbot/2.0; +http://www.bing.com/bingbot.htm)"
179.43.156.235 - - [07/Sep/2020:03:52:02 +0200] "GET /upload.sql.bz2 HTTP/1.1" 302 - "-" "Mozilla/5.0 (X11; Linux x86_64; rv:68.0) Gecko/20100101 Firefox/68.0"
89.132.225.94 - - [07/Sep/2020:03:53:58 +0200] "POST /admin16011/ajax.php?rand=1599443635453 HTTP/1.1" 200 2146 "http://www.deszkak.hu/admin16011/index.php?controller=AdminOrders&token=c1978206ebd196d9f154bec0d83018cf" "Mozilla/5.0 (Windows NT 6.1; Win64; x64) AppleWebKit/537.36 (KHTML, like Gecko) Chrome/85.0.4183.83 Safari/537.36"
89.132.225.94 - - [07/Sep/2020:03:51:57 +0200] "POST /admin16011/ajax.php?rand=1599443514447 HTTP/1.1" 200 2146 "http://www.deszkak.hu/admin16011/index.php?controller=AdminOrders&token=c1978206ebd196d9f154bec0d83018cf" "Mozilla/5.0 (Windows NT 6.1; Win64; x64) AppleWebKit/537.36 (KHTML, like Gecko) Chrome/85.0.4183.83 Safari/537.36"
89.132.225.94 - - [07/Sep/2020:03:55:59 +0200] "POST /admin16011/ajax.php?rand=1599443756447 HTTP/1.1" 200 2146 "http://www.deszkak.hu/admin16011/index.php?controller=AdminOrders&token=c1978206ebd196d9f154bec0d83018cf" "Mozilla/5.0 (Windows NT 6.1; Win64; x64) AppleWebKit/537.36 (KHTML, like Gecko) Chrome/85.0.4183.83 Safari/537.36"
188.126.73.204 - - [07/Sep/2020:03:56:00 +0200] "GET /en/cruisers/2336-nkd-city-39-cruiser.html HTTP/1.0" 301 - "http://www.deszkak.hu/en/cruisers/2336-nkd-city-39-cruiser.html" "Mozilla/5.0 (Macintosh; Intel Mac OS X 10_13_5) AppleWebKit/537.36 (KHTML, like Gecko) Chrome/67.0.3396.99 Safari/537.36"
141.8.142.88 - - [07/Sep/2020:03:55:10 +0200] "GET /4300-cart_default/rocket-twin-fade-gordeszka-zold-feher.jpg HTTP/1.1" 304 - "-" "Mozilla/5.0 (compatible; YandexImages/3.0; +http://yandex.com/bots)"
89.132.225.94 - - [07/Sep/2020:03:58:00 +0200] "POST /admin16011/ajax.php?rand=1599443877450 HTTP/1.1" 200 2144 "http://www.deszkak.hu/admin16011/index.php?controller=AdminOrders&token=c1978206ebd196d9f154bec0d83018cf" "Mozilla/5.0 (Windows NT 6.1; Win64; x64) AppleWebKit/537.36 (KHTML, like Gecko) Chrome/85.0.4183.83 Safari/537.36"
89.132.225.94 - - [07/Sep/2020:04:00:01 +0200] "POST /admin16011/ajax.php?rand=1599443998452 HTTP/1.1" 200 2144 "http://www.deszkak.hu/admin16011/index.php?controller=AdminOrders&token=c1978206ebd196d9f154bec0d83018cf" "Mozilla/5.0 (Windows NT 6.1; Win64; x64) AppleWebKit/537.36 (KHTML, like Gecko) Chrome/85.0.4183.83 Safari/537.36"
89.132.225.94 - - [07/Sep/2020:04:02:02 +0200] "POST /admin16011/ajax.php?rand=1599444119449 HTTP/1.1" 200 2144 "http://www.deszkak.hu/admin16011/index.php?controller=AdminOrders&token=c1978206ebd196d9f154bec0d83018cf" "Mozilla/5.0 (Windows NT 6.1; Win64; x64) AppleWebKit/537.36 (KHTML, like Gecko) Chrome/85.0.4183.83 Safari/537.36"
89.132.225.94 - - [07/Sep/2020:04:04:03 +0200] "POST /admin16011/ajax.php?rand=1599444240445 HTTP/1.1" 200 2144 "http://www.deszkak.hu/admin16011/index.php?controller=AdminOrders&token=c1978206ebd196d9f154bec0d83018cf" "Mozilla/5.0 (Windows NT 6.1; Win64; x64) AppleWebKit/537.36 (KHTML, like Gecko) Chrome/85.0.4183.83 Safari/537.36"
141.8.142.88 - - [07/Sep/2020:04:05:22 +0200] "GET /4320-cart_default/d-street-surfskate-cruiser-swell.jpg HTTP/1.1" 304 - "-" "Mozilla/5.0 (compatible; YandexImages/3.0; +http://yandex.com/bots)"
89.132.225.94 - - [07/Sep/2020:04:06:04 +0200] "POST /admin16011/ajax.php?rand=1599444361448 HTTP/1.1" 200 2144 "http://www.deszkak.hu/admin16011/index.php?controller=AdminOrders&token=c1978206ebd196d9f154bec0d83018cf" "Mozilla/5.0 (Windows NT 6.1; Win64; x64) AppleWebKit/537.36 (KHTML, like Gecko) Chrome/85.0.4183.83 Safari/537.36"
89.132.225.94 - - [07/Sep/2020:04:10:06 +0200] "POST /admin16011/ajax.php?rand=1599444603452 HTTP/1.1" 200 2144 "http://www.deszkak.hu/admin16011/index.php?controller=AdminOrders&token=c1978206ebd196d9f154bec0d83018cf" "Mozilla/5.0 (Windows NT 6.1; Win64; x64) AppleWebKit/537.36 (KHTML, like Gecko) Chrome/85.0.4183.83 Safari/537.36"
89.132.225.94 - - [07/Sep/2020:04:08:05 +0200] "POST /admin16011/ajax.php?rand=1599444482446 HTTP/1.1" 200 2144 "http://www.deszkak.hu/admin16011/index.php?controller=AdminOrders&token=c1978206ebd196d9f154bec0d83018cf" "Mozilla/5.0 (Windows NT 6.1; Win64; x64) AppleWebKit/537.36 (KHTML, like Gecko) Chrome/85.0.4183.83 Safari/537.36"
216.244.66.194 - - [07/Sep/2020:04:10:05 +0200] "GET /en/knee-elbow-ankle-protect/1264-pro-tec-street-elbow-pads.html HTTP/1.1" 301 - "-" "Mozilla/5.0 (compatible; DotBot/1.1; http://www.opensiteexplorer.org/dotbot, help@moz.com)"
216.244.66.194 - - [07/Sep/2020:04:10:12 +0200] "GET /en/skateboard/1605-enuff-refresher-ii-53-mm-skateboard-wheels-green.html HTTP/1.1" 301 - "-" "Mozilla/5.0 (compatible; DotBot/1.1; http://www.opensiteexplorer.org/dotbot, help@moz.com)"
216.244.66.194 - - [07/Sep/2020:04:10:16 +0200] "GET /en/cart?add=1&id_product=265&token=dd1548e4374f499b814aa1cfc96bc198 HTTP/1.1" 301 - "-" "Mozilla/5.0 (compatible; DotBot/1.1; http://www.opensiteexplorer.org/dotbot, help@moz.com)"
207.46.13.126 - - [07/Sep/2020:04:10:46 +0200] "GET /2823-thickbox_default/enuff-92a-gordeszka-gumipogacsa-piros.jpg HTTP/1.1" 200 35362 "-" "Mozilla/5.0 (compatible; bingbot/2.0; +http://www.bing.com/bingbot.htm)"
216.244.66.194 - - [07/Sep/2020:04:11:36 +0200] "GET /en/cart?add=1&id_product=1059&token=dd1548e4374f499b814aa1cfc96bc198 HTTP/1.1" 301 - "-" "Mozilla/5.0 (compatible; DotBot/1.1; http://www.opensiteexplorer.org/dotbot, help@moz.com)"
89.132.225.94 - - [07/Sep/2020:04:12:07 +0200] "POST /admin16011/ajax.php?rand=1599444724453 HTTP/1.1" 200 2144 "http://www.deszkak.hu/admin16011/index.php?controller=AdminOrders&token=c1978206ebd196d9f154bec0d83018cf" "Mozilla/5.0 (Windows NT 6.1; Win64; x64) AppleWebKit/537.36 (KHTML, like Gecko) Chrome/85.0.4183.83 Safari/537.36"
216.244.66.194 - - [07/Sep/2020:04:12:06 +0200] "GET /en/cart?add=1&id_product=1295&token=dd1548e4374f499b814aa1cfc96bc198 HTTP/1.1" 301 - "-" "Mozilla/5.0 (compatible; DotBot/1.1; http://www.opensiteexplorer.org/dotbot, help@moz.com)"
89.132.225.94 - - [07/Sep/2020:04:14:08 +0200] "POST /admin16011/ajax.php?rand=1599444845453 HTTP/1.1" 200 2144 "http://www.deszkak.hu/admin16011/index.php?controller=AdminOrders&token=c1978206ebd196d9f154bec0d83018cf" "Mozilla/5.0 (Windows NT 6.1; Win64; x64) AppleWebKit/537.36 (KHTML, like Gecko) Chrome/85.0.4183.83 Safari/537.36"
40.77.167.221 - - [07/Sep/2020:04:14:53 +0200] "GET /3117-large_default/enuff-refresher-50-mm-skateboard-wheels-white.jpg HTTP/1.1" 200 24903 "-" "Mozilla/5.0 (compatible; bingbot/2.0; +http://www.bing.com/bingbot.htm)"
89.132.225.94 - - [07/Sep/2020:04:16:09 +0200] "POST /admin16011/ajax.php?rand=1599444966449 HTTP/1.1" 200 2144 "http://www.deszkak.hu/admin16011/index.php?controller=AdminOrders&token=c1978206ebd196d9f154bec0d83018cf" "Mozilla/5.0 (Windows NT 6.1; Win64; x64) AppleWebKit/537.36 (KHTML, like Gecko) Chrome/85.0.4183.83 Safari/537.36"
89.132.225.94 - - [07/Sep/2020:04:18:10 +0200] "POST /admin16011/ajax.php?rand=1599445087452 HTTP/1.1" 200 2144 "http://www.deszkak.hu/admin16011/index.php?controller=AdminOrders&token=c1978206ebd196d9f154bec0d83018cf" "Mozilla/5.0 (Windows NT 6.1; Win64; x64) AppleWebKit/537.36 (KHTML, like Gecko) Chrome/85.0.4183.83 Safari/537.36"
89.132.225.94 - - [07/Sep/2020:04:20:11 +0200] "POST /admin16011/ajax.php?rand=1599445208452 HTTP/1.1" 200 2144 "http://www.deszkak.hu/admin16011/index.php?controller=AdminOrders&token=c1978206ebd196d9f154bec0d83018cf" "Mozilla/5.0 (Windows NT 6.1; Win64; x64) AppleWebKit/537.36 (KHTML, like Gecko) Chrome/85.0.4183.83 Safari/537.36"
66.249.91.209 - - [07/Sep/2020:04:19:20 +0200] "GET /hu/43-alkatreszek HTTP/1.1" 301 - "-" "AdsBot-Google (+http://www.google.com/adsbot.html)"
89.132.225.94 - - [07/Sep/2020:04:22:12 +0200] "POST /admin16011/ajax.php?rand=1599445329455 HTTP/1.1" 200 2144 "http://www.deszkak.hu/admin16011/index.php?controller=AdminOrders&token=c1978206ebd196d9f154bec0d83018cf" "Mozilla/5.0 (Windows NT 6.1; Win64; x64) AppleWebKit/537.36 (KHTML, like Gecko) Chrome/85.0.4183.83 Safari/537.36"
179.43.156.235 - - [07/Sep/2020:04:21:46 +0200] "GET /httpdocs.sql.bz2 HTTP/1.1" 302 - "-" "Mozilla/5.0 (X11; Linux x86_64; rv:68.0) Gecko/20100101 Firefox/68.0"
89.132.225.94 - - [07/Sep/2020:04:24:13 +0200] "POST /admin16011/ajax.php?rand=1599445450452 HTTP/1.1" 200 2144 "http://www.deszkak.hu/admin16011/index.php?controller=AdminOrders&token=c1978206ebd196d9f154bec0d83018cf" "Mozilla/5.0 (Windows NT 6.1; Win64; x64) AppleWebKit/537.36 (KHTML, like Gecko) Chrome/85.0.4183.83 Safari/537.36"
141.8.142.88 - - [07/Sep/2020:04:24:57 +0200] "GET /2498-thickbox_default/harsh-hx1-classic-helmet-green.jpg HTTP/1.1" 304 - "-" "Mozilla/5.0 (compatible; YandexImages/3.0; +http://yandex.com/bots)"
89.132.225.94 - - [07/Sep/2020:04:26:14 +0200] "POST /admin16011/ajax.php?rand=1599445571460 HTTP/1.1" 200 2144 "http://www.deszkak.hu/admin16011/index.php?controller=AdminOrders&token=c1978206ebd196d9f154bec0d83018cf" "Mozilla/5.0 (Windows NT 6.1; Win64; x64) AppleWebKit/537.36 (KHTML, like Gecko) Chrome/85.0.4183.83 Safari/537.36"
89.132.225.94 - - [07/Sep/2020:04:28:15 +0200] "POST /admin16011/ajax.php?rand=1599445692455 HTTP/1.1" 200 2144 "http://www.deszkak.hu/admin16011/index.php?controller=AdminOrders&token=c1978206ebd196d9f154bec0d83018cf" "Mozilla/5.0 (Windows NT 6.1; Win64; x64) AppleWebKit/537.36 (KHTML, like Gecko) Chrome/85.0.4183.83 Safari/537.36"
89.132.225.94 - - [07/Sep/2020:04:30:16 +0200] "POST /admin16011/ajax.php?rand=1599445813453 HTTP/1.1" 200 2144 "http://www.deszkak.hu/admin16011/index.php?controller=AdminOrders&token=c1978206ebd196d9f154bec0d83018cf" "Mozilla/5.0 (Windows NT 6.1; Win64; x64) AppleWebKit/537.36 (KHTML, like Gecko) Chrome/85.0.4183.83 Safari/537.36"
89.132.225.94 - - [07/Sep/2020:04:32:17 +0200] "POST /admin16011/ajax.php?rand=1599445934464 HTTP/1.1" 200 2144 "http://www.deszkak.hu/admin16011/index.php?controller=AdminOrders&token=c1978206ebd196d9f154bec0d83018cf" "Mozilla/5.0 (Windows NT 6.1; Win64; x64) AppleWebKit/537.36 (KHTML, like Gecko) Chrome/85.0.4183.83 Safari/537.36"
207.46.13.246 - - [07/Sep/2020:04:33:07 +0200] "GET /robots.txt HTTP/1.1" 200 2464 "-" "Mozilla/5.0 (compatible; bingbot/2.0; +http://www.bing.com/bingbot.htm)"
51.77.129.167 - - [07/Sep/2020:04:33:04 +0200] "GET / HTTP/1.1" 301 - "-" "Mozilla/5.0 (Macintosh; Intel Mac OS X 10_13_6) AppleWebKit/537.36 (KHTML, like Gecko) Chrome/74.0.3694.0 Safari/537.36 Chrome-Lighthouse"
51.77.129.167 - - [07/Sep/2020:04:32:52 +0200] "GET / HTTP/1.1" 301 - "-" "Mozilla/5.0 (compatible; Dataprovider.com)"
89.132.225.94 - - [07/Sep/2020:04:34:18 +0200] "POST /admin16011/ajax.php?rand=1599446055455 HTTP/1.1" 200 2144 "http://www.deszkak.hu/admin16011/index.php?controller=AdminOrders&token=c1978206ebd196d9f154bec0d83018cf" "Mozilla/5.0 (Windows NT 6.1; Win64; x64) AppleWebKit/537.36 (KHTML, like Gecko) Chrome/85.0.4183.83 Safari/537.36"
51.77.129.167 - - [07/Sep/2020:04:34:44 +0200] "GET / HTTP/1.1" 301 - "-" "Mozilla/5.0 (Macintosh; Intel Mac OS X 10_13_6) AppleWebKit/537.36 (KHTML, like Gecko) Chrome/74.0.3694.0 Safari/537.36 Chrome-Lighthouse"
141.8.142.88 - - [07/Sep/2020:04:35:56 +0200] "GET /4226-home_default/tony-hawk-360-series-skateboard-mutation.jpg HTTP/1.1" 304 - "-" "Mozilla/5.0 (compatible; YandexImages/3.0; +http://yandex.com/bots)"
89.132.225.94 - - [07/Sep/2020:04:36:19 +0200] "POST /admin16011/ajax.php?rand=1599446176460 HTTP/1.1" 200 2144 "http://www.deszkak.hu/admin16011/index.php?controller=AdminOrders&token=c1978206ebd196d9f154bec0d83018cf" "Mozilla/5.0 (Windows NT 6.1; Win64; x64) AppleWebKit/537.36 (KHTML, like Gecko) Chrome/85.0.4183.83 Safari/537.36"
89.132.225.94 - - [07/Sep/2020:04:38:20 +0200] "POST /admin16011/ajax.php?rand=1599446297461 HTTP/1.1" 200 2144 "http://www.deszkak.hu/admin16011/index.php?controller=AdminOrders&token=c1978206ebd196d9f154bec0d83018cf" "Mozilla/5.0 (Windows NT 6.1; Win64; x64) AppleWebKit/537.36 (KHTML, like Gecko) Chrome/85.0.4183.83 Safari/537.36"
66.249.75.144 - - [07/Sep/2020:04:39:52 +0200] "GET /en/best-sales HTTP/1.1" 301 - "-" "Mozilla/5.0 (compatible; Googlebot/2.1; +http://www.google.com/bot.html)"
89.132.225.94 - - [07/Sep/2020:04:40:21 +0200] "POST /admin16011/ajax.php?rand=1599446418456 HTTP/1.1" 200 2144 "http://www.deszkak.hu/admin16011/index.php?controller=AdminOrders&token=c1978206ebd196d9f154bec0d83018cf" "Mozilla/5.0 (Windows NT 6.1; Win64; x64) AppleWebKit/537.36 (KHTML, like Gecko) Chrome/85.0.4183.83 Safari/537.36"
89.132.225.94 - - [07/Sep/2020:04:42:22 +0200] "POST /admin16011/ajax.php?rand=1599446539460 HTTP/1.1" 200 2144 "http://www.deszkak.hu/admin16011/index.php?controller=AdminOrders&token=c1978206ebd196d9f154bec0d83018cf" "Mozilla/5.0 (Windows NT 6.1; Win64; x64) AppleWebKit/537.36 (KHTML, like Gecko) Chrome/85.0.4183.83 Safari/537.36"
179.43.156.235 - - [07/Sep/2020:04:44:01 +0200] "GET /home.sql.bz2 HTTP/1.1" 302 - "-" "Mozilla/5.0 (X11; Linux x86_64; rv:68.0) Gecko/20100101 Firefox/68.0"
89.132.225.94 - - [07/Sep/2020:04:44:23 +0200] "POST /admin16011/ajax.php?rand=1599446660459 HTTP/1.1" 200 2144 "http://www.deszkak.hu/admin16011/index.php?controller=AdminOrders&token=c1978206ebd196d9f154bec0d83018cf" "Mozilla/5.0 (Windows NT 6.1; Win64; x64) AppleWebKit/537.36 (KHTML, like Gecko) Chrome/85.0.4183.83 Safari/537.36"
89.132.225.94 - - [07/Sep/2020:04:46:24 +0200] "POST /admin16011/ajax.php?rand=1599446781458 HTTP/1.1" 200 2144 "http://www.deszkak.hu/admin16011/index.php?controller=AdminOrders&token=c1978206ebd196d9f154bec0d83018cf" "Mozilla/5.0 (Windows NT 6.1; Win64; x64) AppleWebKit/537.36 (KHTML, like Gecko) Chrome/85.0.4183.83 Safari/537.36"
89.132.225.94 - - [07/Sep/2020:04:48:25 +0200] "POST /admin16011/ajax.php?rand=1599446902467 HTTP/1.1" 200 2144 "http://www.deszkak.hu/admin16011/index.php?controller=AdminOrders&token=c1978206ebd196d9f154bec0d83018cf" "Mozilla/5.0 (Windows NT 6.1; Win64; x64) AppleWebKit/537.36 (KHTML, like Gecko) Chrome/85.0.4183.83 Safari/537.36"
89.132.225.94 - - [07/Sep/2020:04:50:26 +0200] "POST /admin16011/ajax.php?rand=1599447023465 HTTP/1.1" 200 2144 "http://www.deszkak.hu/admin16011/index.php?controller=AdminOrders&token=c1978206ebd196d9f154bec0d83018cf" "Mozilla/5.0 (Windows NT 6.1; Win64; x64) AppleWebKit/537.36 (KHTML, like Gecko) Chrome/85.0.4183.83 Safari/537.36"
89.132.225.94 - - [07/Sep/2020:04:52:27 +0200] "POST /admin16011/ajax.php?rand=1599447144458 HTTP/1.1" 200 2144 "http://www.deszkak.hu/admin16011/index.php?controller=AdminOrders&token=c1978206ebd196d9f154bec0d83018cf" "Mozilla/5.0 (Windows NT 6.1; Win64; x64) AppleWebKit/537.36 (KHTML, like Gecko) Chrome/85.0.4183.83 Safari/537.36"
89.132.225.94 - - [07/Sep/2020:04:54:28 +0200] "POST /admin16011/ajax.php?rand=1599447265463 HTTP/1.1" 200 2144 "http://www.deszkak.hu/admin16011/index.php?controller=AdminOrders&token=c1978206ebd196d9f154bec0d83018cf" "Mozilla/5.0 (Windows NT 6.1; Win64; x64) AppleWebKit/537.36 (KHTML, like Gecko) Chrome/85.0.4183.83 Safari/537.36"
66.249.75.146 - - [07/Sep/2020:04:56:04 +0200] "GET /en/best-sales HTTP/1.1" 301 - "-" "Mozilla/5.0 (Linux; Android 6.0.1; Nexus 5X Build/MMB29P) AppleWebKit/537.36 (KHTML, like Gecko) Chrome/85.0.4183.97 Mobile Safari/537.36 (compatible; Googlebot/2.1; +http://www.google.com/bot.html)"
89.132.225.94 - - [07/Sep/2020:04:56:29 +0200] "POST /admin16011/ajax.php?rand=1599447386467 HTTP/1.1" 200 2144 "http://www.deszkak.hu/admin16011/index.php?controller=AdminOrders&token=c1978206ebd196d9f154bec0d83018cf" "Mozilla/5.0 (Windows NT 6.1; Win64; x64) AppleWebKit/537.36 (KHTML, like Gecko) Chrome/85.0.4183.83 Safari/537.36"
89.132.225.94 - - [07/Sep/2020:04:58:30 +0200] "POST /admin16011/ajax.php?rand=1599447507462 HTTP/1.1" 200 2144 "http://www.deszkak.hu/admin16011/index.php?controller=AdminOrders&token=c1978206ebd196d9f154bec0d83018cf" "Mozilla/5.0 (Windows NT 6.1; Win64; x64) AppleWebKit/537.36 (KHTML, like Gecko) Chrome/85.0.4183.83 Safari/537.36"
89.132.225.94 - - [07/Sep/2020:05:00:31 +0200] "POST /admin16011/ajax.php?rand=1599447628468 HTTP/1.1" 200 2144 "http://www.deszkak.hu/admin16011/index.php?controller=AdminOrders&token=c1978206ebd196d9f154bec0d83018cf" "Mozilla/5.0 (Windows NT 6.1; Win64; x64) AppleWebKit/537.36 (KHTML, like Gecko) Chrome/85.0.4183.83 Safari/537.36"
89.132.225.94 - - [07/Sep/2020:05:02:32 +0200] "POST /admin16011/ajax.php?rand=1599447749479 HTTP/1.1" 200 2144 "http://www.deszkak.hu/admin16011/index.php?controller=AdminOrders&token=c1978206ebd196d9f154bec0d83018cf" "Mozilla/5.0 (Windows NT 6.1; Win64; x64) AppleWebKit/537.36 (KHTML, like Gecko) Chrome/85.0.4183.83 Safari/537.36"
216.244.66.194 - - [07/Sep/2020:05:03:32 +0200] "GET /en/trucks/1636-sushi-skateboard-truck-kit-silver.html HTTP/1.1" 301 - "-" "Mozilla/5.0 (compatible; DotBot/1.1; http://www.opensiteexplorer.org/dotbot, help@moz.com)"
216.244.66.194 - - [07/Sep/2020:05:03:40 +0200] "GET /hu/griptapek/1520-flik-zodiac-grip-tape-virgo.html HTTP/1.1" 301 - "-" "Mozilla/5.0 (compatible; DotBot/1.1; http://www.opensiteexplorer.org/dotbot, help@moz.com)"
89.132.225.94 - - [07/Sep/2020:05:04:33 +0200] "POST /admin16011/ajax.php?rand=1599447870467 HTTP/1.1" 200 2144 "http://www.deszkak.hu/admin16011/index.php?controller=AdminOrders&token=c1978206ebd196d9f154bec0d83018cf" "Mozilla/5.0 (Windows NT 6.1; Win64; x64) AppleWebKit/537.36 (KHTML, like Gecko) Chrome/85.0.4183.83 Safari/537.36"
216.244.66.194 - - [07/Sep/2020:05:05:05 +0200] "GET /en/skateboards/2062-rad-dude-crew-skateboard-725-wallpaper.html HTTP/1.1" 301 - "-" "Mozilla/5.0 (compatible; DotBot/1.1; http://www.opensiteexplorer.org/dotbot, help@moz.com)"
89.132.225.94 - - [07/Sep/2020:05:06:34 +0200] "POST /admin16011/ajax.php?rand=1599447991468 HTTP/1.1" 200 2145 "http://www.deszkak.hu/admin16011/index.php?controller=AdminOrders&token=c1978206ebd196d9f154bec0d83018cf" "Mozilla/5.0 (Windows NT 6.1; Win64; x64) AppleWebKit/537.36 (KHTML, like Gecko) Chrome/85.0.4183.83 Safari/537.36"
89.132.225.94 - - [07/Sep/2020:05:08:35 +0200] "POST /admin16011/ajax.php?rand=1599448112469 HTTP/1.1" 200 2145 "http://www.deszkak.hu/admin16011/index.php?controller=AdminOrders&token=c1978206ebd196d9f154bec0d83018cf" "Mozilla/5.0 (Windows NT 6.1; Win64; x64) AppleWebKit/537.36 (KHTML, like Gecko) Chrome/85.0.4183.83 Safari/537.36"
89.132.225.94 - - [07/Sep/2020:05:10:36 +0200] "POST /admin16011/ajax.php?rand=1599448233469 HTTP/1.1" 200 2145 "http://www.deszkak.hu/admin16011/index.php?controller=AdminOrders&token=c1978206ebd196d9f154bec0d83018cf" "Mozilla/5.0 (Windows NT 6.1; Win64; x64) AppleWebKit/537.36 (KHTML, like Gecko) Chrome/85.0.4183.83 Safari/537.36"
89.132.225.94 - - [07/Sep/2020:05:12:38 +0200] "POST /admin16011/ajax.php?rand=1599448354484 HTTP/1.1" 200 2145 "http://www.deszkak.hu/admin16011/index.php?controller=AdminOrders&token=c1978206ebd196d9f154bec0d83018cf" "Mozilla/5.0 (Windows NT 6.1; Win64; x64) AppleWebKit/537.36 (KHTML, like Gecko) Chrome/85.0.4183.83 Safari/537.36"
176.63.17.88 - - [07/Sep/2020:05:15:45 +0200] "POST /admin16011/ajax.php?rand=1599448545584 HTTP/1.1" 200 2145 "http://www.deszkak.hu/admin16011/index.php?controller=AdminOrders&token=c1978206ebd196d9f154bec0d83018cf" "Mozilla/5.0 (iPhone; CPU iPhone OS 13_6_1 like Mac OS X) AppleWebKit/605.1.15 (KHTML, like Gecko) Version/13.1.2 Mobile/15E148 Safari/604.1"
89.132.225.94 - - [07/Sep/2020:05:14:38 +0200] "POST /admin16011/ajax.php?rand=1599448475469 HTTP/1.1" 200 2145 "http://www.deszkak.hu/admin16011/index.php?controller=AdminOrders&token=c1978206ebd196d9f154bec0d83018cf" "Mozilla/5.0 (Windows NT 6.1; Win64; x64) AppleWebKit/537.36 (KHTML, like Gecko) Chrome/85.0.4183.83 Safari/537.36"
89.132.225.94 - - [07/Sep/2020:05:16:39 +0200] "POST /admin16011/ajax.php?rand=1599448596474 HTTP/1.1" 200 2145 "http://www.deszkak.hu/admin16011/index.php?controller=AdminOrders&token=c1978206ebd196d9f154bec0d83018cf" "Mozilla/5.0 (Windows NT 6.1; Win64; x64) AppleWebKit/537.36 (KHTML, like Gecko) Chrome/85.0.4183.83 Safari/537.36"
89.132.225.94 - - [07/Sep/2020:05:18:40 +0200] "POST /admin16011/ajax.php?rand=1599448717469 HTTP/1.1" 200 2145 "http://www.deszkak.hu/admin16011/index.php?controller=AdminOrders&token=c1978206ebd196d9f154bec0d83018cf" "Mozilla/5.0 (Windows NT 6.1; Win64; x64) AppleWebKit/537.36 (KHTML, like Gecko) Chrome/85.0.4183.83 Safari/537.36"
66.249.75.144 - - [07/Sep/2020:05:20:46 +0200] "GET /hu/quad-gorkorcsolya/761-rio-roller-varsity-felnott-quad-gorkorcsolya-kek-arany.html HTTP/1.1" 301 - "-" "Mozilla/5.0 (compatible; Googlebot/2.1; +http://www.google.com/bot.html)"
89.132.225.94 - - [07/Sep/2020:05:20:41 +0200] "POST /admin16011/ajax.php?rand=1599448838474 HTTP/1.1" 200 2145 "http://www.deszkak.hu/admin16011/index.php?controller=AdminOrders&token=c1978206ebd196d9f154bec0d83018cf" "Mozilla/5.0 (Windows NT 6.1; Win64; x64) AppleWebKit/537.36 (KHTML, like Gecko) Chrome/85.0.4183.83 Safari/537.36"
66.249.75.144 - - [07/Sep/2020:05:26:17 +0200] "GET /hu/search?controller=search&orderby=position&orderway=desc&category_filter=14&search_query=Longboard+Ker%C3%A9k&submit_search= HTTP/1.1" 301 - "-" "Mozilla/5.0 (Linux; Android 6.0.1; Nexus 5X Build/MMB29P) AppleWebKit/537.36 (KHTML, like Gecko) Chrome/80.0.3987.92 Mobile Safari/537.36 (compatible; Googlebot/2.1; +http://www.google.com/bot.html)"
89.132.225.94 - - [07/Sep/2020:05:24:43 +0200] "POST /admin16011/ajax.php?rand=1599449080485 HTTP/1.1" 200 2145 "http://www.deszkak.hu/admin16011/index.php?controller=AdminOrders&token=c1978206ebd196d9f154bec0d83018cf" "Mozilla/5.0 (Windows NT 6.1; Win64; x64) AppleWebKit/537.36 (KHTML, like Gecko) Chrome/85.0.4183.83 Safari/537.36"
89.132.225.94 - - [07/Sep/2020:05:22:42 +0200] "POST /admin16011/ajax.php?rand=1599448959471 HTTP/1.1" 200 2145 "http://www.deszkak.hu/admin16011/index.php?controller=AdminOrders&token=c1978206ebd196d9f154bec0d83018cf" "Mozilla/5.0 (Windows NT 6.1; Win64; x64) AppleWebKit/537.36 (KHTML, like Gecko) Chrome/85.0.4183.83 Safari/537.36"
89.132.225.94 - - [07/Sep/2020:05:26:44 +0200] "POST /admin16011/ajax.php?rand=1599449201476 HTTP/1.1" 200 2145 "http://www.deszkak.hu/admin16011/index.php?controller=AdminOrders&token=c1978206ebd196d9f154bec0d83018cf" "Mozilla/5.0 (Windows NT 6.1; Win64; x64) AppleWebKit/537.36 (KHTML, like Gecko) Chrome/85.0.4183.83 Safari/537.36"
89.132.225.94 - - [07/Sep/2020:05:28:45 +0200] "POST /admin16011/ajax.php?rand=1599449322474 HTTP/1.1" 200 2145 "http://www.deszkak.hu/admin16011/index.php?controller=AdminOrders&token=c1978206ebd196d9f154bec0d83018cf" "Mozilla/5.0 (Windows NT 6.1; Win64; x64) AppleWebKit/537.36 (KHTML, like Gecko) Chrome/85.0.4183.83 Safari/537.36"
141.8.142.88 - - [07/Sep/2020:05:30:32 +0200] "GET /robots.txt HTTP/1.1" 200 2464 "-" "Mozilla/5.0 (compatible; YandexBot/3.0; +http://yandex.com/bots)"
40.77.167.141 - - [07/Sep/2020:05:29:49 +0200] "GET /hu/cruiser/1888-ram-old-school-mini-cruiser-peke-kek.html HTTP/1.1" 301 - "-" "Mozilla/5.0 (compatible; bingbot/2.0; +http://www.bing.com/bingbot.htm)"
141.8.142.88 - - [07/Sep/2020:05:30:36 +0200] "GET /4332-small_default/sushi-tocsavarkeszlet-1.jpg HTTP/1.1" 304 - "-" "Mozilla/5.0 (compatible; YandexImages/3.0; +http://yandex.com/bots)"
89.132.225.94 - - [07/Sep/2020:05:30:46 +0200] "POST /admin16011/ajax.php?rand=1599449443477 HTTP/1.1" 200 2145 "http://www.deszkak.hu/admin16011/index.php?controller=AdminOrders&token=c1978206ebd196d9f154bec0d83018cf" "Mozilla/5.0 (Windows NT 6.1; Win64; x64) AppleWebKit/537.36 (KHTML, like Gecko) Chrome/85.0.4183.83 Safari/537.36"
89.132.225.94 - - [07/Sep/2020:05:32:47 +0200] "POST /admin16011/ajax.php?rand=1599449564474 HTTP/1.1" 200 2145 "http://www.deszkak.hu/admin16011/index.php?controller=AdminOrders&token=c1978206ebd196d9f154bec0d83018cf" "Mozilla/5.0 (Windows NT 6.1; Win64; x64) AppleWebKit/537.36 (KHTML, like Gecko) Chrome/85.0.4183.83 Safari/537.36"
89.132.225.94 - - [07/Sep/2020:05:34:48 +0200] "POST /admin16011/ajax.php?rand=1599449685483 HTTP/1.1" 200 2145 "http://www.deszkak.hu/admin16011/index.php?controller=AdminOrders&token=c1978206ebd196d9f154bec0d83018cf" "Mozilla/5.0 (Windows NT 6.1; Win64; x64) AppleWebKit/537.36 (KHTML, like Gecko) Chrome/85.0.4183.83 Safari/537.36"
84.3.108.0 - - [07/Sep/2020:05:34:39 +0200] "GET / HTTP/1.1" 301 - "-" "Mozilla/5.0 (Windows NT 10.0; Win64; x64; rv:80.0) Gecko/20100101 Firefox/80.0"
141.8.142.88 - - [07/Sep/2020:05:36:24 +0200] "GET /4190-thickbox_default/tony-hawk-180-series-gordeszka-downtown-mini.jpg HTTP/1.1" 304 - "-" "Mozilla/5.0 (compatible; YandexImages/3.0; +http://yandex.com/bots)"
179.43.156.235 - - [07/Sep/2020:05:35:37 +0200] "GET /database.tar HTTP/1.1" 302 - "-" "Mozilla/5.0 (X11; Linux x86_64; rv:68.0) Gecko/20100101 Firefox/68.0"
89.132.225.94 - - [07/Sep/2020:05:36:49 +0200] "POST /admin16011/ajax.php?rand=1599449806477 HTTP/1.1" 200 2145 "http://www.deszkak.hu/admin16011/index.php?controller=AdminOrders&token=c1978206ebd196d9f154bec0d83018cf" "Mozilla/5.0 (Windows NT 6.1; Win64; x64) AppleWebKit/537.36 (KHTML, like Gecko) Chrome/85.0.4183.83 Safari/537.36"
89.132.225.94 - - [07/Sep/2020:05:38:50 +0200] "POST /admin16011/ajax.php?rand=1599449927479 HTTP/1.1" 200 2145 "http://www.deszkak.hu/admin16011/index.php?controller=AdminOrders&token=c1978206ebd196d9f154bec0d83018cf" "Mozilla/5.0 (Windows NT 6.1; Win64; x64) AppleWebKit/537.36 (KHTML, like Gecko) Chrome/85.0.4183.83 Safari/537.36"
89.132.225.94 - - [07/Sep/2020:05:40:51 +0200] "POST /admin16011/ajax.php?rand=1599450048478 HTTP/1.1" 200 2145 "http://www.deszkak.hu/admin16011/index.php?controller=AdminOrders&token=c1978206ebd196d9f154bec0d83018cf" "Mozilla/5.0 (Windows NT 6.1; Win64; x64) AppleWebKit/537.36 (KHTML, like Gecko) Chrome/85.0.4183.83 Safari/537.36"
178.154.200.91 - - [07/Sep/2020:05:42:10 +0200] "GET /1113-small_default/mindless-longboard-szerszam-raw.jpg HTTP/1.1" 304 - "-" "Mozilla/5.0 (compatible; YandexImages/3.0; +http://yandex.com/bots)"
178.154.200.246 - - [07/Sep/2020:05:42:06 +0200] "GET /robots.txt HTTP/1.1" 200 2464 "-" "Mozilla/5.0 (compatible; YandexBot/3.0; +http://yandex.com/bots)"
89.132.225.94 - - [07/Sep/2020:05:42:52 +0200] "POST /admin16011/ajax.php?rand=1599450169475 HTTP/1.1" 200 2145 "http://www.deszkak.hu/admin16011/index.php?controller=AdminOrders&token=c1978206ebd196d9f154bec0d83018cf" "Mozilla/5.0 (Windows NT 6.1; Win64; x64) AppleWebKit/537.36 (KHTML, like Gecko) Chrome/85.0.4183.83 Safari/537.36"
141.8.142.88 - - [07/Sep/2020:05:44:26 +0200] "GET /3609-large_default/sp-cloudy-longboard-60mm-kerek-feher-lila.jpg HTTP/1.1" 304 - "-" "Mozilla/5.0 (compatible; YandexImages/3.0; +http://yandex.com/bots)"
54.36.149.50 - - [07/Sep/2020:05:42:36 +0200] "GET /robots.txt HTTP/1.1" 200 2464 "-" "Mozilla/5.0 (compatible; AhrefsBot/6.1; +http://ahrefs.com/robot/)"
178.154.200.132 - - [07/Sep/2020:05:43:45 +0200] "GET /4184-large_default/tony-hawk-180-series-gordeszka-scroll.jpg HTTP/1.1" 304 - "-" "Mozilla/5.0 (compatible; YandexImages/3.0; +http://yandex.com/bots)"
89.132.225.94 - - [07/Sep/2020:05:44:53 +0200] "POST /admin16011/ajax.php?rand=1599450290482 HTTP/1.1" 200 2145 "http://www.deszkak.hu/admin16011/index.php?controller=AdminOrders&token=c1978206ebd196d9f154bec0d83018cf" "Mozilla/5.0 (Windows NT 6.1; Win64; x64) AppleWebKit/537.36 (KHTML, like Gecko) Chrome/85.0.4183.83 Safari/537.36"
89.132.225.94 - - [07/Sep/2020:05:46:54 +0200] "POST /admin16011/ajax.php?rand=1599450411477 HTTP/1.1" 200 2145 "http://www.deszkak.hu/admin16011/index.php?controller=AdminOrders&token=c1978206ebd196d9f154bec0d83018cf" "Mozilla/5.0 (Windows NT 6.1; Win64; x64) AppleWebKit/537.36 (KHTML, like Gecko) Chrome/85.0.4183.83 Safari/537.36"
66.249.75.146 - - [07/Sep/2020:05:46:29 +0200] "GET /en/cruisers-short-boards/1566-area-katana-28-cruiser.html?search_query=area&results=71 HTTP/1.1" 301 - "-" "Mozilla/5.0 (compatible; Googlebot/2.1; +http://www.google.com/bot.html)"
89.132.225.94 - - [07/Sep/2020:05:48:55 +0200] "POST /admin16011/ajax.php?rand=1599450532477 HTTP/1.1" 200 2145 "http://www.deszkak.hu/admin16011/index.php?controller=AdminOrders&token=c1978206ebd196d9f154bec0d83018cf" "Mozilla/5.0 (Windows NT 6.1; Win64; x64) AppleWebKit/537.36 (KHTML, like Gecko) Chrome/85.0.4183.83 Safari/537.36"
86.59.134.71 - - [07/Sep/2020:05:51:32 +0200] "GET /hu/contact-us HTTP/1.1" 301 - "-" "Mozilla/5.0 (Windows NT 10.0; Win64; x64) AppleWebKit/537.36 (KHTML, like Gecko) Chrome/85.0.4183.83 Safari/537.36 Edg/85.0.564.44"
89.132.225.94 - - [07/Sep/2020:05:50:56 +0200] "POST /admin16011/ajax.php?rand=1599450653480 HTTP/1.1" 200 2145 "http://www.deszkak.hu/admin16011/index.php?controller=AdminOrders&token=c1978206ebd196d9f154bec0d83018cf" "Mozilla/5.0 (Windows NT 6.1; Win64; x64) AppleWebKit/537.36 (KHTML, like Gecko) Chrome/85.0.4183.83 Safari/537.36"
89.132.225.94 - - [07/Sep/2020:05:52:57 +0200] "POST /admin16011/ajax.php?rand=1599450774503 HTTP/1.1" 200 2145 "http://www.deszkak.hu/admin16011/index.php?controller=AdminOrders&token=c1978206ebd196d9f154bec0d83018cf" "Mozilla/5.0 (Windows NT 6.1; Win64; x64) AppleWebKit/537.36 (KHTML, like Gecko) Chrome/85.0.4183.83 Safari/537.36"
141.8.142.88 - - [07/Sep/2020:05:52:09 +0200] "GET /1815-thickbox_default/area-benice-skateboard.jpg HTTP/1.1" 200 101727 "-" "Mozilla/5.0 (compatible; YandexImages/3.0; +http://yandex.com/bots)"
141.8.142.88 - - [07/Sep/2020:05:52:11 +0200] "GET /3923-thickbox_default/area-replica-paisley-cruiser.jpg HTTP/1.1" 200 93683 "-" "Mozilla/5.0 (compatible; YandexImages/3.0; +http://yandex.com/bots)"
141.8.142.88 - - [07/Sep/2020:05:52:14 +0200] "GET /3873-large_default/luscious-skate-delish.jpg HTTP/1.1" 200 92916 "-" "Mozilla/5.0 (compatible; YandexImages/3.0; +http://yandex.com/bots)"
141.8.142.88 - - [07/Sep/2020:05:52:17 +0200] "GET /1318-large_default/enuff-skateboard-shock-pad-blue.jpg HTTP/1.1" 200 42127 "-" "Mozilla/5.0 (compatible; YandexImages/3.0; +http://yandex.com/bots)"
141.8.142.88 - - [07/Sep/2020:05:52:20 +0200] "GET /3067-large_default/sfr-vision-canvas-gyerek-quad-gorkorcsolya-leopard.jpg HTTP/1.1" 200 118009 "-" "Mozilla/5.0 (compatible; YandexImages/3.0; +http://yandex.com/bots)"
141.8.142.88 - - [07/Sep/2020:05:52:05 +0200] "GET /2481-thickbox_default/mindless-rk-longboard-trucks-raw.jpg HTTP/1.1" 200 60595 "-" "Mozilla/5.0 (compatible; YandexImages/3.0; +http://yandex.com/bots)"
89.132.225.94 - - [07/Sep/2020:05:54:58 +0200] "POST /admin16011/ajax.php?rand=1599450895477 HTTP/1.1" 200 2145 "http://www.deszkak.hu/admin16011/index.php?controller=AdminOrders&token=c1978206ebd196d9f154bec0d83018cf" "Mozilla/5.0 (Windows NT 6.1; Win64; x64) AppleWebKit/537.36 (KHTML, like Gecko) Chrome/85.0.4183.83 Safari/537.36"
84.225.181.220 - - [07/Sep/2020:05:57:07 +0200] "POST /admin16011/ajax-tab.php?rand=1599451027434 HTTP/1.1" 200 104 "http://www.deszkak.hu/admin16011/index.php?controller=AdminLogin&token=557d5deb81cb1374456f2b15defd6d29&redirect=AdminOrders" "Mozilla/5.0 (iPhone; CPU iPhone OS 13_6_1 like Mac OS X) AppleWebKit/605.1.15 (KHTML, like Gecko) Version/13.1.2 Mobile/15E148 Safari/604.1"
84.225.181.220 - - [07/Sep/2020:05:57:08 +0200] "GET /admin16011/index.php?controller=AdminOrders&token=c1978206ebd196d9f154bec0d83018cf HTTP/1.1" 200 273419 "http://www.deszkak.hu/admin16011/index.php?controller=AdminLogin&token=557d5deb81cb1374456f2b15defd6d29&redirect=AdminOrders" "Mozilla/5.0 (iPhone; CPU iPhone OS 13_6_1 like Mac OS X) AppleWebKit/605.1.15 (KHTML, like Gecko) Version/13.1.2 Mobile/15E148 Safari/604.1"
84.225.181.220 - - [07/Sep/2020:05:57:02 +0200] "GET /admin16011/index.php?controller=AdminOrders&token=c1978206ebd196d9f154bec0d83018cf HTTP/1.1" 302 - "http://www.deszkak.hu/admin16011/index.php?controller=AdminProducts&token=cc5d77c07f2ad4745a2f17a7db1e8686" "Mozilla/5.0 (iPhone; CPU iPhone OS 13_6_1 like Mac OS X) AppleWebKit/605.1.15 (KHTML, like Gecko) Version/13.1.2 Mobile/15E148 Safari/604.1"
84.225.181.220 - - [07/Sep/2020:05:57:02 +0200] "GET /admin16011/index.php?controller=AdminLogin&token=557d5deb81cb1374456f2b15defd6d29&redirect=AdminOrders HTTP/1.1" 200 9327 "http://www.deszkak.hu/admin16011/index.php?controller=AdminProducts&token=cc5d77c07f2ad4745a2f17a7db1e8686" "Mozilla/5.0 (iPhone; CPU iPhone OS 13_6_1 like Mac OS X) AppleWebKit/605.1.15 (KHTML, like Gecko) Version/13.1.2 Mobile/15E148 Safari/604.1"
84.225.181.220 - - [07/Sep/2020:05:57:02 +0200] "GET /js/admin/login.js?1599451022 HTTP/1.1" 200 4952 "http://www.deszkak.hu/admin16011/index.php?controller=AdminLogin&token=557d5deb81cb1374456f2b15defd6d29&redirect=AdminOrders" "Mozilla/5.0 (iPhone; CPU iPhone OS 13_6_1 like Mac OS X) AppleWebKit/605.1.15 (KHTML, like Gecko) Version/13.1.2 Mobile/15E148 Safari/604.1"
84.225.181.220 - - [07/Sep/2020:05:57:11 +0200] "GET /admin16011/index.php?controller=AdminStats&token=1a8bbf5023df7ad1ba3f0dc5a9849771&ajax=1&action=getKpi&kpi=conversion_rate&rand=1599451031027&_=1599451029760 HTTP/1.1" 200 16 "http://www.deszkak.hu/admin16011/index.php?controller=AdminOrders&token=c1978206ebd196d9f154bec0d83018cf" "Mozilla/5.0 (iPhone; CPU iPhone OS 13_6_1 like Mac OS X) AppleWebKit/605.1.15 (KHTML, like Gecko) Version/13.1.2 Mobile/15E148 Safari/604.1"
66.249.75.144 - - [07/Sep/2020:05:57:33 +0200] "GET /hu/search?controller=search&orderby=position&orderway=desc&category_filter=0&search_query=ram&submit_search= HTTP/1.1" 301 - "-" "Mozilla/5.0 (compatible; Googlebot/2.1; +http://www.google.com/bot.html)"
89.132.225.94 - - [07/Sep/2020:05:56:59 +0200] "POST /admin16011/ajax.php?rand=1599451016491 HTTP/1.1" 200 2145 "http://www.deszkak.hu/admin16011/index.php?controller=AdminOrders&token=c1978206ebd196d9f154bec0d83018cf" "Mozilla/5.0 (Windows NT 6.1; Win64; x64) AppleWebKit/537.36 (KHTML, like Gecko) Chrome/85.0.4183.83 Safari/537.36"
84.225.181.220 - - [07/Sep/2020:05:57:11 +0200] "GET /admin16011/index.php?controller=AdminStats&token=1a8bbf5023df7ad1ba3f0dc5a9849771&ajax=1&action=getKpi&kpi=average_order_value&rand=1599451031029&_=1599451029762 HTTP/1.1" 200 27 "http://www.deszkak.hu/admin16011/index.php?controller=AdminOrders&token=c1978206ebd196d9f154bec0d83018cf" "Mozilla/5.0 (iPhone; CPU iPhone OS 13_6_1 like Mac OS X) AppleWebKit/605.1.15 (KHTML, like Gecko) Version/13.1.2 Mobile/15E148 Safari/604.1"
216.244.66.194 - - [07/Sep/2020:05:57:51 +0200] "GET /en/cart?add=1&id_product=1491&token=dd1548e4374f499b814aa1cfc96bc198 HTTP/1.1" 301 - "-" "Mozilla/5.0 (compatible; DotBot/1.1; http://www.opensiteexplorer.org/dotbot, help@moz.com)"
84.225.181.220 - - [07/Sep/2020:05:56:49 +0200] "POST /admin16011/ajax.php?rand=1599451009083 HTTP/1.1" 302 - "http://www.deszkak.hu/admin16011/index.php?controller=AdminOrders&token=c1978206ebd196d9f154bec0d83018cf" "Mozilla/5.0 (iPhone; CPU iPhone OS 13_6_1 like Mac OS X) AppleWebKit/605.1.15 (KHTML, like Gecko) Version/13.1.2 Mobile/15E148 Safari/604.1"
84.225.181.220 - - [07/Sep/2020:05:56:49 +0200] "GET /admin16011/index.php?controller=AdminLogin&redirect=/admin16011/ajax.php?rand=1599451009083 HTTP/1.1" 200 9457 "http://www.deszkak.hu/admin16011/index.php?controller=AdminOrders&token=c1978206ebd196d9f154bec0d83018cf" "Mozilla/5.0 (iPhone; CPU iPhone OS 13_6_1 like Mac OS X) AppleWebKit/605.1.15 (KHTML, like Gecko) Version/13.1.2 Mobile/15E148 Safari/604.1"
216.244.66.194 - - [07/Sep/2020:05:57:59 +0200] "GET /en/skateboard/364-steadfast-50mm-skateboard-wheels-blue.html HTTP/1.1" 301 - "-" "Mozilla/5.0 (compatible; DotBot/1.1; http://www.opensiteexplorer.org/dotbot, help@moz.com)"
84.225.181.220 - - [07/Sep/2020:05:59:20 +0200] "POST /admin16011/ajax.php?rand=1599451158448 HTTP/1.1" 200 2145 "http://www.deszkak.hu/admin16011/index.php?controller=AdminOrders&token=c1978206ebd196d9f154bec0d83018cf" "Mozilla/5.0 (iPhone; CPU iPhone OS 13_6_1 like Mac OS X) AppleWebKit/605.1.15 (KHTML, like Gecko) Version/13.1.2 Mobile/15E148 Safari/604.1"
84.225.181.220 - - [07/Sep/2020:05:57:11 +0200] "GET /admin16011/index.php?controller=AdminStats&token=1a8bbf5023df7ad1ba3f0dc5a9849771&ajax=1&action=getKpi&kpi=abandoned_cart&rand=1599451031028&_=1599451029761 HTTP/1.1" 200 13 "http://www.deszkak.hu/admin16011/index.php?controller=AdminOrders&token=c1978206ebd196d9f154bec0d83018cf" "Mozilla/5.0 (iPhone; CPU iPhone OS 13_6_1 like Mac OS X) AppleWebKit/605.1.15 (KHTML, like Gecko) Version/13.1.2 Mobile/15E148 Safari/604.1"
89.132.225.94 - - [07/Sep/2020:05:59:00 +0200] "POST /admin16011/ajax.php?rand=1599451137488 HTTP/1.1" 200 2145 "http://www.deszkak.hu/admin16011/index.php?controller=AdminOrders&token=c1978206ebd196d9f154bec0d83018cf" "Mozilla/5.0 (Windows NT 6.1; Win64; x64) AppleWebKit/537.36 (KHTML, like Gecko) Chrome/85.0.4183.83 Safari/537.36"
216.244.66.194 - - [07/Sep/2020:05:58:03 +0200] "GET /en/decks/536-sds-soapbox-hot-one-frosty-825-skateboard.html HTTP/1.1" 301 - "-" "Mozilla/5.0 (compatible; DotBot/1.1; http://www.opensiteexplorer.org/dotbot, help@moz.com)"
84.225.181.220 - - [07/Sep/2020:05:57:11 +0200] "GET /admin16011/index.php?controller=AdminStats&token=1a8bbf5023df7ad1ba3f0dc5a9849771&ajax=1&action=getKpi&kpi=netprofit_visit&rand=1599451031029&_=1599451029763 HTTP/1.1" 200 23 "http://www.deszkak.hu/admin16011/index.php?controller=AdminOrders&token=c1978206ebd196d9f154bec0d83018cf" "Mozilla/5.0 (iPhone; CPU iPhone OS 13_6_1 like Mac OS X) AppleWebKit/605.1.15 (KHTML, like Gecko) Version/13.1.2 Mobile/15E148 Safari/604.1"
84.225.181.220 - - [07/Sep/2020:05:57:11 +0200] "POST /admin16011/index.php?controller=AdminGamification&token=a365fd1a059bd9034feefbbfe8a8aacd HTTP/1.1" 200 5221 "http://www.deszkak.hu/admin16011/index.php?controller=AdminOrders&token=c1978206ebd196d9f154bec0d83018cf" "Mozilla/5.0 (iPhone; CPU iPhone OS 13_6_1 like Mac OS X) AppleWebKit/605.1.15 (KHTML, like Gecko) Version/13.1.2 Mobile/15E148 Safari/604.1"
84.225.181.220 - - [07/Sep/2020:05:57:12 +0200] "POST /admin16011/ajax.php?rand=1599451031109 HTTP/1.1" 200 2145 "http://www.deszkak.hu/admin16011/index.php?controller=AdminOrders&token=c1978206ebd196d9f154bec0d83018cf" "Mozilla/5.0 (iPhone; CPU iPhone OS 13_6_1 like Mac OS X) AppleWebKit/605.1.15 (KHTML, like Gecko) Version/13.1.2 Mobile/15E148 Safari/604.1"
89.132.225.94 - - [07/Sep/2020:06:01:01 +0200] "POST /admin16011/ajax.php?rand=1599451258482 HTTP/1.1" 200 2145 "http://www.deszkak.hu/admin16011/index.php?controller=AdminOrders&token=c1978206ebd196d9f154bec0d83018cf" "Mozilla/5.0 (Windows NT 6.1; Win64; x64) AppleWebKit/537.36 (KHTML, like Gecko) Chrome/85.0.4183.83 Safari/537.36"
89.132.225.94 - - [07/Sep/2020:06:03:02 +0200] "POST /admin16011/ajax.php?rand=1599451379488 HTTP/1.1" 200 2145 "http://www.deszkak.hu/admin16011/index.php?controller=AdminOrders&token=c1978206ebd196d9f154bec0d83018cf" "Mozilla/5.0 (Windows NT 6.1; Win64; x64) AppleWebKit/537.36 (KHTML, like Gecko) Chrome/85.0.4183.83 Safari/537.36"
157.55.39.156 - - [07/Sep/2020:06:03:06 +0200] "GET /3900-home_default/rio-roller-script-bukosisak-feher.jpg HTTP/1.1" 200 11172 "-" "Mozilla/5.0 (compatible; bingbot/2.0; +http://www.bing.com/bingbot.htm)"
141.8.142.88 - - [07/Sep/2020:06:03:11 +0200] "GET /4086-small_default/mindless-stained-daily-ii-cruiser-narancssarga.jpg HTTP/1.1" 304 - "-" "Mozilla/5.0 (compatible; YandexImages/3.0; +http://yandex.com/bots)"
207.46.13.196 - - [07/Sep/2020:06:04:31 +0200] "GET /4888-home_default/street-surfing-cruiser-space-line.jpg HTTP/1.1" 200 7715 "-" "Mozilla/5.0 (compatible; bingbot/2.0; +http://www.bing.com/bingbot.htm)"
89.132.225.94 - - [07/Sep/2020:06:05:03 +0200] "POST /admin16011/ajax.php?rand=1599451500481 HTTP/1.1" 200 2145 "http://www.deszkak.hu/admin16011/index.php?controller=AdminOrders&token=c1978206ebd196d9f154bec0d83018cf" "Mozilla/5.0 (Windows NT 6.1; Win64; x64) AppleWebKit/537.36 (KHTML, like Gecko) Chrome/85.0.4183.83 Safari/537.36"
89.132.225.94 - - [07/Sep/2020:06:07:04 +0200] "POST /admin16011/ajax.php?rand=1599451621488 HTTP/1.1" 200 2145 "http://www.deszkak.hu/admin16011/index.php?controller=AdminOrders&token=c1978206ebd196d9f154bec0d83018cf" "Mozilla/5.0 (Windows NT 6.1; Win64; x64) AppleWebKit/537.36 (KHTML, like Gecko) Chrome/85.0.4183.83 Safari/537.36"
66.249.75.144 - - [07/Sep/2020:06:10:20 +0200] "GET /en/tools/920-steadfast-skateboard-tool-red.html HTTP/1.1" 301 - "-" "Mozilla/5.0 (compatible; Googlebot/2.1; +http://www.google.com/bot.html)"
89.132.225.94 - - [07/Sep/2020:06:09:05 +0200] "POST /admin16011/ajax.php?rand=1599451742486 HTTP/1.1" 200 2145 "http://www.deszkak.hu/admin16011/index.php?controller=AdminOrders&token=c1978206ebd196d9f154bec0d83018cf" "Mozilla/5.0 (Windows NT 6.1; Win64; x64) AppleWebKit/537.36 (KHTML, like Gecko) Chrome/85.0.4183.83 Safari/537.36"
89.132.225.94 - - [07/Sep/2020:06:11:06 +0200] "POST /admin16011/ajax.php?rand=1599451863482 HTTP/1.1" 200 2145 "http://www.deszkak.hu/admin16011/index.php?controller=AdminOrders&token=c1978206ebd196d9f154bec0d83018cf" "Mozilla/5.0 (Windows NT 6.1; Win64; x64) AppleWebKit/537.36 (KHTML, like Gecko) Chrome/85.0.4183.83 Safari/537.36"
89.132.225.94 - - [07/Sep/2020:06:13:07 +0200] "POST /admin16011/ajax.php?rand=1599451984493 HTTP/1.1" 200 2145 "http://www.deszkak.hu/admin16011/index.php?controller=AdminOrders&token=c1978206ebd196d9f154bec0d83018cf" "Mozilla/5.0 (Windows NT 6.1; Win64; x64) AppleWebKit/537.36 (KHTML, like Gecko) Chrome/85.0.4183.83 Safari/537.36"
89.132.225.94 - - [07/Sep/2020:06:17:09 +0200] "POST /admin16011/ajax.php?rand=1599452226491 HTTP/1.1" 200 2145 "http://www.deszkak.hu/admin16011/index.php?controller=AdminOrders&token=c1978206ebd196d9f154bec0d83018cf" "Mozilla/5.0 (Windows NT 6.1; Win64; x64) AppleWebKit/537.36 (KHTML, like Gecko) Chrome/85.0.4183.83 Safari/537.36"
89.132.225.94 - - [07/Sep/2020:06:15:08 +0200] "POST /admin16011/ajax.php?rand=1599452105485 HTTP/1.1" 200 2145 "http://www.deszkak.hu/admin16011/index.php?controller=AdminOrders&token=c1978206ebd196d9f154bec0d83018cf" "Mozilla/5.0 (Windows NT 6.1; Win64; x64) AppleWebKit/537.36 (KHTML, like Gecko) Chrome/85.0.4183.83 Safari/537.36"
89.132.225.94 - - [07/Sep/2020:06:19:10 +0200] "POST /admin16011/ajax.php?rand=1599452347503 HTTP/1.1" 200 2145 "http://www.deszkak.hu/admin16011/index.php?controller=AdminOrders&token=c1978206ebd196d9f154bec0d83018cf" "Mozilla/5.0 (Windows NT 6.1; Win64; x64) AppleWebKit/537.36 (KHTML, like Gecko) Chrome/85.0.4183.83 Safari/537.36"
66.249.75.146 - - [07/Sep/2020:06:22:51 +0200] "GET /hu/bukosisak/1149-sfr-bukosisak-fluo-rozsaszin.html?search_query=sfr&results=34 HTTP/1.1" 301 - "-" "Mozilla/5.0 (Linux; Android 6.0.1; Nexus 5X Build/MMB29P) AppleWebKit/537.36 (KHTML, like Gecko) Chrome/80.0.3987.92 Mobile Safari/537.36 (compatible; Googlebot/2.1; +http://www.google.com/bot.html)"
66.249.75.146 - - [07/Sep/2020:06:22:55 +0200] "GET /hu/bukosisak/1149-sfr-bukosisak-fluo-rozsaszin.html?search_query=sfr&results=34 HTTP/1.1" 301 - "-" "Mozilla/5.0 (Linux; Android 6.0.1; Nexus 5X Build/MMB29P) AppleWebKit/537.36 (KHTML, like Gecko) Chrome/80.0.3987.92 Mobile Safari/537.36 (compatible; Googlebot/2.1; +http://www.google.com/bot.html)"
89.132.225.94 - - [07/Sep/2020:06:21:11 +0200] "POST /admin16011/ajax.php?rand=1599452468490 HTTP/1.1" 200 2145 "http://www.deszkak.hu/admin16011/index.php?controller=AdminOrders&token=c1978206ebd196d9f154bec0d83018cf" "Mozilla/5.0 (Windows NT 6.1; Win64; x64) AppleWebKit/537.36 (KHTML, like Gecko) Chrome/85.0.4183.83 Safari/537.36"
89.132.225.94 - - [07/Sep/2020:06:23:12 +0200] "POST /admin16011/ajax.php?rand=1599452589493 HTTP/1.1" 200 2145 "http://www.deszkak.hu/admin16011/index.php?controller=AdminOrders&token=c1978206ebd196d9f154bec0d83018cf" "Mozilla/5.0 (Windows NT 6.1; Win64; x64) AppleWebKit/537.36 (KHTML, like Gecko) Chrome/85.0.4183.83 Safari/537.36"
89.132.225.94 - - [07/Sep/2020:06:25:13 +0200] "POST /admin16011/ajax.php?rand=1599452710496 HTTP/1.1" 200 2145 "http://www.deszkak.hu/admin16011/index.php?controller=AdminOrders&token=c1978206ebd196d9f154bec0d83018cf" "Mozilla/5.0 (Windows NT 6.1; Win64; x64) AppleWebKit/537.36 (KHTML, like Gecko) Chrome/85.0.4183.83 Safari/537.36"
89.132.225.94 - - [07/Sep/2020:06:29:15 +0200] "POST /admin16011/ajax.php?rand=1599452952494 HTTP/1.1" 200 2145 "http://www.deszkak.hu/admin16011/index.php?controller=AdminOrders&token=c1978206ebd196d9f154bec0d83018cf" "Mozilla/5.0 (Windows NT 6.1; Win64; x64) AppleWebKit/537.36 (KHTML, like Gecko) Chrome/85.0.4183.83 Safari/537.36"
