89.132.225.94 - - [07/Sep/2020:11:04:09 +0200] "POST /admin16011/index.php?controller=AdminGamification&token=a365fd1a059bd9034feefbbfe8a8aacd HTTP/1.1" 200 5221 "http://www.deszkak.hu/admin16011/index.php?controller=AdminOrders&id_order=13899&vieworder&token=c1978206ebd196d9f154bec0d83018cf" "Mozilla/5.0 (Windows NT 6.1; Win64; x64) AppleWebKit/537.36 (KHTML, like Gecko) Chrome/84.0.4147.135 Safari/537.36"
89.132.225.94 - - [07/Sep/2020:11:04:02 +0200] "POST /admin16011/index.php?controller=AdminGamification&token=a365fd1a059bd9034feefbbfe8a8aacd HTTP/1.1" 200 5221 "http://www.deszkak.hu/admin16011/index.php?controller=AdminOrders&token=c1978206ebd196d9f154bec0d83018cf" "Mozilla/5.0 (Windows NT 6.1; Win64; x64) AppleWebKit/537.36 (KHTML, like Gecko) Chrome/84.0.4147.135 Safari/537.36"
89.132.225.94 - - [07/Sep/2020:11:03:59 +0200] "GET /admin16011/index.php?controller=AdminOrders&token=c1978206ebd196d9f154bec0d83018cf HTTP/1.1" 200 272108 "http://www.deszkak.hu/admin16011/index.php?controller=AdminOrders&id_order=13890&vieworder&token=c1978206ebd196d9f154bec0d83018cf" "Mozilla/5.0 (Windows NT 6.1; Win64; x64) AppleWebKit/537.36 (KHTML, like Gecko) Chrome/84.0.4147.135 Safari/537.36"
89.132.225.94 - - [07/Sep/2020:11:04:01 +0200] "GET /admin16011/index.php?controller=AdminStats&token=1a8bbf5023df7ad1ba3f0dc5a9849771&ajax=1&action=getKpi&kpi=abandoned_cart&rand=1599469441875&_=1599469441572 HTTP/1.1" 200 13 "http://www.deszkak.hu/admin16011/index.php?controller=AdminOrders&token=c1978206ebd196d9f154bec0d83018cf" "Mozilla/5.0 (Windows NT 6.1; Win64; x64) AppleWebKit/537.36 (KHTML, like Gecko) Chrome/84.0.4147.135 Safari/537.36"
89.132.225.94 - - [07/Sep/2020:11:04:20 +0200] "POST /admin16011/index.php?controller=AdminOrders&vieworder&token=c1978206ebd196d9f154bec0d83018cf HTTP/1.1" 302 - "http://www.deszkak.hu/admin16011/index.php?controller=AdminOrders&id_order=13899&vieworder&token=c1978206ebd196d9f154bec0d83018cf" "Mozilla/5.0 (Windows NT 6.1; Win64; x64) AppleWebKit/537.36 (KHTML, like Gecko) Chrome/84.0.4147.135 Safari/537.36"
89.132.225.94 - - [07/Sep/2020:11:04:21 +0200] "GET /admin16011/index.php?controller=AdminOrders&id_order=13899&vieworder&token=c1978206ebd196d9f154bec0d83018cf HTTP/1.1" 200 106196 "http://www.deszkak.hu/admin16011/index.php?controller=AdminOrders&id_order=13899&vieworder&token=c1978206ebd196d9f154bec0d83018cf" "Mozilla/5.0 (Windows NT 6.1; Win64; x64) AppleWebKit/537.36 (KHTML, like Gecko) Chrome/84.0.4147.135 Safari/537.36"
89.132.225.94 - - [07/Sep/2020:11:04:24 +0200] "GET /img/tmp/product_mini_808_0.jpg?time=1599469461 HTTP/1.1" 200 1591 "http://www.deszkak.hu/admin16011/index.php?controller=AdminOrders&id_order=13899&vieworder&token=c1978206ebd196d9f154bec0d83018cf" "Mozilla/5.0 (Windows NT 6.1; Win64; x64) AppleWebKit/537.36 (KHTML, like Gecko) Chrome/84.0.4147.135 Safari/537.36"
89.132.225.94 - - [07/Sep/2020:11:04:24 +0200] "POST /admin16011/ajax.php?rand=1599469464889 HTTP/1.1" 200 2405 "http://www.deszkak.hu/admin16011/index.php?controller=AdminOrders&id_order=13899&vieworder&token=c1978206ebd196d9f154bec0d83018cf" "Mozilla/5.0 (Windows NT 6.1; Win64; x64) AppleWebKit/537.36 (KHTML, like Gecko) Chrome/84.0.4147.135 Safari/537.36"
89.132.225.94 - - [07/Sep/2020:11:04:24 +0200] "POST /admin16011/index.php?controller=AdminGamification&token=a365fd1a059bd9034feefbbfe8a8aacd HTTP/1.1" 200 5221 "http://www.deszkak.hu/admin16011/index.php?controller=AdminOrders&id_order=13899&vieworder&token=c1978206ebd196d9f154bec0d83018cf" "Mozilla/5.0 (Windows NT 6.1; Win64; x64) AppleWebKit/537.36 (KHTML, like Gecko) Chrome/84.0.4147.135 Safari/537.36"
89.132.225.94 - - [07/Sep/2020:11:04:09 +0200] "POST /admin16011/ajax.php?rand=1599469449691 HTTP/1.1" 200 2405 "http://www.deszkak.hu/admin16011/index.php?controller=AdminOrders&id_order=13899&vieworder&token=c1978206ebd196d9f154bec0d83018cf" "Mozilla/5.0 (Windows NT 6.1; Win64; x64) AppleWebKit/537.36 (KHTML, like Gecko) Chrome/84.0.4147.135 Safari/537.36"
89.132.225.94 - - [07/Sep/2020:11:06:25 +0200] "POST /admin16011/ajax.php?rand=1599469585539 HTTP/1.1" 200 2405 "http://www.deszkak.hu/admin16011/index.php?controller=AdminOrders&id_order=13899&vieworder&token=c1978206ebd196d9f154bec0d83018cf" "Mozilla/5.0 (Windows NT 6.1; Win64; x64) AppleWebKit/537.36 (KHTML, like Gecko) Chrome/84.0.4147.135 Safari/537.36"
179.43.156.235 - - [07/Sep/2020:11:07:00 +0200] "GET /backup.tgz HTTP/1.1" 302 - "-" "Mozilla/5.0 (X11; Linux x86_64; rv:68.0) Gecko/20100101 Firefox/68.0"
89.132.225.94 - - [07/Sep/2020:11:08:26 +0200] "POST /admin16011/ajax.php?rand=1599469706140 HTTP/1.1" 200 2405 "http://www.deszkak.hu/admin16011/index.php?controller=AdminOrders&id_order=13899&vieworder&token=c1978206ebd196d9f154bec0d83018cf" "Mozilla/5.0 (Windows NT 6.1; Win64; x64) AppleWebKit/537.36 (KHTML, like Gecko) Chrome/84.0.4147.135 Safari/537.36"
113.116.51.124 - - [07/Sep/2020:11:09:35 +0200] "GET /favicon.ico HTTP/1.1" 404 1041 "-" "Mozilla/5.0 (Windows NT 6.1; WOW64) AppleWebKit/537.36 (KHTML, like Gecko) Chrome/78.0.3904.108 Safari/537.36"
89.132.225.94 - - [07/Sep/2020:11:10:27 +0200] "POST /admin16011/ajax.php?rand=1599469827146 HTTP/1.1" 200 2405 "http://www.deszkak.hu/admin16011/index.php?controller=AdminOrders&id_order=13899&vieworder&token=c1978206ebd196d9f154bec0d83018cf" "Mozilla/5.0 (Windows NT 6.1; Win64; x64) AppleWebKit/537.36 (KHTML, like Gecko) Chrome/84.0.4147.135 Safari/537.36"
141.8.142.88 - - [07/Sep/2020:11:07:04 +0200] "GET /3210-home_default/steadfast-gels-52mm-skateboard-wheels-black.jpg HTTP/1.1" 200 8794 "-" "Mozilla/5.0 (compatible; YandexImages/3.0; +http://yandex.com/bots)"
54.36.148.15 - - [07/Sep/2020:11:11:06 +0200] "GET /en/cruisers-short-boards/49-mindless-stained-daily-cruiser-bluewhite.html HTTP/1.1" 301 - "-" "Mozilla/5.0 (compatible; AhrefsBot/6.1; +http://ahrefs.com/robot/)"
216.244.66.194 - - [07/Sep/2020:11:11:51 +0200] "GET /en/grip-tapes/1516-flik-zodiac-grip-tape-libra.html HTTP/1.1" 301 - "-" "Mozilla/5.0 (compatible; DotBot/1.1; http://www.opensiteexplorer.org/dotbot, help@moz.com)"
141.8.142.88 - - [07/Sep/2020:11:11:37 +0200] "GET /4566-home_default/enuff-dip-stained-825-deck-zold-rozsaszin.jpg HTTP/1.1" 304 - "-" "Mozilla/5.0 (compatible; YandexImages/3.0; +http://yandex.com/bots)"
216.244.66.194 - - [07/Sep/2020:11:11:57 +0200] "GET /en/trucks/1486-enuff-decade-pro-satin-129mm-skateboard-truck-raw-teal.html HTTP/1.1" 301 - "-" "Mozilla/5.0 (compatible; DotBot/1.1; http://www.opensiteexplorer.org/dotbot, help@moz.com)"
216.244.66.194 - - [07/Sep/2020:11:12:02 +0200] "GET /hu/longboard/1854-penny-59mm-longboard-kerek-kek.html HTTP/1.1" 301 - "-" "Mozilla/5.0 (compatible; DotBot/1.1; http://www.opensiteexplorer.org/dotbot, help@moz.com)"
89.132.225.94 - - [07/Sep/2020:11:12:18 +0200] "GET /admin16011/index.php?controller=AdminOrders&token=c1978206ebd196d9f154bec0d83018cf HTTP/1.1" 200 272078 "http://www.deszkak.hu/admin16011/index.php?controller=AdminOrders&id_order=13899&vieworder&token=c1978206ebd196d9f154bec0d83018cf" "Mozilla/5.0 (Windows NT 6.1; Win64; x64) AppleWebKit/537.36 (KHTML, like Gecko) Chrome/84.0.4147.135 Safari/537.36"
89.132.225.94 - - [07/Sep/2020:11:12:21 +0200] "POST /admin16011/index.php?controller=AdminGamification&token=a365fd1a059bd9034feefbbfe8a8aacd HTTP/1.1" 200 5221 "http://www.deszkak.hu/admin16011/index.php?controller=AdminOrders&token=c1978206ebd196d9f154bec0d83018cf" "Mozilla/5.0 (Windows NT 6.1; Win64; x64) AppleWebKit/537.36 (KHTML, like Gecko) Chrome/84.0.4147.135 Safari/537.36"
89.132.225.94 - - [07/Sep/2020:11:12:21 +0200] "POST /admin16011/ajax.php?rand=1599469941848 HTTP/1.1" 200 2405 "http://www.deszkak.hu/admin16011/index.php?controller=AdminOrders&token=c1978206ebd196d9f154bec0d83018cf" "Mozilla/5.0 (Windows NT 6.1; Win64; x64) AppleWebKit/537.36 (KHTML, like Gecko) Chrome/84.0.4147.135 Safari/537.36"
216.244.66.194 - - [07/Sep/2020:11:12:59 +0200] "GET /en/cart?add=1&id_product=1183&token=dd1548e4374f499b814aa1cfc96bc198 HTTP/1.1" 301 - "-" "Mozilla/5.0 (compatible; DotBot/1.1; http://www.opensiteexplorer.org/dotbot, help@moz.com)"
84.47.80.63 - - [07/Sep/2020:11:12:40 +0200] "GET /en/ HTTP/1.1" 301 - "-" "Mozilla/5.0 (Windows NT 10.0; Win64; x64) AppleWebKit/537.36 (KHTML, like Gecko) Chrome/85.0.4183.83 Safari/537.36"
89.132.225.94 - - [07/Sep/2020:11:13:42 +0200] "POST /admin16011/ajax.php?rand=1599470022956 HTTP/1.1" 200 2405 "http://www.deszkak.hu/admin16011/index.php?controller=AdminOrders&id_order=13883&vieworder&token=c1978206ebd196d9f154bec0d83018cf" "Mozilla/5.0 (Windows NT 6.1; Win64; x64) AppleWebKit/537.36 (KHTML, like Gecko) Chrome/84.0.4147.135 Safari/537.36"
89.132.225.94 - - [07/Sep/2020:11:13:35 +0200] "POST /admin16011/ajax.php?rand=1599470015830 HTTP/1.1" 200 2405 "http://www.deszkak.hu/admin16011/index.php?controller=AdminOrders&token=c1978206ebd196d9f154bec0d83018cf" "Mozilla/5.0 (Windows NT 6.1; Win64; x64) AppleWebKit/537.36 (KHTML, like Gecko) Chrome/84.0.4147.135 Safari/537.36"
89.132.225.94 - - [07/Sep/2020:11:13:39 +0200] "GET /admin16011/index.php?controller=AdminOrders&id_order=13883&vieworder&token=c1978206ebd196d9f154bec0d83018cf HTTP/1.1" 200 105422 "http://www.deszkak.hu/admin16011/index.php?controller=AdminOrders&token=c1978206ebd196d9f154bec0d83018cf" "Mozilla/5.0 (Windows NT 6.1; Win64; x64) AppleWebKit/537.36 (KHTML, like Gecko) Chrome/84.0.4147.135 Safari/537.36"
89.132.225.94 - - [07/Sep/2020:11:13:42 +0200] "GET /img/tmp/product_mini_1540_0.jpg?time=1599470019 HTTP/1.1" 200 1106 "http://www.deszkak.hu/admin16011/index.php?controller=AdminOrders&id_order=13883&vieworder&token=c1978206ebd196d9f154bec0d83018cf" "Mozilla/5.0 (Windows NT 6.1; Win64; x64) AppleWebKit/537.36 (KHTML, like Gecko) Chrome/84.0.4147.135 Safari/537.36"
89.132.225.94 - - [07/Sep/2020:11:13:42 +0200] "POST /admin16011/index.php?controller=AdminGamification&token=a365fd1a059bd9034feefbbfe8a8aacd HTTP/1.1" 200 5221 "http://www.deszkak.hu/admin16011/index.php?controller=AdminOrders&id_order=13883&vieworder&token=c1978206ebd196d9f154bec0d83018cf" "Mozilla/5.0 (Windows NT 6.1; Win64; x64) AppleWebKit/537.36 (KHTML, like Gecko) Chrome/84.0.4147.135 Safari/537.36"
89.132.225.94 - - [07/Sep/2020:11:15:02 +0200] "POST /admin16011/ajax.php?rand=1599470102596 HTTP/1.1" 200 2405 "http://www.deszkak.hu/admin16011/index.php?controller=AdminOrders&id_order=13898&vieworder&token=c1978206ebd196d9f154bec0d83018cf" "Mozilla/5.0 (Windows NT 6.1; Win64; x64) AppleWebKit/537.36 (KHTML, like Gecko) Chrome/84.0.4147.135 Safari/537.36"
89.132.225.94 - - [07/Sep/2020:11:14:52 +0200] "GET /img/tmp/product_mini_1540_0.jpg?time=1599470089 HTTP/1.1" 200 1106 "http://www.deszkak.hu/admin16011/index.php?controller=AdminOrders&id_order=13883&vieworder&token=c1978206ebd196d9f154bec0d83018cf" "Mozilla/5.0 (Windows NT 6.1; Win64; x64) AppleWebKit/537.36 (KHTML, like Gecko) Chrome/84.0.4147.135 Safari/537.36"
89.132.225.94 - - [07/Sep/2020:11:15:11 +0200] "POST /admin16011/ajax.php?rand=1599470112128 HTTP/1.1" 200 2405 "http://www.deszkak.hu/admin16011/index.php?controller=AdminOrders&id_order=13898&vieworder&token=c1978206ebd196d9f154bec0d83018cf" "Mozilla/5.0 (Windows NT 6.1; Win64; x64) AppleWebKit/537.36 (KHTML, like Gecko) Chrome/84.0.4147.135 Safari/537.36"
89.132.225.94 - - [07/Sep/2020:11:14:59 +0200] "GET /admin16011/index.php?controller=AdminOrders&id_order=13898&vieworder&token=c1978206ebd196d9f154bec0d83018cf HTTP/1.1" 200 105399 "http://www.deszkak.hu/admin16011/index.php?controller=AdminOrders&token=c1978206ebd196d9f154bec0d83018cf" "Mozilla/5.0 (Windows NT 6.1; Win64; x64) AppleWebKit/537.36 (KHTML, like Gecko) Chrome/84.0.4147.135 Safari/537.36"
89.132.225.94 - - [07/Sep/2020:11:15:01 +0200] "GET /img/tmp/product_mini_2578_0.jpg?time=1599470099 HTTP/1.1" 200 2084 "http://www.deszkak.hu/admin16011/index.php?controller=AdminOrders&id_order=13898&vieworder&token=c1978206ebd196d9f154bec0d83018cf" "Mozilla/5.0 (Windows NT 6.1; Win64; x64) AppleWebKit/537.36 (KHTML, like Gecko) Chrome/84.0.4147.135 Safari/537.36"
89.132.225.94 - - [07/Sep/2020:11:15:02 +0200] "POST /admin16011/index.php?controller=AdminGamification&token=a365fd1a059bd9034feefbbfe8a8aacd HTTP/1.1" 200 5221 "http://www.deszkak.hu/admin16011/index.php?controller=AdminOrders&id_order=13898&vieworder&token=c1978206ebd196d9f154bec0d83018cf" "Mozilla/5.0 (Windows NT 6.1; Win64; x64) AppleWebKit/537.36 (KHTML, like Gecko) Chrome/84.0.4147.135 Safari/537.36"
89.132.225.94 - - [07/Sep/2020:11:15:24 +0200] "GET /admin16011/index.php?controller=AdminOrders&token=c1978206ebd196d9f154bec0d83018cf HTTP/1.1" 200 276634 "http://www.deszkak.hu/admin16011/index.php?controller=AdminOrders&id_order=13898&vieworder&token=c1978206ebd196d9f154bec0d83018cf" "Mozilla/5.0 (Windows NT 6.1; Win64; x64) AppleWebKit/537.36 (KHTML, like Gecko) Chrome/84.0.4147.135 Safari/537.36"
89.132.225.94 - - [07/Sep/2020:11:15:26 +0200] "POST /admin16011/index.php?controller=AdminGamification&token=a365fd1a059bd9034feefbbfe8a8aacd HTTP/1.1" 200 5221 "http://www.deszkak.hu/admin16011/index.php?controller=AdminOrders&token=c1978206ebd196d9f154bec0d83018cf" "Mozilla/5.0 (Windows NT 6.1; Win64; x64) AppleWebKit/537.36 (KHTML, like Gecko) Chrome/84.0.4147.135 Safari/537.36"
89.132.225.94 - - [07/Sep/2020:11:14:48 +0200] "POST /admin16011/index.php?controller=AdminOrders&vieworder&token=c1978206ebd196d9f154bec0d83018cf HTTP/1.1" 302 - "http://www.deszkak.hu/admin16011/index.php?controller=AdminOrders&id_order=13883&vieworder&token=c1978206ebd196d9f154bec0d83018cf" "Mozilla/5.0 (Windows NT 6.1; Win64; x64) AppleWebKit/537.36 (KHTML, like Gecko) Chrome/84.0.4147.135 Safari/537.36"
89.132.225.94 - - [07/Sep/2020:11:14:49 +0200] "GET /admin16011/index.php?controller=AdminOrders&id_order=13883&vieworder&token=c1978206ebd196d9f154bec0d83018cf HTTP/1.1" 200 104342 "http://www.deszkak.hu/admin16011/index.php?controller=AdminOrders&id_order=13883&vieworder&token=c1978206ebd196d9f154bec0d83018cf" "Mozilla/5.0 (Windows NT 6.1; Win64; x64) AppleWebKit/537.36 (KHTML, like Gecko) Chrome/84.0.4147.135 Safari/537.36"
89.132.225.94 - - [07/Sep/2020:11:14:52 +0200] "POST /admin16011/index.php?controller=AdminOrders&token=c1978206ebd196d9f154bec0d83018cf HTTP/1.1" 200 276483 "http://www.deszkak.hu/admin16011/index.php?controller=AdminOrders&token=c1978206ebd196d9f154bec0d83018cf" "Mozilla/5.0 (Windows NT 6.1; Win64; x64) AppleWebKit/537.36 (KHTML, like Gecko) Chrome/84.0.4147.135 Safari/537.36"
89.132.225.94 - - [07/Sep/2020:11:14:52 +0200] "POST /admin16011/index.php?controller=AdminGamification&token=a365fd1a059bd9034feefbbfe8a8aacd HTTP/1.1" 200 5221 "http://www.deszkak.hu/admin16011/index.php?controller=AdminOrders&id_order=13883&vieworder&token=c1978206ebd196d9f154bec0d83018cf" "Mozilla/5.0 (Windows NT 6.1; Win64; x64) AppleWebKit/537.36 (KHTML, like Gecko) Chrome/84.0.4147.135 Safari/537.36"
89.132.225.94 - - [07/Sep/2020:11:14:55 +0200] "POST /admin16011/ajax.php?rand=1599470095334 HTTP/1.1" 200 2405 "http://www.deszkak.hu/admin16011/index.php?controller=AdminOrders&token=c1978206ebd196d9f154bec0d83018cf" "Mozilla/5.0 (Windows NT 6.1; Win64; x64) AppleWebKit/537.36 (KHTML, like Gecko) Chrome/84.0.4147.135 Safari/537.36"
89.132.225.94 - - [07/Sep/2020:11:14:55 +0200] "GET /img/favicon.ico HTTP/1.1" 200 1150 "http://www.deszkak.hu/admin16011/index.php?controller=AdminOrders&token=c1978206ebd196d9f154bec0d83018cf" "Mozilla/5.0 (Windows NT 6.1; Win64; x64) AppleWebKit/537.36 (KHTML, like Gecko) Chrome/84.0.4147.135 Safari/537.36"
89.132.225.94 - - [07/Sep/2020:11:14:52 +0200] "POST /admin16011/ajax.php?rand=1599470092734 HTTP/1.1" 200 2405 "http://www.deszkak.hu/admin16011/index.php?controller=AdminOrders&id_order=13883&vieworder&token=c1978206ebd196d9f154bec0d83018cf" "Mozilla/5.0 (Windows NT 6.1; Win64; x64) AppleWebKit/537.36 (KHTML, like Gecko) Chrome/84.0.4147.135 Safari/537.36"
89.132.225.94 - - [07/Sep/2020:11:14:55 +0200] "POST /admin16011/index.php?controller=AdminGamification&token=a365fd1a059bd9034feefbbfe8a8aacd HTTP/1.1" 200 5221 "http://www.deszkak.hu/admin16011/index.php?controller=AdminOrders&token=c1978206ebd196d9f154bec0d83018cf" "Mozilla/5.0 (Windows NT 6.1; Win64; x64) AppleWebKit/537.36 (KHTML, like Gecko) Chrome/84.0.4147.135 Safari/537.36"
89.132.225.94 - - [07/Sep/2020:11:15:08 +0200] "POST /admin16011/index.php?controller=AdminOrders&vieworder&token=c1978206ebd196d9f154bec0d83018cf HTTP/1.1" 302 - "http://www.deszkak.hu/admin16011/index.php?controller=AdminOrders&id_order=13898&vieworder&token=c1978206ebd196d9f154bec0d83018cf" "Mozilla/5.0 (Windows NT 6.1; Win64; x64) AppleWebKit/537.36 (KHTML, like Gecko) Chrome/84.0.4147.135 Safari/537.36"
89.132.225.94 - - [07/Sep/2020:11:15:08 +0200] "GET /admin16011/index.php?controller=AdminOrders&id_order=13898&vieworder&token=c1978206ebd196d9f154bec0d83018cf HTTP/1.1" 200 104319 "http://www.deszkak.hu/admin16011/index.php?controller=AdminOrders&id_order=13898&vieworder&token=c1978206ebd196d9f154bec0d83018cf" "Mozilla/5.0 (Windows NT 6.1; Win64; x64) AppleWebKit/537.36 (KHTML, like Gecko) Chrome/84.0.4147.135 Safari/537.36"
89.132.225.94 - - [07/Sep/2020:11:15:11 +0200] "GET /img/tmp/product_mini_2578_0.jpg?time=1599470109 HTTP/1.1" 200 2084 "http://www.deszkak.hu/admin16011/index.php?controller=AdminOrders&id_order=13898&vieworder&token=c1978206ebd196d9f154bec0d83018cf" "Mozilla/5.0 (Windows NT 6.1; Win64; x64) AppleWebKit/537.36 (KHTML, like Gecko) Chrome/84.0.4147.135 Safari/537.36"
89.132.225.94 - - [07/Sep/2020:11:15:11 +0200] "POST /admin16011/index.php?controller=AdminGamification&token=a365fd1a059bd9034feefbbfe8a8aacd HTTP/1.1" 200 5221 "http://www.deszkak.hu/admin16011/index.php?controller=AdminOrders&id_order=13898&vieworder&token=c1978206ebd196d9f154bec0d83018cf" "Mozilla/5.0 (Windows NT 6.1; Win64; x64) AppleWebKit/537.36 (KHTML, like Gecko) Chrome/84.0.4147.135 Safari/537.36"
89.132.225.94 - - [07/Sep/2020:11:15:26 +0200] "POST /admin16011/ajax.php?rand=1599470126794 HTTP/1.1" 200 2405 "http://www.deszkak.hu/admin16011/index.php?controller=AdminOrders&token=c1978206ebd196d9f154bec0d83018cf" "Mozilla/5.0 (Windows NT 6.1; Win64; x64) AppleWebKit/537.36 (KHTML, like Gecko) Chrome/84.0.4147.135 Safari/537.36"
89.132.225.94 - - [07/Sep/2020:11:15:28 +0200] "POST /admin16011/index.php?controller=AdminOrders&token=c1978206ebd196d9f154bec0d83018cf HTTP/1.1" 200 272501 "http://www.deszkak.hu/admin16011/index.php?controller=AdminOrders&token=c1978206ebd196d9f154bec0d83018cf" "Mozilla/5.0 (Windows NT 6.1; Win64; x64) AppleWebKit/537.36 (KHTML, like Gecko) Chrome/84.0.4147.135 Safari/537.36"
89.132.225.94 - - [07/Sep/2020:11:15:30 +0200] "POST /admin16011/index.php?controller=AdminGamification&token=a365fd1a059bd9034feefbbfe8a8aacd HTTP/1.1" 200 5221 "http://www.deszkak.hu/admin16011/index.php?controller=AdminOrders&token=c1978206ebd196d9f154bec0d83018cf" "Mozilla/5.0 (Windows NT 6.1; Win64; x64) AppleWebKit/537.36 (KHTML, like Gecko) Chrome/84.0.4147.135 Safari/537.36"
89.132.225.94 - - [07/Sep/2020:11:15:30 +0200] "POST /admin16011/ajax.php?rand=1599470130698 HTTP/1.1" 200 2405 "http://www.deszkak.hu/admin16011/index.php?controller=AdminOrders&token=c1978206ebd196d9f154bec0d83018cf" "Mozilla/5.0 (Windows NT 6.1; Win64; x64) AppleWebKit/537.36 (KHTML, like Gecko) Chrome/84.0.4147.135 Safari/537.36"
89.132.225.94 - - [07/Sep/2020:11:13:32 +0200] "POST /admin16011/index.php?controller=AdminOrders&token=c1978206ebd196d9f154bec0d83018cf HTTP/1.1" 200 276272 "http://www.deszkak.hu/admin16011/index.php?controller=AdminOrders&token=c1978206ebd196d9f154bec0d83018cf" "Mozilla/5.0 (Windows NT 6.1; Win64; x64) AppleWebKit/537.36 (KHTML, like Gecko) Chrome/84.0.4147.135 Safari/537.36"
89.132.225.94 - - [07/Sep/2020:11:13:35 +0200] "POST /admin16011/index.php?controller=AdminGamification&token=a365fd1a059bd9034feefbbfe8a8aacd HTTP/1.1" 200 5221 "http://www.deszkak.hu/admin16011/index.php?controller=AdminOrders&token=c1978206ebd196d9f154bec0d83018cf" "Mozilla/5.0 (Windows NT 6.1; Win64; x64) AppleWebKit/537.36 (KHTML, like Gecko) Chrome/84.0.4147.135 Safari/537.36"
216.244.66.194 - - [07/Sep/2020:11:16:50 +0200] "GET /en/cart?add=1&id_product=7&token=dd1548e4374f499b814aa1cfc96bc198 HTTP/1.1" 301 - "-" "Mozilla/5.0 (compatible; DotBot/1.1; http://www.opensiteexplorer.org/dotbot, help@moz.com)"
89.132.225.94 - - [07/Sep/2020:11:17:33 +0200] "POST /admin16011/ajax.php?rand=1599470251134 HTTP/1.1" 200 2405 "http://www.deszkak.hu/admin16011/index.php?controller=AdminOrders&token=c1978206ebd196d9f154bec0d83018cf" "Mozilla/5.0 (Windows NT 6.1; Win64; x64) AppleWebKit/537.36 (KHTML, like Gecko) Chrome/84.0.4147.135 Safari/537.36"
84.206.29.98 - - [07/Sep/2020:11:16:47 +0200] "GET /hu/32-wave-board?gclid=EAIaIQobChMI9qn_49rW6wIVS_7VCh2hOgOqEAAYASAAEgKtm_D_BwE HTTP/1.1" 301 - "https://www.google.com/" "Mozilla/5.0 (Windows NT 6.1; Win64; x64) AppleWebKit/537.36 (KHTML, like Gecko) Chrome/85.0.4183.83 Safari/537.36"
34.222.93.83 - - [07/Sep/2020:11:18:48 +0200] "GET / HTTP/1.1" 301 - "-" "Mozilla/5.0 (Macintosh; Intel Mac OS X 10_10_5) AppleWebKit/537.36 (KHTML, like Gecko) Chrome/52.0.2743.116 Safari/537.36"
34.222.93.83 - - [07/Sep/2020:11:18:49 +0200] "GET / HTTP/1.1" 301 - "-" "Mozilla/5.0 (Macintosh; Intel Mac OS X 10_10_5) AppleWebKit/537.36 (KHTML, like Gecko) Chrome/52.0.2743.116 Safari/537.36"
89.132.225.94 - - [07/Sep/2020:11:19:34 +0200] "POST /admin16011/ajax.php?rand=1599470374172 HTTP/1.1" 200 2405 "http://www.deszkak.hu/admin16011/index.php?controller=AdminOrders&token=c1978206ebd196d9f154bec0d83018cf" "Mozilla/5.0 (Windows NT 6.1; Win64; x64) AppleWebKit/537.36 (KHTML, like Gecko) Chrome/84.0.4147.135 Safari/537.36"
176.77.140.82 - - [07/Sep/2020:11:21:09 +0200] "GET / HTTP/1.1" 301 - "-" "Mozilla/5.0 (iPhone; CPU iPhone OS 13_6_1 like Mac OS X) AppleWebKit/605.1.15 (KHTML, like Gecko) Version/13.1.2 Mobile/15E148 Safari/604.1"
89.132.225.94 - - [07/Sep/2020:11:21:35 +0200] "POST /admin16011/ajax.php?rand=1599470495178 HTTP/1.1" 200 2405 "http://www.deszkak.hu/admin16011/index.php?controller=AdminOrders&token=c1978206ebd196d9f154bec0d83018cf" "Mozilla/5.0 (Windows NT 6.1; Win64; x64) AppleWebKit/537.36 (KHTML, like Gecko) Chrome/84.0.4147.135 Safari/537.36"
141.8.142.88 - - [07/Sep/2020:11:20:35 +0200] "GET /4293-cart_default/rocket-surveillance-gordeszka-jungle.jpg HTTP/1.1" 304 - "-" "Mozilla/5.0 (compatible; YandexImages/3.0; +http://yandex.com/bots)"
176.77.140.82 - - [07/Sep/2020:11:21:26 +0200] "GET / HTTP/1.1" 301 - "-" "Mozilla/5.0 (iPhone; CPU iPhone OS 13_6_1 like Mac OS X) AppleWebKit/605.1.15 (KHTML, like Gecko) Version/13.1.2 Mobile/15E148 Safari/604.1"
176.77.140.82 - - [07/Sep/2020:11:21:59 +0200] "GET / HTTP/1.1" 301 - "-" "Mozilla/5.0 (iPhone; CPU iPhone OS 13_6_1 like Mac OS X) AppleWebKit/605.1.15 (KHTML, like Gecko) Version/13.1.2 Mobile/15E148 Safari/604.1"
207.46.13.126 - - [07/Sep/2020:11:23:14 +0200] "GET /3690-thickbox_default/enuff-gordeszkakerek-anyacsavar-keszlet-.jpg HTTP/1.1" 200 40639 "-" "Mozilla/5.0 (compatible; bingbot/2.0; +http://www.bing.com/bingbot.htm)"
89.132.225.94 - - [07/Sep/2020:11:23:36 +0200] "POST /admin16011/ajax.php?rand=1599470616184 HTTP/1.1" 200 2405 "http://www.deszkak.hu/admin16011/index.php?controller=AdminOrders&token=c1978206ebd196d9f154bec0d83018cf" "Mozilla/5.0 (Windows NT 6.1; Win64; x64) AppleWebKit/537.36 (KHTML, like Gecko) Chrome/84.0.4147.135 Safari/537.36"
89.132.225.94 - - [07/Sep/2020:11:25:37 +0200] "POST /admin16011/ajax.php?rand=1599470737191 HTTP/1.1" 200 2405 "http://www.deszkak.hu/admin16011/index.php?controller=AdminOrders&token=c1978206ebd196d9f154bec0d83018cf" "Mozilla/5.0 (Windows NT 6.1; Win64; x64) AppleWebKit/537.36 (KHTML, like Gecko) Chrome/84.0.4147.135 Safari/537.36"
89.132.225.94 - - [07/Sep/2020:11:27:38 +0200] "POST /admin16011/ajax.php?rand=1599470858196 HTTP/1.1" 200 2405 "http://www.deszkak.hu/admin16011/index.php?controller=AdminOrders&token=c1978206ebd196d9f154bec0d83018cf" "Mozilla/5.0 (Windows NT 6.1; Win64; x64) AppleWebKit/537.36 (KHTML, like Gecko) Chrome/84.0.4147.135 Safari/537.36"
89.132.225.94 - - [07/Sep/2020:11:29:39 +0200] "POST /admin16011/ajax.php?rand=1599470979202 HTTP/1.1" 200 2405 "http://www.deszkak.hu/admin16011/index.php?controller=AdminOrders&token=c1978206ebd196d9f154bec0d83018cf" "Mozilla/5.0 (Windows NT 6.1; Win64; x64) AppleWebKit/537.36 (KHTML, like Gecko) Chrome/84.0.4147.135 Safari/537.36"
89.132.225.94 - - [07/Sep/2020:11:31:40 +0200] "POST /admin16011/ajax.php?rand=1599471100209 HTTP/1.1" 200 2405 "http://www.deszkak.hu/admin16011/index.php?controller=AdminOrders&token=c1978206ebd196d9f154bec0d83018cf" "Mozilla/5.0 (Windows NT 6.1; Win64; x64) AppleWebKit/537.36 (KHTML, like Gecko) Chrome/84.0.4147.135 Safari/537.36"
89.132.225.94 - - [07/Sep/2020:11:33:41 +0200] "POST /admin16011/ajax.php?rand=1599471221214 HTTP/1.1" 200 2405 "http://www.deszkak.hu/admin16011/index.php?controller=AdminOrders&token=c1978206ebd196d9f154bec0d83018cf" "Mozilla/5.0 (Windows NT 6.1; Win64; x64) AppleWebKit/537.36 (KHTML, like Gecko) Chrome/84.0.4147.135 Safari/537.36"
89.132.225.94 - - [07/Sep/2020:11:35:42 +0200] "POST /admin16011/ajax.php?rand=1599471342219 HTTP/1.1" 200 2405 "http://www.deszkak.hu/admin16011/index.php?controller=AdminOrders&token=c1978206ebd196d9f154bec0d83018cf" "Mozilla/5.0 (Windows NT 6.1; Win64; x64) AppleWebKit/537.36 (KHTML, like Gecko) Chrome/84.0.4147.135 Safari/537.36"
89.132.225.94 - - [07/Sep/2020:11:37:43 +0200] "POST /admin16011/ajax.php?rand=1599471463225 HTTP/1.1" 200 2420 "http://www.deszkak.hu/admin16011/index.php?controller=AdminOrders&token=c1978206ebd196d9f154bec0d83018cf" "Mozilla/5.0 (Windows NT 6.1; Win64; x64) AppleWebKit/537.36 (KHTML, like Gecko) Chrome/84.0.4147.135 Safari/537.36"
89.132.225.94 - - [07/Sep/2020:11:39:44 +0200] "POST /admin16011/ajax.php?rand=1599471584230 HTTP/1.1" 200 2420 "http://www.deszkak.hu/admin16011/index.php?controller=AdminOrders&token=c1978206ebd196d9f154bec0d83018cf" "Mozilla/5.0 (Windows NT 6.1; Win64; x64) AppleWebKit/537.36 (KHTML, like Gecko) Chrome/84.0.4147.135 Safari/537.36"
40.77.167.60 - - [07/Sep/2020:11:39:52 +0200] "GET /2865-thickbox_default/enuff-also-skateboard-green.jpg HTTP/1.1" 200 44932 "-" "Mozilla/5.0 (compatible; bingbot/2.0; +http://www.bing.com/bingbot.htm)"
89.132.225.94 - - [07/Sep/2020:11:41:45 +0200] "POST /admin16011/ajax.php?rand=1599471705235 HTTP/1.1" 200 2420 "http://www.deszkak.hu/admin16011/index.php?controller=AdminOrders&token=c1978206ebd196d9f154bec0d83018cf" "Mozilla/5.0 (Windows NT 6.1; Win64; x64) AppleWebKit/537.36 (KHTML, like Gecko) Chrome/84.0.4147.135 Safari/537.36"
89.132.225.94 - - [07/Sep/2020:11:44:15 +0200] "POST /admin16011/ajax.php?rand=1599471855948 HTTP/1.1" 200 2420 "http://www.deszkak.hu/admin16011/index.php?controller=AdminOrders&token=c1978206ebd196d9f154bec0d83018cf" "Mozilla/5.0 (Windows NT 6.1; Win64; x64) AppleWebKit/537.36 (KHTML, like Gecko) Chrome/84.0.4147.135 Safari/537.36"
89.132.225.94 - - [07/Sep/2020:11:44:16 +0200] "GET /img/favicon.ico HTTP/1.1" 200 1150 "http://www.deszkak.hu/admin16011/index.php?controller=AdminOrders&token=c1978206ebd196d9f154bec0d83018cf" "Mozilla/5.0 (Windows NT 6.1; Win64; x64) AppleWebKit/537.36 (KHTML, like Gecko) Chrome/84.0.4147.135 Safari/537.36"
89.132.225.94 - - [07/Sep/2020:11:43:46 +0200] "POST /admin16011/ajax.php?rand=1599471826242 HTTP/1.1" 200 2420 "http://www.deszkak.hu/admin16011/index.php?controller=AdminOrders&token=c1978206ebd196d9f154bec0d83018cf" "Mozilla/5.0 (Windows NT 6.1; Win64; x64) AppleWebKit/537.36 (KHTML, like Gecko) Chrome/84.0.4147.135 Safari/537.36"
89.132.225.94 - - [07/Sep/2020:11:44:12 +0200] "POST /admin16011/index.php?controller=AdminOrders&token=c1978206ebd196d9f154bec0d83018cf HTTP/1.1" 200 272502 "http://www.deszkak.hu/admin16011/index.php?controller=AdminOrders&token=c1978206ebd196d9f154bec0d83018cf" "Mozilla/5.0 (Windows NT 6.1; Win64; x64) AppleWebKit/537.36 (KHTML, like Gecko) Chrome/84.0.4147.135 Safari/537.36"
89.132.225.94 - - [07/Sep/2020:11:44:15 +0200] "POST /admin16011/index.php?controller=AdminGamification&token=a365fd1a059bd9034feefbbfe8a8aacd HTTP/1.1" 200 5221 "http://www.deszkak.hu/admin16011/index.php?controller=AdminOrders&token=c1978206ebd196d9f154bec0d83018cf" "Mozilla/5.0 (Windows NT 6.1; Win64; x64) AppleWebKit/537.36 (KHTML, like Gecko) Chrome/84.0.4147.135 Safari/537.36"
179.43.156.235 - - [07/Sep/2020:11:43:47 +0200] "GET /www.tgz HTTP/1.1" 302 - "-" "Mozilla/5.0 (X11; Linux x86_64; rv:68.0) Gecko/20100101 Firefox/68.0"
89.132.225.94 - - [07/Sep/2020:11:46:17 +0200] "POST /admin16011/ajax.php?rand=1599471977255 HTTP/1.1" 200 2420 "http://www.deszkak.hu/admin16011/index.php?controller=AdminOrders&token=c1978206ebd196d9f154bec0d83018cf" "Mozilla/5.0 (Windows NT 6.1; Win64; x64) AppleWebKit/537.36 (KHTML, like Gecko) Chrome/84.0.4147.135 Safari/537.36"
149.200.89.214 - - [07/Sep/2020:11:49:16 +0200] "GET /hu/26-terd-konyok-bokavedo HTTP/1.1" 301 - "http://www.google.com/" "Mozilla/5.0 (Linux; Android 8.0.0; LDN-L21) AppleWebKit/537.36 (KHTML, like Gecko) Chrome/85.0.4183.81 Mobile Safari/537.36"
89.132.225.94 - - [07/Sep/2020:11:48:18 +0200] "POST /admin16011/ajax.php?rand=1599472098256 HTTP/1.1" 200 2420 "http://www.deszkak.hu/admin16011/index.php?controller=AdminOrders&token=c1978206ebd196d9f154bec0d83018cf" "Mozilla/5.0 (Windows NT 6.1; Win64; x64) AppleWebKit/537.36 (KHTML, like Gecko) Chrome/84.0.4147.135 Safari/537.36"
31.13.103.10 - - [07/Sep/2020:11:49:46 +0200] "GET /hu/13-longboard HTTP/1.1" 301 - "-" "facebookexternalhit/1.1 (+http://www.facebook.com/externalhit_uatext.php)"
31.13.103.5 - - [07/Sep/2020:11:49:47 +0200] "GET /hu/13-longboard HTTP/1.1" 301 - "-" "facebookexternalhit/1.1 (+http://www.facebook.com/externalhit_uatext.php)"
66.249.75.148 - - [07/Sep/2020:11:50:10 +0200] "GET /en/cruisers/742-area-candyboard-understatement-cruiser-red-blue.html?search_query=area&results=55 HTTP/1.1" 301 - "-" "Mozilla/5.0 (Linux; Android 6.0.1; Nexus 5X Build/MMB29P) AppleWebKit/537.36 (KHTML, like Gecko) Chrome/80.0.3987.92 Mobile Safari/537.36 (compatible; Googlebot/2.1; +http://www.google.com/bot.html)"
89.132.225.94 - - [07/Sep/2020:11:50:19 +0200] "POST /admin16011/ajax.php?rand=1599472219262 HTTP/1.1" 200 2420 "http://www.deszkak.hu/admin16011/index.php?controller=AdminOrders&token=c1978206ebd196d9f154bec0d83018cf" "Mozilla/5.0 (Windows NT 6.1; Win64; x64) AppleWebKit/537.36 (KHTML, like Gecko) Chrome/84.0.4147.135 Safari/537.36"
66.249.75.148 - - [07/Sep/2020:11:50:13 +0200] "GET /en/cruisers/742-area-candyboard-understatement-cruiser-red-blue.html?search_query=area&results=55 HTTP/1.1" 301 - "-" "Mozilla/5.0 (Linux; Android 6.0.1; Nexus 5X Build/MMB29P) AppleWebKit/537.36 (KHTML, like Gecko) Chrome/80.0.3987.92 Mobile Safari/537.36 (compatible; Googlebot/2.1; +http://www.google.com/bot.html)"
179.43.156.235 - - [07/Sep/2020:11:51:04 +0200] "GET /database.tgz HTTP/1.1" 302 - "-" "Mozilla/5.0 (X11; Linux x86_64; rv:68.0) Gecko/20100101 Firefox/68.0"
89.132.225.94 - - [07/Sep/2020:11:52:20 +0200] "POST /admin16011/ajax.php?rand=1599472340267 HTTP/1.1" 200 2420 "http://www.deszkak.hu/admin16011/index.php?controller=AdminOrders&token=c1978206ebd196d9f154bec0d83018cf" "Mozilla/5.0 (Windows NT 6.1; Win64; x64) AppleWebKit/537.36 (KHTML, like Gecko) Chrome/84.0.4147.135 Safari/537.36"
114.119.158.193 - - [07/Sep/2020:11:52:49 +0200] "GET /en/bolts-and-nuts/153-enuff-skateboard-wheel-lock-nuts.html HTTP/1.1" 301 - "-" "Mozilla/5.0 (Linux; Android 7.0;) AppleWebKit/537.36 (KHTML, like Gecko) Mobile Safari/537.36 (compatible; PetalBot;+http://aspiegel.com/petalbot)"
89.132.225.94 - - [07/Sep/2020:11:54:21 +0200] "POST /admin16011/ajax.php?rand=1599472461273 HTTP/1.1" 200 2420 "http://www.deszkak.hu/admin16011/index.php?controller=AdminOrders&token=c1978206ebd196d9f154bec0d83018cf" "Mozilla/5.0 (Windows NT 6.1; Win64; x64) AppleWebKit/537.36 (KHTML, like Gecko) Chrome/84.0.4147.135 Safari/537.36"
89.132.225.94 - - [07/Sep/2020:11:54:22 +0200] "GET /admin16011/index.php?controller=AdminProducts&token=cc5d77c07f2ad4745a2f17a7db1e8686 HTTP/1.1" 200 827899 "http://www.deszkak.hu/admin16011/index.php?controller=AdminOrders&token=c1978206ebd196d9f154bec0d83018cf" "Mozilla/5.0 (Windows NT 6.1; Win64; x64) AppleWebKit/537.36 (KHTML, like Gecko) Chrome/84.0.4147.135 Safari/537.36"
89.132.225.94 - - [07/Sep/2020:11:54:25 +0200] "GET /img/tmp/product_mini_1_1.jpg?time=1599472464 HTTP/1.1" 200 1243 "http://www.deszkak.hu/admin16011/index.php?controller=AdminProducts&token=cc5d77c07f2ad4745a2f17a7db1e8686" "Mozilla/5.0 (Windows NT 6.1; Win64; x64) AppleWebKit/537.36 (KHTML, like Gecko) Chrome/84.0.4147.135 Safari/537.36"
89.132.225.94 - - [07/Sep/2020:11:54:26 +0200] "GET /img/tmp/product_mini_8_1.jpg?time=1599472464 HTTP/1.1" 200 1200 "http://www.deszkak.hu/admin16011/index.php?controller=AdminProducts&token=cc5d77c07f2ad4745a2f17a7db1e8686" "Mozilla/5.0 (Windows NT 6.1; Win64; x64) AppleWebKit/537.36 (KHTML, like Gecko) Chrome/84.0.4147.135 Safari/537.36"
89.132.225.94 - - [07/Sep/2020:11:54:26 +0200] "GET /img/tmp/product_mini_14_1.jpg?time=1599472464 HTTP/1.1" 200 1206 "http://www.deszkak.hu/admin16011/index.php?controller=AdminProducts&token=cc5d77c07f2ad4745a2f17a7db1e8686" "Mozilla/5.0 (Windows NT 6.1; Win64; x64) AppleWebKit/537.36 (KHTML, like Gecko) Chrome/84.0.4147.135 Safari/537.36"
89.132.225.94 - - [07/Sep/2020:11:54:26 +0200] "GET /img/tmp/product_mini_19_1.jpg?time=1599472464 HTTP/1.1" 200 1162 "http://www.deszkak.hu/admin16011/index.php?controller=AdminProducts&token=cc5d77c07f2ad4745a2f17a7db1e8686" "Mozilla/5.0 (Windows NT 6.1; Win64; x64) AppleWebKit/537.36 (KHTML, like Gecko) Chrome/84.0.4147.135 Safari/537.36"
89.132.225.94 - - [07/Sep/2020:11:54:26 +0200] "GET /img/tmp/product_mini_25_1.jpg?time=1599472464 HTTP/1.1" 200 1335 "http://www.deszkak.hu/admin16011/index.php?controller=AdminProducts&token=cc5d77c07f2ad4745a2f17a7db1e8686" "Mozilla/5.0 (Windows NT 6.1; Win64; x64) AppleWebKit/537.36 (KHTML, like Gecko) Chrome/84.0.4147.135 Safari/537.36"
89.132.225.94 - - [07/Sep/2020:11:54:26 +0200] "GET /img/tmp/product_mini_28_1.jpg?time=1599472464 HTTP/1.1" 200 1402 "http://www.deszkak.hu/admin16011/index.php?controller=AdminProducts&token=cc5d77c07f2ad4745a2f17a7db1e8686" "Mozilla/5.0 (Windows NT 6.1; Win64; x64) AppleWebKit/537.36 (KHTML, like Gecko) Chrome/84.0.4147.135 Safari/537.36"
89.132.225.94 - - [07/Sep/2020:11:54:26 +0200] "GET /img/tmp/product_mini_30_1.jpg?time=1599472464 HTTP/1.1" 200 1459 "http://www.deszkak.hu/admin16011/index.php?controller=AdminProducts&token=cc5d77c07f2ad4745a2f17a7db1e8686" "Mozilla/5.0 (Windows NT 6.1; Win64; x64) AppleWebKit/537.36 (KHTML, like Gecko) Chrome/84.0.4147.135 Safari/537.36"
89.132.225.94 - - [07/Sep/2020:11:54:26 +0200] "GET /img/tmp/product_mini_562_1.jpg?time=1599472464 HTTP/1.1" 200 1327 "http://www.deszkak.hu/admin16011/index.php?controller=AdminProducts&token=cc5d77c07f2ad4745a2f17a7db1e8686" "Mozilla/5.0 (Windows NT 6.1; Win64; x64) AppleWebKit/537.36 (KHTML, like Gecko) Chrome/84.0.4147.135 Safari/537.36"
89.132.225.94 - - [07/Sep/2020:11:54:26 +0200] "GET /img/tmp/product_mini_12_1.jpg?time=1599472464 HTTP/1.1" 200 1209 "http://www.deszkak.hu/admin16011/index.php?controller=AdminProducts&token=cc5d77c07f2ad4745a2f17a7db1e8686" "Mozilla/5.0 (Windows NT 6.1; Win64; x64) AppleWebKit/537.36 (KHTML, like Gecko) Chrome/84.0.4147.135 Safari/537.36"
89.132.225.94 - - [07/Sep/2020:11:54:26 +0200] "GET /img/tmp/product_mini_17_1.jpg?time=1599472464 HTTP/1.1" 200 1054 "http://www.deszkak.hu/admin16011/index.php?controller=AdminProducts&token=cc5d77c07f2ad4745a2f17a7db1e8686" "Mozilla/5.0 (Windows NT 6.1; Win64; x64) AppleWebKit/537.36 (KHTML, like Gecko) Chrome/84.0.4147.135 Safari/537.36"
89.132.225.94 - - [07/Sep/2020:11:54:26 +0200] "GET /img/tmp/product_mini_24_1.jpg?time=1599472464 HTTP/1.1" 200 1218 "http://www.deszkak.hu/admin16011/index.php?controller=AdminProducts&token=cc5d77c07f2ad4745a2f17a7db1e8686" "Mozilla/5.0 (Windows NT 6.1; Win64; x64) AppleWebKit/537.36 (KHTML, like Gecko) Chrome/84.0.4147.135 Safari/537.36"
89.132.225.94 - - [07/Sep/2020:11:54:26 +0200] "GET /img/tmp/product_mini_27_1.jpg?time=1599472464 HTTP/1.1" 200 1381 "http://www.deszkak.hu/admin16011/index.php?controller=AdminProducts&token=cc5d77c07f2ad4745a2f17a7db1e8686" "Mozilla/5.0 (Windows NT 6.1; Win64; x64) AppleWebKit/537.36 (KHTML, like Gecko) Chrome/84.0.4147.135 Safari/537.36"
89.132.225.94 - - [07/Sep/2020:11:54:26 +0200] "GET /img/tmp/product_mini_29_1.jpg?time=1599472464 HTTP/1.1" 200 5182 "http://www.deszkak.hu/admin16011/index.php?controller=AdminProducts&token=cc5d77c07f2ad4745a2f17a7db1e8686" "Mozilla/5.0 (Windows NT 6.1; Win64; x64) AppleWebKit/537.36 (KHTML, like Gecko) Chrome/84.0.4147.135 Safari/537.36"
89.132.225.94 - - [07/Sep/2020:11:54:26 +0200] "GET /img/tmp/product_mini_31_1.jpg?time=1599472464 HTTP/1.1" 200 4562 "http://www.deszkak.hu/admin16011/index.php?controller=AdminProducts&token=cc5d77c07f2ad4745a2f17a7db1e8686" "Mozilla/5.0 (Windows NT 6.1; Win64; x64) AppleWebKit/537.36 (KHTML, like Gecko) Chrome/84.0.4147.135 Safari/537.36"
89.132.225.94 - - [07/Sep/2020:11:54:26 +0200] "GET /img/tmp/product_mini_563_1.jpg?time=1599472464 HTTP/1.1" 200 1238 "http://www.deszkak.hu/admin16011/index.php?controller=AdminProducts&token=cc5d77c07f2ad4745a2f17a7db1e8686" "Mozilla/5.0 (Windows NT 6.1; Win64; x64) AppleWebKit/537.36 (KHTML, like Gecko) Chrome/84.0.4147.135 Safari/537.36"
89.132.225.94 - - [07/Sep/2020:11:54:26 +0200] "GET /img/tmp/product_mini_564_1.jpg?time=1599472464 HTTP/1.1" 200 1278 "http://www.deszkak.hu/admin16011/index.php?controller=AdminProducts&token=cc5d77c07f2ad4745a2f17a7db1e8686" "Mozilla/5.0 (Windows NT 6.1; Win64; x64) AppleWebKit/537.36 (KHTML, like Gecko) Chrome/84.0.4147.135 Safari/537.36"
89.132.225.94 - - [07/Sep/2020:11:54:26 +0200] "GET /img/tmp/product_mini_565_1.jpg?time=1599472464 HTTP/1.1" 200 1184 "http://www.deszkak.hu/admin16011/index.php?controller=AdminProducts&token=cc5d77c07f2ad4745a2f17a7db1e8686" "Mozilla/5.0 (Windows NT 6.1; Win64; x64) AppleWebKit/537.36 (KHTML, like Gecko) Chrome/84.0.4147.135 Safari/537.36"
89.132.225.94 - - [07/Sep/2020:11:54:26 +0200] "GET /img/tmp/product_mini_568_1.jpg?time=1599472464 HTTP/1.1" 200 1193 "http://www.deszkak.hu/admin16011/index.php?controller=AdminProducts&token=cc5d77c07f2ad4745a2f17a7db1e8686" "Mozilla/5.0 (Windows NT 6.1; Win64; x64) AppleWebKit/537.36 (KHTML, like Gecko) Chrome/84.0.4147.135 Safari/537.36"
89.132.225.94 - - [07/Sep/2020:11:54:26 +0200] "GET /img/tmp/product_mini_590_1.jpg?time=1599472464 HTTP/1.1" 200 1142 "http://www.deszkak.hu/admin16011/index.php?controller=AdminProducts&token=cc5d77c07f2ad4745a2f17a7db1e8686" "Mozilla/5.0 (Windows NT 6.1; Win64; x64) AppleWebKit/537.36 (KHTML, like Gecko) Chrome/84.0.4147.135 Safari/537.36"
89.132.225.94 - - [07/Sep/2020:11:54:26 +0200] "GET /img/tmp/product_mini_591_1.jpg?time=1599472464 HTTP/1.1" 200 1065 "http://www.deszkak.hu/admin16011/index.php?controller=AdminProducts&token=cc5d77c07f2ad4745a2f17a7db1e8686" "Mozilla/5.0 (Windows NT 6.1; Win64; x64) AppleWebKit/537.36 (KHTML, like Gecko) Chrome/84.0.4147.135 Safari/537.36"
89.132.225.94 - - [07/Sep/2020:11:54:26 +0200] "GET /img/tmp/product_mini_637_1.jpg?time=1599472464 HTTP/1.1" 200 1112 "http://www.deszkak.hu/admin16011/index.php?controller=AdminProducts&token=cc5d77c07f2ad4745a2f17a7db1e8686" "Mozilla/5.0 (Windows NT 6.1; Win64; x64) AppleWebKit/537.36 (KHTML, like Gecko) Chrome/84.0.4147.135 Safari/537.36"
89.132.225.94 - - [07/Sep/2020:11:54:26 +0200] "GET /img/tmp/product_mini_741_1.jpg?time=1599472464 HTTP/1.1" 200 1668 "http://www.deszkak.hu/admin16011/index.php?controller=AdminProducts&token=cc5d77c07f2ad4745a2f17a7db1e8686" "Mozilla/5.0 (Windows NT 6.1; Win64; x64) AppleWebKit/537.36 (KHTML, like Gecko) Chrome/84.0.4147.135 Safari/537.36"
89.132.225.94 - - [07/Sep/2020:11:54:26 +0200] "GET /img/tmp/product_mini_743_1.jpg?time=1599472464 HTTP/1.1" 200 1594 "http://www.deszkak.hu/admin16011/index.php?controller=AdminProducts&token=cc5d77c07f2ad4745a2f17a7db1e8686" "Mozilla/5.0 (Windows NT 6.1; Win64; x64) AppleWebKit/537.36 (KHTML, like Gecko) Chrome/84.0.4147.135 Safari/537.36"
89.132.225.94 - - [07/Sep/2020:11:54:26 +0200] "GET /img/tmp/product_mini_744_1.jpg?time=1599472464 HTTP/1.1" 200 1685 "http://www.deszkak.hu/admin16011/index.php?controller=AdminProducts&token=cc5d77c07f2ad4745a2f17a7db1e8686" "Mozilla/5.0 (Windows NT 6.1; Win64; x64) AppleWebKit/537.36 (KHTML, like Gecko) Chrome/84.0.4147.135 Safari/537.36"
89.132.225.94 - - [07/Sep/2020:11:54:26 +0200] "GET /img/tmp/product_mini_746_1.jpg?time=1599472464 HTTP/1.1" 200 1176 "http://www.deszkak.hu/admin16011/index.php?controller=AdminProducts&token=cc5d77c07f2ad4745a2f17a7db1e8686" "Mozilla/5.0 (Windows NT 6.1; Win64; x64) AppleWebKit/537.36 (KHTML, like Gecko) Chrome/84.0.4147.135 Safari/537.36"
89.132.225.94 - - [07/Sep/2020:11:54:26 +0200] "GET /img/tmp/product_mini_748_1.jpg?time=1599472464 HTTP/1.1" 200 1210 "http://www.deszkak.hu/admin16011/index.php?controller=AdminProducts&token=cc5d77c07f2ad4745a2f17a7db1e8686" "Mozilla/5.0 (Windows NT 6.1; Win64; x64) AppleWebKit/537.36 (KHTML, like Gecko) Chrome/84.0.4147.135 Safari/537.36"
89.132.225.94 - - [07/Sep/2020:11:54:26 +0200] "GET /img/tmp/product_mini_566_1.jpg?time=1599472464 HTTP/1.1" 200 1112 "http://www.deszkak.hu/admin16011/index.php?controller=AdminProducts&token=cc5d77c07f2ad4745a2f17a7db1e8686" "Mozilla/5.0 (Windows NT 6.1; Win64; x64) AppleWebKit/537.36 (KHTML, like Gecko) Chrome/84.0.4147.135 Safari/537.36"
89.132.225.94 - - [07/Sep/2020:11:54:26 +0200] "GET /img/tmp/product_mini_589_1.jpg?time=1599472464 HTTP/1.1" 200 1176 "http://www.deszkak.hu/admin16011/index.php?controller=AdminProducts&token=cc5d77c07f2ad4745a2f17a7db1e8686" "Mozilla/5.0 (Windows NT 6.1; Win64; x64) AppleWebKit/537.36 (KHTML, like Gecko) Chrome/84.0.4147.135 Safari/537.36"
89.132.225.94 - - [07/Sep/2020:11:54:26 +0200] "GET /img/tmp/product_mini_592_1.jpg?time=1599472464 HTTP/1.1" 200 1191 "http://www.deszkak.hu/admin16011/index.php?controller=AdminProducts&token=cc5d77c07f2ad4745a2f17a7db1e8686" "Mozilla/5.0 (Windows NT 6.1; Win64; x64) AppleWebKit/537.36 (KHTML, like Gecko) Chrome/84.0.4147.135 Safari/537.36"
89.132.225.94 - - [07/Sep/2020:11:54:26 +0200] "GET /img/tmp/product_mini_742_1.jpg?time=1599472464 HTTP/1.1" 200 1574 "http://www.deszkak.hu/admin16011/index.php?controller=AdminProducts&token=cc5d77c07f2ad4745a2f17a7db1e8686" "Mozilla/5.0 (Windows NT 6.1; Win64; x64) AppleWebKit/537.36 (KHTML, like Gecko) Chrome/84.0.4147.135 Safari/537.36"
89.132.225.94 - - [07/Sep/2020:11:54:26 +0200] "GET /img/tmp/product_mini_745_1.jpg?time=1599472464 HTTP/1.1" 200 1090 "http://www.deszkak.hu/admin16011/index.php?controller=AdminProducts&token=cc5d77c07f2ad4745a2f17a7db1e8686" "Mozilla/5.0 (Windows NT 6.1; Win64; x64) AppleWebKit/537.36 (KHTML, like Gecko) Chrome/84.0.4147.135 Safari/537.36"
89.132.225.94 - - [07/Sep/2020:11:54:26 +0200] "GET /img/tmp/product_mini_747_1.jpg?time=1599472464 HTTP/1.1" 200 1184 "http://www.deszkak.hu/admin16011/index.php?controller=AdminProducts&token=cc5d77c07f2ad4745a2f17a7db1e8686" "Mozilla/5.0 (Windows NT 6.1; Win64; x64) AppleWebKit/537.36 (KHTML, like Gecko) Chrome/84.0.4147.135 Safari/537.36"
89.132.225.94 - - [07/Sep/2020:11:54:26 +0200] "GET /img/tmp/product_mini_750_1.jpg?time=1599472464 HTTP/1.1" 200 1146 "http://www.deszkak.hu/admin16011/index.php?controller=AdminProducts&token=cc5d77c07f2ad4745a2f17a7db1e8686" "Mozilla/5.0 (Windows NT 6.1; Win64; x64) AppleWebKit/537.36 (KHTML, like Gecko) Chrome/84.0.4147.135 Safari/537.36"
89.132.225.94 - - [07/Sep/2020:11:54:26 +0200] "GET /img/tmp/product_mini_773_1.jpg?time=1599472464 HTTP/1.1" 200 1253 "http://www.deszkak.hu/admin16011/index.php?controller=AdminProducts&token=cc5d77c07f2ad4745a2f17a7db1e8686" "Mozilla/5.0 (Windows NT 6.1; Win64; x64) AppleWebKit/537.36 (KHTML, like Gecko) Chrome/84.0.4147.135 Safari/537.36"
89.132.225.94 - - [07/Sep/2020:11:54:26 +0200] "GET /img/tmp/product_mini_774_1.jpg?time=1599472464 HTTP/1.1" 200 1188 "http://www.deszkak.hu/admin16011/index.php?controller=AdminProducts&token=cc5d77c07f2ad4745a2f17a7db1e8686" "Mozilla/5.0 (Windows NT 6.1; Win64; x64) AppleWebKit/537.36 (KHTML, like Gecko) Chrome/84.0.4147.135 Safari/537.36"
89.132.225.94 - - [07/Sep/2020:11:54:26 +0200] "GET /img/tmp/product_mini_777_1.jpg?time=1599472464 HTTP/1.1" 200 1125 "http://www.deszkak.hu/admin16011/index.php?controller=AdminProducts&token=cc5d77c07f2ad4745a2f17a7db1e8686" "Mozilla/5.0 (Windows NT 6.1; Win64; x64) AppleWebKit/537.36 (KHTML, like Gecko) Chrome/84.0.4147.135 Safari/537.36"
89.132.225.94 - - [07/Sep/2020:11:54:26 +0200] "GET /img/tmp/product_mini_779_1.jpg?time=1599472464 HTTP/1.1" 200 1135 "http://www.deszkak.hu/admin16011/index.php?controller=AdminProducts&token=cc5d77c07f2ad4745a2f17a7db1e8686" "Mozilla/5.0 (Windows NT 6.1; Win64; x64) AppleWebKit/537.36 (KHTML, like Gecko) Chrome/84.0.4147.135 Safari/537.36"
89.132.225.94 - - [07/Sep/2020:11:54:26 +0200] "GET /img/tmp/product_mini_749_1.jpg?time=1599472464 HTTP/1.1" 200 1229 "http://www.deszkak.hu/admin16011/index.php?controller=AdminProducts&token=cc5d77c07f2ad4745a2f17a7db1e8686" "Mozilla/5.0 (Windows NT 6.1; Win64; x64) AppleWebKit/537.36 (KHTML, like Gecko) Chrome/84.0.4147.135 Safari/537.36"
89.132.225.94 - - [07/Sep/2020:11:54:26 +0200] "GET /img/tmp/product_mini_751_1.jpg?time=1599472464 HTTP/1.1" 200 1145 "http://www.deszkak.hu/admin16011/index.php?controller=AdminProducts&token=cc5d77c07f2ad4745a2f17a7db1e8686" "Mozilla/5.0 (Windows NT 6.1; Win64; x64) AppleWebKit/537.36 (KHTML, like Gecko) Chrome/84.0.4147.135 Safari/537.36"
89.132.225.94 - - [07/Sep/2020:11:54:26 +0200] "GET /img/tmp/product_mini_775_1.jpg?time=1599472464 HTTP/1.1" 200 1204 "http://www.deszkak.hu/admin16011/index.php?controller=AdminProducts&token=cc5d77c07f2ad4745a2f17a7db1e8686" "Mozilla/5.0 (Windows NT 6.1; Win64; x64) AppleWebKit/537.36 (KHTML, like Gecko) Chrome/84.0.4147.135 Safari/537.36"
89.132.225.94 - - [07/Sep/2020:11:54:26 +0200] "GET /img/tmp/product_mini_776_1.jpg?time=1599472464 HTTP/1.1" 200 1145 "http://www.deszkak.hu/admin16011/index.php?controller=AdminProducts&token=cc5d77c07f2ad4745a2f17a7db1e8686" "Mozilla/5.0 (Windows NT 6.1; Win64; x64) AppleWebKit/537.36 (KHTML, like Gecko) Chrome/84.0.4147.135 Safari/537.36"
89.132.225.94 - - [07/Sep/2020:11:54:26 +0200] "GET /img/tmp/product_mini_778_1.jpg?time=1599472464 HTTP/1.1" 200 1102 "http://www.deszkak.hu/admin16011/index.php?controller=AdminProducts&token=cc5d77c07f2ad4745a2f17a7db1e8686" "Mozilla/5.0 (Windows NT 6.1; Win64; x64) AppleWebKit/537.36 (KHTML, like Gecko) Chrome/84.0.4147.135 Safari/537.36"
89.132.225.94 - - [07/Sep/2020:11:54:26 +0200] "GET /img/tmp/product_mini_780_1.jpg?time=1599472464 HTTP/1.1" 200 1149 "http://www.deszkak.hu/admin16011/index.php?controller=AdminProducts&token=cc5d77c07f2ad4745a2f17a7db1e8686" "Mozilla/5.0 (Windows NT 6.1; Win64; x64) AppleWebKit/537.36 (KHTML, like Gecko) Chrome/84.0.4147.135 Safari/537.36"
89.132.225.94 - - [07/Sep/2020:11:54:26 +0200] "GET /img/tmp/product_mini_782_1.jpg?time=1599472464 HTTP/1.1" 200 1213 "http://www.deszkak.hu/admin16011/index.php?controller=AdminProducts&token=cc5d77c07f2ad4745a2f17a7db1e8686" "Mozilla/5.0 (Windows NT 6.1; Win64; x64) AppleWebKit/537.36 (KHTML, like Gecko) Chrome/84.0.4147.135 Safari/537.36"
89.132.225.94 - - [07/Sep/2020:11:54:26 +0200] "GET /img/tmp/product_mini_783_1.jpg?time=1599472464 HTTP/1.1" 200 1188 "http://www.deszkak.hu/admin16011/index.php?controller=AdminProducts&token=cc5d77c07f2ad4745a2f17a7db1e8686" "Mozilla/5.0 (Windows NT 6.1; Win64; x64) AppleWebKit/537.36 (KHTML, like Gecko) Chrome/84.0.4147.135 Safari/537.36"
89.132.225.94 - - [07/Sep/2020:11:54:26 +0200] "GET /img/tmp/product_mini_785_1.jpg?time=1599472464 HTTP/1.1" 200 1210 "http://www.deszkak.hu/admin16011/index.php?controller=AdminProducts&token=cc5d77c07f2ad4745a2f17a7db1e8686" "Mozilla/5.0 (Windows NT 6.1; Win64; x64) AppleWebKit/537.36 (KHTML, like Gecko) Chrome/84.0.4147.135 Safari/537.36"
89.132.225.94 - - [07/Sep/2020:11:54:26 +0200] "GET /img/tmp/product_mini_786_1.jpg?time=1599472464 HTTP/1.1" 200 1219 "http://www.deszkak.hu/admin16011/index.php?controller=AdminProducts&token=cc5d77c07f2ad4745a2f17a7db1e8686" "Mozilla/5.0 (Windows NT 6.1; Win64; x64) AppleWebKit/537.36 (KHTML, like Gecko) Chrome/84.0.4147.135 Safari/537.36"
89.132.225.94 - - [07/Sep/2020:11:54:26 +0200] "GET /img/tmp/product_mini_788_1.jpg?time=1599472464 HTTP/1.1" 200 1277 "http://www.deszkak.hu/admin16011/index.php?controller=AdminProducts&token=cc5d77c07f2ad4745a2f17a7db1e8686" "Mozilla/5.0 (Windows NT 6.1; Win64; x64) AppleWebKit/537.36 (KHTML, like Gecko) Chrome/84.0.4147.135 Safari/537.36"
89.132.225.94 - - [07/Sep/2020:11:54:26 +0200] "GET /img/tmp/product_mini_10_1.jpg?time=1599472464 HTTP/1.1" 200 1168 "http://www.deszkak.hu/admin16011/index.php?controller=AdminProducts&token=cc5d77c07f2ad4745a2f17a7db1e8686" "Mozilla/5.0 (Windows NT 6.1; Win64; x64) AppleWebKit/537.36 (KHTML, like Gecko) Chrome/84.0.4147.135 Safari/537.36"
89.132.225.94 - - [07/Sep/2020:11:54:26 +0200] "GET /img/tmp/product_mini_16_1.jpg?time=1599472464 HTTP/1.1" 200 1131 "http://www.deszkak.hu/admin16011/index.php?controller=AdminProducts&token=cc5d77c07f2ad4745a2f17a7db1e8686" "Mozilla/5.0 (Windows NT 6.1; Win64; x64) AppleWebKit/537.36 (KHTML, like Gecko) Chrome/84.0.4147.135 Safari/537.36"
89.132.225.94 - - [07/Sep/2020:11:54:26 +0200] "GET /img/tmp/product_mini_21_1.jpg?time=1599472464 HTTP/1.1" 200 1092 "http://www.deszkak.hu/admin16011/index.php?controller=AdminProducts&token=cc5d77c07f2ad4745a2f17a7db1e8686" "Mozilla/5.0 (Windows NT 6.1; Win64; x64) AppleWebKit/537.36 (KHTML, like Gecko) Chrome/84.0.4147.135 Safari/537.36"
