89.132.225.94 - - [06/Sep/2020:09:28:34 +0200] "POST /admin16011/ajax.php?rand=1599377312114 HTTP/1.1" 200 2830 "http://www.deszkak.hu/admin16011/index.php?controller=AdminOrders&token=0209ffce19e7478d67c5c840bf0a38da" "Mozilla/5.0 (Windows NT 6.1; Win64; x64) AppleWebKit/537.36 (KHTML, like Gecko) Chrome/85.0.4183.83 Safari/537.36"
66.249.66.130 - - [06/Sep/2020:09:31:24 +0200] "GET /en/trucks/1875-penny-4-truck-purple.html HTTP/1.1" 301 - "-" "Mozilla/5.0 (Linux; Android 6.0.1; Nexus 5X Build/MMB29P) AppleWebKit/537.36 (KHTML, like Gecko) Chrome/80.0.3987.92 Mobile Safari/537.36 (compatible; Googlebot/2.1; +http://www.google.com/bot.html)"
89.132.225.94 - - [06/Sep/2020:09:30:35 +0200] "POST /admin16011/ajax.php?rand=1599377433116 HTTP/1.1" 200 2830 "http://www.deszkak.hu/admin16011/index.php?controller=AdminOrders&token=0209ffce19e7478d67c5c840bf0a38da" "Mozilla/5.0 (Windows NT 6.1; Win64; x64) AppleWebKit/537.36 (KHTML, like Gecko) Chrome/85.0.4183.83 Safari/537.36"
66.249.66.130 - - [06/Sep/2020:09:31:26 +0200] "GET /en/trucks/1875-penny-4-truck-purple.html HTTP/1.1" 301 - "-" "Mozilla/5.0 (Linux; Android 6.0.1; Nexus 5X Build/MMB29P) AppleWebKit/537.36 (KHTML, like Gecko) Chrome/80.0.3987.92 Mobile Safari/537.36 (compatible; Googlebot/2.1; +http://www.google.com/bot.html)"
89.132.225.94 - - [06/Sep/2020:09:32:36 +0200] "POST /admin16011/ajax.php?rand=1599377554115 HTTP/1.1" 200 2830 "http://www.deszkak.hu/admin16011/index.php?controller=AdminOrders&token=0209ffce19e7478d67c5c840bf0a38da" "Mozilla/5.0 (Windows NT 6.1; Win64; x64) AppleWebKit/537.36 (KHTML, like Gecko) Chrome/85.0.4183.83 Safari/537.36"
66.249.66.130 - - [06/Sep/2020:09:32:53 +0200] "GET /hu/gordeszka/155-enuff-refresher-gordeszka-kerekek-narancssarga.html HTTP/1.1" 301 - "-" "Mozilla/5.0 (Linux; Android 6.0.1; Nexus 5X Build/MMB29P) AppleWebKit/537.36 (KHTML, like Gecko) Chrome/85.0.4183.93 Mobile Safari/537.36 (compatible; Googlebot/2.1; +http://www.google.com/bot.html)"
66.249.66.130 - - [06/Sep/2020:09:32:56 +0200] "GET /hu/gordeszka/155-enuff-refresher-gordeszka-kerekek-narancssarga.html HTTP/1.1" 301 - "-" "Mozilla/5.0 (Linux; Android 6.0.1; Nexus 5X Build/MMB29P) AppleWebKit/537.36 (KHTML, like Gecko) Chrome/85.0.4183.93 Mobile Safari/537.36 (compatible; Googlebot/2.1; +http://www.google.com/bot.html)"
89.132.225.94 - - [06/Sep/2020:09:30:46 +0200] "POST /admin16011/ajax.php?rand=1599377444112 HTTP/1.1" 200 1431 "http://www.deszkak.hu/admin16011/index.php?controller=AdminOrders&token=c1978206ebd196d9f154bec0d83018cf" "Mozilla/5.0 (Windows NT 6.1; Win64; x64) AppleWebKit/537.36 (KHTML, like Gecko) Chrome/85.0.4183.83 Safari/537.36"
178.154.200.59 - - [06/Sep/2020:09:32:57 +0200] "GET /2195-thickbox_default/maui-cookie-board-cruiser-zold.jpg HTTP/1.1" 200 74819 "-" "Mozilla/5.0 (compatible; YandexImages/3.0; +http://yandex.com/bots)"
89.132.225.94 - - [06/Sep/2020:09:32:47 +0200] "POST /admin16011/ajax.php?rand=1599377565123 HTTP/1.1" 200 1431 "http://www.deszkak.hu/admin16011/index.php?controller=AdminOrders&token=c1978206ebd196d9f154bec0d83018cf" "Mozilla/5.0 (Windows NT 6.1; Win64; x64) AppleWebKit/537.36 (KHTML, like Gecko) Chrome/85.0.4183.83 Safari/537.36"
89.132.225.94 - - [06/Sep/2020:09:34:48 +0200] "POST /admin16011/ajax.php?rand=1599377686129 HTTP/1.1" 200 1431 "http://www.deszkak.hu/admin16011/index.php?controller=AdminOrders&token=c1978206ebd196d9f154bec0d83018cf" "Mozilla/5.0 (Windows NT 6.1; Win64; x64) AppleWebKit/537.36 (KHTML, like Gecko) Chrome/85.0.4183.83 Safari/537.36"
89.132.225.94 - - [06/Sep/2020:09:34:37 +0200] "POST /admin16011/ajax.php?rand=1599377675116 HTTP/1.1" 200 2830 "http://www.deszkak.hu/admin16011/index.php?controller=AdminOrders&token=0209ffce19e7478d67c5c840bf0a38da" "Mozilla/5.0 (Windows NT 6.1; Win64; x64) AppleWebKit/537.36 (KHTML, like Gecko) Chrome/85.0.4183.83 Safari/537.36"
216.244.66.194 - - [06/Sep/2020:09:37:02 +0200] "GET /index.php?id_cms=10&controller=cms HTTP/1.1" 301 - "-" "Mozilla/5.0 (compatible; DotBot/1.1; http://www.opensiteexplorer.org/dotbot, help@moz.com)"
89.132.225.94 - - [06/Sep/2020:09:36:38 +0200] "POST /admin16011/ajax.php?rand=1599377796116 HTTP/1.1" 200 2830 "http://www.deszkak.hu/admin16011/index.php?controller=AdminOrders&token=0209ffce19e7478d67c5c840bf0a38da" "Mozilla/5.0 (Windows NT 6.1; Win64; x64) AppleWebKit/537.36 (KHTML, like Gecko) Chrome/85.0.4183.83 Safari/537.36"
89.132.225.94 - - [06/Sep/2020:09:36:49 +0200] "POST /admin16011/ajax.php?rand=1599377807121 HTTP/1.1" 200 1431 "http://www.deszkak.hu/admin16011/index.php?controller=AdminOrders&token=c1978206ebd196d9f154bec0d83018cf" "Mozilla/5.0 (Windows NT 6.1; Win64; x64) AppleWebKit/537.36 (KHTML, like Gecko) Chrome/85.0.4183.83 Safari/537.36"
216.244.66.194 - - [06/Sep/2020:09:37:56 +0200] "GET /en/trucks/2457-atlas-ultralight-longboard-180mm-trucks-blue-steel.html HTTP/1.1" 301 - "-" "Mozilla/5.0 (compatible; DotBot/1.1; http://www.opensiteexplorer.org/dotbot, help@moz.com)"
89.132.225.94 - - [06/Sep/2020:09:38:50 +0200] "POST /admin16011/ajax.php?rand=1599377928123 HTTP/1.1" 200 1431 "http://www.deszkak.hu/admin16011/index.php?controller=AdminOrders&token=c1978206ebd196d9f154bec0d83018cf" "Mozilla/5.0 (Windows NT 6.1; Win64; x64) AppleWebKit/537.36 (KHTML, like Gecko) Chrome/85.0.4183.83 Safari/537.36"
216.244.66.194 - - [06/Sep/2020:09:38:41 +0200] "GET /en/skateboards/942-sds-wizard-775-skateboard.html HTTP/1.1" 301 - "-" "Mozilla/5.0 (compatible; DotBot/1.1; http://www.opensiteexplorer.org/dotbot, help@moz.com)"
89.132.225.94 - - [06/Sep/2020:09:38:39 +0200] "POST /admin16011/ajax.php?rand=1599377917114 HTTP/1.1" 200 2830 "http://www.deszkak.hu/admin16011/index.php?controller=AdminOrders&token=0209ffce19e7478d67c5c840bf0a38da" "Mozilla/5.0 (Windows NT 6.1; Win64; x64) AppleWebKit/537.36 (KHTML, like Gecko) Chrome/85.0.4183.83 Safari/537.36"
216.244.66.194 - - [06/Sep/2020:09:39:23 +0200] "GET /hu/alatet/1046-d-street-puha-alatet-attetszo-piros.html HTTP/1.1" 301 - "-" "Mozilla/5.0 (compatible; DotBot/1.1; http://www.opensiteexplorer.org/dotbot, help@moz.com)"
216.244.66.194 - - [06/Sep/2020:09:38:06 +0200] "GET /en/helmets/1263-pro-tec-classic-helmet-matt-blue.html HTTP/1.1" 301 - "-" "Mozilla/5.0 (compatible; DotBot/1.1; http://www.opensiteexplorer.org/dotbot, help@moz.com)"
216.244.66.194 - - [06/Sep/2020:09:38:58 +0200] "GET /en/wave-board/1465-street-surfing-casterboard-wave-rider-wood-sundown.html HTTP/1.1" 301 - "-" "Mozilla/5.0 (compatible; DotBot/1.1; http://www.opensiteexplorer.org/dotbot, help@moz.com)"
216.244.66.194 - - [06/Sep/2020:09:39:41 +0200] "GET /en/cart?add=1&id_product=1710&token=dd1548e4374f499b814aa1cfc96bc198 HTTP/1.1" 301 - "-" "Mozilla/5.0 (compatible; DotBot/1.1; http://www.opensiteexplorer.org/dotbot, help@moz.com)"
216.244.66.194 - - [06/Sep/2020:09:39:52 +0200] "GET /hu/gordeszkak/418-sds-dye-775-gordeszka-kek.html HTTP/1.1" 301 - "-" "Mozilla/5.0 (compatible; DotBot/1.1; http://www.opensiteexplorer.org/dotbot, help@moz.com)"
216.244.66.194 - - [06/Sep/2020:09:39:15 +0200] "GET /en/skateboards/1551-area-lion-24-skateboard.html HTTP/1.1" 301 - "-" "Mozilla/5.0 (compatible; DotBot/1.1; http://www.opensiteexplorer.org/dotbot, help@moz.com)"
216.244.66.194 - - [06/Sep/2020:09:38:35 +0200] "GET /hu/gordeszkak/1672-rocket-surveillance-gordeszka-aqua.html HTTP/1.1" 301 - "-" "Mozilla/5.0 (compatible; DotBot/1.1; http://www.opensiteexplorer.org/dotbot, help@moz.com)"
216.244.66.194 - - [06/Sep/2020:09:39:56 +0200] "GET /en/skateboards/2436-rocket-mini-skateboard-popart.html HTTP/1.1" 301 - "-" "Mozilla/5.0 (compatible; DotBot/1.1; http://www.opensiteexplorer.org/dotbot, help@moz.com)"
216.244.66.194 - - [06/Sep/2020:09:39:47 +0200] "GET /en/longboard/965-ram-78a-longboard-wheels-evening-sand.html HTTP/1.1" 301 - "-" "Mozilla/5.0 (compatible; DotBot/1.1; http://www.opensiteexplorer.org/dotbot, help@moz.com)"
216.244.66.194 - - [06/Sep/2020:09:40:14 +0200] "GET /en/quad-skate/1365-rio-roller-script-adult-quad-skate-teal.html HTTP/1.1" 301 - "-" "Mozilla/5.0 (compatible; DotBot/1.1; http://www.opensiteexplorer.org/dotbot, help@moz.com)"
216.244.66.194 - - [06/Sep/2020:09:41:25 +0200] "GET /en/decks/1345-sds-fade-stain-825-deck.html HTTP/1.1" 301 - "-" "Mozilla/5.0 (compatible; DotBot/1.1; http://www.opensiteexplorer.org/dotbot, help@moz.com)"
216.244.66.194 - - [06/Sep/2020:09:40:29 +0200] "GET /hu/szerszamok/1477-sushi-ninja-t-gordeszka-szerszam-kek.html HTTP/1.1" 301 - "-" "Mozilla/5.0 (compatible; DotBot/1.1; http://www.opensiteexplorer.org/dotbot, help@moz.com)"
89.132.225.94 - - [06/Sep/2020:09:40:51 +0200] "POST /admin16011/ajax.php?rand=1599378049117 HTTP/1.1" 200 1431 "http://www.deszkak.hu/admin16011/index.php?controller=AdminOrders&token=c1978206ebd196d9f154bec0d83018cf" "Mozilla/5.0 (Windows NT 6.1; Win64; x64) AppleWebKit/537.36 (KHTML, like Gecko) Chrome/85.0.4183.83 Safari/537.36"
216.244.66.194 - - [06/Sep/2020:09:40:27 +0200] "GET /en/skateboards/790-area-kiddies-little-monster-4-skateboard.html HTTP/1.1" 301 - "-" "Mozilla/5.0 (compatible; DotBot/1.1; http://www.opensiteexplorer.org/dotbot, help@moz.com)"
216.244.66.194 - - [06/Sep/2020:09:41:27 +0200] "GET /en/helmets/1075-rekd-elite-icon-semi-transparent-helmet-white.html HTTP/1.1" 301 - "-" "Mozilla/5.0 (compatible; DotBot/1.1; http://www.opensiteexplorer.org/dotbot, help@moz.com)"
89.132.225.94 - - [06/Sep/2020:09:40:40 +0200] "POST /admin16011/ajax.php?rand=1599378038118 HTTP/1.1" 200 2830 "http://www.deszkak.hu/admin16011/index.php?controller=AdminOrders&token=0209ffce19e7478d67c5c840bf0a38da" "Mozilla/5.0 (Windows NT 6.1; Win64; x64) AppleWebKit/537.36 (KHTML, like Gecko) Chrome/85.0.4183.83 Safari/537.36"
216.244.66.194 - - [06/Sep/2020:09:42:12 +0200] "GET /en/cart?add=1&id_product=1913&token=dd1548e4374f499b814aa1cfc96bc198 HTTP/1.1" 301 - "-" "Mozilla/5.0 (compatible; DotBot/1.1; http://www.opensiteexplorer.org/dotbot, help@moz.com)"
216.244.66.194 - - [06/Sep/2020:09:42:47 +0200] "GET /hu/gordeszka/2428-birdhouse-logo-54-mm-gordeszka-kerekek-kek.html HTTP/1.1" 301 - "-" "Mozilla/5.0 (compatible; DotBot/1.1; http://www.opensiteexplorer.org/dotbot, help@moz.com)"
216.244.66.194 - - [06/Sep/2020:09:43:34 +0200] "GET /en/cart?add=1&id_product=1877&token=dd1548e4374f499b814aa1cfc96bc198 HTTP/1.1" 301 - "-" "Mozilla/5.0 (compatible; DotBot/1.1; http://www.opensiteexplorer.org/dotbot, help@moz.com)"
216.244.66.194 - - [06/Sep/2020:09:43:43 +0200] "GET /hu/longboard/555-ram-longboard-blacker-napos-lime.html HTTP/1.1" 301 - "-" "Mozilla/5.0 (compatible; DotBot/1.1; http://www.opensiteexplorer.org/dotbot, help@moz.com)"
216.244.66.194 - - [06/Sep/2020:09:43:56 +0200] "GET /en/cart?add=1&id_product=2085&token=dd1548e4374f499b814aa1cfc96bc198 HTTP/1.1" 301 - "-" "Mozilla/5.0 (compatible; DotBot/1.1; http://www.opensiteexplorer.org/dotbot, help@moz.com)"
216.244.66.194 - - [06/Sep/2020:09:42:10 +0200] "GET /en/cart?add=1&id_product=1668&token=dd1548e4374f499b814aa1cfc96bc198 HTTP/1.1" 301 - "-" "Mozilla/5.0 (compatible; DotBot/1.1; http://www.opensiteexplorer.org/dotbot, help@moz.com)"
216.244.66.194 - - [06/Sep/2020:09:42:21 +0200] "GET /hu/fuggok/1380-peril-szeles-gordeszka-felfuggesztes-feher-feher.html HTTP/1.1" 301 - "-" "Mozilla/5.0 (compatible; DotBot/1.1; http://www.opensiteexplorer.org/dotbot, help@moz.com)"
216.244.66.194 - - [06/Sep/2020:09:44:24 +0200] "GET /en/csapagyak/140-enuff-csapagyszett-black-608-2rs.html HTTP/1.1" 301 - "-" "Mozilla/5.0 (compatible; DotBot/1.1; http://www.opensiteexplorer.org/dotbot, help@moz.com)"
216.244.66.194 - - [06/Sep/2020:09:42:37 +0200] "GET /en/cruisers/863-street-surfing-cruiser-rocky-mountain.html HTTP/1.1" 301 - "-" "Mozilla/5.0 (compatible; DotBot/1.1; http://www.opensiteexplorer.org/dotbot, help@moz.com)"
216.244.66.194 - - [06/Sep/2020:09:42:55 +0200] "GET /en/other/2135-santa-cruz-classic-screaming-hand-pendrive.html HTTP/1.1" 301 - "-" "Mozilla/5.0 (compatible; DotBot/1.1; http://www.opensiteexplorer.org/dotbot, help@moz.com)"
216.244.66.194 - - [06/Sep/2020:09:43:38 +0200] "GET /en/decks/1181-enuff-scramble-8-deck-green.html HTTP/1.1" 301 - "-" "Mozilla/5.0 (compatible; DotBot/1.1; http://www.opensiteexplorer.org/dotbot, help@moz.com)"
61.177.20.67 - - [06/Sep/2020:09:41:03 +0200] "GET / HTTP/1.1" 301 - "-" "-"
216.244.66.194 - - [06/Sep/2020:09:42:19 +0200] "GET /hu/cruiser/677-d-street-polyprop-cruiser-jellybean.html HTTP/1.1" 301 - "-" "Mozilla/5.0 (compatible; DotBot/1.1; http://www.opensiteexplorer.org/dotbot, help@moz.com)"
178.154.200.59 - - [06/Sep/2020:09:42:29 +0200] "GET /3433-small_default/maui-hawaii-regional-longboard.jpg HTTP/1.1" 200 2016 "-" "Mozilla/5.0 (compatible; YandexImages/3.0; +http://yandex.com/bots)"
89.132.225.94 - - [06/Sep/2020:09:42:41 +0200] "POST /admin16011/ajax.php?rand=1599378159120 HTTP/1.1" 200 2830 "http://www.deszkak.hu/admin16011/index.php?controller=AdminOrders&token=0209ffce19e7478d67c5c840bf0a38da" "Mozilla/5.0 (Windows NT 6.1; Win64; x64) AppleWebKit/537.36 (KHTML, like Gecko) Chrome/85.0.4183.83 Safari/537.36"
89.132.225.94 - - [06/Sep/2020:09:42:52 +0200] "POST /admin16011/ajax.php?rand=1599378170119 HTTP/1.1" 200 1431 "http://www.deszkak.hu/admin16011/index.php?controller=AdminOrders&token=c1978206ebd196d9f154bec0d83018cf" "Mozilla/5.0 (Windows NT 6.1; Win64; x64) AppleWebKit/537.36 (KHTML, like Gecko) Chrome/85.0.4183.83 Safari/537.36"
216.244.66.194 - - [06/Sep/2020:09:42:15 +0200] "GET /en/cruisers/1161-mindless-daily-grande-ii-cruiser-black-white.html HTTP/1.1" 301 - "-" "Mozilla/5.0 (compatible; DotBot/1.1; http://www.opensiteexplorer.org/dotbot, help@moz.com)"
216.244.66.194 - - [06/Sep/2020:09:43:00 +0200] "GET /hu/gordeszka/1624-sushi-pagoda-team-51-54-mm-gordeszka-kerekek-fekete.html HTTP/1.1" 301 - "-" "Mozilla/5.0 (compatible; DotBot/1.1; http://www.opensiteexplorer.org/dotbot, help@moz.com)"
216.244.66.194 - - [06/Sep/2020:09:44:26 +0200] "GET /en/longboard/447-stella-69mm-longboard-gel-kerek-narancs.html HTTP/1.1" 301 - "-" "Mozilla/5.0 (compatible; DotBot/1.1; http://www.opensiteexplorer.org/dotbot, help@moz.com)"
216.244.66.194 - - [06/Sep/2020:09:45:36 +0200] "GET /en/45-xmas-sale HTTP/1.1" 301 - "-" "Mozilla/5.0 (compatible; DotBot/1.1; http://www.opensiteexplorer.org/dotbot, help@moz.com)"
78.131.104.30 - - [06/Sep/2020:09:45:56 +0200] "GET / HTTP/1.1" 301 - "-" "Mozilla/5.0 (Linux; U; Android 7.0; hu-hu; Redmi Note 4 Build/NRD90M) AppleWebKit/537.36 (KHTML, like Gecko) Version/4.0 Chrome/71.0.3578.141 Mobile Safari/537.36 XiaoMi/MiuiBrowser/12.5.2-go"
216.244.66.194 - - [06/Sep/2020:09:46:02 +0200] "GET /en/cart?add=1&id_product=2366&token=573953c316d703c43d7ea871ae803b89 HTTP/1.1" 301 - "-" "Mozilla/5.0 (compatible; DotBot/1.1; http://www.opensiteexplorer.org/dotbot, help@moz.com)"
216.244.66.194 - - [06/Sep/2020:09:44:46 +0200] "GET /en/quad-gorkorcsolya/1704-rio-roller-script-gyerek-quad-gorkorcsolya-szurke.html HTTP/1.1" 301 - "-" "Mozilla/5.0 (compatible; DotBot/1.1; http://www.opensiteexplorer.org/dotbot, help@moz.com)"
216.244.66.194 - - [06/Sep/2020:09:44:30 +0200] "GET /hu/longboard/2105-penny-59mm-longboard-kerek-lila.html HTTP/1.1" 301 - "-" "Mozilla/5.0 (compatible; DotBot/1.1; http://www.opensiteexplorer.org/dotbot, help@moz.com)"
89.132.225.94 - - [06/Sep/2020:09:44:42 +0200] "POST /admin16011/ajax.php?rand=1599378280121 HTTP/1.1" 200 2830 "http://www.deszkak.hu/admin16011/index.php?controller=AdminOrders&token=0209ffce19e7478d67c5c840bf0a38da" "Mozilla/5.0 (Windows NT 6.1; Win64; x64) AppleWebKit/537.36 (KHTML, like Gecko) Chrome/85.0.4183.83 Safari/537.36"
89.132.225.94 - - [06/Sep/2020:09:44:53 +0200] "POST /admin16011/ajax.php?rand=1599378291121 HTTP/1.1" 200 1431 "http://www.deszkak.hu/admin16011/index.php?controller=AdminOrders&token=c1978206ebd196d9f154bec0d83018cf" "Mozilla/5.0 (Windows NT 6.1; Win64; x64) AppleWebKit/537.36 (KHTML, like Gecko) Chrome/85.0.4183.83 Safari/537.36"
66.249.92.69 - - [06/Sep/2020:09:46:38 +0200] "GET /hu/contact-us HTTP/1.1" 301 - "-" "AdsBot-Google (+http://www.google.com/adsbot.html)"
216.244.66.194 - - [06/Sep/2020:09:47:43 +0200] "GET /en/lapok/1339-sds-faded-825-lap-lila.html HTTP/1.1" 301 - "-" "Mozilla/5.0 (compatible; DotBot/1.1; http://www.opensiteexplorer.org/dotbot, help@moz.com)"
216.244.66.194 - - [06/Sep/2020:09:47:51 +0200] "GET /en/cart?add=1&id_product=1297&token=dd1548e4374f499b814aa1cfc96bc198 HTTP/1.1" 301 - "-" "Mozilla/5.0 (compatible; DotBot/1.1; http://www.opensiteexplorer.org/dotbot, help@moz.com)"
216.244.66.194 - - [06/Sep/2020:09:47:38 +0200] "GET /en/csavarok/1612-enuff-bulk-1-tocsavar-fekete.html HTTP/1.1" 301 - "-" "Mozilla/5.0 (compatible; DotBot/1.1; http://www.opensiteexplorer.org/dotbot, help@moz.com)"
216.244.66.194 - - [06/Sep/2020:09:47:16 +0200] "GET /en/cruiser/1911-z-flex-27-lax-cruiser.html HTTP/1.1" 301 - "-" "Mozilla/5.0 (compatible; DotBot/1.1; http://www.opensiteexplorer.org/dotbot, help@moz.com)"
216.244.66.194 - - [06/Sep/2020:09:47:54 +0200] "GET /en/knee-elbow-ankle-protect/1700-pro-tec-street-junior-knee-elbow-and-wrist-pad.html HTTP/1.1" 301 - "-" "Mozilla/5.0 (compatible; DotBot/1.1; http://www.opensiteexplorer.org/dotbot, help@moz.com)"
89.132.225.94 - - [06/Sep/2020:09:46:54 +0200] "POST /admin16011/ajax.php?rand=1599378412122 HTTP/1.1" 200 1431 "http://www.deszkak.hu/admin16011/index.php?controller=AdminOrders&token=c1978206ebd196d9f154bec0d83018cf" "Mozilla/5.0 (Windows NT 6.1; Win64; x64) AppleWebKit/537.36 (KHTML, like Gecko) Chrome/85.0.4183.83 Safari/537.36"
89.132.225.94 - - [06/Sep/2020:09:46:43 +0200] "POST /admin16011/ajax.php?rand=1599378401122 HTTP/1.1" 200 2830 "http://www.deszkak.hu/admin16011/index.php?controller=AdminOrders&token=0209ffce19e7478d67c5c840bf0a38da" "Mozilla/5.0 (Windows NT 6.1; Win64; x64) AppleWebKit/537.36 (KHTML, like Gecko) Chrome/85.0.4183.83 Safari/537.36"
89.132.225.94 - - [06/Sep/2020:09:48:44 +0200] "POST /admin16011/ajax.php?rand=1599378522117 HTTP/1.1" 200 2830 "http://www.deszkak.hu/admin16011/index.php?controller=AdminOrders&token=0209ffce19e7478d67c5c840bf0a38da" "Mozilla/5.0 (Windows NT 6.1; Win64; x64) AppleWebKit/537.36 (KHTML, like Gecko) Chrome/85.0.4183.83 Safari/537.36"
216.244.66.194 - - [06/Sep/2020:09:49:06 +0200] "GET /en/csapagyak/121-mindless-voodoo-hoodoo-csapagyszett-freeride.html HTTP/1.1" 301 - "-" "Mozilla/5.0 (compatible; DotBot/1.1; http://www.opensiteexplorer.org/dotbot, help@moz.com)"
89.132.225.94 - - [06/Sep/2020:09:48:55 +0200] "POST /admin16011/ajax.php?rand=1599378533128 HTTP/1.1" 200 1431 "http://www.deszkak.hu/admin16011/index.php?controller=AdminOrders&token=c1978206ebd196d9f154bec0d83018cf" "Mozilla/5.0 (Windows NT 6.1; Win64; x64) AppleWebKit/537.36 (KHTML, like Gecko) Chrome/85.0.4183.83 Safari/537.36"
216.244.66.194 - - [06/Sep/2020:09:49:02 +0200] "GET /en/cart?add=1&id_product=446&token=dd1548e4374f499b814aa1cfc96bc198 HTTP/1.1" 301 - "-" "Mozilla/5.0 (compatible; DotBot/1.1; http://www.opensiteexplorer.org/dotbot, help@moz.com)"
216.244.66.194 - - [06/Sep/2020:09:49:04 +0200] "GET /en/cruisers/1283-maui-easy-livin-cruiser.html HTTP/1.1" 301 - "-" "Mozilla/5.0 (compatible; DotBot/1.1; http://www.opensiteexplorer.org/dotbot, help@moz.com)"
216.244.66.194 - - [06/Sep/2020:09:49:28 +0200] "GET /en/cart?add=1&id_product=1242&token=dd1548e4374f499b814aa1cfc96bc198 HTTP/1.1" 301 - "-" "Mozilla/5.0 (compatible; DotBot/1.1; http://www.opensiteexplorer.org/dotbot, help@moz.com)"
216.244.66.194 - - [06/Sep/2020:09:49:00 +0200] "GET /en/cart?add=1&id_product=356&token=dd1548e4374f499b814aa1cfc96bc198 HTTP/1.1" 301 - "-" "Mozilla/5.0 (compatible; DotBot/1.1; http://www.opensiteexplorer.org/dotbot, help@moz.com)"
216.244.66.194 - - [06/Sep/2020:09:49:30 +0200] "GET /en/cart?add=1&id_product=595&token=dd1548e4374f499b814aa1cfc96bc198 HTTP/1.1" 301 - "-" "Mozilla/5.0 (compatible; DotBot/1.1; http://www.opensiteexplorer.org/dotbot, help@moz.com)"
89.132.225.94 - - [06/Sep/2020:09:50:45 +0200] "POST /admin16011/ajax.php?rand=1599378643122 HTTP/1.1" 200 2830 "http://www.deszkak.hu/admin16011/index.php?controller=AdminOrders&token=0209ffce19e7478d67c5c840bf0a38da" "Mozilla/5.0 (Windows NT 6.1; Win64; x64) AppleWebKit/537.36 (KHTML, like Gecko) Chrome/85.0.4183.83 Safari/537.36"
216.244.66.194 - - [06/Sep/2020:09:50:39 +0200] "GET /hu/gordeszkak/1098-enuff-fade-gordeszka-kek.html HTTP/1.1" 301 - "-" "Mozilla/5.0 (compatible; DotBot/1.1; http://www.opensiteexplorer.org/dotbot, help@moz.com)"
216.244.66.194 - - [06/Sep/2020:09:51:06 +0200] "GET /en/cart?add=1&id_product=1074&token=dd1548e4374f499b814aa1cfc96bc198 HTTP/1.1" 301 - "-" "Mozilla/5.0 (compatible; DotBot/1.1; http://www.opensiteexplorer.org/dotbot, help@moz.com)"
89.132.225.94 - - [06/Sep/2020:09:50:56 +0200] "POST /admin16011/ajax.php?rand=1599378654123 HTTP/1.1" 200 1431 "http://www.deszkak.hu/admin16011/index.php?controller=AdminOrders&token=c1978206ebd196d9f154bec0d83018cf" "Mozilla/5.0 (Windows NT 6.1; Win64; x64) AppleWebKit/537.36 (KHTML, like Gecko) Chrome/85.0.4183.83 Safari/537.36"
216.244.66.194 - - [06/Sep/2020:09:51:01 +0200] "GET /en/cruisers-short-boards/562-area-candyboard-cruiser-red-white.html HTTP/1.1" 301 - "-" "Mozilla/5.0 (compatible; DotBot/1.1; http://www.opensiteexplorer.org/dotbot, help@moz.com)"
216.244.66.194 - - [06/Sep/2020:09:52:37 +0200] "GET /hu/alkatreszek/1420-rio-roller-korcsolyafek-sarga.html HTTP/1.1" 301 - "-" "Mozilla/5.0 (compatible; DotBot/1.1; http://www.opensiteexplorer.org/dotbot, help@moz.com)"
89.132.225.94 - - [06/Sep/2020:09:52:57 +0200] "POST /admin16011/ajax.php?rand=1599378775123 HTTP/1.1" 200 1431 "http://www.deszkak.hu/admin16011/index.php?controller=AdminOrders&token=c1978206ebd196d9f154bec0d83018cf" "Mozilla/5.0 (Windows NT 6.1; Win64; x64) AppleWebKit/537.36 (KHTML, like Gecko) Chrome/85.0.4183.83 Safari/537.36"
216.244.66.194 - - [06/Sep/2020:09:52:40 +0200] "GET /hu/cruiser-short-board/578-ram-old-school-cruiser-peke-kek.html HTTP/1.1" 301 - "-" "Mozilla/5.0 (compatible; DotBot/1.1; http://www.opensiteexplorer.org/dotbot, help@moz.com)"
216.244.66.194 - - [06/Sep/2020:09:52:03 +0200] "GET /en/decks/1329-sds-floral-825-deck-natural.html HTTP/1.1" 301 - "-" "Mozilla/5.0 (compatible; DotBot/1.1; http://www.opensiteexplorer.org/dotbot, help@moz.com)"
89.132.225.94 - - [06/Sep/2020:09:52:46 +0200] "POST /admin16011/ajax.php?rand=1599378764119 HTTP/1.1" 200 2830 "http://www.deszkak.hu/admin16011/index.php?controller=AdminOrders&token=0209ffce19e7478d67c5c840bf0a38da" "Mozilla/5.0 (Windows NT 6.1; Win64; x64) AppleWebKit/537.36 (KHTML, like Gecko) Chrome/85.0.4183.83 Safari/537.36"
216.244.66.194 - - [06/Sep/2020:09:52:06 +0200] "GET /hu/longboard/960-ram-longboard-makiuri-andora.html HTTP/1.1" 301 - "-" "Mozilla/5.0 (compatible; DotBot/1.1; http://www.opensiteexplorer.org/dotbot, help@moz.com)"
188.122.82.146 - - [06/Sep/2020:09:53:43 +0200] "GET /en/cruisers/2336-nkd-city-39-cruiser.html HTTP/1.0" 301 - "http://www.deszkak.hu/en/cruisers/2336-nkd-city-39-cruiser.html" "Mozilla/5.0 (Windows NT 6.1; WOW64) AppleWebKit/537.36 (KHTML, like Gecko) Chrome/66.0.3359.170 Safari/537.36 OPR/53.0.2907.99"
89.132.225.94 - - [06/Sep/2020:09:54:47 +0200] "POST /admin16011/ajax.php?rand=1599378885120 HTTP/1.1" 200 2830 "http://www.deszkak.hu/admin16011/index.php?controller=AdminOrders&token=0209ffce19e7478d67c5c840bf0a38da" "Mozilla/5.0 (Windows NT 6.1; Win64; x64) AppleWebKit/537.36 (KHTML, like Gecko) Chrome/85.0.4183.83 Safari/537.36"
89.132.225.94 - - [06/Sep/2020:09:54:58 +0200] "POST /admin16011/ajax.php?rand=1599378896134 HTTP/1.1" 200 1431 "http://www.deszkak.hu/admin16011/index.php?controller=AdminOrders&token=c1978206ebd196d9f154bec0d83018cf" "Mozilla/5.0 (Windows NT 6.1; Win64; x64) AppleWebKit/537.36 (KHTML, like Gecko) Chrome/85.0.4183.83 Safari/537.36"
66.249.66.130 - - [06/Sep/2020:09:54:56 +0200] "GET /en/bearings/121-mindless-voodoo-hoodoo-bearings-freeride.html?search_query=mindless&results=62 HTTP/1.1" 301 - "-" "Mozilla/5.0 (Linux; Android 6.0.1; Nexus 5X Build/MMB29P) AppleWebKit/537.36 (KHTML, like Gecko) Chrome/80.0.3987.92 Mobile Safari/537.36 (compatible; Googlebot/2.1; +http://www.google.com/bot.html)"
216.244.66.194 - - [06/Sep/2020:09:55:22 +0200] "GET /en/cart?add=1&id_product=748&token=dd1548e4374f499b814aa1cfc96bc198 HTTP/1.1" 301 - "-" "Mozilla/5.0 (compatible; DotBot/1.1; http://www.opensiteexplorer.org/dotbot, help@moz.com)"
66.249.66.130 - - [06/Sep/2020:09:54:59 +0200] "GET /en/bearings/121-mindless-voodoo-hoodoo-bearings-freeride.html?search_query=mindless&results=62 HTTP/1.1" 301 - "-" "Mozilla/5.0 (Linux; Android 6.0.1; Nexus 5X Build/MMB29P) AppleWebKit/537.36 (KHTML, like Gecko) Chrome/80.0.3987.92 Mobile Safari/537.36 (compatible; Googlebot/2.1; +http://www.google.com/bot.html)"
89.132.225.94 - - [06/Sep/2020:09:56:59 +0200] "POST /admin16011/ajax.php?rand=1599379017127 HTTP/1.1" 200 1431 "http://www.deszkak.hu/admin16011/index.php?controller=AdminOrders&token=c1978206ebd196d9f154bec0d83018cf" "Mozilla/5.0 (Windows NT 6.1; Win64; x64) AppleWebKit/537.36 (KHTML, like Gecko) Chrome/85.0.4183.83 Safari/537.36"
89.132.225.94 - - [06/Sep/2020:09:56:48 +0200] "POST /admin16011/ajax.php?rand=1599379006126 HTTP/1.1" 200 2830 "http://www.deszkak.hu/admin16011/index.php?controller=AdminOrders&token=0209ffce19e7478d67c5c840bf0a38da" "Mozilla/5.0 (Windows NT 6.1; Win64; x64) AppleWebKit/537.36 (KHTML, like Gecko) Chrome/85.0.4183.83 Safari/537.36"
89.132.225.94 - - [06/Sep/2020:09:59:00 +0200] "POST /admin16011/ajax.php?rand=1599379138125 HTTP/1.1" 200 1431 "http://www.deszkak.hu/admin16011/index.php?controller=AdminOrders&token=c1978206ebd196d9f154bec0d83018cf" "Mozilla/5.0 (Windows NT 6.1; Win64; x64) AppleWebKit/537.36 (KHTML, like Gecko) Chrome/85.0.4183.83 Safari/537.36"
89.132.225.94 - - [06/Sep/2020:10:00:50 +0200] "POST /admin16011/ajax.php?rand=1599379248121 HTTP/1.1" 200 2830 "http://www.deszkak.hu/admin16011/index.php?controller=AdminOrders&token=0209ffce19e7478d67c5c840bf0a38da" "Mozilla/5.0 (Windows NT 6.1; Win64; x64) AppleWebKit/537.36 (KHTML, like Gecko) Chrome/85.0.4183.83 Safari/537.36"
89.132.225.94 - - [06/Sep/2020:10:01:01 +0200] "POST /admin16011/ajax.php?rand=1599379259127 HTTP/1.1" 200 1431 "http://www.deszkak.hu/admin16011/index.php?controller=AdminOrders&token=c1978206ebd196d9f154bec0d83018cf" "Mozilla/5.0 (Windows NT 6.1; Win64; x64) AppleWebKit/537.36 (KHTML, like Gecko) Chrome/85.0.4183.83 Safari/537.36"
91.104.206.60 - - [06/Sep/2020:10:00:50 +0200] "GET /hu/alatet/998-sushi-pagoda-alatet-fekete.html HTTP/1.1" 301 - "https://www.google.com/" "Mozilla/5.0 (Linux; Android 10; SAMSUNG SM-N960F) AppleWebKit/537.36 (KHTML, like Gecko) SamsungBrowser/12.1 Chrome/79.0.3945.136 Mobile Safari/537.36"
40.77.167.5 - - [06/Sep/2020:10:02:54 +0200] "GET /hu/longboard/748-area-chaos-free-longboard.html HTTP/1.1" 301 - "-" "Mozilla/5.0 (compatible; bingbot/2.0; +http://www.bing.com/bingbot.htm)"
89.132.225.94 - - [06/Sep/2020:10:02:51 +0200] "POST /admin16011/ajax.php?rand=1599379369125 HTTP/1.1" 200 2830 "http://www.deszkak.hu/admin16011/index.php?controller=AdminOrders&token=0209ffce19e7478d67c5c840bf0a38da" "Mozilla/5.0 (Windows NT 6.1; Win64; x64) AppleWebKit/537.36 (KHTML, like Gecko) Chrome/85.0.4183.83 Safari/537.36"
89.132.225.94 - - [06/Sep/2020:10:03:02 +0200] "POST /admin16011/ajax.php?rand=1599379380128 HTTP/1.1" 200 1431 "http://www.deszkak.hu/admin16011/index.php?controller=AdminOrders&token=c1978206ebd196d9f154bec0d83018cf" "Mozilla/5.0 (Windows NT 6.1; Win64; x64) AppleWebKit/537.36 (KHTML, like Gecko) Chrome/85.0.4183.83 Safari/537.36"
89.132.225.94 - - [06/Sep/2020:09:58:49 +0200] "POST /admin16011/ajax.php?rand=1599379127123 HTTP/1.1" 200 2830 "http://www.deszkak.hu/admin16011/index.php?controller=AdminOrders&token=0209ffce19e7478d67c5c840bf0a38da" "Mozilla/5.0 (Windows NT 6.1; Win64; x64) AppleWebKit/537.36 (KHTML, like Gecko) Chrome/85.0.4183.83 Safari/537.36"
89.132.225.94 - - [06/Sep/2020:10:04:52 +0200] "POST /admin16011/ajax.php?rand=1599379490129 HTTP/1.1" 200 2830 "http://www.deszkak.hu/admin16011/index.php?controller=AdminOrders&token=0209ffce19e7478d67c5c840bf0a38da" "Mozilla/5.0 (Windows NT 6.1; Win64; x64) AppleWebKit/537.36 (KHTML, like Gecko) Chrome/85.0.4183.83 Safari/537.36"
89.132.225.94 - - [06/Sep/2020:10:05:03 +0200] "POST /admin16011/ajax.php?rand=1599379501131 HTTP/1.1" 200 1431 "http://www.deszkak.hu/admin16011/index.php?controller=AdminOrders&token=c1978206ebd196d9f154bec0d83018cf" "Mozilla/5.0 (Windows NT 6.1; Win64; x64) AppleWebKit/537.36 (KHTML, like Gecko) Chrome/85.0.4183.83 Safari/537.36"
141.8.142.65 - - [06/Sep/2020:10:04:46 +0200] "GET /3332-large_default/mindless-peche-iii-x-kook-longboard.jpg HTTP/1.1" 200 56295 "-" "Mozilla/5.0 (compatible; YandexImages/3.0; +http://yandex.com/bots)"
31.46.102.149 - - [06/Sep/2020:10:05:37 +0200] "GET /hu/32-wave-board?gclid=CjwKCAjwkdL6BRAREiwA-kiczMjdzFB7xKB13SKtXJnbq5So72F3M8orQc1Lku7p2TTQWeV5zbjnfxoCSycQAvD_BwE HTTP/1.1" 301 - "https://www.google.com/" "Mozilla/5.0 (Windows NT 10.0; Win64; x64) AppleWebKit/537.36 (KHTML, like Gecko) Chrome/85.0.4183.83 Safari/537.36"
89.132.225.94 - - [06/Sep/2020:10:06:53 +0200] "POST /admin16011/ajax.php?rand=1599379611127 HTTP/1.1" 200 2830 "http://www.deszkak.hu/admin16011/index.php?controller=AdminOrders&token=0209ffce19e7478d67c5c840bf0a38da" "Mozilla/5.0 (Windows NT 6.1; Win64; x64) AppleWebKit/537.36 (KHTML, like Gecko) Chrome/85.0.4183.83 Safari/537.36"
89.132.225.94 - - [06/Sep/2020:10:07:04 +0200] "POST /admin16011/ajax.php?rand=1599379622126 HTTP/1.1" 200 1432 "http://www.deszkak.hu/admin16011/index.php?controller=AdminOrders&token=c1978206ebd196d9f154bec0d83018cf" "Mozilla/5.0 (Windows NT 6.1; Win64; x64) AppleWebKit/537.36 (KHTML, like Gecko) Chrome/85.0.4183.83 Safari/537.36"
89.132.225.94 - - [06/Sep/2020:10:08:54 +0200] "POST /admin16011/ajax.php?rand=1599379732124 HTTP/1.1" 200 2831 "http://www.deszkak.hu/admin16011/index.php?controller=AdminOrders&token=0209ffce19e7478d67c5c840bf0a38da" "Mozilla/5.0 (Windows NT 6.1; Win64; x64) AppleWebKit/537.36 (KHTML, like Gecko) Chrome/85.0.4183.83 Safari/537.36"
89.132.225.94 - - [06/Sep/2020:10:09:05 +0200] "POST /admin16011/ajax.php?rand=1599379743129 HTTP/1.1" 200 1432 "http://www.deszkak.hu/admin16011/index.php?controller=AdminOrders&token=c1978206ebd196d9f154bec0d83018cf" "Mozilla/5.0 (Windows NT 6.1; Win64; x64) AppleWebKit/537.36 (KHTML, like Gecko) Chrome/85.0.4183.83 Safari/537.36"
89.132.225.94 - - [06/Sep/2020:10:10:55 +0200] "POST /admin16011/ajax.php?rand=1599379853142 HTTP/1.1" 200 2831 "http://www.deszkak.hu/admin16011/index.php?controller=AdminOrders&token=0209ffce19e7478d67c5c840bf0a38da" "Mozilla/5.0 (Windows NT 6.1; Win64; x64) AppleWebKit/537.36 (KHTML, like Gecko) Chrome/85.0.4183.83 Safari/537.36"
89.132.225.94 - - [06/Sep/2020:10:11:06 +0200] "POST /admin16011/ajax.php?rand=1599379864127 HTTP/1.1" 200 1432 "http://www.deszkak.hu/admin16011/index.php?controller=AdminOrders&token=c1978206ebd196d9f154bec0d83018cf" "Mozilla/5.0 (Windows NT 6.1; Win64; x64) AppleWebKit/537.36 (KHTML, like Gecko) Chrome/85.0.4183.83 Safari/537.36"
89.132.225.94 - - [06/Sep/2020:10:12:56 +0200] "POST /admin16011/ajax.php?rand=1599379974129 HTTP/1.1" 200 2831 "http://www.deszkak.hu/admin16011/index.php?controller=AdminOrders&token=0209ffce19e7478d67c5c840bf0a38da" "Mozilla/5.0 (Windows NT 6.1; Win64; x64) AppleWebKit/537.36 (KHTML, like Gecko) Chrome/85.0.4183.83 Safari/537.36"
89.132.225.94 - - [06/Sep/2020:10:14:57 +0200] "POST /admin16011/ajax.php?rand=1599380095128 HTTP/1.1" 200 2831 "http://www.deszkak.hu/admin16011/index.php?controller=AdminOrders&token=0209ffce19e7478d67c5c840bf0a38da" "Mozilla/5.0 (Windows NT 6.1; Win64; x64) AppleWebKit/537.36 (KHTML, like Gecko) Chrome/85.0.4183.83 Safari/537.36"
66.249.66.134 - - [06/Sep/2020:10:16:01 +0200] "GET /hu/cruiser-short-board/1305-stella-beer-runner-sparkling-cruiser.html?search_query=stella&results=36 HTTP/1.1" 301 - "-" "Mozilla/5.0 (compatible; Googlebot/2.1; +http://www.google.com/bot.html)"
89.132.225.94 - - [06/Sep/2020:10:13:07 +0200] "POST /admin16011/ajax.php?rand=1599379985130 HTTP/1.1" 200 1432 "http://www.deszkak.hu/admin16011/index.php?controller=AdminOrders&token=c1978206ebd196d9f154bec0d83018cf" "Mozilla/5.0 (Windows NT 6.1; Win64; x64) AppleWebKit/537.36 (KHTML, like Gecko) Chrome/85.0.4183.83 Safari/537.36"
89.132.225.94 - - [06/Sep/2020:10:16:58 +0200] "POST /admin16011/ajax.php?rand=1599380216127 HTTP/1.1" 200 2831 "http://www.deszkak.hu/admin16011/index.php?controller=AdminOrders&token=0209ffce19e7478d67c5c840bf0a38da" "Mozilla/5.0 (Windows NT 6.1; Win64; x64) AppleWebKit/537.36 (KHTML, like Gecko) Chrome/85.0.4183.83 Safari/537.36"
89.132.225.94 - - [06/Sep/2020:10:17:09 +0200] "POST /admin16011/ajax.php?rand=1599380227133 HTTP/1.1" 200 1432 "http://www.deszkak.hu/admin16011/index.php?controller=AdminOrders&token=c1978206ebd196d9f154bec0d83018cf" "Mozilla/5.0 (Windows NT 6.1; Win64; x64) AppleWebKit/537.36 (KHTML, like Gecko) Chrome/85.0.4183.83 Safari/537.36"
89.132.225.94 - - [06/Sep/2020:10:15:08 +0200] "POST /admin16011/ajax.php?rand=1599380106148 HTTP/1.1" 200 1432 "http://www.deszkak.hu/admin16011/index.php?controller=AdminOrders&token=c1978206ebd196d9f154bec0d83018cf" "Mozilla/5.0 (Windows NT 6.1; Win64; x64) AppleWebKit/537.36 (KHTML, like Gecko) Chrome/85.0.4183.83 Safari/537.36"
89.132.225.94 - - [06/Sep/2020:10:19:10 +0200] "POST /admin16011/ajax.php?rand=1599380348133 HTTP/1.1" 200 1432 "http://www.deszkak.hu/admin16011/index.php?controller=AdminOrders&token=c1978206ebd196d9f154bec0d83018cf" "Mozilla/5.0 (Windows NT 6.1; Win64; x64) AppleWebKit/537.36 (KHTML, like Gecko) Chrome/85.0.4183.83 Safari/537.36"
89.132.225.94 - - [06/Sep/2020:10:18:59 +0200] "POST /admin16011/ajax.php?rand=1599380337132 HTTP/1.1" 200 2831 "http://www.deszkak.hu/admin16011/index.php?controller=AdminOrders&token=0209ffce19e7478d67c5c840bf0a38da" "Mozilla/5.0 (Windows NT 6.1; Win64; x64) AppleWebKit/537.36 (KHTML, like Gecko) Chrome/85.0.4183.83 Safari/537.36"
89.132.225.94 - - [06/Sep/2020:10:21:00 +0200] "POST /admin16011/ajax.php?rand=1599380458130 HTTP/1.1" 200 2831 "http://www.deszkak.hu/admin16011/index.php?controller=AdminOrders&token=0209ffce19e7478d67c5c840bf0a38da" "Mozilla/5.0 (Windows NT 6.1; Win64; x64) AppleWebKit/537.36 (KHTML, like Gecko) Chrome/85.0.4183.83 Safari/537.36"
62.100.248.14 - - [06/Sep/2020:10:23:14 +0200] "GET /hu/32-wave-board?gclid=EAIaIQobChMIiaTC_4zU6wIVF-DtCh1NMQCFEAAYASAAEgLr7fD_BwE HTTP/1.1" 301 - "-" "Mozilla/5.0 (Linux; Android 10; SM-A202F) AppleWebKit/537.36 (KHTML, like Gecko) Chrome/85.0.4183.81 Mobile Safari/537.36"
89.132.225.94 - - [06/Sep/2020:10:23:12 +0200] "POST /admin16011/ajax.php?rand=1599380590130 HTTP/1.1" 200 1432 "http://www.deszkak.hu/admin16011/index.php?controller=AdminOrders&token=c1978206ebd196d9f154bec0d83018cf" "Mozilla/5.0 (Windows NT 6.1; Win64; x64) AppleWebKit/537.36 (KHTML, like Gecko) Chrome/85.0.4183.83 Safari/537.36"
89.132.225.94 - - [06/Sep/2020:10:23:01 +0200] "POST /admin16011/ajax.php?rand=1599380579133 HTTP/1.1" 200 2831 "http://www.deszkak.hu/admin16011/index.php?controller=AdminOrders&token=0209ffce19e7478d67c5c840bf0a38da" "Mozilla/5.0 (Windows NT 6.1; Win64; x64) AppleWebKit/537.36 (KHTML, like Gecko) Chrome/85.0.4183.83 Safari/537.36"
80.99.113.9 - - [06/Sep/2020:10:24:27 +0200] "GET / HTTP/1.1" 301 - "-" "Mozilla/5.0 (Linux; Android 10; ELE-L29) AppleWebKit/537.36 (KHTML, like Gecko) Chrome/85.0.4183.81 Mobile Safari/537.36"
89.132.225.94 - - [06/Sep/2020:10:21:11 +0200] "POST /admin16011/ajax.php?rand=1599380469132 HTTP/1.1" 200 1432 "http://www.deszkak.hu/admin16011/index.php?controller=AdminOrders&token=c1978206ebd196d9f154bec0d83018cf" "Mozilla/5.0 (Windows NT 6.1; Win64; x64) AppleWebKit/537.36 (KHTML, like Gecko) Chrome/85.0.4183.83 Safari/537.36"
89.132.225.94 - - [06/Sep/2020:10:25:13 +0200] "POST /admin16011/ajax.php?rand=1599380711137 HTTP/1.1" 200 1432 "http://www.deszkak.hu/admin16011/index.php?controller=AdminOrders&token=c1978206ebd196d9f154bec0d83018cf" "Mozilla/5.0 (Windows NT 6.1; Win64; x64) AppleWebKit/537.36 (KHTML, like Gecko) Chrome/85.0.4183.83 Safari/537.36"
62.100.248.14 - - [06/Sep/2020:10:23:39 +0200] "GET /hu/contact-us HTTP/1.1" 301 - "-" "Mozilla/5.0 (Linux; Android 10; SM-A202F) AppleWebKit/537.36 (KHTML, like Gecko) Chrome/85.0.4183.81 Mobile Safari/537.36"
89.132.225.94 - - [06/Sep/2020:10:25:02 +0200] "POST /admin16011/ajax.php?rand=1599380700135 HTTP/1.1" 200 2831 "http://www.deszkak.hu/admin16011/index.php?controller=AdminOrders&token=0209ffce19e7478d67c5c840bf0a38da" "Mozilla/5.0 (Windows NT 6.1; Win64; x64) AppleWebKit/537.36 (KHTML, like Gecko) Chrome/85.0.4183.83 Safari/537.36"
89.132.225.94 - - [06/Sep/2020:10:27:03 +0200] "POST /admin16011/ajax.php?rand=1599380821132 HTTP/1.1" 200 2831 "http://www.deszkak.hu/admin16011/index.php?controller=AdminOrders&token=0209ffce19e7478d67c5c840bf0a38da" "Mozilla/5.0 (Windows NT 6.1; Win64; x64) AppleWebKit/537.36 (KHTML, like Gecko) Chrome/85.0.4183.83 Safari/537.36"
89.132.225.94 - - [06/Sep/2020:10:27:14 +0200] "POST /admin16011/ajax.php?rand=1599380832133 HTTP/1.1" 200 1432 "http://www.deszkak.hu/admin16011/index.php?controller=AdminOrders&token=c1978206ebd196d9f154bec0d83018cf" "Mozilla/5.0 (Windows NT 6.1; Win64; x64) AppleWebKit/537.36 (KHTML, like Gecko) Chrome/85.0.4183.83 Safari/537.36"
89.132.225.94 - - [06/Sep/2020:10:29:15 +0200] "POST /admin16011/ajax.php?rand=1599380953133 HTTP/1.1" 200 1432 "http://www.deszkak.hu/admin16011/index.php?controller=AdminOrders&token=c1978206ebd196d9f154bec0d83018cf" "Mozilla/5.0 (Windows NT 6.1; Win64; x64) AppleWebKit/537.36 (KHTML, like Gecko) Chrome/85.0.4183.83 Safari/537.36"
91.104.136.143 - - [06/Sep/2020:10:28:37 +0200] "GET / HTTP/1.1" 301 - "-" "Mozilla/5.0 (Linux; Android 8.1.0; DUB-LX1) AppleWebKit/537.36 (KHTML, like Gecko) Chrome/85.0.4183.81 Mobile Safari/537.36"
89.132.225.94 - - [06/Sep/2020:10:29:04 +0200] "POST /admin16011/ajax.php?rand=1599380942132 HTTP/1.1" 200 2831 "http://www.deszkak.hu/admin16011/index.php?controller=AdminOrders&token=0209ffce19e7478d67c5c840bf0a38da" "Mozilla/5.0 (Windows NT 6.1; Win64; x64) AppleWebKit/537.36 (KHTML, like Gecko) Chrome/85.0.4183.83 Safari/537.36"
66.249.66.130 - - [06/Sep/2020:10:30:48 +0200] "GET /en/decks/1180-enuff-classic-8-deck-red.html?search_query=enuff+gordeszka+logo&results=12 HTTP/1.1" 301 - "-" "Mozilla/5.0 (Linux; Android 6.0.1; Nexus 5X Build/MMB29P) AppleWebKit/537.36 (KHTML, like Gecko) Chrome/80.0.3987.92 Mobile Safari/537.36 (compatible; Googlebot/2.1; +http://www.google.com/bot.html)"
89.132.225.94 - - [06/Sep/2020:10:31:16 +0200] "POST /admin16011/ajax.php?rand=1599381074141 HTTP/1.1" 200 1432 "http://www.deszkak.hu/admin16011/index.php?controller=AdminOrders&token=c1978206ebd196d9f154bec0d83018cf" "Mozilla/5.0 (Windows NT 6.1; Win64; x64) AppleWebKit/537.36 (KHTML, like Gecko) Chrome/85.0.4183.83 Safari/537.36"
89.132.225.94 - - [06/Sep/2020:10:31:05 +0200] "POST /admin16011/ajax.php?rand=1599381063132 HTTP/1.1" 200 2831 "http://www.deszkak.hu/admin16011/index.php?controller=AdminOrders&token=0209ffce19e7478d67c5c840bf0a38da" "Mozilla/5.0 (Windows NT 6.1; Win64; x64) AppleWebKit/537.36 (KHTML, like Gecko) Chrome/85.0.4183.83 Safari/537.36"
216.244.66.194 - - [06/Sep/2020:10:32:27 +0200] "GET /en/skateboards/2240-arbor-whiskey-team-19-825-white.html HTTP/1.1" 301 - "-" "Mozilla/5.0 (compatible; DotBot/1.1; http://www.opensiteexplorer.org/dotbot, help@moz.com)"
216.244.66.194 - - [06/Sep/2020:10:32:31 +0200] "GET /en/longboard/2254-arbor-sucrose-vice-longboard-wheels-white.html HTTP/1.1" 301 - "-" "Mozilla/5.0 (compatible; DotBot/1.1; http://www.opensiteexplorer.org/dotbot, help@moz.com)"
216.244.66.194 - - [06/Sep/2020:10:32:47 +0200] "GET /en/trucks/1091-enuff-decade-pro-satin-129mm-skateboard-truck-raw-black.html HTTP/1.1" 301 - "-" "Mozilla/5.0 (compatible; DotBot/1.1; http://www.opensiteexplorer.org/dotbot, help@moz.com)"
216.244.66.194 - - [06/Sep/2020:10:32:53 +0200] "GET /en/cart?add=1&id_product=1911&token=dd1548e4374f499b814aa1cfc96bc198 HTTP/1.1" 301 - "-" "Mozilla/5.0 (compatible; DotBot/1.1; http://www.opensiteexplorer.org/dotbot, help@moz.com)"
216.244.66.194 - - [06/Sep/2020:10:32:37 +0200] "GET /en/skateboards/1575-enuff-logo-stain-775-skateboard-black.html HTTP/1.1" 301 - "-" "Mozilla/5.0 (compatible; DotBot/1.1; http://www.opensiteexplorer.org/dotbot, help@moz.com)"
216.244.66.194 - - [06/Sep/2020:10:32:44 +0200] "GET /en/decks/1793-enuff-dip-stained-8-deck-black-red.html HTTP/1.1" 301 - "-" "Mozilla/5.0 (compatible; DotBot/1.1; http://www.opensiteexplorer.org/dotbot, help@moz.com)"
216.244.66.194 - - [06/Sep/2020:10:32:55 +0200] "GET /en/cart?add=1&id_product=1744&token=dd1548e4374f499b814aa1cfc96bc198 HTTP/1.1" 301 - "-" "Mozilla/5.0 (compatible; DotBot/1.1; http://www.opensiteexplorer.org/dotbot, help@moz.com)"
216.244.66.194 - - [06/Sep/2020:10:33:02 +0200] "GET /en/cart?add=1&id_product=2256&token=dd1548e4374f499b814aa1cfc96bc198 HTTP/1.1" 301 - "-" "Mozilla/5.0 (compatible; DotBot/1.1; http://www.opensiteexplorer.org/dotbot, help@moz.com)"
216.244.66.194 - - [06/Sep/2020:10:32:50 +0200] "GET /en/trucks/1085-enuff-decade-pro-129mm-skateboard-truck-red-black.html HTTP/1.1" 301 - "-" "Mozilla/5.0 (compatible; DotBot/1.1; http://www.opensiteexplorer.org/dotbot, help@moz.com)"
216.244.66.194 - - [06/Sep/2020:10:32:59 +0200] "GET /hu/lapok/1182-enuff-scramble-8125-lap-fekete.html HTTP/1.1" 301 - "-" "Mozilla/5.0 (compatible; DotBot/1.1; http://www.opensiteexplorer.org/dotbot, help@moz.com)"
216.244.66.194 - - [06/Sep/2020:10:33:03 +0200] "GET /en/decks/2317-ram-longboard-deck-lokz-marina-blue.html HTTP/1.1" 301 - "-" "Mozilla/5.0 (compatible; DotBot/1.1; http://www.opensiteexplorer.org/dotbot, help@moz.com)"
216.244.66.194 - - [06/Sep/2020:10:33:09 +0200] "GET /en/cart?add=1&id_product=1178&token=dd1548e4374f499b814aa1cfc96bc198 HTTP/1.1" 301 - "-" "Mozilla/5.0 (compatible; DotBot/1.1; http://www.opensiteexplorer.org/dotbot, help@moz.com)"
216.244.66.194 - - [06/Sep/2020:10:33:08 +0200] "GET /en/accessories/1787-rio-roller-180-cm-laces-rainbow.html HTTP/1.1" 301 - "-" "Mozilla/5.0 (compatible; DotBot/1.1; http://www.opensiteexplorer.org/dotbot, help@moz.com)"
216.244.66.194 - - [06/Sep/2020:10:32:40 +0200] "GET /en/bearings/588-enuff-bearings-abec-9.html HTTP/1.1" 301 - "-" "Mozilla/5.0 (compatible; DotBot/1.1; http://www.opensiteexplorer.org/dotbot, help@moz.com)"
216.244.66.194 - - [06/Sep/2020:10:32:42 +0200] "GET /en/helmets/646-rekd-elite-helmet-purple-blue.html HTTP/1.1" 301 - "-" "Mozilla/5.0 (compatible; DotBot/1.1; http://www.opensiteexplorer.org/dotbot, help@moz.com)"
216.244.66.194 - - [06/Sep/2020:10:32:34 +0200] "GET /hu/longboard/1694-street-surfing-shark-attack-36-psycho-kek.html HTTP/1.1" 301 - "-" "Mozilla/5.0 (compatible; DotBot/1.1; http://www.opensiteexplorer.org/dotbot, help@moz.com)"
216.244.66.194 - - [06/Sep/2020:10:33:11 +0200] "GET /en/cart?add=1&id_product=779&token=dd1548e4374f499b814aa1cfc96bc198 HTTP/1.1" 301 - "-" "Mozilla/5.0 (compatible; DotBot/1.1; http://www.opensiteexplorer.org/dotbot, help@moz.com)"
216.244.66.194 - - [06/Sep/2020:10:33:17 +0200] "GET /en/cart?add=1&id_product=1068&token=dd1548e4374f499b814aa1cfc96bc198 HTTP/1.1" 301 - "-" "Mozilla/5.0 (compatible; DotBot/1.1; http://www.opensiteexplorer.org/dotbot, help@moz.com)"
216.244.66.194 - - [06/Sep/2020:10:33:07 +0200] "GET /en/cart?add=1&id_product=1870&token=dd1548e4374f499b814aa1cfc96bc198 HTTP/1.1" 301 - "-" "Mozilla/5.0 (compatible; DotBot/1.1; http://www.opensiteexplorer.org/dotbot, help@moz.com)"
89.132.225.94 - - [06/Sep/2020:10:33:17 +0200] "POST /admin16011/ajax.php?rand=1599381195142 HTTP/1.1" 200 1432 "http://www.deszkak.hu/admin16011/index.php?controller=AdminOrders&token=c1978206ebd196d9f154bec0d83018cf" "Mozilla/5.0 (Windows NT 6.1; Win64; x64) AppleWebKit/537.36 (KHTML, like Gecko) Chrome/85.0.4183.83 Safari/537.36"
216.244.66.194 - - [06/Sep/2020:10:32:22 +0200] "GET /en/knee-elbow-ankle-protect/1970-rio-roller-triple-pad-set-red-mint.html HTTP/1.1" 301 - "-" "Mozilla/5.0 (compatible; DotBot/1.1; http://www.opensiteexplorer.org/dotbot, help@moz.com)"
216.244.66.194 - - [06/Sep/2020:10:33:04 +0200] "GET /en/cart?add=1&id_product=1779&token=dd1548e4374f499b814aa1cfc96bc198 HTTP/1.1" 301 - "-" "Mozilla/5.0 (compatible; DotBot/1.1; http://www.opensiteexplorer.org/dotbot, help@moz.com)"
216.244.66.194 - - [06/Sep/2020:10:33:06 +0200] "GET /en/trucks/1956-enuff-decade-pro-hollow-149mm-skateboard-truck-black.html HTTP/1.1" 301 - "-" "Mozilla/5.0 (compatible; DotBot/1.1; http://www.opensiteexplorer.org/dotbot, help@moz.com)"
216.244.66.194 - - [06/Sep/2020:10:32:57 +0200] "GET /hu/gordeszka/362-steadfast-gels-50mm-gordeszka-kerekek-zold.html HTTP/1.1" 301 - "-" "Mozilla/5.0 (compatible; DotBot/1.1; http://www.opensiteexplorer.org/dotbot, help@moz.com)"
216.244.66.194 - - [06/Sep/2020:10:33:19 +0200] "GET /en/longboards/1563-area-malinalli-longboard.html HTTP/1.1" 301 - "-" "Mozilla/5.0 (compatible; DotBot/1.1; http://www.opensiteexplorer.org/dotbot, help@moz.com)"
216.244.66.194 - - [06/Sep/2020:10:33:14 +0200] "GET /en/cart?add=1&id_product=152&token=dd1548e4374f499b814aa1cfc96bc198 HTTP/1.1" 301 - "-" "Mozilla/5.0 (compatible; DotBot/1.1; http://www.opensiteexplorer.org/dotbot, help@moz.com)"
216.244.66.194 - - [06/Sep/2020:10:33:21 +0200] "GET /en/cart?add=1&id_product=989&token=dd1548e4374f499b814aa1cfc96bc198 HTTP/1.1" 301 - "-" "Mozilla/5.0 (compatible; DotBot/1.1; http://www.opensiteexplorer.org/dotbot, help@moz.com)"
216.244.66.194 - - [06/Sep/2020:10:33:01 +0200] "GET /en/quad-skate/2406-rio-roller-rose-adult-quad-skate-cream.html HTTP/1.1" 301 - "-" "Mozilla/5.0 (compatible; DotBot/1.1; http://www.opensiteexplorer.org/dotbot, help@moz.com)"
89.132.225.94 - - [06/Sep/2020:10:33:06 +0200] "POST /admin16011/ajax.php?rand=1599381184131 HTTP/1.1" 200 2831 "http://www.deszkak.hu/admin16011/index.php?controller=AdminOrders&token=0209ffce19e7478d67c5c840bf0a38da" "Mozilla/5.0 (Windows NT 6.1; Win64; x64) AppleWebKit/537.36 (KHTML, like Gecko) Chrome/85.0.4183.83 Safari/537.36"
216.244.66.194 - - [06/Sep/2020:10:33:22 +0200] "GET /en/cart?add=1&id_product=1373&token=dd1548e4374f499b814aa1cfc96bc198 HTTP/1.1" 301 - "-" "Mozilla/5.0 (compatible; DotBot/1.1; http://www.opensiteexplorer.org/dotbot, help@moz.com)"
89.132.225.94 - - [06/Sep/2020:10:35:18 +0200] "POST /admin16011/ajax.php?rand=1599381316134 HTTP/1.1" 200 1432 "http://www.deszkak.hu/admin16011/index.php?controller=AdminOrders&token=c1978206ebd196d9f154bec0d83018cf" "Mozilla/5.0 (Windows NT 6.1; Win64; x64) AppleWebKit/537.36 (KHTML, like Gecko) Chrome/85.0.4183.83 Safari/537.36"
89.132.225.94 - - [06/Sep/2020:10:35:07 +0200] "POST /admin16011/ajax.php?rand=1599381305142 HTTP/1.1" 200 2831 "http://www.deszkak.hu/admin16011/index.php?controller=AdminOrders&token=0209ffce19e7478d67c5c840bf0a38da" "Mozilla/5.0 (Windows NT 6.1; Win64; x64) AppleWebKit/537.36 (KHTML, like Gecko) Chrome/85.0.4183.83 Safari/537.36"
89.132.225.94 - - [06/Sep/2020:10:37:19 +0200] "POST /admin16011/ajax.php?rand=1599381437137 HTTP/1.1" 200 1432 "http://www.deszkak.hu/admin16011/index.php?controller=AdminOrders&token=c1978206ebd196d9f154bec0d83018cf" "Mozilla/5.0 (Windows NT 6.1; Win64; x64) AppleWebKit/537.36 (KHTML, like Gecko) Chrome/85.0.4183.83 Safari/537.36"
89.132.225.94 - - [06/Sep/2020:10:37:08 +0200] "POST /admin16011/ajax.php?rand=1599381426137 HTTP/1.1" 200 2831 "http://www.deszkak.hu/admin16011/index.php?controller=AdminOrders&token=0209ffce19e7478d67c5c840bf0a38da" "Mozilla/5.0 (Windows NT 6.1; Win64; x64) AppleWebKit/537.36 (KHTML, like Gecko) Chrome/85.0.4183.83 Safari/537.36"
89.132.225.94 - - [06/Sep/2020:10:39:09 +0200] "POST /admin16011/ajax.php?rand=1599381547139 HTTP/1.1" 200 2831 "http://www.deszkak.hu/admin16011/index.php?controller=AdminOrders&token=0209ffce19e7478d67c5c840bf0a38da" "Mozilla/5.0 (Windows NT 6.1; Win64; x64) AppleWebKit/537.36 (KHTML, like Gecko) Chrome/85.0.4183.83 Safari/537.36"
89.132.225.94 - - [06/Sep/2020:10:39:20 +0200] "POST /admin16011/ajax.php?rand=1599381558137 HTTP/1.1" 200 1432 "http://www.deszkak.hu/admin16011/index.php?controller=AdminOrders&token=c1978206ebd196d9f154bec0d83018cf" "Mozilla/5.0 (Windows NT 6.1; Win64; x64) AppleWebKit/537.36 (KHTML, like Gecko) Chrome/85.0.4183.83 Safari/537.36"
89.132.225.94 - - [06/Sep/2020:10:41:10 +0200] "POST /admin16011/ajax.php?rand=1599381668138 HTTP/1.1" 200 2831 "http://www.deszkak.hu/admin16011/index.php?controller=AdminOrders&token=0209ffce19e7478d67c5c840bf0a38da" "Mozilla/5.0 (Windows NT 6.1; Win64; x64) AppleWebKit/537.36 (KHTML, like Gecko) Chrome/85.0.4183.83 Safari/537.36"
89.132.225.94 - - [06/Sep/2020:10:43:11 +0200] "POST /admin16011/ajax.php?rand=1599381789137 HTTP/1.1" 200 2831 "http://www.deszkak.hu/admin16011/index.php?controller=AdminOrders&token=0209ffce19e7478d67c5c840bf0a38da" "Mozilla/5.0 (Windows NT 6.1; Win64; x64) AppleWebKit/537.36 (KHTML, like Gecko) Chrome/85.0.4183.83 Safari/537.36"
89.132.225.94 - - [06/Sep/2020:10:43:22 +0200] "POST /admin16011/ajax.php?rand=1599381800165 HTTP/1.1" 200 1432 "http://www.deszkak.hu/admin16011/index.php?controller=AdminOrders&token=c1978206ebd196d9f154bec0d83018cf" "Mozilla/5.0 (Windows NT 6.1; Win64; x64) AppleWebKit/537.36 (KHTML, like Gecko) Chrome/85.0.4183.83 Safari/537.36"
89.132.225.94 - - [06/Sep/2020:10:41:21 +0200] "POST /admin16011/ajax.php?rand=1599381679133 HTTP/1.1" 200 1432 "http://www.deszkak.hu/admin16011/index.php?controller=AdminOrders&token=c1978206ebd196d9f154bec0d83018cf" "Mozilla/5.0 (Windows NT 6.1; Win64; x64) AppleWebKit/537.36 (KHTML, like Gecko) Chrome/85.0.4183.83 Safari/537.36"
