157.55.39.58 - - [15/Sep/2020:03:30:19 +0200] "GET /hu/quad-gorkorcsolya/1367-rio-roller-script-gyerek-quad-gorkorcsolya-rozsaszin.html HTTP/1.1" 301 398 "-" "Mozilla/5.0 (compatible; bingbot/2.0; +http://www.bing.com/bingbot.htm)"
113.87.89.46 - - [15/Sep/2020:03:30:04 +0200] "GET /favicon.ico HTTP/1.1" 301 326 "-" "Mozilla/5.0 (Windows NT 6.1; WOW64) AppleWebKit/537.36 (KHTML, like Gecko) Chrome/78.0.3904.108 Safari/537.36"
207.46.13.165 - - [15/Sep/2020:03:32:23 +0200] "GET /1736-thickbox_default/rio-roller-leopard-felnott-quad-gorkorcsolya.jpg HTTP/1.1" 301 385 "-" "Mozilla/5.0 (compatible; bingbot/2.0; +http://www.bing.com/bingbot.htm)"
207.46.13.81 - - [15/Sep/2020:03:33:42 +0200] "GET /en/cart?add=1&id_product=1370&token=dd1548e4374f499b814aa1cfc96bc198 HTTP/1.1" 301 391 "-" "Mozilla/5.0 (compatible; bingbot/2.0; +http://www.bing.com/bingbot.htm)"
143.244.54.159 - - [15/Sep/2020:03:52:51 +0200] "GET /assets/ckeditor/kcfinder/browse.php HTTP/1.0" 301 350 "-" "-"
66.249.66.130 - - [15/Sep/2020:03:51:42 +0200] "GET /robots.txt HTTP/1.1" 301 325 "-" "Mozilla/5.0 (compatible; Googlebot/2.1; +http://www.google.com/bot.html)"
143.244.54.159 - - [15/Sep/2020:03:52:47 +0200] "GET /kcfinder/browse.php HTTP/1.0" 301 334 "-" "-"
143.244.54.159 - - [15/Sep/2020:03:52:50 +0200] "GET /templates/admin/js/kcfinder/browse.php HTTP/1.0" 301 353 "-" "-"
66.249.66.130 - - [15/Sep/2020:03:51:42 +0200] "GET /hu/longboard/223-ram-longboard-lokz-marina-kek.html HTTP/1.1" 301 366 "-" "Mozilla/5.0 (Linux; Android 6.0.1; Nexus 5X Build/MMB29P) AppleWebKit/537.36 (KHTML, like Gecko) Chrome/85.0.4183.110 Mobile Safari/537.36 (compatible; Googlebot/2.1; +http://www.google.com/bot.html)"
143.244.54.159 - - [15/Sep/2020:03:52:48 +0200] "GET /admin/kcfinder/browse.php HTTP/1.0" 301 340 "-" "-"
143.244.54.159 - - [15/Sep/2020:03:52:49 +0200] "GET /assets/kcfinder/browse.php HTTP/1.0" 301 341 "-" "-"
207.46.13.35 - - [15/Sep/2020:04:02:58 +0200] "GET /en/decks/532-sds-soapbox-district-2-8-skateboard.html HTTP/1.1" 301 368 "-" "Mozilla/5.0 (compatible; bingbot/2.0; +http://www.bing.com/bingbot.htm)"
207.46.13.35 - - [15/Sep/2020:04:10:38 +0200] "GET /3243-thickbox_default/rio-roller-camo-felnott-quad-gorkorcsolya-limitalt-kiadas.jpg HTTP/1.1" 301 398 "-" "Mozilla/5.0 (compatible; bingbot/2.0; +http://www.bing.com/bingbot.htm)"
144.76.29.149 - - [15/Sep/2020:04:11:56 +0200] "GET /robots.txt HTTP/1.1" 301 325 "-" "Mozilla/5.0 (compatible; MJ12bot/v1.4.8; http://mj12bot.com/)"
114.119.141.135 - - [15/Sep/2020:04:14:37 +0200] "GET /hu/longboard/706-mindless-nimball-longboard-kerek-lila.html?search_query=mindless&results=63 HTTP/1.1" 301 411 "-" "Mozilla/5.0 (Linux; Android 7.0;) AppleWebKit/537.36 (KHTML, like Gecko) Mobile Safari/537.36 (compatible; PetalBot;+http://aspiegel.com/petalbot)"
157.55.39.146 - - [15/Sep/2020:04:14:07 +0200] "GET /966-home_default/ram-longboard-darga-faded-bay.jpg HTTP/1.1" 301 365 "-" "Mozilla/5.0 (compatible; bingbot/2.0; +http://www.bing.com/bingbot.htm)"
207.46.13.252 - - [15/Sep/2020:04:12:08 +0200] "GET /en/skateboard/372-steadfast-mix-up-53mm-skateboard-wheels.html HTTP/1.1" 301 377 "-" "Mozilla/5.0 (compatible; bingbot/2.0; +http://www.bing.com/bingbot.htm)"
157.55.39.135 - - [15/Sep/2020:04:22:36 +0200] "GET /3945-home_default/area-skater-girl-28-skateboard.jpg HTTP/1.1" 301 367 "-" "Mozilla/5.0 (compatible; bingbot/2.0; +http://www.bing.com/bingbot.htm)"
114.119.134.226 - - [15/Sep/2020:04:35:57 +0200] "GET /robots.txt HTTP/1.1" 301 325 "-" "(compatible;PetalBot;+http://aspiegel.com/petalbot)"
66.249.66.130 - - [15/Sep/2020:04:36:52 +0200] "GET /en/longboards/556-mindless-voodoo-hamu.html HTTP/1.1" 301 358 "-" "Mozilla/5.0 (Linux; Android 6.0.1; Nexus 5X Build/MMB29P) AppleWebKit/537.36 (KHTML, like Gecko) Chrome/85.0.4183.110 Mobile Safari/537.36 (compatible; Googlebot/2.1; +http://www.google.com/bot.html)"
66.249.66.130 - - [15/Sep/2020:04:37:26 +0200] "GET /ads.txt HTTP/1.1" 301 322 "-" "Mozilla/5.0 (compatible; Googlebot/2.1; +http://www.google.com/bot.html)"
66.249.66.130 - - [15/Sep/2020:04:37:27 +0200] "GET /ads.txt HTTP/1.1" 301 322 "-" "Mozilla/5.0 (compatible; Googlebot/2.1; +http://www.google.com/bot.html)"
207.46.13.81 - - [15/Sep/2020:04:38:47 +0200] "GET /en/knee-elbow-ankle-protect/1525-armor-3600-pad-set.html HTTP/1.1" 301 371 "-" "Mozilla/5.0 (compatible; bingbot/2.0; +http://www.bing.com/bingbot.htm)"
157.55.39.149 - - [15/Sep/2020:04:39:32 +0200] "GET /hu/cruiser-short-board/1206-area-replica-billy-cruiser.html HTTP/1.1" 301 374 "-" "Mozilla/5.0 (compatible; bingbot/2.0; +http://www.bing.com/bingbot.htm)"
157.55.39.76 - - [15/Sep/2020:04:43:19 +0200] "GET /526-large_default/peril-skateboard-trucks-pink.jpg HTTP/1.1" 301 365 "-" "Mozilla/5.0 (compatible; bingbot/2.0; +http://www.bing.com/bingbot.htm)"
66.249.66.132 - - [15/Sep/2020:04:45:54 +0200] "GET /en/longboards/1275-maui-dia-de-las-olas-longboard.html HTTP/1.1" 301 369 "-" "Mozilla/5.0 (Linux; Android 6.0.1; Nexus 5X Build/MMB29P) AppleWebKit/537.36 (KHTML, like Gecko) Chrome/85.0.4183.110 Mobile Safari/537.36 (compatible; Googlebot/2.1; +http://www.google.com/bot.html)"
66.249.66.132 - - [15/Sep/2020:04:52:31 +0200] "GET /robots.txt HTTP/1.1" 301 325 "-" "Mozilla/5.0 (compatible; Googlebot/2.1; +http://www.google.com/bot.html)"
207.46.13.81 - - [15/Sep/2020:04:51:28 +0200] "GET /en/cart?add=1&id_product=1311&token=dd1548e4374f499b814aa1cfc96bc198 HTTP/1.1" 301 391 "-" "Mozilla/5.0 (compatible; bingbot/2.0; +http://www.bing.com/bingbot.htm)"
66.249.66.132 - - [15/Sep/2020:04:52:31 +0200] "GET /ads.txt HTTP/1.1" 301 322 "-" "Mozilla/5.0 (compatible; Googlebot/2.1; +http://www.google.com/bot.html)"
207.46.13.81 - - [15/Sep/2020:04:54:19 +0200] "GET /hu/quad-gorkorcsolya/1199-sfr-vision-canvas-gyerek-quad-gorkorcsolya-leopard.html HTTP/1.1" 301 396 "-" "Mozilla/5.0 (compatible; bingbot/2.0; +http://www.bing.com/bingbot.htm)"
144.76.96.236 - - [15/Sep/2020:04:58:12 +0200] "GET /robots.txt HTTP/1.1" 301 325 "-" "Mozilla/5.0 (compatible; MJ12bot/v1.4.8; http://mj12bot.com/)"
62.210.103.67 - - [15/Sep/2020:04:58:26 +0200] "GET /en/cruisers/2336-nkd-city-39-cruiser.html HTTP/1.0" 301 356 "http://www.deszkak.hu/en/cruisers/2336-nkd-city-39-cruiser.html" "Mozilla/5.0 (Windows NT 10.0; Win64; x64) AppleWebKit/537.36 (KHTML, like Gecko) Chrome/67.0.3396.99 Safari/537.36"
66.249.66.132 - - [15/Sep/2020:05:02:03 +0200] "GET /hu/20-lapok HTTP/1.1" 301 326 "-" "Mozilla/5.0 (Linux; Android 6.0.1; Nexus 5X Build/MMB29P) AppleWebKit/537.36 (KHTML, like Gecko) Chrome/85.0.4183.110 Mobile Safari/537.36 (compatible; Googlebot/2.1; +http://www.google.com/bot.html)"
157.55.39.19 - - [15/Sep/2020:05:03:42 +0200] "GET /robots.txt HTTP/1.1" 301 325 "-" "Mozilla/5.0 (compatible; bingbot/2.0; +http://www.bing.com/bingbot.htm)"
66.249.66.134 - - [15/Sep/2020:05:07:03 +0200] "GET /en/15-grip-tapes HTTP/1.1" 301 331 "-" "Mozilla/5.0 (Linux; Android 6.0.1; Nexus 5X Build/MMB29P) AppleWebKit/537.36 (KHTML, like Gecko) Chrome/85.0.4183.110 Mobile Safari/537.36 (compatible; Googlebot/2.1; +http://www.google.com/bot.html)"
66.249.66.130 - - [15/Sep/2020:05:07:53 +0200] "GET /hu/cruiser-short-board/1718-stella-beer-runner-tigress-cruiser.html HTTP/1.1" 301 382 "-" "Mozilla/5.0 (Linux; Android 6.0.1; Nexus 5X Build/MMB29P) AppleWebKit/537.36 (KHTML, like Gecko) Chrome/85.0.4183.110 Mobile Safari/537.36 (compatible; Googlebot/2.1; +http://www.google.com/bot.html)"
66.249.66.130 - - [15/Sep/2020:05:07:53 +0200] "GET /hu/cruiser-short-board/1718-stella-beer-runner-tigress-cruiser.html HTTP/1.1" 301 382 "-" "Mozilla/5.0 (Linux; Android 6.0.1; Nexus 5X Build/MMB29P) AppleWebKit/537.36 (KHTML, like Gecko) Chrome/85.0.4183.110 Mobile Safari/537.36 (compatible; Googlebot/2.1; +http://www.google.com/bot.html)"
66.249.66.132 - - [15/Sep/2020:05:08:43 +0200] "GET /en/skateboard/1389-steadfast-5050-skateboard-wheels-blue-pink.html?search_query=Gordeszka+Kerek&results=128 HTTP/1.1" 301 426 "-" "Mozilla/5.0 (Linux; Android 6.0.1; Nexus 5X Build/MMB29P) AppleWebKit/537.36 (KHTML, like Gecko) Chrome/85.0.4183.110 Mobile Safari/537.36 (compatible; Googlebot/2.1; +http://www.google.com/bot.html)"
66.249.92.67 - - [15/Sep/2020:05:13:55 +0200] "GET /en/12-skateboards HTTP/1.1" 301 332 "-" "AdsBot-Google (+http://www.google.com/adsbot.html)"
66.249.92.67 - - [15/Sep/2020:05:13:58 +0200] "GET /en/29-quad-skate?gclid=EAIaIQobChMIwPu5t4qs3AIVAQAAAB0BAAAAEAAYACAAEgJVzfD_BwE HTTP/1.1" 301 393 "-" "Mozilla/5.0 (iPhone; CPU iPhone OS 9_1 like Mac OS X) AppleWebKit/601.1.46 (KHTML, like Gecko) Version/9.0 Mobile/13B143 Safari/601.1 (compatible; AdsBot-Google-Mobile; +http://www.google.com/mobile/adsbot.html)"
66.249.66.130 - - [15/Sep/2020:05:15:23 +0200] "GET /hu/gordeszkak/467-stella-flatnose-panther-complete-board.html?search_query=stella&results=44 HTTP/1.1" 301 411 "-" "Mozilla/5.0 (compatible; Googlebot/2.1; +http://www.google.com/bot.html)"
66.249.92.67 - - [15/Sep/2020:05:16:44 +0200] "GET /hu/32-wave-board HTTP/1.1" 301 331 "-" "AdsBot-Google (+http://www.google.com/adsbot.html)"
66.249.92.67 - - [15/Sep/2020:05:14:00 +0200] "GET /hu/32-wave-board?gclid=EAIaIQobChMIwPu5t4qs3AIVAQAAAB0BAAAAEAAYACAAEgJVzfD_BwE HTTP/1.1" 301 393 "-" "AdsBot-Google (+http://www.google.com/adsbot.html)"
66.249.66.130 - - [15/Sep/2020:05:18:43 +0200] "GET /hu/cruiser/1817-penny-22-cruiser-simpsons-excellenta-burns.html HTTP/1.1" 301 378 "-" "Mozilla/5.0 (Linux; Android 6.0.1; Nexus 5X Build/MMB29P) AppleWebKit/537.36 (KHTML, like Gecko) Chrome/85.0.4183.110 Mobile Safari/537.36 (compatible; Googlebot/2.1; +http://www.google.com/bot.html)"
157.55.39.146 - - [15/Sep/2020:05:20:28 +0200] "GET /hu/fuggok/177-enuff-gordeszka-felfuggesztes-venom.html HTTP/1.1" 301 369 "-" "Mozilla/5.0 (compatible; bingbot/2.0; +http://www.bing.com/bingbot.htm)"
157.55.39.149 - - [15/Sep/2020:05:24:02 +0200] "GET /hu/griptapek/901-flik-grip-tape-zold-csillam.html HTTP/1.1" 301 364 "-" "Mozilla/5.0 (compatible; bingbot/2.0; +http://www.bing.com/bingbot.htm)"
157.55.39.58 - - [15/Sep/2020:05:26:15 +0200] "GET /1235-home_default/area-candy-board-cruiser-mint-purple.jpg HTTP/1.1" 301 373 "-" "Mozilla/5.0 (compatible; bingbot/2.0; +http://www.bing.com/bingbot.htm)"
157.55.39.146 - - [15/Sep/2020:05:23:57 +0200] "GET /en/content/7-pay-and-transfer-condition HTTP/1.1" 301 354 "-" "Mozilla/5.0 (compatible; bingbot/2.0; +http://www.bing.com/bingbot.htm)"
5.38.248.15 - - [15/Sep/2020:05:24:04 +0200] "GET / HTTP/1.1" 301 315 "-" "Mozilla/5.0 (Linux; Android 10; STK-LX1) AppleWebKit/537.36 (KHTML, like Gecko) Chrome/85.0.4183.101 Mobile Safari/537.36"
62.210.78.76 - - [15/Sep/2020:05:31:34 +0200] "GET /hu/longboard/1453-street-surfing-shark-attack-36-koa-black.html HTTP/1.1" 301 378 "-" "Mozilla/5.0 (compatible; Barkrowler/0.9; +https://babbar.tech/crawler)"
62.210.78.76 - - [15/Sep/2020:05:31:33 +0200] "GET /hu/longboard/1453-street-surfing-shark-attack-36-koa-black.html HTTP/1.1" 301 378 "-" "Mozilla/5.0 (compatible; Barkrowler/0.9; +https://babbar.tech/crawler)"
62.210.78.76 - - [15/Sep/2020:05:31:20 +0200] "GET /robots.txt HTTP/1.1" 301 325 "-" "Mozilla/5.0 (compatible; Barkrowler/0.9; +https://babbar.tech/crawler)"
62.210.78.76 - - [15/Sep/2020:05:31:21 +0200] "GET /robots.txt HTTP/1.1" 301 325 "-" "Mozilla/5.0 (compatible; Barkrowler/0.9; +https://babbar.tech/crawler)"
66.249.66.132 - - [15/Sep/2020:05:31:04 +0200] "GET /en/skateboards/1653-tony-hawk-540-series-skateboard-statue.html HTTP/1.1" 301 378 "-" "Mozilla/5.0 (Linux; Android 6.0.1; Nexus 5X Build/MMB29P) AppleWebKit/537.36 (KHTML, like Gecko) Chrome/85.0.4183.110 Mobile Safari/537.36 (compatible; Googlebot/2.1; +http://www.google.com/bot.html)"
40.77.167.30 - - [15/Sep/2020:05:43:56 +0200] "GET /en/index.php?controller=attachment&id_attachment=1 HTTP/1.1" 301 369 "-" "Mozilla/5.0 (compatible; bingbot/2.0; +http://www.bing.com/bingbot.htm)"
114.119.157.183 - - [15/Sep/2020:05:44:45 +0200] "GET /robots.txt HTTP/1.1" 301 325 "-" "(compatible;PetalBot;+http://aspiegel.com/petalbot)"
157.55.39.19 - - [15/Sep/2020:05:49:48 +0200] "GET /robots.txt HTTP/1.1" 301 325 "-" "Mozilla/5.0 (compatible; bingbot/2.0; +http://www.bing.com/bingbot.htm)"
66.249.66.130 - - [15/Sep/2020:05:53:39 +0200] "GET /en/skateboards/836-tony-hawk-180-series-skateboard-sharp-hawk.html HTTP/1.1" 301 381 "-" "Mozilla/5.0 (Linux; Android 6.0.1; Nexus 5X Build/MMB29P) AppleWebKit/537.36 (KHTML, like Gecko) Chrome/85.0.4183.110 Mobile Safari/537.36 (compatible; Googlebot/2.1; +http://www.google.com/bot.html)"
66.249.66.132 - - [15/Sep/2020:05:53:39 +0200] "GET /robots.txt HTTP/1.1" 301 325 "-" "Mozilla/5.0 (compatible; Googlebot/2.1; +http://www.google.com/bot.html)"
46.8.133.5 - - [15/Sep/2020:05:55:15 +0200] "GET /en/cruisers/2336-nkd-city-39-cruiser.html HTTP/1.0" 301 356 "http://www.deszkak.hu/en/cruisers/2336-nkd-city-39-cruiser.html" "Mozilla/5.0 (Windows NT 6.1) AppleWebKit/537.36 (KHTML, like Gecko) Chrome/66.0.3359.181 Safari/537.36 Kinza/4.7.2"
157.55.39.58 - - [15/Sep/2020:05:57:38 +0200] "GET /2441-large_default/sushi-chrome-steel-bearings-abec-5.jpg HTTP/1.1" 301 372 "-" "Mozilla/5.0 (compatible; bingbot/2.0; +http://www.bing.com/bingbot.htm)"
207.46.13.35 - - [15/Sep/2020:06:07:41 +0200] "GET /en/trucks/136-mindless-voodoo-talisman-longboard-trucks-black.html HTTP/1.1" 301 381 "-" "Mozilla/5.0 (compatible; bingbot/2.0; +http://www.bing.com/bingbot.htm)"
207.46.13.81 - - [15/Sep/2020:06:10:16 +0200] "GET /en/cruisers-short-boards/744-area-candyboard-trinity-cruiser.html HTTP/1.1" 301 380 "-" "Mozilla/5.0 (compatible; bingbot/2.0; +http://www.bing.com/bingbot.htm)"
66.249.66.130 - - [15/Sep/2020:06:11:43 +0200] "GET /en/quad-skate/1069-rio-roller-kicks-adult-quad-skate-white.html HTTP/1.1" 301 378 "-" "Mozilla/5.0 (Linux; Android 6.0.1; Nexus 5X Build/MMB29P) AppleWebKit/537.36 (KHTML, like Gecko) Chrome/85.0.4183.110 Mobile Safari/537.36 (compatible; Googlebot/2.1; +http://www.google.com/bot.html)"
157.55.39.149 - - [15/Sep/2020:06:19:52 +0200] "GET /en/decks/1769-chance-bare-ess-8-deck-heights.html HTTP/1.1" 301 364 "-" "Mozilla/5.0 (compatible; bingbot/2.0; +http://www.bing.com/bingbot.htm)"
95.163.255.138 - - [15/Sep/2020:06:21:09 +0200] "GET /robots.txt HTTP/1.0" 301 325 "-" "Mozilla/5.0 (compatible; Linux x86_64; Mail.RU_Bot/Img/2.0; +http://go.mail.ru/help/robots)"
95.163.255.140 - - [15/Sep/2020:06:21:16 +0200] "GET /6926-home_default/area-crocodile-gordeszka.jpg HTTP/1.1" 301 361 "http://go.mail.ru/search_images" "Mozilla/5.0 (compatible; Linux x86_64; Mail.RU_Bot/Img/2.0; +http://go.mail.ru/help/robots)"
66.249.66.132 - - [15/Sep/2020:06:20:45 +0200] "GET /en/cruisers-short-boards/1720-stella-beer-runner-delo-cruiser.html HTTP/1.1" 301 381 "-" "Mozilla/5.0 (Linux; Android 6.0.1; Nexus 5X Build/MMB29P) AppleWebKit/537.36 (KHTML, like Gecko) Chrome/85.0.4183.110 Mobile Safari/537.36 (compatible; Googlebot/2.1; +http://www.google.com/bot.html)"
157.55.39.76 - - [15/Sep/2020:06:28:52 +0200] "GET /3886-home_default/sfr-vision-canvas-gyerek-quad-gorkorcsolya-kek-floral.jpg HTTP/1.1" 301 390 "-" "Mozilla/5.0 (compatible; bingbot/2.0; +http://www.bing.com/bingbot.htm)"
66.249.66.130 - - [15/Sep/2020:06:29:47 +0200] "GET /en/cruisers-short-boards/796-area-replica-mrcruiza-cruiser.html HTTP/1.1" 301 378 "-" "Mozilla/5.0 (Linux; Android 6.0.1; Nexus 5X Build/MMB29P) AppleWebKit/537.36 (KHTML, like Gecko) Chrome/85.0.4183.110 Mobile Safari/537.36 (compatible; Googlebot/2.1; +http://www.google.com/bot.html)"
207.46.13.81 - - [15/Sep/2020:06:43:43 +0200] "GET /2996-thickbox_default/enuff-peacekeeper-54mm-skateboard-wheels.jpg HTTP/1.1" 301 381 "-" "Mozilla/5.0 (compatible; bingbot/2.0; +http://www.bing.com/bingbot.htm)"
79.121.58.215 - - [15/Sep/2020:06:44:05 +0200] "GET /hu/?fbclid=PAAaZiwh9vu80_k0uRkY_gNRuefTjYE_DvBOglP5dGVq-28HHx4mMAnxHpUe8 HTTP/1.1" 301 387 "http://instagram.com/" "Mozilla/5.0 (Linux; Android 9; Redmi Note 8T Build/PKQ1.190616.001; wv) AppleWebKit/537.36 (KHTML, like Gecko) Version/4.0 Chrome/85.0.4183.101 Mobile Safari/537.36 Instagram 159.0.0.40.122 Android (28/9; 440dpi; 1080x2130; Xiaomi/xiaomi; Redmi Note 8T; willow; qcom; hu_HU; 245196084)"
66.249.66.130 - - [15/Sep/2020:06:47:51 +0200] "GET /en/trucks/136-mindless-voodoo-talisman-longboard-trucks-black.html HTTP/1.1" 301 381 "-" "Mozilla/5.0 (Linux; Android 6.0.1; Nexus 5X Build/MMB29P) AppleWebKit/537.36 (KHTML, like Gecko) Chrome/85.0.4183.110 Mobile Safari/537.36 (compatible; Googlebot/2.1; +http://www.google.com/bot.html)"
78.92.224.50 - - [15/Sep/2020:06:51:42 +0200] "GET /hu/?fbclid=PAAaZtsKoA8oGB8vpVTEcpXAHkIrE4ZeJwCZqL0yb1AsXrKcvTRzPhXo-QRzw HTTP/1.1" 301 387 "-" "Mozilla/5.0 (iPhone; CPU iPhone OS 12_4_8 like Mac OS X) AppleWebKit/605.1.15 (KHTML, like Gecko) Mobile/15E148 Instagram 158.1.0.29.120 (iPhone6,2; iOS 12_4_8; hu_HU; hu-HU; scale=2.00; 640x1136; 244229785)"
185.181.103.244 - - [15/Sep/2020:06:52:04 +0200] "GET / HTTP/1.1" 301 315 "-" "Mozilla/5.0 (Windows NT 10.0; Win64; x64) AppleWebKit/537.36 (KHTML, like Gecko) Chrome/85.0.4183.102 Safari/537.36"
114.119.155.70 - - [15/Sep/2020:06:53:04 +0200] "GET /robots.txt HTTP/1.1" 301 325 "-" "(compatible;PetalBot;+http://aspiegel.com/petalbot)"
207.46.13.252 - - [15/Sep/2020:06:53:50 +0200] "GET /en/bolts-and-nuts/434-steadfast-bolt-set-1-black-green.html HTTP/1.1" 301 374 "-" "Mozilla/5.0 (compatible; bingbot/2.0; +http://www.bing.com/bingbot.htm)"
207.46.13.252 - - [15/Sep/2020:06:53:51 +0200] "GET /hu/bukosisak/503-pro-tec-classic-bukosisak-fenyes-fekete.html HTTP/1.1" 301 376 "-" "Mozilla/5.0 (compatible; bingbot/2.0; +http://www.bing.com/bingbot.htm)"
207.46.13.252 - - [15/Sep/2020:06:53:51 +0200] "GET /en/cart?add=1&id_product=812&token=dd1548e4374f499b814aa1cfc96bc198 HTTP/1.1" 301 390 "-" "Mozilla/5.0 (compatible; bingbot/2.0; +http://www.bing.com/bingbot.htm)"
157.55.39.135 - - [15/Sep/2020:06:57:38 +0200] "GET /270-home_default/enuff-pyro-ii-skateboard-white.jpg HTTP/1.1" 301 366 "-" "Mozilla/5.0 (compatible; bingbot/2.0; +http://www.bing.com/bingbot.htm)"
66.249.66.132 - - [15/Sep/2020:06:59:18 +0200] "GET /3526-thickbox_default/stella-beer-runner-haze-cruiser.jpg HTTP/1.1" 301 372 "-" "Googlebot-Image/1.0"
66.249.66.130 - - [15/Sep/2020:06:59:17 +0200] "GET /robots.txt HTTP/1.1" 301 325 "-" "Mozilla/5.0 (compatible; Googlebot/2.1; +http://www.google.com/bot.html)"
157.55.39.149 - - [15/Sep/2020:06:58:28 +0200] "GET /hu/csavarok/1019-enuff-longboard-tocsavarkeszlet-csillagfeju.html HTTP/1.1" 301 380 "-" "Mozilla/5.0 (compatible; bingbot/2.0; +http://www.bing.com/bingbot.htm)"
66.249.66.134 - - [15/Sep/2020:07:01:24 +0200] "GET /en/quad-skate/1068-rio-roller-kicks-adult-quad-skate-black.html HTTP/1.1" 301 378 "-" "Mozilla/5.0 (Linux; Android 6.0.1; Nexus 5X Build/MMB29P) AppleWebKit/537.36 (KHTML, like Gecko) Chrome/85.0.4183.110 Mobile Safari/537.36 (compatible; Googlebot/2.1; +http://www.google.com/bot.html)"
207.46.13.165 - - [15/Sep/2020:07:03:43 +0200] "GET /en/cruisers/807-street-surfing-beach-board-cruiser-milky.html HTTP/1.1" 301 376 "-" "Mozilla/5.0 (compatible; bingbot/2.0; +http://www.bing.com/bingbot.htm)"
157.55.39.135 - - [15/Sep/2020:07:02:50 +0200] "GET /2590-large_default/mindless-voodoo-maji-longboard-wheel-purple.jpg HTTP/1.1" 301 381 "-" "Mozilla/5.0 (compatible; bingbot/2.0; +http://www.bing.com/bingbot.htm)"
31.46.92.79 - - [15/Sep/2020:07:03:09 +0200] "GET /hu/?fbclid=PAAaYIvrtn9Ma6-yvHmpD3APmDpQ9iAw8lQp7bnRdhj3eZqu2j7kYmnnUFEkA HTTP/1.1" 301 387 "-" "Mozilla/5.0 (iPhone; CPU iPhone OS 12_4_8 like Mac OS X) AppleWebKit/605.1.15 (KHTML, like Gecko) Mobile/15E148 Instagram 124.0.0.11.473 (iPhone7,2; iOS 12_4_8; hu_HU; hu-HU; scale=2.00; 750x1334; 192646147) NW/1"
66.249.66.132 - - [15/Sep/2020:07:06:13 +0200] "GET /en/15-grip-tapes HTTP/1.1" 301 331 "-" "Mozilla/5.0 (Linux; Android 6.0.1; Nexus 5X Build/MMB29P) AppleWebKit/537.36 (KHTML, like Gecko) Chrome/85.0.4183.110 Mobile Safari/537.36 (compatible; Googlebot/2.1; +http://www.google.com/bot.html)"
157.55.39.76 - - [15/Sep/2020:07:06:25 +0200] "GET /4235-thickbox_default/tony-hawk-540-series-skateboard-hawk-zoom.jpg HTTP/1.1" 301 382 "-" "Mozilla/5.0 (compatible; bingbot/2.0; +http://www.bing.com/bingbot.htm)"
157.55.39.76 - - [15/Sep/2020:07:06:42 +0200] "GET /hu/quad-gorkorcsolya/1365-rio-roller-script-felnott-quad-gorkorcsolya-kek.html HTTP/1.1" 301 393 "-" "Mozilla/5.0 (compatible; bingbot/2.0; +http://www.bing.com/bingbot.htm)"
157.55.39.146 - - [15/Sep/2020:07:06:10 +0200] "GET /en/cart?add=1&id_product=1887&token=dd1548e4374f499b814aa1cfc96bc198 HTTP/1.1" 301 391 "-" "Mozilla/5.0 (compatible; bingbot/2.0; +http://www.bing.com/bingbot.htm)"
188.143.111.85 - - [15/Sep/2020:07:05:34 +0200] "GET /hu/?fbclid=PAAaZEB2E4ManNmdF_yk_g2uRBj1N-9X2e0DB_0Owm2qzu1nAU9W6wW_OSbfY HTTP/1.1" 301 387 "http://instagram.com/" "Mozilla/5.0 (Linux; Android 9; Lenovo L19041 Build/PPR1.180610.011; wv) AppleWebKit/537.36 (KHTML, like Gecko) Version/4.0 Chrome/85.0.4183.101 Mobile Safari/537.36 Instagram 158.0.0.30.123 Android (28/9; 320dpi; 720x1409; Lenovo; Lenovo L19041; Lenovo_A6_Note; mt6765; hu_HU; 243646267)"
207.46.13.35 - - [15/Sep/2020:07:11:19 +0200] "GET /hu/griptapek/905-flik-grip-tape-polka-pottyok-feher-fekete.html HTTP/1.1" 301 378 "-" "Mozilla/5.0 (compatible; bingbot/2.0; +http://www.bing.com/bingbot.htm)"
37.76.119.185 - - [15/Sep/2020:07:13:07 +0200] "GET /hu/ HTTP/1.1" 301 318 "http://m.facebook.com/" "Mozilla/5.0 (Linux; Android 10; POT-LX1 Build/HUAWEIPOT-L21; wv) AppleWebKit/537.36 (KHTML, like Gecko) Version/4.0 Chrome/85.0.4183.81 Mobile Safari/537.36 [FB_IAB/FB4A;FBAV/287.0.0.50.119;]"
54.36.148.170 - - [15/Sep/2020:07:17:39 +0200] "GET /robots.txt HTTP/1.1" 301 325 "-" "Mozilla/5.0 (compatible; AhrefsBot/6.1; +http://ahrefs.com/robot/)"
188.36.83.90 - - [15/Sep/2020:07:23:40 +0200] "GET /hu/?fbclid=PAAaZVq_ydP8RRODJn20qDrwQNtH8PSf7frOhcsa2Dna0Ux5zspYBEHbGdJYc HTTP/1.1" 301 387 "-" "Mozilla/5.0 (iPhone; CPU iPhone OS 12_4_8 like Mac OS X) AppleWebKit/605.1.15 (KHTML, like Gecko) Mobile/15E148 Instagram 158.1.0.29.120 (iPhone6,2; iOS 12_4_8; hu_HU; hu-HU; scale=2.00; 640x1136; 244229785)"
66.249.66.130 - - [15/Sep/2020:07:26:13 +0200] "GET /en/skateboard/1389-steadfast-5050-skateboard-wheels-blue-pink.html?search_query=Gordeszka+Kerek&results=148 HTTP/1.1" 301 426 "-" "Mozilla/5.0 (Linux; Android 6.0.1; Nexus 5X Build/MMB29P) AppleWebKit/537.36 (KHTML, like Gecko) Chrome/85.0.4183.110 Mobile Safari/537.36 (compatible; Googlebot/2.1; +http://www.google.com/bot.html)"
193.225.193.5 - - [15/Sep/2020:07:27:05 +0200] "GET /hu/?fbclid=PAAabP26Z9uAWewO8tF-mSBgN5t6EVEsqsvpvv0m5Z8Ru5Gf8UpUPIBR3imr4 HTTP/1.1" 301 387 "http://instagram.com/" "Mozilla/5.0 (Linux; Android 8.0.0; RNE-L01 Build/HUAWEIRNE-L01; wv) AppleWebKit/537.36 (KHTML, like Gecko) Version/4.0 Chrome/85.0.4183.101 Mobile Safari/537.36 Instagram 158.0.0.30.123 Android (26/8.0.0; 480dpi; 1080x2040; HUAWEI; RNE-L01; HWRNE; hi6250; hu_HU; 243646269)"
66.249.66.130 - - [15/Sep/2020:07:29:16 +0200] "GET /3525-thickbox_default/stella-beer-runner-haze-cruiser.jpg HTTP/1.1" 301 372 "-" "Googlebot-Image/1.0"
66.249.66.130 - - [15/Sep/2020:07:29:33 +0200] "GET /en/skateboard/1389-steadfast-5050-skateboard-wheels-blue-pink.html?search_query=Gordeszka+Kerek&results=140 HTTP/1.1" 301 426 "-" "Mozilla/5.0 (Linux; Android 6.0.1; Nexus 5X Build/MMB29P) AppleWebKit/537.36 (KHTML, like Gecko) Chrome/85.0.4183.110 Mobile Safari/537.36 (compatible; Googlebot/2.1; +http://www.google.com/bot.html)"
207.46.13.35 - - [15/Sep/2020:07:29:11 +0200] "GET /en/bushings/1633-sushi-95a-skateboard-cushions-white.html HTTP/1.1" 301 372 "-" "Mozilla/5.0 (compatible; bingbot/2.0; +http://www.bing.com/bingbot.htm)"
37.76.87.177 - - [15/Sep/2020:07:36:26 +0200] "GET /hu/?fbclid=PAAabJw2wNibu6d6L_jEvydgkRUZgoNmcmNaJxnmWffZAySjqBjY38Hu_O8FY HTTP/1.1" 301 387 "-" "Mozilla/5.0 (iPhone; CPU iPhone OS 13_6_1 like Mac OS X) AppleWebKit/605.1.15 (KHTML, like Gecko) Mobile/15E148 Instagram 158.1.0.29.120 (iPhone12,1; iOS 13_6_1; hu_HU; hu-HU; scale=2.00; 828x1792; 244229785)"
195.199.250.6 - - [15/Sep/2020:07:39:38 +0200] "GET /hu/?fbclid=PAAab5R1Mp5eJguq-W1ohmTur5f03Lc4SjWr9XXSsKWm2Xw8xAU47YqNJ26m0 HTTP/1.1" 301 387 "http://instagram.com/" "Mozilla/5.0 (Linux; Android 9; Nokia 5.1 Build/PPR1.180610.011; wv) AppleWebKit/537.36 (KHTML, like Gecko) Version/4.0 Chrome/85.0.4183.101 Mobile Safari/537.36 Instagram 158.0.0.30.123 Android (28/9; 420dpi; 1080x2034; HMD Global/Nokia; Nokia 5.1; CO2N_sprout; mt6755; hu_HU; 243646269)"
188.143.49.227 - - [15/Sep/2020:07:41:07 +0200] "GET /en/29-quad-skate?gclid=Cj0KCQjwqfz6BRD8ARIsAIXQCf0OiFX_XkupCaUbVveGbIRcB17WhZQwNoqt_7G88-xGdDmBgTJR258aAuz_EALw_wcB HTTP/1.1" 301 430 "https://www.google.com/" "Mozilla/5.0 (Windows NT 10.0; Win64; x64) AppleWebKit/537.36 (KHTML, like Gecko) Chrome/85.0.4183.102 Safari/537.36"
66.249.66.134 - - [15/Sep/2020:07:42:03 +0200] "GET /en/skateboard/450-stella-mallows-skateboard-56mm-wheels-white.html HTTP/1.1" 301 381 "-" "Mozilla/5.0 (Linux; Android 6.0.1; Nexus 5X Build/MMB29P) AppleWebKit/537.36 (KHTML, like Gecko) Chrome/85.0.4183.110 Mobile Safari/537.36 (compatible; Googlebot/2.1; +http://www.google.com/bot.html)"
65.154.226.100 - - [15/Sep/2020:07:41:54 +0200] "GET /hu/?fbclid=PAAab5R1Mp5eJguq-W1ohmTur5f03Lc4SjWr9XXSsKWm2Xw8xAU47YqNJ26m0 HTTP/1.1" 301 387 "-" "Mozilla/5.0 (Windows NT 10.0; Win64; x64) AppleWebKit/537.36 (KHTML, like Gecko) Chrome/79.0.3945.79 Safari/537.36"
65.154.226.100 - - [15/Sep/2020:07:41:42 +0200] "GET /hu/?fbclid=PAAab5R1Mp5eJguq-W1ohmTur5f03Lc4SjWr9XXSsKWm2Xw8xAU47YqNJ26m0 HTTP/1.1" 301 387 "-" "Mozilla/5.0 (Windows NT 6.1; Win64; x64) AppleWebKit/537.36 (KHTML, like Gecko) Chrome/83.0.4103.61 Safari/537.36"
207.46.13.81 - - [15/Sep/2020:07:46:26 +0200] "GET /en/cart?add=1&id_product=1334&token=dd1548e4374f499b814aa1cfc96bc198 HTTP/1.1" 301 391 "-" "Mozilla/5.0 (compatible; bingbot/2.0; +http://www.bing.com/bingbot.htm)"
188.143.73.28 - - [15/Sep/2020:07:50:43 +0200] "GET /en/29-quad-skate?gclid=EAIaIQobChMIjrz767rq6wIVh_uyCh2FBgGWEAAYASAAEgII-fD_BwE HTTP/1.1" 301 393 "https://www.google.com/" "Mozilla/5.0 (Linux; Android 10; Redmi Note 7) AppleWebKit/537.36 (KHTML, like Gecko) Chrome/85.0.4183.101 Mobile Safari/537.36"
207.46.13.81 - - [15/Sep/2020:07:54:40 +0200] "GET /en/cruisers/812-d-street-polyprop-cruiser-galaxy.html HTTP/1.1" 301 368 "-" "Mozilla/5.0 (compatible; bingbot/2.0; +http://www.bing.com/bingbot.htm)"
216.145.14.142 - - [15/Sep/2020:07:59:53 +0200] "GET / HTTP/1.1" 301 315 "-" "Mozilla/5.0 (Macintosh; Intel Mac OS X 10.10; rv:59.0) Gecko/20100101 Firefox/59.0"
216.145.14.142 - - [15/Sep/2020:07:59:53 +0200] "GET /robots.txt HTTP/1.0" 301 325 "-" "Mozilla/5.0 (Macintosh; Intel Mac OS X 10.10; rv:59.0) Gecko/20100101 Firefox/59.0"
114.119.148.94 - - [15/Sep/2020:08:01:18 +0200] "GET /robots.txt HTTP/1.1" 301 325 "-" "(compatible;PetalBot;+http://aspiegel.com/petalbot)"
78.131.15.191 - - [15/Sep/2020:08:03:04 +0200] "GET /hu/?fbclid=PAAaY-b66J_btvZPmklJwiiNbUNAPzhmIcYlUEbxk1ZG0ibcJGVKjUgasUGZ0 HTTP/1.1" 301 387 "-" "Mozilla/5.0 (iPhone; CPU iPhone OS 13_7 like Mac OS X) AppleWebKit/605.1.15 (KHTML, like Gecko) Mobile/15E148 Instagram 158.1.0.29.120 (iPhone8,4; iOS 13_7; hu_DE; hu-DE; scale=2.00; 640x1136; 244229785)"
94.21.226.23 - - [15/Sep/2020:08:04:47 +0200] "GET /hu/?fbclid=PAAaZqGH6ZsSz2qQE9ABxeGo3zZn3EgtFKKhrqiaKxPxSwyv3L2sYPAbnqAYE HTTP/1.1" 301 387 "http://instagram.com/" "Mozilla/5.0 (Linux; Android 9; SM-A530F Build/PPR1.180610.011; wv) AppleWebKit/537.36 (KHTML, like Gecko) Version/4.0 Chrome/81.0.4044.138 Mobile Safari/537.36 Instagram 155.0.0.37.107 Android (28/9; 480dpi; 1080x2175; samsung; SM-A530F; jackpotlte; samsungexynos7885; en_US; 239490565)"
66.249.66.132 - - [15/Sep/2020:08:09:10 +0200] "GET /en/skateboard/1375-steadfast-gels-52mm-skateboard-wheels-blue.html HTTP/1.1" 301 381 "-" "Mozilla/5.0 (Linux; Android 6.0.1; Nexus 5X Build/MMB29P) AppleWebKit/537.36 (KHTML, like Gecko) Chrome/85.0.4183.110 Mobile Safari/537.36 (compatible; Googlebot/2.1; +http://www.google.com/bot.html)"
66.249.66.132 - - [15/Sep/2020:08:08:54 +0200] "GET /robots.txt HTTP/1.1" 301 325 "-" "Mozilla/5.0 (compatible; Googlebot/2.1; +http://www.google.com/bot.html)"
66.249.66.132 - - [15/Sep/2020:08:08:55 +0200] "GET /2744-home_default/ram-shortboard-okun-evening-sand.jpg HTTP/1.1" 301 369 "-" "Googlebot-Image/1.0"
40.117.213.15 - - [15/Sep/2020:08:09:13 +0200] "GET / HTTP/1.1" 301 315 "-" "Mozilla/5.0 (Windows NT 10.0; Win64; x64) AppleWebKit/537.36 (KHTML, like Gecko) Chrome/58.0.3029.110 Safari/537.36 Edge/16.16299"
207.46.13.35 - - [15/Sep/2020:08:12:40 +0200] "GET /en/cart?add=1&id_product=1606&token=dd1548e4374f499b814aa1cfc96bc198 HTTP/1.1" 301 391 "-" "Mozilla/5.0 (compatible; bingbot/2.0; +http://www.bing.com/bingbot.htm)"
89.223.196.165 - - [15/Sep/2020:08:13:36 +0200] "GET / HTTP/1.1" 301 315 "-" "Mozilla/5.0 (iPhone; CPU iPhone OS 13_4_1 like Mac OS X) AppleWebKit/605.1.15 (KHTML, like Gecko) Version/13.1 Mobile/15E148 Safari/604.1"
157.55.39.76 - - [15/Sep/2020:08:13:49 +0200] "GET /2821-large_default/enuff-99a-gordeszka-gumipogacsa-fekete.jpg HTTP/1.1" 301 376 "-" "Mozilla/5.0 (compatible; bingbot/2.0; +http://www.bing.com/bingbot.htm)"
207.46.13.35 - - [15/Sep/2020:08:16:32 +0200] "GET /en/cruisers/483-stella-putzer-complete-board-black.html HTTP/1.1" 301 370 "-" "Mozilla/5.0 (compatible; bingbot/2.0; +http://www.bing.com/bingbot.htm)"
66.249.66.130 - - [15/Sep/2020:08:18:11 +0200] "GET /en/longboards/1186-mindless-voodoo-hamu-41-longboard.html HTTP/1.1" 301 372 "-" "Mozilla/5.0 (Linux; Android 6.0.1; Nexus 5X Build/MMB29P) AppleWebKit/537.36 (KHTML, like Gecko) Chrome/85.0.4183.110 Mobile Safari/537.36 (compatible; Googlebot/2.1; +http://www.google.com/bot.html)"
40.77.167.30 - - [15/Sep/2020:08:19:14 +0200] "GET /4346-cart_default/street-surfing-longboard-streaming.jpg HTTP/1.1" 301 371 "-" "Mozilla/5.0 (compatible; bingbot/2.0; +http://www.bing.com/bingbot.htm)"
40.77.167.30 - - [15/Sep/2020:08:21:41 +0200] "GET /en/decks/1715-enuff-now-we-re-cooking-8-deck.html HTTP/1.1" 301 364 "-" "Mozilla/5.0 (compatible; bingbot/2.0; +http://www.bing.com/bingbot.htm)"
66.249.66.130 - - [15/Sep/2020:08:24:54 +0200] "GET /en/trucks/733-aob-prime-skateboard-trucks-black.html HTTP/1.1" 301 367 "-" "Mozilla/5.0 (compatible; Googlebot/2.1; +http://www.google.com/bot.html)"
207.46.13.35 - - [15/Sep/2020:08:29:33 +0200] "GET /4027-large_default/rio-roller-leopard-adult-quad-skate-teal.jpg HTTP/1.1" 301 378 "-" "Mozilla/5.0 (compatible; bingbot/2.0; +http://www.bing.com/bingbot.htm)"
40.77.167.30 - - [15/Sep/2020:08:29:51 +0200] "GET /hu/terd-konyok-bokavedo/1471-harsh-pro-park-konyokvedo.html HTTP/1.1" 301 374 "-" "Mozilla/5.0 (compatible; bingbot/2.0; +http://www.bing.com/bingbot.htm)"
207.46.13.81 - - [15/Sep/2020:08:31:47 +0200] "GET /hu/cart?add=1&id_product=1534&token=dd1548e4374f499b814aa1cfc96bc198 HTTP/1.1" 301 391 "-" "Mozilla/5.0 (compatible; bingbot/2.0; +http://www.bing.com/bingbot.htm)"
54.236.1.11 - - [15/Sep/2020:08:35:05 +0200] "GET /favicon.ico HTTP/1.1" 301 326 "-" "Mozilla/5.0 (compatible; Pinterestbot/1.0; +http://www.pinterest.com/bot.html)"
54.236.1.11 - - [15/Sep/2020:08:35:07 +0200] "GET /apple-touch-icon.png HTTP/1.1" 301 335 "-" "Mozilla/5.0 (compatible; Pinterestbot/1.0; +http://www.pinterest.com/bot.html)"
54.236.1.11 - - [15/Sep/2020:08:34:34 +0200] "GET /robots.txt HTTP/1.1" 301 325 "-" "Mozilla/5.0 (compatible; Pinterestbot/1.0; +http://www.pinterest.com/bot.html)"
54.236.1.11 - - [15/Sep/2020:08:34:35 +0200] "GET /hu/quad-gorkorcsolya/755-rio-roller-pure-felnott-quad-gorkorcsolya-kek-arany.html HTTP/1.1" 301 396 "-" "Mozilla/5.0 (compatible; Pinterestbot/1.0; +http://www.pinterest.com/bot.html)"
66.249.66.130 - - [15/Sep/2020:08:36:03 +0200] "GET /en/helmets/1543-rio-roller-script-helmet-pink.html?search_query=sfr&results=26 HTTP/1.1" 301 397 "-" "Mozilla/5.0 (Linux; Android 6.0.1; Nexus 5X Build/MMB29P) AppleWebKit/537.36 (KHTML, like Gecko) Chrome/85.0.4183.97 Mobile Safari/537.36 (compatible; Googlebot/2.1; +http://www.google.com/bot.html)"
94.44.106.81 - - [15/Sep/2020:08:39:37 +0200] "GET / HTTP/1.1" 301 315 "-" "Mozilla/5.0 (iPhone; CPU iPhone OS 13_6 like Mac OS X) AppleWebKit/605.1.15 (KHTML, like Gecko) Version/13.1.2 Mobile/15E148 Safari/604.1"
66.249.66.130 - - [15/Sep/2020:08:41:26 +0200] "GET /456-home_default/tony-hawk-775-gordeszka-hawk-head-kek.jpg HTTP/1.1" 301 373 "-" "Googlebot-Image/1.0"
66.249.66.130 - - [15/Sep/2020:08:41:27 +0200] "GET /456-home_default/tony-hawk-775-gordeszka-hawk-head-kek.jpg HTTP/1.1" 301 373 "-" "Googlebot-Image/1.0"
66.249.66.130 - - [15/Sep/2020:08:40:47 +0200] "GET /315-large_default/flik-grip-tape-fonott-szurke-logo.jpg HTTP/1.1" 301 370 "-" "Googlebot-Image/1.0"
66.249.66.130 - - [15/Sep/2020:08:40:49 +0200] "GET /2481-large_default/mindless-rk-longboard-felfuggesztes-raw-.jpg HTTP/1.1" 301 378 "-" "Googlebot-Image/1.0"
66.249.66.130 - - [15/Sep/2020:08:40:50 +0200] "GET /315-large_default/flik-grip-tape-fonott-szurke-logo.jpg HTTP/1.1" 301 370 "-" "Googlebot-Image/1.0"
66.249.66.130 - - [15/Sep/2020:08:40:51 +0200] "GET /2481-large_default/mindless-rk-longboard-felfuggesztes-raw-.jpg HTTP/1.1" 301 378 "-" "Googlebot-Image/1.0"
66.249.66.132 - - [15/Sep/2020:08:42:33 +0200] "GET /3106-large_default/pro-tec-full-cut-helmet-matt-grey.jpg HTTP/1.1" 301 371 "-" "Googlebot-Image/1.0"
66.249.66.132 - - [15/Sep/2020:08:42:11 +0200] "GET /451-large_default/tony-hawk-775-skateboard-full-hawk-white.jpg HTTP/1.1" 301 377 "-" "Googlebot-Image/1.0"
66.249.66.132 - - [15/Sep/2020:08:42:11 +0200] "GET /451-large_default/tony-hawk-775-skateboard-full-hawk-white.jpg HTTP/1.1" 301 377 "-" "Googlebot-Image/1.0"
66.249.66.130 - - [15/Sep/2020:08:41:05 +0200] "GET /257-large_default/enuff-logo-gordeszka-rasta.jpg HTTP/1.1" 301 363 "-" "Googlebot-Image/1.0"
207.46.13.165 - - [15/Sep/2020:08:43:46 +0200] "GET /en/quad-skate/1197-sfr-vision-ii-lights-kids-quad-skate.html HTTP/1.1" 301 375 "-" "Mozilla/5.0 (compatible; bingbot/2.0; +http://www.bing.com/bingbot.htm)"
157.55.39.76 - - [15/Sep/2020:08:48:58 +0200] "GET /hu/fuggok/334-peril-anodized-gordeszka-felfuggesztes-lila.html HTTP/1.1" 301 377 "-" "Mozilla/5.0 (compatible; bingbot/2.0; +http://www.bing.com/bingbot.htm)"
40.77.167.30 - - [15/Sep/2020:08:46:15 +0200] "GET /hu/gordeszka/159-enuff-corelites-gordeszka-kerekek-feherkek.html HTTP/1.1" 301 379 "-" "Mozilla/5.0 (compatible; bingbot/2.0; +http://www.bing.com/bingbot.htm)"
66.249.66.132 - - [15/Sep/2020:08:49:48 +0200] "GET /en/cruisers-short-boards/681-d-street-polyprop-cruiser-high.html HTTP/1.1" 301 379 "-" "Mozilla/5.0 (Linux; Android 6.0.1; Nexus 5X Build/MMB29P) AppleWebKit/537.36 (KHTML, like Gecko) Chrome/85.0.4183.110 Mobile Safari/537.36 (compatible; Googlebot/2.1; +http://www.google.com/bot.html)"
37.76.100.79 - - [15/Sep/2020:08:50:30 +0200] "GET / HTTP/1.1" 301 315 "-" "Mozilla/5.0 (iPhone; CPU iPhone OS 13_6_1 like Mac OS X) AppleWebKit/605.1.15 (KHTML, like Gecko) Version/13.1.2 Mobile/15E148 Safari/604.1"
66.249.66.132 - - [15/Sep/2020:08:52:32 +0200] "GET /en/others/129-mindless-voodoo-juju-83a-longboard-bushings-green.html HTTP/1.1" 301 383 "-" "Mozilla/5.0 (Linux; Android 6.0.1; Nexus 5X Build/MMB29P) AppleWebKit/537.36 (KHTML, like Gecko) Chrome/85.0.4183.97 Mobile Safari/537.36 (compatible; Googlebot/2.1; +http://www.google.com/bot.html)"
66.249.66.130 - - [15/Sep/2020:08:53:14 +0200] "GET /img/deszk%C3%A1khu-logo-1431408344.jpg HTTP/1.1" 301 353 "-" "Googlebot-Image/1.0"
157.55.39.149 - - [15/Sep/2020:08:54:32 +0200] "GET /hu/griptapek/213-flik-grip-tape-neon-zold.html HTTP/1.1" 301 361 "-" "Mozilla/5.0 (compatible; bingbot/2.0; +http://www.bing.com/bingbot.htm)"
157.55.39.146 - - [15/Sep/2020:08:56:26 +0200] "GET /1838-thickbox_default/area-kiddies-little-monster-4-gordeszka.jpg HTTP/1.1" 301 380 "-" "Mozilla/5.0 (compatible; bingbot/2.0; +http://www.bing.com/bingbot.htm)"
207.46.13.35 - - [15/Sep/2020:08:58:50 +0200] "GET /en/bolts-and-nuts/141-enuff-longboard-bolt-set-1.html HTTP/1.1" 301 368 "-" "Mozilla/5.0 (compatible; bingbot/2.0; +http://www.bing.com/bingbot.htm)"
109.169.15.85 - - [15/Sep/2020:08:59:22 +0200] "GET / HTTP/1.1" 301 315 "-" "Foregenix Web Scan 1.100000 (www.foregenix.com/scan)"
109.169.15.85 - - [15/Sep/2020:08:59:27 +0200] "GET /js/css.js HTTP/1.1" 500 - "http://deszkak.hu/js/css.js" "Foregenix Web Scan 1.100000 (www.foregenix.com/scan)"
109.169.15.85 - - [15/Sep/2020:08:59:22 +0200] "GET /magento_version HTTP/1.1" 301 330 "http://deszkak.hu/magento_version" "Foregenix Web Scan 1.100000 (www.foregenix.com/scan)"
109.169.15.85 - - [15/Sep/2020:08:59:22 +0200] "GET /wp-includes/wlwmanifest.xml HTTP/1.1" 301 342 "http://deszkak.hu/wp-includes/wlwmanifest.xml" "Foregenix Web Scan 1.100000 (www.foregenix.com/scan)"
109.169.15.85 - - [15/Sep/2020:08:59:23 +0200] "GET /wp-admin HTTP/1.1" 301 323 "http://deszkak.hu/wp-admin" "Foregenix Web Scan 1.100000 (www.foregenix.com/scan)"
109.169.15.85 - - [15/Sep/2020:08:59:23 +0200] "GET /feed/ HTTP/1.1" 301 320 "http://deszkak.hu/feed/" "Foregenix Web Scan 1.100000 (www.foregenix.com/scan)"
109.169.15.85 - - [15/Sep/2020:08:59:23 +0200] "GET /images/wlw/wp-icon.png HTTP/1.1" 301 337 "http://deszkak.hu/images/wlw/wp-icon.png" "Foregenix Web Scan 1.100000 (www.foregenix.com/scan)"
109.169.15.85 - - [15/Sep/2020:08:59:24 +0200] "GET /static/admin/css/base.css HTTP/1.1" 301 340 "http://deszkak.hu/static/admin/css/base.css" "Foregenix Web Scan 1.100000 (www.foregenix.com/scan)"
109.169.15.85 - - [15/Sep/2020:08:59:24 +0200] "GET /CHANGELOG.txt HTTP/1.1" 301 328 "http://deszkak.hu/CHANGELOG.txt" "Foregenix Web Scan 1.100000 (www.foregenix.com/scan)"
109.169.15.85 - - [15/Sep/2020:08:59:24 +0200] "GET /core/CHANGELOG.txt HTTP/1.1" 301 333 "http://deszkak.hu/core/CHANGELOG.txt" "Foregenix Web Scan 1.100000 (www.foregenix.com/scan)"
109.169.15.85 - - [15/Sep/2020:08:59:25 +0200] "GET /a/j/volusion.js HTTP/1.1" 301 330 "http://deszkak.hu/a/j/volusion.js" "Foregenix Web Scan 1.100000 (www.foregenix.com/scan)"
109.169.15.85 - - [15/Sep/2020:08:59:25 +0200] "GET /INSTALL.txt HTTP/1.1" 301 326 "http://deszkak.hu/INSTALL.txt" "Foregenix Web Scan 1.100000 (www.foregenix.com/scan)"
109.169.15.85 - - [15/Sep/2020:08:59:25 +0200] "GET /catalog/view/theme/default/stylesheet/stylesheet.css HTTP/1.1" 301 367 "http://deszkak.hu/catalog/view/theme/default/stylesheet/stylesheet.css" "Foregenix Web Scan 1.100000 (www.foregenix.com/scan)"
109.169.15.85 - - [15/Sep/2020:08:59:26 +0200] "GET /order/catalog/view/theme/default/stylesheet/stylesheet.css HTTP/1.1" 301 373 "http://deszkak.hu/order/catalog/view/theme/default/stylesheet/stylesheet.css" "Foregenix Web Scan 1.100000 (www.foregenix.com/scan)"
109.169.15.85 - - [15/Sep/2020:08:59:26 +0200] "GET /catalog/view/javascript/common.js HTTP/1.1" 301 348 "http://deszkak.hu/catalog/view/javascript/common.js" "Foregenix Web Scan 1.100000 (www.foregenix.com/scan)"
109.169.15.85 - - [15/Sep/2020:08:59:26 +0200] "GET /README.md HTTP/1.1" 301 324 "http://deszkak.hu/README.md" "Foregenix Web Scan 1.100000 (www.foregenix.com/scan)"
109.169.15.85 - - [15/Sep/2020:08:59:27 +0200] "GET /js/eccube.js HTTP/1.1" 500 - "http://deszkak.hu/js/eccube.js" "Foregenix Web Scan 1.100000 (www.foregenix.com/scan)"
109.169.15.85 - - [15/Sep/2020:08:59:32 +0200] "GET /user_data/packages/default/img/common/favicon.ico HTTP/1.1" 301 364 "http://deszkak.hu/user_data/packages/default/img/common/favicon.ico" "Foregenix Web Scan 1.100000 (www.foregenix.com/scan)"
109.169.15.85 - - [15/Sep/2020:08:59:34 +0200] "GET /administrator/manifests/files/joomla.xml HTTP/1.1" 301 355 "http://deszkak.hu/administrator/manifests/files/joomla.xml" "Foregenix Web Scan 1.100000 (www.foregenix.com/scan)"
109.169.15.85 - - [15/Sep/2020:08:59:28 +0200] "GET /js/locale.js HTTP/1.1" 500 - "http://deszkak.hu/js/locale.js" "Foregenix Web Scan 1.100000 (www.foregenix.com/scan)"
109.169.15.85 - - [15/Sep/2020:08:59:28 +0200] "GET /js/site.js HTTP/1.1" 500 - "http://deszkak.hu/js/site.js" "Foregenix Web Scan 1.100000 (www.foregenix.com/scan)"
109.169.15.85 - - [15/Sep/2020:08:59:27 +0200] "GET /js/eccube.legacy.js HTTP/1.1" 500 - "http://deszkak.hu/js/eccube.legacy.js" "Foregenix Web Scan 1.100000 (www.foregenix.com/scan)"
109.169.15.85 - - [15/Sep/2020:08:59:17 +0200] "GET /robots.txt HTTP/1.1" 301 325 "http://deszkak.hu/robots.txt" "Foregenix Web Scan 1.100000 (www.foregenix.com/scan)"
109.169.15.85 - - [15/Sep/2020:08:59:19 +0200] "GET / HTTP/1.1" 301 315 "http://deszkak.hu/" "Foregenix Web Scan 1.100000 (www.foregenix.com/scan)"
109.169.15.85 - - [15/Sep/2020:08:59:21 +0200] "GET /js/varien/js.js HTTP/1.1" 500 - "http://deszkak.hu/js/varien/js.js" "Foregenix Web Scan 1.100000 (www.foregenix.com/scan)"
109.169.15.85 - - [15/Sep/2020:08:59:27 +0200] "GET /js/win_op.js HTTP/1.1" 500 - "http://deszkak.hu/js/win_op.js" "Foregenix Web Scan 1.100000 (www.foregenix.com/scan)"
109.169.15.85 - - [15/Sep/2020:08:59:27 +0200] "GET /js/navi.js HTTP/1.1" 500 - "http://deszkak.hu/js/navi.js" "Foregenix Web Scan 1.100000 (www.foregenix.com/scan)"
109.169.15.85 - - [15/Sep/2020:08:59:28 +0200] "GET /admin/ HTTP/1.1" 301 321 "http://deszkak.hu/admin/" "Foregenix Web Scan 1.100000 (www.foregenix.com/scan)"
109.169.15.85 - - [15/Sep/2020:08:59:28 +0200] "GET /user_data/css/common.css HTTP/1.1" 301 339 "http://deszkak.hu/user_data/css/common.css" "Foregenix Web Scan 1.100000 (www.foregenix.com/scan)"
109.169.15.85 - - [15/Sep/2020:08:59:29 +0200] "GET /template/admin/assets/img/logo2.png HTTP/1.1" 301 350 "http://deszkak.hu/template/admin/assets/img/logo2.png" "Foregenix Web Scan 1.100000 (www.foregenix.com/scan)"
66.249.66.132 - - [15/Sep/2020:09:03:21 +0200] "GET /en/cruisers-short-boards/1850-penny-27-cruiser-gunmetal-red.html HTTP/1.1" 301 379 "-" "Mozilla/5.0 (Linux; Android 6.0.1; Nexus 5X Build/MMB29P) AppleWebKit/537.36 (KHTML, like Gecko) Chrome/85.0.4183.110 Mobile Safari/537.36 (compatible; Googlebot/2.1; +http://www.google.com/bot.html)"
66.249.66.134 - - [15/Sep/2020:09:03:21 +0200] "GET /robots.txt HTTP/1.1" 301 325 "-" "Mozilla/5.0 (compatible; Googlebot/2.1; +http://www.google.com/bot.html)"
157.55.39.19 - - [15/Sep/2020:09:07:17 +0200] "GET /robots.txt HTTP/1.1" 301 325 "-" "Mozilla/5.0 (compatible; bingbot/2.0; +http://www.bing.com/bingbot.htm)"
114.119.136.249 - - [15/Sep/2020:09:08:25 +0200] "GET /robots.txt HTTP/1.1" 301 325 "-" "(compatible;PetalBot;+http://aspiegel.com/petalbot)"
66.249.66.130 - - [15/Sep/2020:09:14:33 +0200] "GET /en/15-grip-tapes HTTP/1.1" 301 331 "-" "Mozilla/5.0 (Linux; Android 6.0.1; Nexus 5X Build/MMB29P) AppleWebKit/537.36 (KHTML, like Gecko) Chrome/85.0.4183.110 Mobile Safari/537.36 (compatible; Googlebot/2.1; +http://www.google.com/bot.html)"
188.127.152.117 - - [15/Sep/2020:09:17:00 +0200] "GET / HTTP/1.1" 301 315 "-" "Mozilla/5.0 (iPhone; CPU iPhone OS 13_3_1 like Mac OS X) AppleWebKit/605.1.15 (KHTML, like Gecko) Version/13.0.5 Mobile/15E148 Safari/604.1"
207.46.13.35 - - [15/Sep/2020:09:20:47 +0200] "GET /965-home_default/ram-longboard-darga-faded-bay.jpg HTTP/1.1" 301 365 "-" "Mozilla/5.0 (compatible; bingbot/2.0; +http://www.bing.com/bingbot.htm)"
157.55.39.76 - - [15/Sep/2020:09:23:58 +0200] "GET /3379-home_default/d-street-compass-pintail-longboard.jpg HTTP/1.1" 301 371 "-" "Mozilla/5.0 (compatible; bingbot/2.0; +http://www.bing.com/bingbot.htm)"
66.249.66.130 - - [15/Sep/2020:09:25:56 +0200] "GET /en/skateboards/1675-rocket-twin-fade-skateboard-yellow-purple.html HTTP/1.1" 301 381 "-" "Mozilla/5.0 (Linux; Android 6.0.1; Nexus 5X Build/MMB29P) AppleWebKit/537.36 (KHTML, like Gecko) Chrome/85.0.4183.110 Mobile Safari/537.36 (compatible; Googlebot/2.1; +http://www.google.com/bot.html)"
164.132.222.75 - - [15/Sep/2020:09:29:17 +0200] "GET / HTTP/1.1" 301 315 "-" "Mozilla/5.0 (Macintosh; Intel Mac OS X 10_10_1) AppleWebKit/537.36 (KHTML, like Gecko) Chrome/41.0.2227.1 Safari/537.36"
66.249.66.132 - - [15/Sep/2020:09:34:33 +0200] "GET /1320-thickbox_default/enuff-skateboard-shock-pad-red.jpg HTTP/1.1" 301 371 "-" "Googlebot-Image/1.0"
66.249.66.130 - - [15/Sep/2020:09:39:29 +0200] "GET /en/longboards/1167-mindless-raider-iv-longboard-green-yelow.html HTTP/1.1" 301 379 "-" "Mozilla/5.0 (Linux; Android 6.0.1; Nexus 5X Build/MMB29P) AppleWebKit/537.36 (KHTML, like Gecko) Chrome/85.0.4183.110 Mobile Safari/537.36 (compatible; Googlebot/2.1; +http://www.google.com/bot.html)"
31.13.103.16 - - [15/Sep/2020:09:38:07 +0200] "GET /hu/12-gordeszkak HTTP/1.1" 301 331 "-" "facebookexternalhit/1.1 (+http://www.facebook.com/externalhit_uatext.php)"
213.192.80.35 - - [15/Sep/2020:09:47:00 +0200] "GET /2378/enuff-bearings-swiss-abec-9.jpg HTTP/1.1" 301 351 "-" "Mozilla/5.0 (Windows NT 10.0; Win64; x64; rv:80.0) Gecko/20100101 Firefox/80.0"
31.46.252.68 - - [15/Sep/2020:09:49:18 +0200] "GET /hu/32-wave-board?gclid=CjwKCAjwzIH7BRAbEiwAoDxxToRD0InnSxjVV8Xr1ZlvbSdMPDIoa3viy9e9qKgVHeh5D9pW7xQj1RoCNCUQAvD_BwE HTTP/1.1" 301 429 "https://www.google.com/" "Mozilla/5.0 (Windows NT 6.1) AppleWebKit/537.36 (KHTML, like Gecko) Chrome/85.0.4183.102 Safari/537.36"
207.46.13.81 - - [15/Sep/2020:09:52:19 +0200] "GET /4237-thickbox_default/tony-hawk-540-series-gordeszka-hawk-zoom.jpg HTTP/1.1" 301 381 "-" "Mozilla/5.0 (compatible; bingbot/2.0; +http://www.bing.com/bingbot.htm)"
207.46.13.81 - - [15/Sep/2020:09:52:20 +0200] "GET /1299-large_default/enuff-skateboard-trucks-rasta.jpg HTTP/1.1" 301 367 "-" "Mozilla/5.0 (compatible; bingbot/2.0; +http://www.bing.com/bingbot.htm)"
207.46.13.81 - - [15/Sep/2020:09:52:15 +0200] "GET /en/decks/1743-acid-drop-glory-hole-8-deck.html HTTP/1.1" 301 361 "-" "Mozilla/5.0 (compatible; bingbot/2.0; +http://www.bing.com/bingbot.htm)"
66.249.66.130 - - [15/Sep/2020:10:02:04 +0200] "GET /robots.txt HTTP/1.1" 301 325 "-" "Mozilla/5.0 (compatible; Googlebot/2.1; +http://www.google.com/bot.html)"
66.249.66.134 - - [15/Sep/2020:10:02:04 +0200] "GET /en/grip-tapes/1729-flik-glow-in-the-dark-smile-grip-tape-green.html HTTP/1.1" 301 382 "-" "Mozilla/5.0 (Linux; Android 6.0.1; Nexus 5X Build/MMB29P) AppleWebKit/537.36 (KHTML, like Gecko) Chrome/85.0.4183.110 Mobile Safari/537.36 (compatible; Googlebot/2.1; +http://www.google.com/bot.html)"
195.199.223.133 - - [15/Sep/2020:10:05:03 +0200] "GET /hu/?fbclid=PAAaaXkN4FG-Mt_iJbDkLJbbFn-A8yCi7hZqJSMhi1AVN-MBrXLYD2mI8Ziz0 HTTP/1.1" 301 387 "-" "Mozilla/5.0 (iPhone; CPU iPhone OS 13_6_1 like Mac OS X) AppleWebKit/605.1.15 (KHTML, like Gecko) Mobile/15E148 Instagram 155.0.0.26.107 (iPhone9,3; iOS 13_6_1; hu_HU; hu-HU; scale=2.00; 750x1334; 238897012)"
171.19.1.50 - - [15/Sep/2020:10:08:31 +0200] "GET /hu/32-wave-board?gclid=CjwKCAjwzIH7BRAbEiwAoDxxThYQTsuRDgoDCfWUJ4nfXXscVn3qVLv_qzdlVDB0DWhonUaX0pFnrRoC7h8QAvD_BwE HTTP/1.1" 301 429 "-" "Mozilla/5.0 (iPhone; CPU iPhone OS 13_7 like Mac OS X) AppleWebKit/605.1.15 (KHTML, like Gecko) Version/13.1.2 Mobile/15E148 Safari/604.1"
114.119.145.151 - - [15/Sep/2020:10:16:45 +0200] "GET /robots.txt HTTP/1.1" 301 325 "-" "(compatible;PetalBot;+http://aspiegel.com/petalbot)"
66.249.66.130 - - [15/Sep/2020:10:23:01 +0200] "GET /en/others/129-mindless-voodoo-juju-83a-longboard-bushings-green.html HTTP/1.1" 301 383 "-" "Mozilla/5.0 (compatible; Googlebot/2.1; +http://www.google.com/bot.html)"
157.55.39.19 - - [15/Sep/2020:10:26:51 +0200] "GET /robots.txt HTTP/1.1" 301 325 "-" "Mozilla/5.0 (compatible; bingbot/2.0; +http://www.bing.com/bingbot.htm)"
157.55.39.146 - - [15/Sep/2020:10:29:51 +0200] "GET /4578-small_default/mindless-core-cruiser.jpg HTTP/1.1" 301 359 "-" "Mozilla/5.0 (compatible; bingbot/2.0; +http://www.bing.com/bingbot.htm)"
178.48.109.26 - - [15/Sep/2020:10:31:11 +0200] "GET / HTTP/1.1" 301 315 "-" "Mozilla/5.0 (Linux; Android 8.0.0; SM-A520F) AppleWebKit/537.36 (KHTML, like Gecko) Chrome/85.0.4183.101 Mobile Safari/537.36"
66.249.66.130 - - [15/Sep/2020:10:30:57 +0200] "GET /en/order HTTP/1.1" 301 323 "-" "Mozilla/5.0 (Linux; Android 6.0.1; Nexus 5X Build/MMB29P) AppleWebKit/537.36 (KHTML, like Gecko) Chrome/85.0.4183.110 Mobile Safari/537.36 (compatible; Googlebot/2.1; +http://www.google.com/bot.html)"
66.249.66.130 - - [15/Sep/2020:10:33:41 +0200] "GET /en/longboard/516-mindless-voodoo-kabila-longboard-wheel-purple.html HTTP/1.1" 301 382 "-" "Mozilla/5.0 (Linux; Android 6.0.1; Nexus 5X Build/MMB29P) AppleWebKit/537.36 (KHTML, like Gecko) Chrome/85.0.4183.110 Mobile Safari/537.36 (compatible; Googlebot/2.1; +http://www.google.com/bot.html)"
66.220.149.9 - - [15/Sep/2020:10:34:00 +0200] "GET /?fbclid=IwAR2J_H5y4BTfXEdFXXiU2ztfwwf8M3W0trRqM8Nwb3L0KbFubMCbQfug9aA HTTP/1.1" 301 384 "-" "Mozilla/5.0 (Windows NT 10.0; Win64; x64) AppleWebKit/537.36 (KHTML, like Gecko) Chrome/76.0.3809.87 Safari/537.36"
40.77.167.238 - - [15/Sep/2020:10:35:45 +0200] "GET /hu/fuggok/358-peril-szeles-gordeszka-felfuggesztes-fekete.html HTTP/1.1" 301 377 "-" "Mozilla/5.0 (compatible; bingbot/2.0; +http://www.bing.com/bingbot.htm)"
89.134.237.233 - - [15/Sep/2020:10:37:40 +0200] "GET /hu/?fbclid=PAAaaKhgXXK_xAvJaJ0cKFW91JLNgdBSv32MTziSTi85IxkhEPH4BgBFzwQBE HTTP/1.1" 301 387 "-" "Mozilla/5.0 (iPhone; CPU iPhone OS 13_7 like Mac OS X) AppleWebKit/605.1.15 (KHTML, like Gecko) Mobile/15E148 Instagram 158.1.0.29.120 (iPhone9,3; iOS 13_7; hu_HU; hu-HU; scale=2.00; 750x1334; 244229785)"
157.55.39.146 - - [15/Sep/2020:10:38:25 +0200] "GET /1888-thickbox_default/street-surfing-beach-board-cruiser-ocean-breeze.jpg HTTP/1.1" 301 388 "-" "Mozilla/5.0 (compatible; bingbot/2.0; +http://www.bing.com/bingbot.htm)"
157.55.39.149 - - [15/Sep/2020:10:43:32 +0200] "GET /en/cart?add=1&id_product=458&token=dd1548e4374f499b814aa1cfc96bc198 HTTP/1.1" 301 390 "-" "Mozilla/5.0 (compatible; bingbot/2.0; +http://www.bing.com/bingbot.htm)"
