89.132.225.94 - - [07/Sep/2020:11:55:01 +0200] "GET /admin16011/index.php?controller=AdminProducts&token=cc5d77c07f2ad4745a2f17a7db1e8686&id_product=1149&action=Attachments&updateproduct&ajax=1&rand=1599472501720&_=1599472491000 HTTP/1.1" 200 9132 "http://www.deszkak.hu/admin16011/index.php?controller=AdminProducts&id_product=1149&updateproduct&token=cc5d77c07f2ad4745a2f17a7db1e8686" "Mozilla/5.0 (Windows NT 6.1; Win64; x64) AppleWebKit/537.36 (KHTML, like Gecko) Chrome/84.0.4147.135 Safari/537.36"
89.132.225.94 - - [07/Sep/2020:11:55:02 +0200] "GET /admin16011/index.php?controller=AdminProducts&token=cc5d77c07f2ad4745a2f17a7db1e8686&id_product=1149&action=Suppliers&updateproduct&ajax=1&rand=1599472502485&_=1599472491001 HTTP/1.1" 200 2884 "http://www.deszkak.hu/admin16011/index.php?controller=AdminProducts&id_product=1149&updateproduct&token=cc5d77c07f2ad4745a2f17a7db1e8686" "Mozilla/5.0 (Windows NT 6.1; Win64; x64) AppleWebKit/537.36 (KHTML, like Gecko) Chrome/84.0.4147.135 Safari/537.36"
89.132.225.94 - - [07/Sep/2020:11:54:56 +0200] "GET /admin16011/ajax-tab.php?ajaxProductManufacturers=1&ajax=1&token=cc5d77c07f2ad4745a2f17a7db1e8686&controller=AdminProducts&action=productManufacturers&_=1599472490993 HTTP/1.1" 200 3660 "http://www.deszkak.hu/admin16011/index.php?controller=AdminProducts&id_product=1149&updateproduct&token=cc5d77c07f2ad4745a2f17a7db1e8686" "Mozilla/5.0 (Windows NT 6.1; Win64; x64) AppleWebKit/537.36 (KHTML, like Gecko) Chrome/84.0.4147.135 Safari/537.36"
89.132.225.94 - - [07/Sep/2020:11:54:58 +0200] "GET /img/p/7/5/3/9/7539-small_default.jpg HTTP/1.1" 200 2785 "http://www.deszkak.hu/admin16011/index.php?controller=AdminProducts&id_product=1149&updateproduct&token=cc5d77c07f2ad4745a2f17a7db1e8686" "Mozilla/5.0 (Windows NT 6.1; Win64; x64) AppleWebKit/537.36 (KHTML, like Gecko) Chrome/84.0.4147.135 Safari/537.36"
89.132.225.94 - - [07/Sep/2020:11:54:27 +0200] "POST /admin16011/index.php?controller=AdminGamification&token=a365fd1a059bd9034feefbbfe8a8aacd HTTP/1.1" 200 5221 "http://www.deszkak.hu/admin16011/index.php?controller=AdminProducts&token=cc5d77c07f2ad4745a2f17a7db1e8686" "Mozilla/5.0 (Windows NT 6.1; Win64; x64) AppleWebKit/537.36 (KHTML, like Gecko) Chrome/84.0.4147.135 Safari/537.36"
89.132.225.94 - - [07/Sep/2020:11:54:36 +0200] "GET /img/tmp/product_mini_272_1.jpg?time=1599472475 HTTP/1.1" 200 1497 "http://www.deszkak.hu/admin16011/index.php?controller=AdminProducts&token=cc5d77c07f2ad4745a2f17a7db1e8686" "Mozilla/5.0 (Windows NT 6.1; Win64; x64) AppleWebKit/537.36 (KHTML, like Gecko) Chrome/84.0.4147.135 Safari/537.36"
89.132.225.94 - - [07/Sep/2020:11:54:36 +0200] "GET /img/tmp/product_mini_1149_1.jpg?time=1599472475 HTTP/1.1" 200 1652 "http://www.deszkak.hu/admin16011/index.php?controller=AdminProducts&token=cc5d77c07f2ad4745a2f17a7db1e8686" "Mozilla/5.0 (Windows NT 6.1; Win64; x64) AppleWebKit/537.36 (KHTML, like Gecko) Chrome/84.0.4147.135 Safari/537.36"
89.132.225.94 - - [07/Sep/2020:11:54:36 +0200] "GET /img/tmp/product_mini_2579_1.jpg?time=1599472475 HTTP/1.1" 200 1646 "http://www.deszkak.hu/admin16011/index.php?controller=AdminProducts&token=cc5d77c07f2ad4745a2f17a7db1e8686" "Mozilla/5.0 (Windows NT 6.1; Win64; x64) AppleWebKit/537.36 (KHTML, like Gecko) Chrome/84.0.4147.135 Safari/537.36"
89.132.225.94 - - [07/Sep/2020:11:54:36 +0200] "GET /admin16011/index.php?controller=AdminStats&token=1a8bbf5023df7ad1ba3f0dc5a9849771&ajax=1&action=getKpi&kpi=percent_product_out_of_stock&rand=1599472477026&_=1599472476722 HTTP/1.1" 200 18 "http://www.deszkak.hu/admin16011/index.php?controller=AdminProducts&token=cc5d77c07f2ad4745a2f17a7db1e8686" "Mozilla/5.0 (Windows NT 6.1; Win64; x64) AppleWebKit/537.36 (KHTML, like Gecko) Chrome/84.0.4147.135 Safari/537.36"
89.132.225.94 - - [07/Sep/2020:11:56:53 +0200] "POST /admin16011/ajax.php?rand=1599472613281 HTTP/1.1" 200 2420 "http://www.deszkak.hu/admin16011/index.php?controller=AdminProducts&id_product=1149&updateproduct&token=cc5d77c07f2ad4745a2f17a7db1e8686" "Mozilla/5.0 (Windows NT 6.1; Win64; x64) AppleWebKit/537.36 (KHTML, like Gecko) Chrome/84.0.4147.135 Safari/537.36"
141.8.142.88 - - [07/Sep/2020:11:55:32 +0200] "GET /3757-home_default/sushi-ninja-t-gordeszka-szerszam-narancs.jpg HTTP/1.1" 200 7132 "-" "Mozilla/5.0 (compatible; YandexImages/3.0; +http://yandex.com/bots)"
89.132.225.94 - - [07/Sep/2020:11:58:54 +0200] "POST /admin16011/ajax.php?rand=1599472734286 HTTP/1.1" 200 2420 "http://www.deszkak.hu/admin16011/index.php?controller=AdminProducts&id_product=1149&updateproduct&token=cc5d77c07f2ad4745a2f17a7db1e8686" "Mozilla/5.0 (Windows NT 6.1; Win64; x64) AppleWebKit/537.36 (KHTML, like Gecko) Chrome/84.0.4147.135 Safari/537.36"
89.132.225.94 - - [07/Sep/2020:12:00:55 +0200] "POST /admin16011/ajax.php?rand=1599472855292 HTTP/1.1" 200 2420 "http://www.deszkak.hu/admin16011/index.php?controller=AdminProducts&id_product=1149&updateproduct&token=cc5d77c07f2ad4745a2f17a7db1e8686" "Mozilla/5.0 (Windows NT 6.1; Win64; x64) AppleWebKit/537.36 (KHTML, like Gecko) Chrome/84.0.4147.135 Safari/537.36"
89.132.225.94 - - [07/Sep/2020:12:02:56 +0200] "POST /admin16011/ajax.php?rand=1599472976299 HTTP/1.1" 200 2420 "http://www.deszkak.hu/admin16011/index.php?controller=AdminProducts&id_product=1149&updateproduct&token=cc5d77c07f2ad4745a2f17a7db1e8686" "Mozilla/5.0 (Windows NT 6.1; Win64; x64) AppleWebKit/537.36 (KHTML, like Gecko) Chrome/84.0.4147.135 Safari/537.36"
89.132.225.94 - - [07/Sep/2020:12:04:57 +0200] "POST /admin16011/ajax.php?rand=1599473097304 HTTP/1.1" 200 2420 "http://www.deszkak.hu/admin16011/index.php?controller=AdminProducts&id_product=1149&updateproduct&token=cc5d77c07f2ad4745a2f17a7db1e8686" "Mozilla/5.0 (Windows NT 6.1; Win64; x64) AppleWebKit/537.36 (KHTML, like Gecko) Chrome/84.0.4147.135 Safari/537.36"
103.131.71.139 - - [07/Sep/2020:12:04:01 +0200] "GET /robots.txt HTTP/1.1" 200 2464 "-" "Mozilla/5.0 (compatible; coccocbot-web/1.0; +http://help.coccoc.com/searchengine)"
141.8.142.88 - - [07/Sep/2020:12:06:43 +0200] "GET /2659-thickbox_default/enuff-refresher-53-mm-skateboard-wheels-rasta.jpg HTTP/1.1" 304 - "-" "Mozilla/5.0 (compatible; YandexImages/3.0; +http://yandex.com/bots)"
89.132.225.94 - - [07/Sep/2020:12:07:06 +0200] "GET /admin16011/index.php?controller=AdminOrders&id_order=13886&vieworder&token=c1978206ebd196d9f154bec0d83018cf HTTP/1.1" 200 97943 "http://www.deszkak.hu/admin16011/index.php?controller=AdminOrders&token=c1978206ebd196d9f154bec0d83018cf" "Mozilla/5.0 (Windows NT 6.1; Win64; x64) AppleWebKit/537.36 (KHTML, like Gecko) Chrome/84.0.4147.135 Safari/537.36"
89.132.225.94 - - [07/Sep/2020:12:07:03 +0200] "GET /admin16011/index.php?controller=AdminOrders&id_order=13884&vieworder&token=c1978206ebd196d9f154bec0d83018cf HTTP/1.1" 200 98244 "http://www.deszkak.hu/admin16011/index.php?controller=AdminOrders&token=c1978206ebd196d9f154bec0d83018cf" "Mozilla/5.0 (Windows NT 6.1; Win64; x64) AppleWebKit/537.36 (KHTML, like Gecko) Chrome/84.0.4147.135 Safari/537.36"
89.132.225.94 - - [07/Sep/2020:12:07:05 +0200] "GET /img/tmp/product_mini_2826_0.jpg?time=1599473223 HTTP/1.1" 200 1078 "http://www.deszkak.hu/admin16011/index.php?controller=AdminOrders&id_order=13884&vieworder&token=c1978206ebd196d9f154bec0d83018cf" "Mozilla/5.0 (Windows NT 6.1; Win64; x64) AppleWebKit/537.36 (KHTML, like Gecko) Chrome/84.0.4147.135 Safari/537.36"
89.132.225.94 - - [07/Sep/2020:12:07:06 +0200] "POST /admin16011/index.php?controller=AdminGamification&token=a365fd1a059bd9034feefbbfe8a8aacd HTTP/1.1" 200 5221 "http://www.deszkak.hu/admin16011/index.php?controller=AdminOrders&id_order=13884&vieworder&token=c1978206ebd196d9f154bec0d83018cf" "Mozilla/5.0 (Windows NT 6.1; Win64; x64) AppleWebKit/537.36 (KHTML, like Gecko) Chrome/84.0.4147.135 Safari/537.36"
89.132.225.94 - - [07/Sep/2020:12:07:07 +0200] "GET /img/tmp/product_mini_2267_0.jpg?time=1599473225 HTTP/1.1" 200 980 "http://www.deszkak.hu/admin16011/index.php?controller=AdminOrders&id_order=13885&vieworder&token=c1978206ebd196d9f154bec0d83018cf" "Mozilla/5.0 (Windows NT 6.1; Win64; x64) AppleWebKit/537.36 (KHTML, like Gecko) Chrome/84.0.4147.135 Safari/537.36"
89.132.225.94 - - [07/Sep/2020:12:07:07 +0200] "POST /admin16011/index.php?controller=AdminGamification&token=a365fd1a059bd9034feefbbfe8a8aacd HTTP/1.1" 200 5221 "http://www.deszkak.hu/admin16011/index.php?controller=AdminOrders&id_order=13885&vieworder&token=c1978206ebd196d9f154bec0d83018cf" "Mozilla/5.0 (Windows NT 6.1; Win64; x64) AppleWebKit/537.36 (KHTML, like Gecko) Chrome/84.0.4147.135 Safari/537.36"
89.132.225.94 - - [07/Sep/2020:12:07:09 +0200] "POST /admin16011/ajax.php?rand=1599473230100 HTTP/1.1" 200 2420 "http://www.deszkak.hu/admin16011/index.php?controller=AdminOrders&id_order=13886&vieworder&token=c1978206ebd196d9f154bec0d83018cf" "Mozilla/5.0 (Windows NT 6.1; Win64; x64) AppleWebKit/537.36 (KHTML, like Gecko) Chrome/84.0.4147.135 Safari/537.36"
89.132.225.94 - - [07/Sep/2020:12:07:11 +0200] "GET /img/tmp/product_mini_1540_0.jpg?time=1599473229 HTTP/1.1" 200 1106 "http://www.deszkak.hu/admin16011/index.php?controller=AdminOrders&id_order=13887&vieworder&token=c1978206ebd196d9f154bec0d83018cf" "Mozilla/5.0 (Windows NT 6.1; Win64; x64) AppleWebKit/537.36 (KHTML, like Gecko) Chrome/84.0.4147.135 Safari/537.36"
89.132.225.94 - - [07/Sep/2020:12:06:56 +0200] "POST /admin16011/ajax.php?rand=1599473216578 HTTP/1.1" 200 2420 "http://www.deszkak.hu/admin16011/index.php?controller=AdminOrders&token=c1978206ebd196d9f154bec0d83018cf" "Mozilla/5.0 (Windows NT 6.1; Win64; x64) AppleWebKit/537.36 (KHTML, like Gecko) Chrome/84.0.4147.135 Safari/537.36"
89.132.225.94 - - [07/Sep/2020:12:07:08 +0200] "GET /admin16011/index.php?controller=AdminOrders&id_order=13888&vieworder&token=c1978206ebd196d9f154bec0d83018cf HTTP/1.1" 200 98560 "http://www.deszkak.hu/admin16011/index.php?controller=AdminOrders&token=c1978206ebd196d9f154bec0d83018cf" "Mozilla/5.0 (Windows NT 6.1; Win64; x64) AppleWebKit/537.36 (KHTML, like Gecko) Chrome/84.0.4147.135 Safari/537.36"
89.132.225.94 - - [07/Sep/2020:12:07:14 +0200] "POST /admin16011/ajax.php?rand=1599473234236 HTTP/1.1" 200 2420 "http://www.deszkak.hu/admin16011/index.php?controller=AdminOrders&id_order=13889&vieworder&token=c1978206ebd196d9f154bec0d83018cf" "Mozilla/5.0 (Windows NT 6.1; Win64; x64) AppleWebKit/537.36 (KHTML, like Gecko) Chrome/84.0.4147.135 Safari/537.36"
89.132.225.94 - - [07/Sep/2020:12:06:48 +0200] "POST /admin16011/index.php?controller=AdminGamification&token=a365fd1a059bd9034feefbbfe8a8aacd HTTP/1.1" 200 5221 "http://www.deszkak.hu/admin16011/index.php?controller=AdminOrders&token=c1978206ebd196d9f154bec0d83018cf" "Mozilla/5.0 (Windows NT 6.1; Win64; x64) AppleWebKit/537.36 (KHTML, like Gecko) Chrome/84.0.4147.135 Safari/537.36"
89.132.225.94 - - [07/Sep/2020:12:06:48 +0200] "POST /admin16011/ajax.php?rand=1599473209166 HTTP/1.1" 200 2420 "http://www.deszkak.hu/admin16011/index.php?controller=AdminOrders&token=c1978206ebd196d9f154bec0d83018cf" "Mozilla/5.0 (Windows NT 6.1; Win64; x64) AppleWebKit/537.36 (KHTML, like Gecko) Chrome/84.0.4147.135 Safari/537.36"
141.8.142.88 - - [07/Sep/2020:12:06:39 +0200] "GET /robots.txt HTTP/1.1" 200 2464 "-" "Mozilla/5.0 (compatible; YandexBot/3.0; +http://yandex.com/bots)"
89.132.225.94 - - [07/Sep/2020:12:06:46 +0200] "GET /admin16011/index.php?controller=AdminOrders&token=c1978206ebd196d9f154bec0d83018cf HTTP/1.1" 200 272525 "http://www.deszkak.hu/admin16011/index.php?controller=AdminProducts&id_product=1149&updateproduct&token=cc5d77c07f2ad4745a2f17a7db1e8686" "Mozilla/5.0 (Windows NT 6.1; Win64; x64) AppleWebKit/537.36 (KHTML, like Gecko) Chrome/84.0.4147.135 Safari/537.36"
89.132.225.94 - - [07/Sep/2020:12:06:48 +0200] "GET /admin16011/index.php?controller=AdminStats&token=1a8bbf5023df7ad1ba3f0dc5a9849771&ajax=1&action=getKpi&kpi=abandoned_cart&rand=1599473208808&_=1599473208471 HTTP/1.1" 200 13 "http://www.deszkak.hu/admin16011/index.php?controller=AdminOrders&token=c1978206ebd196d9f154bec0d83018cf" "Mozilla/5.0 (Windows NT 6.1; Win64; x64) AppleWebKit/537.36 (KHTML, like Gecko) Chrome/84.0.4147.135 Safari/537.36"
207.46.13.126 - - [07/Sep/2020:12:06:59 +0200] "GET /1369-home_default/ram-shortboard-lokz-mini-marina-blue.jpg HTTP/1.1" 200 8424 "-" "Mozilla/5.0 (compatible; bingbot/2.0; +http://www.bing.com/bingbot.htm)"
89.132.225.94 - - [07/Sep/2020:12:07:06 +0200] "POST /admin16011/ajax.php?rand=1599473226295 HTTP/1.1" 200 2420 "http://www.deszkak.hu/admin16011/index.php?controller=AdminOrders&id_order=13884&vieworder&token=c1978206ebd196d9f154bec0d83018cf" "Mozilla/5.0 (Windows NT 6.1; Win64; x64) AppleWebKit/537.36 (KHTML, like Gecko) Chrome/84.0.4147.135 Safari/537.36"
89.132.225.94 - - [07/Sep/2020:12:07:07 +0200] "GET /admin16011/index.php?controller=AdminOrders&id_order=13887&vieworder&token=c1978206ebd196d9f154bec0d83018cf HTTP/1.1" 200 97995 "http://www.deszkak.hu/admin16011/index.php?controller=AdminOrders&token=c1978206ebd196d9f154bec0d83018cf" "Mozilla/5.0 (Windows NT 6.1; Win64; x64) AppleWebKit/537.36 (KHTML, like Gecko) Chrome/84.0.4147.135 Safari/537.36"
89.132.225.94 - - [07/Sep/2020:12:07:11 +0200] "GET /admin16011/index.php?controller=AdminOrders&id_order=13889&vieworder&token=c1978206ebd196d9f154bec0d83018cf HTTP/1.1" 200 104426 "http://www.deszkak.hu/admin16011/index.php?controller=AdminOrders&token=c1978206ebd196d9f154bec0d83018cf" "Mozilla/5.0 (Windows NT 6.1; Win64; x64) AppleWebKit/537.36 (KHTML, like Gecko) Chrome/84.0.4147.135 Safari/537.36"
89.132.225.94 - - [07/Sep/2020:12:07:13 +0200] "GET /admin16011/index.php?controller=AdminOrders&id_order=13892&vieworder&token=c1978206ebd196d9f154bec0d83018cf HTTP/1.1" 200 97952 "http://www.deszkak.hu/admin16011/index.php?controller=AdminOrders&token=c1978206ebd196d9f154bec0d83018cf" "Mozilla/5.0 (Windows NT 6.1; Win64; x64) AppleWebKit/537.36 (KHTML, like Gecko) Chrome/84.0.4147.135 Safari/537.36"
89.132.225.94 - - [07/Sep/2020:12:07:12 +0200] "POST /admin16011/index.php?controller=AdminGamification&token=a365fd1a059bd9034feefbbfe8a8aacd HTTP/1.1" 200 5221 "http://www.deszkak.hu/admin16011/index.php?controller=AdminOrders&id_order=13887&vieworder&token=c1978206ebd196d9f154bec0d83018cf" "Mozilla/5.0 (Windows NT 6.1; Win64; x64) AppleWebKit/537.36 (KHTML, like Gecko) Chrome/84.0.4147.135 Safari/537.36"
89.132.225.94 - - [07/Sep/2020:12:07:15 +0200] "POST /admin16011/ajax.php?rand=1599473235906 HTTP/1.1" 200 2420 "http://www.deszkak.hu/admin16011/index.php?controller=AdminOrders&id_order=13888&vieworder&token=c1978206ebd196d9f154bec0d83018cf" "Mozilla/5.0 (Windows NT 6.1; Win64; x64) AppleWebKit/537.36 (KHTML, like Gecko) Chrome/84.0.4147.135 Safari/537.36"
89.132.225.94 - - [07/Sep/2020:12:07:25 +0200] "POST /admin16011/index.php?controller=AdminGamification&token=a365fd1a059bd9034feefbbfe8a8aacd HTTP/1.1" 200 5221 "http://www.deszkak.hu/admin16011/index.php?controller=AdminOrders&id_order=13895&vieworder&token=c1978206ebd196d9f154bec0d83018cf" "Mozilla/5.0 (Windows NT 6.1; Win64; x64) AppleWebKit/537.36 (KHTML, like Gecko) Chrome/84.0.4147.135 Safari/537.36"
89.132.225.94 - - [07/Sep/2020:12:07:26 +0200] "POST /admin16011/ajax.php?rand=1599473243641 HTTP/1.1" 200 2420 "http://www.deszkak.hu/admin16011/index.php?controller=AdminOrders&id_order=13895&vieworder&token=c1978206ebd196d9f154bec0d83018cf" "Mozilla/5.0 (Windows NT 6.1; Win64; x64) AppleWebKit/537.36 (KHTML, like Gecko) Chrome/84.0.4147.135 Safari/537.36"
89.132.225.94 - - [07/Sep/2020:12:07:27 +0200] "GET /img/tmp/product_mini_2575_0.jpg?time=1599473237 HTTP/1.1" 200 1399 "http://www.deszkak.hu/admin16011/index.php?controller=AdminOrders&id_order=13893&vieworder&token=c1978206ebd196d9f154bec0d83018cf" "Mozilla/5.0 (Windows NT 6.1; Win64; x64) AppleWebKit/537.36 (KHTML, like Gecko) Chrome/84.0.4147.135 Safari/537.36"
89.132.225.94 - - [07/Sep/2020:12:07:27 +0200] "GET /img/tmp/product_mini_1540_0.jpg?time=1599473239 HTTP/1.1" 200 1106 "http://www.deszkak.hu/admin16011/index.php?controller=AdminOrders&id_order=13894&vieworder&token=c1978206ebd196d9f154bec0d83018cf" "Mozilla/5.0 (Windows NT 6.1; Win64; x64) AppleWebKit/537.36 (KHTML, like Gecko) Chrome/84.0.4147.135 Safari/537.36"
89.132.225.94 - - [07/Sep/2020:12:07:27 +0200] "GET /img/tmp/product_mini_1137_0.jpg?time=1599473241 HTTP/1.1" 200 1284 "http://www.deszkak.hu/admin16011/index.php?controller=AdminOrders&id_order=13895&vieworder&token=c1978206ebd196d9f154bec0d83018cf" "Mozilla/5.0 (Windows NT 6.1; Win64; x64) AppleWebKit/537.36 (KHTML, like Gecko) Chrome/84.0.4147.135 Safari/537.36"
89.132.225.94 - - [07/Sep/2020:12:07:27 +0200] "GET /img/tmp/product_mini_1578_1064.jpg?time=1599473245 HTTP/1.1" 200 1403 "http://www.deszkak.hu/admin16011/index.php?controller=AdminOrders&id_order=13892&vieworder&token=c1978206ebd196d9f154bec0d83018cf" "Mozilla/5.0 (Windows NT 6.1; Win64; x64) AppleWebKit/537.36 (KHTML, like Gecko) Chrome/84.0.4147.135 Safari/537.36"
89.132.225.94 - - [07/Sep/2020:12:07:27 +0200] "POST /admin16011/ajax.php?rand=1599473248106 HTTP/1.1" 200 2420 "http://www.deszkak.hu/admin16011/index.php?controller=AdminOrders&id_order=13892&vieworder&token=c1978206ebd196d9f154bec0d83018cf" "Mozilla/5.0 (Windows NT 6.1; Win64; x64) AppleWebKit/537.36 (KHTML, like Gecko) Chrome/84.0.4147.135 Safari/537.36"
216.244.66.194 - - [07/Sep/2020:12:07:43 +0200] "GET /en/skateboard/1625-sushi-pagoda-team-v2-51-54-mm-skateboard-wheels-white.html HTTP/1.1" 301 - "-" "Mozilla/5.0 (compatible; DotBot/1.1; http://www.opensiteexplorer.org/dotbot, help@moz.com)"
89.132.225.94 - - [07/Sep/2020:12:07:05 +0200] "GET /admin16011/index.php?controller=AdminOrders&id_order=13885&vieworder&token=c1978206ebd196d9f154bec0d83018cf HTTP/1.1" 200 98308 "http://www.deszkak.hu/admin16011/index.php?controller=AdminOrders&token=c1978206ebd196d9f154bec0d83018cf" "Mozilla/5.0 (Windows NT 6.1; Win64; x64) AppleWebKit/537.36 (KHTML, like Gecko) Chrome/84.0.4147.135 Safari/537.36"
89.132.225.94 - - [07/Sep/2020:12:07:07 +0200] "POST /admin16011/ajax.php?rand=1599473228114 HTTP/1.1" 200 2420 "http://www.deszkak.hu/admin16011/index.php?controller=AdminOrders&id_order=13885&vieworder&token=c1978206ebd196d9f154bec0d83018cf" "Mozilla/5.0 (Windows NT 6.1; Win64; x64) AppleWebKit/537.36 (KHTML, like Gecko) Chrome/84.0.4147.135 Safari/537.36"
89.132.225.94 - - [07/Sep/2020:12:07:09 +0200] "GET /img/tmp/product_mini_1540_0.jpg?time=1599473227 HTTP/1.1" 200 1106 "http://www.deszkak.hu/admin16011/index.php?controller=AdminOrders&id_order=13886&vieworder&token=c1978206ebd196d9f154bec0d83018cf" "Mozilla/5.0 (Windows NT 6.1; Win64; x64) AppleWebKit/537.36 (KHTML, like Gecko) Chrome/84.0.4147.135 Safari/537.36"
89.132.225.94 - - [07/Sep/2020:12:07:09 +0200] "POST /admin16011/index.php?controller=AdminGamification&token=a365fd1a059bd9034feefbbfe8a8aacd HTTP/1.1" 200 5221 "http://www.deszkak.hu/admin16011/index.php?controller=AdminOrders&id_order=13886&vieworder&token=c1978206ebd196d9f154bec0d83018cf" "Mozilla/5.0 (Windows NT 6.1; Win64; x64) AppleWebKit/537.36 (KHTML, like Gecko) Chrome/84.0.4147.135 Safari/537.36"
89.132.225.94 - - [07/Sep/2020:12:07:12 +0200] "POST /admin16011/ajax.php?rand=1599473232292 HTTP/1.1" 200 2420 "http://www.deszkak.hu/admin16011/index.php?controller=AdminOrders&id_order=13887&vieworder&token=c1978206ebd196d9f154bec0d83018cf" "Mozilla/5.0 (Windows NT 6.1; Win64; x64) AppleWebKit/537.36 (KHTML, like Gecko) Chrome/84.0.4147.135 Safari/537.36"
89.132.225.94 - - [07/Sep/2020:12:07:20 +0200] "POST /admin16011/ajax.php?rand=1599473238307 HTTP/1.1" 200 2420 "http://www.deszkak.hu/admin16011/index.php?controller=AdminOrders&id_order=13891&vieworder&token=c1978206ebd196d9f154bec0d83018cf" "Mozilla/5.0 (Windows NT 6.1; Win64; x64) AppleWebKit/537.36 (KHTML, like Gecko) Chrome/84.0.4147.135 Safari/537.36"
89.132.225.94 - - [07/Sep/2020:12:07:27 +0200] "GET /img/tmp/product_mini_1548_0.jpg?time=1599473243 HTTP/1.1" 200 1297 "http://www.deszkak.hu/admin16011/index.php?controller=AdminOrders&id_order=13896&vieworder&token=c1978206ebd196d9f154bec0d83018cf" "Mozilla/5.0 (Windows NT 6.1; Win64; x64) AppleWebKit/537.36 (KHTML, like Gecko) Chrome/84.0.4147.135 Safari/537.36"
89.132.225.94 - - [07/Sep/2020:12:06:54 +0200] "POST /admin16011/index.php?controller=AdminOrders&token=c1978206ebd196d9f154bec0d83018cf HTTP/1.1" 200 127879 "http://www.deszkak.hu/admin16011/index.php?controller=AdminOrders&token=c1978206ebd196d9f154bec0d83018cf" "Mozilla/5.0 (Windows NT 6.1; Win64; x64) AppleWebKit/537.36 (KHTML, like Gecko) Chrome/84.0.4147.135 Safari/537.36"
89.132.225.94 - - [07/Sep/2020:12:06:56 +0200] "POST /admin16011/index.php?controller=AdminGamification&token=a365fd1a059bd9034feefbbfe8a8aacd HTTP/1.1" 200 5221 "http://www.deszkak.hu/admin16011/index.php?controller=AdminOrders&token=c1978206ebd196d9f154bec0d83018cf" "Mozilla/5.0 (Windows NT 6.1; Win64; x64) AppleWebKit/537.36 (KHTML, like Gecko) Chrome/84.0.4147.135 Safari/537.36"
216.244.66.194 - - [07/Sep/2020:12:07:48 +0200] "GET /en/cart?add=1&id_product=1045&token=dd1548e4374f499b814aa1cfc96bc198 HTTP/1.1" 301 - "-" "Mozilla/5.0 (compatible; DotBot/1.1; http://www.opensiteexplorer.org/dotbot, help@moz.com)"
89.132.225.94 - - [07/Sep/2020:12:07:13 +0200] "GET /img/tmp/product_mini_137_0.jpg?time=1599473231 HTTP/1.1" 200 1266 "http://www.deszkak.hu/admin16011/index.php?controller=AdminOrders&id_order=13889&vieworder&token=c1978206ebd196d9f154bec0d83018cf" "Mozilla/5.0 (Windows NT 6.1; Win64; x64) AppleWebKit/537.36 (KHTML, like Gecko) Chrome/84.0.4147.135 Safari/537.36"
89.132.225.94 - - [07/Sep/2020:12:07:13 +0200] "GET /img/tmp/product_mini_2524_0.jpg?time=1599473231 HTTP/1.1" 200 3266 "http://www.deszkak.hu/admin16011/index.php?controller=AdminOrders&id_order=13889&vieworder&token=c1978206ebd196d9f154bec0d83018cf" "Mozilla/5.0 (Windows NT 6.1; Win64; x64) AppleWebKit/537.36 (KHTML, like Gecko) Chrome/84.0.4147.135 Safari/537.36"
89.132.225.94 - - [07/Sep/2020:12:07:13 +0200] "POST /admin16011/index.php?controller=AdminGamification&token=a365fd1a059bd9034feefbbfe8a8aacd HTTP/1.1" 200 5221 "http://www.deszkak.hu/admin16011/index.php?controller=AdminOrders&id_order=13889&vieworder&token=c1978206ebd196d9f154bec0d83018cf" "Mozilla/5.0 (Windows NT 6.1; Win64; x64) AppleWebKit/537.36 (KHTML, like Gecko) Chrome/84.0.4147.135 Safari/537.36"
89.132.225.94 - - [07/Sep/2020:12:07:15 +0200] "POST /admin16011/index.php?controller=AdminGamification&token=a365fd1a059bd9034feefbbfe8a8aacd HTTP/1.1" 200 5221 "http://www.deszkak.hu/admin16011/index.php?controller=AdminOrders&id_order=13888&vieworder&token=c1978206ebd196d9f154bec0d83018cf" "Mozilla/5.0 (Windows NT 6.1; Win64; x64) AppleWebKit/537.36 (KHTML, like Gecko) Chrome/84.0.4147.135 Safari/537.36"
89.132.225.94 - - [07/Sep/2020:12:07:17 +0200] "GET /img/tmp/product_mini_2577_0.jpg?time=1599473235 HTTP/1.1" 200 1613 "http://www.deszkak.hu/admin16011/index.php?controller=AdminOrders&id_order=13891&vieworder&token=c1978206ebd196d9f154bec0d83018cf" "Mozilla/5.0 (Windows NT 6.1; Win64; x64) AppleWebKit/537.36 (KHTML, like Gecko) Chrome/84.0.4147.135 Safari/537.36"
89.132.225.94 - - [07/Sep/2020:12:07:18 +0200] "POST /admin16011/index.php?controller=AdminGamification&token=a365fd1a059bd9034feefbbfe8a8aacd HTTP/1.1" 200 5221 "http://www.deszkak.hu/admin16011/index.php?controller=AdminOrders&id_order=13891&vieworder&token=c1978206ebd196d9f154bec0d83018cf" "Mozilla/5.0 (Windows NT 6.1; Win64; x64) AppleWebKit/537.36 (KHTML, like Gecko) Chrome/84.0.4147.135 Safari/537.36"
89.132.225.94 - - [07/Sep/2020:12:07:22 +0200] "POST /admin16011/ajax.php?rand=1599473240307 HTTP/1.1" 200 2420 "http://www.deszkak.hu/admin16011/index.php?controller=AdminOrders&id_order=13893&vieworder&token=c1978206ebd196d9f154bec0d83018cf" "Mozilla/5.0 (Windows NT 6.1; Win64; x64) AppleWebKit/537.36 (KHTML, like Gecko) Chrome/84.0.4147.135 Safari/537.36"
89.132.225.94 - - [07/Sep/2020:12:07:27 +0200] "POST /admin16011/ajax.php?rand=1599473245654 HTTP/1.1" 200 2420 "http://www.deszkak.hu/admin16011/index.php?controller=AdminOrders&id_order=13896&vieworder&token=c1978206ebd196d9f154bec0d83018cf" "Mozilla/5.0 (Windows NT 6.1; Win64; x64) AppleWebKit/537.36 (KHTML, like Gecko) Chrome/84.0.4147.135 Safari/537.36"
178.154.200.59 - - [07/Sep/2020:12:07:42 +0200] "GET /4247-cart_default/tony-hawk-540-series-gordeszka-team.jpg HTTP/1.1" 304 - "-" "Mozilla/5.0 (compatible; YandexImages/3.0; +http://yandex.com/bots)"
216.244.66.194 - - [07/Sep/2020:12:07:59 +0200] "GET /en/bearings/1001-sushi-chrome-steel-bearings-abec-3.html HTTP/1.1" 301 - "-" "Mozilla/5.0 (compatible; DotBot/1.1; http://www.opensiteexplorer.org/dotbot, help@moz.com)"
89.132.225.94 - - [07/Sep/2020:12:07:15 +0200] "GET /img/tmp/product_mini_1540_0.jpg?time=1599473233 HTTP/1.1" 200 1106 "http://www.deszkak.hu/admin16011/index.php?controller=AdminOrders&id_order=13888&vieworder&token=c1978206ebd196d9f154bec0d83018cf" "Mozilla/5.0 (Windows NT 6.1; Win64; x64) AppleWebKit/537.36 (KHTML, like Gecko) Chrome/84.0.4147.135 Safari/537.36"
89.132.225.94 - - [07/Sep/2020:12:07:15 +0200] "GET /admin16011/index.php?controller=AdminOrders&id_order=13893&vieworder&token=c1978206ebd196d9f154bec0d83018cf HTTP/1.1" 200 99658 "http://www.deszkak.hu/admin16011/index.php?controller=AdminOrders&token=c1978206ebd196d9f154bec0d83018cf" "Mozilla/5.0 (Windows NT 6.1; Win64; x64) AppleWebKit/537.36 (KHTML, like Gecko) Chrome/84.0.4147.135 Safari/537.36"
89.132.225.94 - - [07/Sep/2020:12:07:19 +0200] "GET /admin16011/index.php?controller=AdminOrders&id_order=13895&vieworder&token=c1978206ebd196d9f154bec0d83018cf HTTP/1.1" 200 97919 "http://www.deszkak.hu/admin16011/index.php?controller=AdminOrders&token=c1978206ebd196d9f154bec0d83018cf" "Mozilla/5.0 (Windows NT 6.1; Win64; x64) AppleWebKit/537.36 (KHTML, like Gecko) Chrome/84.0.4147.135 Safari/537.36"
89.132.225.94 - - [07/Sep/2020:12:07:22 +0200] "POST /admin16011/index.php?controller=AdminGamification&token=a365fd1a059bd9034feefbbfe8a8aacd HTTP/1.1" 200 5221 "http://www.deszkak.hu/admin16011/index.php?controller=AdminOrders&id_order=13893&vieworder&token=c1978206ebd196d9f154bec0d83018cf" "Mozilla/5.0 (Windows NT 6.1; Win64; x64) AppleWebKit/537.36 (KHTML, like Gecko) Chrome/84.0.4147.135 Safari/537.36"
89.132.225.94 - - [07/Sep/2020:12:07:24 +0200] "POST /admin16011/ajax.php?rand=1599473241975 HTTP/1.1" 200 2420 "http://www.deszkak.hu/admin16011/index.php?controller=AdminOrders&id_order=13894&vieworder&token=c1978206ebd196d9f154bec0d83018cf" "Mozilla/5.0 (Windows NT 6.1; Win64; x64) AppleWebKit/537.36 (KHTML, like Gecko) Chrome/84.0.4147.135 Safari/537.36"
216.244.66.194 - - [07/Sep/2020:12:08:29 +0200] "GET /en/cart?add=1&id_product=219&token=dd1548e4374f499b814aa1cfc96bc198 HTTP/1.1" 301 - "-" "Mozilla/5.0 (compatible; DotBot/1.1; http://www.opensiteexplorer.org/dotbot, help@moz.com)"
216.244.66.194 - - [07/Sep/2020:12:08:49 +0200] "GET /en/cart?add=1&id_product=1467&token=dd1548e4374f499b814aa1cfc96bc198 HTTP/1.1" 301 - "-" "Mozilla/5.0 (compatible; DotBot/1.1; http://www.opensiteexplorer.org/dotbot, help@moz.com)"
89.132.225.94 - - [07/Sep/2020:12:07:12 +0200] "GET /admin16011/index.php?controller=AdminOrders&id_order=13891&vieworder&token=c1978206ebd196d9f154bec0d83018cf HTTP/1.1" 200 97657 "http://www.deszkak.hu/admin16011/index.php?controller=AdminOrders&token=c1978206ebd196d9f154bec0d83018cf" "Mozilla/5.0 (Windows NT 6.1; Win64; x64) AppleWebKit/537.36 (KHTML, like Gecko) Chrome/84.0.4147.135 Safari/537.36"
89.132.225.94 - - [07/Sep/2020:12:07:17 +0200] "GET /admin16011/index.php?controller=AdminOrders&id_order=13894&vieworder&token=c1978206ebd196d9f154bec0d83018cf HTTP/1.1" 200 99390 "http://www.deszkak.hu/admin16011/index.php?controller=AdminOrders&token=c1978206ebd196d9f154bec0d83018cf" "Mozilla/5.0 (Windows NT 6.1; Win64; x64) AppleWebKit/537.36 (KHTML, like Gecko) Chrome/84.0.4147.135 Safari/537.36"
89.132.225.94 - - [07/Sep/2020:12:07:20 +0200] "GET /admin16011/index.php?controller=AdminOrders&id_order=13896&vieworder&token=c1978206ebd196d9f154bec0d83018cf HTTP/1.1" 200 98202 "http://www.deszkak.hu/admin16011/index.php?controller=AdminOrders&token=c1978206ebd196d9f154bec0d83018cf" "Mozilla/5.0 (Windows NT 6.1; Win64; x64) AppleWebKit/537.36 (KHTML, like Gecko) Chrome/84.0.4147.135 Safari/537.36"
89.132.225.94 - - [07/Sep/2020:12:07:24 +0200] "POST /admin16011/index.php?controller=AdminGamification&token=a365fd1a059bd9034feefbbfe8a8aacd HTTP/1.1" 200 5221 "http://www.deszkak.hu/admin16011/index.php?controller=AdminOrders&id_order=13894&vieworder&token=c1978206ebd196d9f154bec0d83018cf" "Mozilla/5.0 (Windows NT 6.1; Win64; x64) AppleWebKit/537.36 (KHTML, like Gecko) Chrome/84.0.4147.135 Safari/537.36"
89.132.225.94 - - [07/Sep/2020:12:07:27 +0200] "POST /admin16011/index.php?controller=AdminGamification&token=a365fd1a059bd9034feefbbfe8a8aacd HTTP/1.1" 200 5221 "http://www.deszkak.hu/admin16011/index.php?controller=AdminOrders&id_order=13896&vieworder&token=c1978206ebd196d9f154bec0d83018cf" "Mozilla/5.0 (Windows NT 6.1; Win64; x64) AppleWebKit/537.36 (KHTML, like Gecko) Chrome/84.0.4147.135 Safari/537.36"
89.132.225.94 - - [07/Sep/2020:12:07:27 +0200] "POST /admin16011/index.php?controller=AdminGamification&token=a365fd1a059bd9034feefbbfe8a8aacd HTTP/1.1" 200 5221 "http://www.deszkak.hu/admin16011/index.php?controller=AdminOrders&id_order=13892&vieworder&token=c1978206ebd196d9f154bec0d83018cf" "Mozilla/5.0 (Windows NT 6.1; Win64; x64) AppleWebKit/537.36 (KHTML, like Gecko) Chrome/84.0.4147.135 Safari/537.36"
89.132.225.94 - - [07/Sep/2020:12:08:57 +0200] "POST /admin16011/ajax.php?rand=1599473337319 HTTP/1.1" 200 2420 "http://www.deszkak.hu/admin16011/index.php?controller=AdminOrders&token=c1978206ebd196d9f154bec0d83018cf" "Mozilla/5.0 (Windows NT 6.1; Win64; x64) AppleWebKit/537.36 (KHTML, like Gecko) Chrome/84.0.4147.135 Safari/537.36"
216.244.66.194 - - [07/Sep/2020:12:07:55 +0200] "GET /en/contact-us HTTP/1.1" 301 - "-" "Mozilla/5.0 (compatible; DotBot/1.1; http://www.opensiteexplorer.org/dotbot, help@moz.com)"
66.249.75.144 - - [07/Sep/2020:12:10:22 +0200] "GET /en/longboards/930-stella-kicktail-tribe-dusk-longboard.html HTTP/1.1" 301 - "-" "Mozilla/5.0 (Linux; Android 6.0.1; Nexus 5X Build/MMB29P) AppleWebKit/537.36 (KHTML, like Gecko) Chrome/80.0.3987.92 Mobile Safari/537.36 (compatible; Googlebot/2.1; +http://www.google.com/bot.html)"
89.132.225.94 - - [07/Sep/2020:12:10:58 +0200] "POST /admin16011/ajax.php?rand=1599473458320 HTTP/1.1" 200 2420 "http://www.deszkak.hu/admin16011/index.php?controller=AdminOrders&token=c1978206ebd196d9f154bec0d83018cf" "Mozilla/5.0 (Windows NT 6.1; Win64; x64) AppleWebKit/537.36 (KHTML, like Gecko) Chrome/84.0.4147.135 Safari/537.36"
89.132.225.94 - - [07/Sep/2020:12:12:59 +0200] "POST /admin16011/ajax.php?rand=1599473579326 HTTP/1.1" 200 2420 "http://www.deszkak.hu/admin16011/index.php?controller=AdminOrders&token=c1978206ebd196d9f154bec0d83018cf" "Mozilla/5.0 (Windows NT 6.1; Win64; x64) AppleWebKit/537.36 (KHTML, like Gecko) Chrome/84.0.4147.135 Safari/537.36"
40.77.167.141 - - [07/Sep/2020:12:13:56 +0200] "GET /183-large_default/mindless-voodoo-lakota-longboard.jpg HTTP/1.1" 200 76864 "-" "Mozilla/5.0 (compatible; bingbot/2.0; +http://www.bing.com/bingbot.htm)"
3.137.142.246 - - [07/Sep/2020:12:14:29 +0200] "GET / HTTP/1.1" 301 - "-" "Mozilla/5.0 (Macintosh; Intel Mac OS X 10_15_0) AppleWebKit/537.36 (KHTML, like Gecko) Chrome/78.0.3904.87 Safari/537.36"
89.132.225.94 - - [07/Sep/2020:12:15:00 +0200] "POST /admin16011/ajax.php?rand=1599473700332 HTTP/1.1" 200 2420 "http://www.deszkak.hu/admin16011/index.php?controller=AdminOrders&token=c1978206ebd196d9f154bec0d83018cf" "Mozilla/5.0 (Windows NT 6.1; Win64; x64) AppleWebKit/537.36 (KHTML, like Gecko) Chrome/84.0.4147.135 Safari/537.36"
84.0.67.198 - - [07/Sep/2020:12:15:27 +0200] "GET /hu/32-wave-board?gclid=CjwKCAjwtNf6BRAwEiwAkt6UQuDjzuLOWiHBxMbC5QSd8LKzdxK2dao68faFDVVOUZv4P4j_gRQ1JBoCllQQAvD_BwE HTTP/1.1" 301 - "https://www.google.com/" "Mozilla/5.0 (Windows NT 10.0; Win64; x64; rv:80.0) Gecko/20100101 Firefox/80.0"
66.249.75.144 - - [07/Sep/2020:12:15:25 +0200] "GET /hu/best-sales?n=40&p=3 HTTP/1.1" 301 - "-" "Mozilla/5.0 (Linux; Android 6.0.1; Nexus 5X Build/MMB29P) AppleWebKit/537.36 (KHTML, like Gecko) Chrome/85.0.4183.97 Mobile Safari/537.36 (compatible; Googlebot/2.1; +http://www.google.com/bot.html)"
66.249.75.144 - - [07/Sep/2020:12:16:48 +0200] "GET /en/wheels/515-mindless-voodoo-maji-70mm-longboard-wheel-purple.html HTTP/1.1" 301 - "-" "Mozilla/5.0 (Linux; Android 6.0.1; Nexus 5X Build/MMB29P) AppleWebKit/537.36 (KHTML, like Gecko) Chrome/80.0.3987.92 Mobile Safari/537.36 (compatible; Googlebot/2.1; +http://www.google.com/bot.html)"
207.46.13.150 - - [07/Sep/2020:12:17:01 +0200] "GET /3603-thickbox_default/peril-wide-skateboard-trucks-white-green.jpg HTTP/1.1" 200 18013 "-" "Mozilla/5.0 (compatible; bingbot/2.0; +http://www.bing.com/bingbot.htm)"
89.132.225.94 - - [07/Sep/2020:12:17:01 +0200] "POST /admin16011/ajax.php?rand=1599473821338 HTTP/1.1" 200 2420 "http://www.deszkak.hu/admin16011/index.php?controller=AdminOrders&token=c1978206ebd196d9f154bec0d83018cf" "Mozilla/5.0 (Windows NT 6.1; Win64; x64) AppleWebKit/537.36 (KHTML, like Gecko) Chrome/84.0.4147.135 Safari/537.36"
89.132.225.94 - - [07/Sep/2020:12:19:02 +0200] "POST /admin16011/ajax.php?rand=1599473942344 HTTP/1.1" 200 2420 "http://www.deszkak.hu/admin16011/index.php?controller=AdminOrders&token=c1978206ebd196d9f154bec0d83018cf" "Mozilla/5.0 (Windows NT 6.1; Win64; x64) AppleWebKit/537.36 (KHTML, like Gecko) Chrome/84.0.4147.135 Safari/537.36"
89.132.225.94 - - [07/Sep/2020:12:22:08 +0200] "GET /admin16011/index.php?controller=AdminOrders&token=c1978206ebd196d9f154bec0d83018cf HTTP/1.1" 200 78918 "-" "Mozilla/5.0 (Windows NT 6.1; Win64; x64; rv:80.0) Gecko/20100101 Firefox/80.0"
89.132.225.94 - - [07/Sep/2020:12:22:10 +0200] "GET /admin16011/themes/default/css/admin-theme.css HTTP/1.1" 200 468717 "http://www.deszkak.hu/admin16011/index.php?controller=AdminOrders&token=c1978206ebd196d9f154bec0d83018cf" "Mozilla/5.0 (Windows NT 6.1; Win64; x64; rv:80.0) Gecko/20100101 Firefox/80.0"
89.132.225.94 - - [07/Sep/2020:12:22:10 +0200] "GET /js/jquery/plugins/alerts/jquery.alerts.js HTTP/1.1" 200 7645 "http://www.deszkak.hu/admin16011/index.php?controller=AdminOrders&token=c1978206ebd196d9f154bec0d83018cf" "Mozilla/5.0 (Windows NT 6.1; Win64; x64; rv:80.0) Gecko/20100101 Firefox/80.0"
89.132.225.94 - - [07/Sep/2020:12:22:10 +0200] "GET /js/jquery/ui/jquery.ui.mouse.min.js HTTP/1.1" 200 2841 "http://www.deszkak.hu/admin16011/index.php?controller=AdminOrders&token=c1978206ebd196d9f154bec0d83018cf" "Mozilla/5.0 (Windows NT 6.1; Win64; x64; rv:80.0) Gecko/20100101 Firefox/80.0"
89.132.225.94 - - [07/Sep/2020:12:22:10 +0200] "GET /js/admin.js HTTP/1.1" 200 46941 "http://www.deszkak.hu/admin16011/index.php?controller=AdminOrders&token=c1978206ebd196d9f154bec0d83018cf" "Mozilla/5.0 (Windows NT 6.1; Win64; x64; rv:80.0) Gecko/20100101 Firefox/80.0"
89.132.225.94 - - [07/Sep/2020:12:22:10 +0200] "GET /admin16011/themes/default/js/modernizr-loads.js HTTP/1.1" 200 240 "http://www.deszkak.hu/admin16011/index.php?controller=AdminOrders&token=c1978206ebd196d9f154bec0d83018cf" "Mozilla/5.0 (Windows NT 6.1; Win64; x64; rv:80.0) Gecko/20100101 Firefox/80.0"
89.132.225.94 - - [07/Sep/2020:12:22:10 +0200] "GET /modules/gamification/views/css/gamification.css HTTP/1.1" 200 6363 "http://www.deszkak.hu/admin16011/index.php?controller=AdminOrders&token=c1978206ebd196d9f154bec0d83018cf" "Mozilla/5.0 (Windows NT 6.1; Win64; x64; rv:80.0) Gecko/20100101 Firefox/80.0"
89.132.225.94 - - [07/Sep/2020:12:22:10 +0200] "GET /js/jquery/ui/themes/base/jquery.ui.slider.css HTTP/1.1" 200 1314 "http://www.deszkak.hu/admin16011/index.php?controller=AdminOrders&token=c1978206ebd196d9f154bec0d83018cf" "Mozilla/5.0 (Windows NT 6.1; Win64; x64; rv:80.0) Gecko/20100101 Firefox/80.0"
89.132.225.94 - - [07/Sep/2020:12:22:10 +0200] "GET /admin16011/themes/default/css/overrides.css HTTP/1.1" 200 306 "http://www.deszkak.hu/admin16011/index.php?controller=AdminOrders&token=c1978206ebd196d9f154bec0d83018cf" "Mozilla/5.0 (Windows NT 6.1; Win64; x64; rv:80.0) Gecko/20100101 Firefox/80.0"
89.132.225.94 - - [07/Sep/2020:12:22:10 +0200] "GET /modules/gamification/views/js/gamification_bt.js HTTP/1.1" 200 6880 "http://www.deszkak.hu/admin16011/index.php?controller=AdminOrders&token=c1978206ebd196d9f154bec0d83018cf" "Mozilla/5.0 (Windows NT 6.1; Win64; x64; rv:80.0) Gecko/20100101 Firefox/80.0"
89.132.225.94 - - [07/Sep/2020:12:22:10 +0200] "GET /modules/pagecache/views/js/bootstrap-slider.js HTTP/1.1" 200 35624 "http://www.deszkak.hu/admin16011/index.php?controller=AdminOrders&token=c1978206ebd196d9f154bec0d83018cf" "Mozilla/5.0 (Windows NT 6.1; Win64; x64; rv:80.0) Gecko/20100101 Firefox/80.0"
89.132.225.94 - - [07/Sep/2020:12:22:10 +0200] "GET /js/jquery/ui/jquery.ui.widget.min.js HTTP/1.1" 200 6488 "http://www.deszkak.hu/admin16011/index.php?controller=AdminOrders&token=c1978206ebd196d9f154bec0d83018cf" "Mozilla/5.0 (Windows NT 6.1; Win64; x64; rv:80.0) Gecko/20100101 Firefox/80.0"
89.132.225.94 - - [07/Sep/2020:12:22:10 +0200] "GET /js/tools.js HTTP/1.1" 200 19272 "http://www.deszkak.hu/admin16011/index.php?controller=AdminOrders&token=c1978206ebd196d9f154bec0d83018cf" "Mozilla/5.0 (Windows NT 6.1; Win64; x64; rv:80.0) Gecko/20100101 Firefox/80.0"
89.132.225.94 - - [07/Sep/2020:12:22:10 +0200] "GET /js/admin/notifications.js HTTP/1.1" 200 3942 "http://www.deszkak.hu/admin16011/index.php?controller=AdminOrders&token=c1978206ebd196d9f154bec0d83018cf" "Mozilla/5.0 (Windows NT 6.1; Win64; x64; rv:80.0) Gecko/20100101 Firefox/80.0"
89.132.225.94 - - [07/Sep/2020:12:22:10 +0200] "GET /modules/glsps/views/css/back.css HTTP/1.1" 200 389 "http://www.deszkak.hu/admin16011/index.php?controller=AdminOrders&token=c1978206ebd196d9f154bec0d83018cf" "Mozilla/5.0 (Windows NT 6.1; Win64; x64; rv:80.0) Gecko/20100101 Firefox/80.0"
89.132.225.94 - - [07/Sep/2020:12:22:10 +0200] "GET /js/jquery/ui/themes/base/jquery.ui.core.css HTTP/1.1" 200 1468 "http://www.deszkak.hu/admin16011/index.php?controller=AdminOrders&token=c1978206ebd196d9f154bec0d83018cf" "Mozilla/5.0 (Windows NT 6.1; Win64; x64; rv:80.0) Gecko/20100101 Firefox/80.0"
89.132.225.94 - - [07/Sep/2020:12:22:10 +0200] "GET /js/jquery/jquery-1.11.0.min.js HTTP/1.1" 200 96381 "http://www.deszkak.hu/admin16011/index.php?controller=AdminOrders&token=c1978206ebd196d9f154bec0d83018cf" "Mozilla/5.0 (Windows NT 6.1; Win64; x64; rv:80.0) Gecko/20100101 Firefox/80.0"
89.132.225.94 - - [07/Sep/2020:12:22:10 +0200] "GET /js/jquery/plugins/growl/jquery.growl.js HTTP/1.1" 200 5945 "http://www.deszkak.hu/admin16011/index.php?controller=AdminOrders&token=c1978206ebd196d9f154bec0d83018cf" "Mozilla/5.0 (Windows NT 6.1; Win64; x64; rv:80.0) Gecko/20100101 Firefox/80.0"
89.132.225.94 - - [07/Sep/2020:12:22:10 +0200] "GET /js/jquery/ui/jquery.ui.datepicker.min.js HTTP/1.1" 200 35806 "http://www.deszkak.hu/admin16011/index.php?controller=AdminOrders&token=c1978206ebd196d9f154bec0d83018cf" "Mozilla/5.0 (Windows NT 6.1; Win64; x64; rv:80.0) Gecko/20100101 Firefox/80.0"
89.132.225.94 - - [07/Sep/2020:12:22:10 +0200] "GET /admin16011/themes/default/js/vendor/moment-with-langs.min.js HTTP/1.1" 200 122254 "http://www.deszkak.hu/admin16011/index.php?controller=AdminOrders&token=c1978206ebd196d9f154bec0d83018cf" "Mozilla/5.0 (Windows NT 6.1; Win64; x64; rv:80.0) Gecko/20100101 Firefox/80.0"
89.132.225.94 - - [07/Sep/2020:12:22:10 +0200] "GET /modules/gamification/views/img/notif_gadges.png HTTP/1.1" 200 754 "http://www.deszkak.hu/modules/gamification/views/css/gamification.css" "Mozilla/5.0 (Windows NT 6.1; Win64; x64; rv:80.0) Gecko/20100101 Firefox/80.0"
179.43.156.235 - - [07/Sep/2020:12:20:30 +0200] "GET /web.tgz HTTP/1.1" 404 32625 "-" "Mozilla/5.0 (X11; Linux x86_64; rv:68.0) Gecko/20100101 Firefox/68.0"
89.132.225.94 - - [07/Sep/2020:12:22:10 +0200] "GET /js/jquery/plugins/fancybox/jquery.fancybox.css HTTP/1.1" 200 4895 "http://www.deszkak.hu/admin16011/index.php?controller=AdminOrders&token=c1978206ebd196d9f154bec0d83018cf" "Mozilla/5.0 (Windows NT 6.1; Win64; x64; rv:80.0) Gecko/20100101 Firefox/80.0"
89.132.225.94 - - [07/Sep/2020:12:22:10 +0200] "GET /js/jquery/plugins/chosen/jquery.chosen.css HTTP/1.1" 200 14225 "http://www.deszkak.hu/admin16011/index.php?controller=AdminOrders&token=c1978206ebd196d9f154bec0d83018cf" "Mozilla/5.0 (Windows NT 6.1; Win64; x64; rv:80.0) Gecko/20100101 Firefox/80.0"
89.132.225.94 - - [07/Sep/2020:12:22:10 +0200] "GET /admin16011/themes/default/css/vendor/nv.d3.css HTTP/1.1" 200 12835 "http://www.deszkak.hu/admin16011/index.php?controller=AdminOrders&token=c1978206ebd196d9f154bec0d83018cf" "Mozilla/5.0 (Windows NT 6.1; Win64; x64; rv:80.0) Gecko/20100101 Firefox/80.0"
89.132.225.94 - - [07/Sep/2020:12:22:10 +0200] "GET /modules/ptsthemepanel/assets/js/admin.js HTTP/1.1" 200 2628 "http://www.deszkak.hu/admin16011/index.php?controller=AdminOrders&token=c1978206ebd196d9f154bec0d83018cf" "Mozilla/5.0 (Windows NT 6.1; Win64; x64; rv:80.0) Gecko/20100101 Firefox/80.0"
89.132.225.94 - - [07/Sep/2020:12:22:10 +0200] "GET /js/jquery/plugins/jquery.scrollTo.js HTTP/1.1" 200 2602 "http://www.deszkak.hu/admin16011/index.php?controller=AdminOrders&token=c1978206ebd196d9f154bec0d83018cf" "Mozilla/5.0 (Windows NT 6.1; Win64; x64; rv:80.0) Gecko/20100101 Firefox/80.0"
89.132.225.94 - - [07/Sep/2020:12:22:10 +0200] "GET /js/jquery/ui/jquery.ui.core.min.js HTTP/1.1" 200 4289 "http://www.deszkak.hu/admin16011/index.php?controller=AdminOrders&token=c1978206ebd196d9f154bec0d83018cf" "Mozilla/5.0 (Windows NT 6.1; Win64; x64; rv:80.0) Gecko/20100101 Firefox/80.0"
89.132.225.94 - - [07/Sep/2020:12:22:10 +0200] "GET /js/jquery/ui/i18n/jquery.ui.datepicker-hu.js HTTP/1.1" 200 948 "http://www.deszkak.hu/admin16011/index.php?controller=AdminOrders&token=c1978206ebd196d9f154bec0d83018cf" "Mozilla/5.0 (Windows NT 6.1; Win64; x64; rv:80.0) Gecko/20100101 Firefox/80.0"
89.132.225.94 - - [07/Sep/2020:12:22:10 +0200] "GET /js/jquery/plugins/timepicker/jquery-ui-timepicker-addon.js HTTP/1.1" 200 49576 "http://www.deszkak.hu/admin16011/index.php?controller=AdminOrders&token=c1978206ebd196d9f154bec0d83018cf" "Mozilla/5.0 (Windows NT 6.1; Win64; x64; rv:80.0) Gecko/20100101 Firefox/80.0"
89.132.225.94 - - [07/Sep/2020:12:22:10 +0200] "POST /admin16011/ajax.php?rand=1599474131102 HTTP/1.1" 200 2420 "http://www.deszkak.hu/admin16011/index.php?controller=AdminOrders&token=c1978206ebd196d9f154bec0d83018cf" "Mozilla/5.0 (Windows NT 6.1; Win64; x64; rv:80.0) Gecko/20100101 Firefox/80.0"
89.132.225.94 - - [07/Sep/2020:12:22:36 +0200] "GET /modules/bdszamlazzhu/views/css/back_order.css HTTP/1.1" 200 736 "http://www.deszkak.hu/admin16011/index.php?controller=AdminOrders&id_order=13899&vieworder&token=c1978206ebd196d9f154bec0d83018cf" "Mozilla/5.0 (Windows NT 6.1; Win64; x64; rv:80.0) Gecko/20100101 Firefox/80.0"
89.132.225.94 - - [07/Sep/2020:12:22:36 +0200] "GET /js/jquery/plugins/autocomplete/jquery.autocomplete.js HTTP/1.1" 200 19950 "http://www.deszkak.hu/admin16011/index.php?controller=AdminOrders&id_order=13899&vieworder&token=c1978206ebd196d9f154bec0d83018cf" "Mozilla/5.0 (Windows NT 6.1; Win64; x64; rv:80.0) Gecko/20100101 Firefox/80.0"
89.132.225.94 - - [07/Sep/2020:12:21:03 +0200] "POST /admin16011/ajax.php?rand=1599474063350 HTTP/1.1" 200 2420 "http://www.deszkak.hu/admin16011/index.php?controller=AdminOrders&token=c1978206ebd196d9f154bec0d83018cf" "Mozilla/5.0 (Windows NT 6.1; Win64; x64) AppleWebKit/537.36 (KHTML, like Gecko) Chrome/84.0.4147.135 Safari/537.36"
178.154.200.22 - - [07/Sep/2020:12:21:50 +0200] "GET /1112-small_default/mindless-longboard-szerszam-fekete.jpg HTTP/1.1" 200 1493 "-" "Mozilla/5.0 (compatible; YandexImages/3.0; +http://yandex.com/bots)"
89.132.225.94 - - [07/Sep/2020:12:22:10 +0200] "GET /modules/leoblog/assets/admin/blogmenu.css HTTP/1.1" 200 91 "http://www.deszkak.hu/admin16011/index.php?controller=AdminOrders&token=c1978206ebd196d9f154bec0d83018cf" "Mozilla/5.0 (Windows NT 6.1; Win64; x64; rv:80.0) Gecko/20100101 Firefox/80.0"
89.132.225.94 - - [07/Sep/2020:12:22:10 +0200] "GET /js/jquery/plugins/alerts/jquery.alerts.css HTTP/1.1" 200 1116 "http://www.deszkak.hu/admin16011/index.php?controller=AdminOrders&token=c1978206ebd196d9f154bec0d83018cf" "Mozilla/5.0 (Windows NT 6.1; Win64; x64; rv:80.0) Gecko/20100101 Firefox/80.0"
89.132.225.94 - - [07/Sep/2020:12:22:10 +0200] "GET /js/jquery/ui/themes/base/jquery.ui.theme.css HTTP/1.1" 200 17520 "http://www.deszkak.hu/admin16011/index.php?controller=AdminOrders&token=c1978206ebd196d9f154bec0d83018cf" "Mozilla/5.0 (Windows NT 6.1; Win64; x64; rv:80.0) Gecko/20100101 Firefox/80.0"
89.132.225.94 - - [07/Sep/2020:12:22:10 +0200] "GET /js/jquery/plugins/fancybox/jquery.fancybox.js HTTP/1.1" 200 23135 "http://www.deszkak.hu/admin16011/index.php?controller=AdminOrders&token=c1978206ebd196d9f154bec0d83018cf" "Mozilla/5.0 (Windows NT 6.1; Win64; x64; rv:80.0) Gecko/20100101 Firefox/80.0"
89.132.225.94 - - [07/Sep/2020:12:22:10 +0200] "GET /js/jquery/plugins/jquery.chosen.js HTTP/1.1" 200 40437 "http://www.deszkak.hu/admin16011/index.php?controller=AdminOrders&token=c1978206ebd196d9f154bec0d83018cf" "Mozilla/5.0 (Windows NT 6.1; Win64; x64; rv:80.0) Gecko/20100101 Firefox/80.0"
89.132.225.94 - - [07/Sep/2020:12:22:10 +0200] "GET /admin16011/themes/default/js/vendor/bootstrap.min.js HTTP/1.1" 200 29110 "http://www.deszkak.hu/admin16011/index.php?controller=AdminOrders&token=c1978206ebd196d9f154bec0d83018cf" "Mozilla/5.0 (Windows NT 6.1; Win64; x64; rv:80.0) Gecko/20100101 Firefox/80.0"
89.132.225.94 - - [07/Sep/2020:12:22:10 +0200] "GET /admin16011/themes/default/js/vendor/nv.d3.min.js HTTP/1.1" 200 188304 "http://www.deszkak.hu/admin16011/index.php?controller=AdminOrders&token=c1978206ebd196d9f154bec0d83018cf" "Mozilla/5.0 (Windows NT 6.1; Win64; x64; rv:80.0) Gecko/20100101 Firefox/80.0"
89.132.225.94 - - [07/Sep/2020:12:22:10 +0200] "GET /img/prestashop-avatar.png HTTP/1.1" 200 6965 "http://www.deszkak.hu/admin16011/index.php?controller=AdminOrders&token=c1978206ebd196d9f154bec0d83018cf" "Mozilla/5.0 (Windows NT 6.1; Win64; x64; rv:80.0) Gecko/20100101 Firefox/80.0"
89.132.225.94 - - [07/Sep/2020:12:22:10 +0200] "GET /admin16011/themes/default/js/vendor/enquire.min.js HTTP/1.1" 200 2237 "http://www.deszkak.hu/admin16011/index.php?controller=AdminOrders&token=c1978206ebd196d9f154bec0d83018cf" "Mozilla/5.0 (Windows NT 6.1; Win64; x64; rv:80.0) Gecko/20100101 Firefox/80.0"
89.132.225.94 - - [07/Sep/2020:12:22:10 +0200] "GET /admin16011/themes/default/fonts/fontawesome-webfont.woff?v=4.1.0 HTTP/1.1" 200 83760 "http://www.deszkak.hu/admin16011/themes/default/css/admin-theme.css" "Mozilla/5.0 (Windows NT 6.1; Win64; x64; rv:80.0) Gecko/20100101 Firefox/80.0"
89.132.225.94 - - [07/Sep/2020:12:22:11 +0200] "GET /img/app_icon.png HTTP/1.1" 404 1041 "-" "Mozilla/5.0 (Windows NT 6.1; Win64; x64; rv:80.0) Gecko/20100101 Firefox/80.0"
89.132.225.94 - - [07/Sep/2020:12:22:29 +0200] "POST /admin16011/index.php?controller=AdminOrders&token=c1978206ebd196d9f154bec0d83018cf HTTP/1.1" 200 78563 "http://www.deszkak.hu/admin16011/index.php?controller=AdminOrders&token=c1978206ebd196d9f154bec0d83018cf" "Mozilla/5.0 (Windows NT 6.1; Win64; x64; rv:80.0) Gecko/20100101 Firefox/80.0"
89.132.225.94 - - [07/Sep/2020:12:22:10 +0200] "GET /admin16011/themes/default/js/help.js HTTP/1.1" 200 11961 "http://www.deszkak.hu/admin16011/index.php?controller=AdminOrders&token=c1978206ebd196d9f154bec0d83018cf" "Mozilla/5.0 (Windows NT 6.1; Win64; x64; rv:80.0) Gecko/20100101 Firefox/80.0"
89.132.225.94 - - [07/Sep/2020:12:22:32 +0200] "POST /admin16011/index.php?controller=AdminGamification&token=a365fd1a059bd9034feefbbfe8a8aacd HTTP/1.1" 200 5221 "http://www.deszkak.hu/admin16011/index.php?controller=AdminOrders&token=c1978206ebd196d9f154bec0d83018cf" "Mozilla/5.0 (Windows NT 6.1; Win64; x64; rv:80.0) Gecko/20100101 Firefox/80.0"
89.132.225.94 - - [07/Sep/2020:12:22:36 +0200] "GET /js/jquery/plugins/autocomplete/jquery.autocomplete.css HTTP/1.1" 200 822 "http://www.deszkak.hu/admin16011/index.php?controller=AdminOrders&id_order=13899&vieworder&token=c1978206ebd196d9f154bec0d83018cf" "Mozilla/5.0 (Windows NT 6.1; Win64; x64; rv:80.0) Gecko/20100101 Firefox/80.0"
89.132.225.94 - - [07/Sep/2020:12:22:36 +0200] "GET /img/os/3.gif HTTP/1.1" 200 1046 "http://www.deszkak.hu/admin16011/index.php?controller=AdminOrders&id_order=13899&vieworder&token=c1978206ebd196d9f154bec0d83018cf" "Mozilla/5.0 (Windows NT 6.1; Win64; x64; rv:80.0) Gecko/20100101 Firefox/80.0"
89.132.225.94 - - [07/Sep/2020:12:22:32 +0200] "POST /admin16011/ajax.php?rand=1599474152900 HTTP/1.1" 200 2420 "http://www.deszkak.hu/admin16011/index.php?controller=AdminOrders&token=c1978206ebd196d9f154bec0d83018cf" "Mozilla/5.0 (Windows NT 6.1; Win64; x64; rv:80.0) Gecko/20100101 Firefox/80.0"
89.132.225.94 - - [07/Sep/2020:12:22:36 +0200] "GET /img/tmp/product_mini_808_0.jpg?time=1599474154 HTTP/1.1" 200 1591 "http://www.deszkak.hu/admin16011/index.php?controller=AdminOrders&id_order=13899&vieworder&token=c1978206ebd196d9f154bec0d83018cf" "Mozilla/5.0 (Windows NT 6.1; Win64; x64; rv:80.0) Gecko/20100101 Firefox/80.0"
89.132.225.94 - - [07/Sep/2020:12:22:10 +0200] "GET /modules/ptsthemepanel/assets/css/admin.css HTTP/1.1" 200 543 "http://www.deszkak.hu/admin16011/index.php?controller=AdminOrders&token=c1978206ebd196d9f154bec0d83018cf" "Mozilla/5.0 (Windows NT 6.1; Win64; x64; rv:80.0) Gecko/20100101 Firefox/80.0"
89.132.225.94 - - [07/Sep/2020:12:22:10 +0200] "GET /modules/pagecache/views/css/bootstrap-slider.min.css HTTP/1.1" 200 8180 "http://www.deszkak.hu/admin16011/index.php?controller=AdminOrders&token=c1978206ebd196d9f154bec0d83018cf" "Mozilla/5.0 (Windows NT 6.1; Win64; x64; rv:80.0) Gecko/20100101 Firefox/80.0"
