89.132.225.94 - - [06/Sep/2020:14:15:07 +0200] "POST /admin16011/ajax.php?rand=1599394505201 HTTP/1.1" 200 1565 "http://www.deszkak.hu/admin16011/index.php?controller=AdminOrders&token=c1978206ebd196d9f154bec0d83018cf" "Mozilla/5.0 (Windows NT 6.1; Win64; x64) AppleWebKit/537.36 (KHTML, like Gecko) Chrome/85.0.4183.83 Safari/537.36"
89.132.225.94 - - [06/Sep/2020:14:17:08 +0200] "POST /admin16011/ajax.php?rand=1599394626201 HTTP/1.1" 200 1565 "http://www.deszkak.hu/admin16011/index.php?controller=AdminOrders&token=c1978206ebd196d9f154bec0d83018cf" "Mozilla/5.0 (Windows NT 6.1; Win64; x64) AppleWebKit/537.36 (KHTML, like Gecko) Chrome/85.0.4183.83 Safari/537.36"
89.132.225.94 - - [06/Sep/2020:14:18:58 +0200] "POST /admin16011/ajax.php?rand=1599394736203 HTTP/1.1" 200 2788 "http://www.deszkak.hu/admin16011/index.php?controller=AdminOrders&token=0209ffce19e7478d67c5c840bf0a38da" "Mozilla/5.0 (Windows NT 6.1; Win64; x64) AppleWebKit/537.36 (KHTML, like Gecko) Chrome/85.0.4183.83 Safari/537.36"
89.132.225.94 - - [06/Sep/2020:14:19:09 +0200] "POST /admin16011/ajax.php?rand=1599394747201 HTTP/1.1" 200 1565 "http://www.deszkak.hu/admin16011/index.php?controller=AdminOrders&token=c1978206ebd196d9f154bec0d83018cf" "Mozilla/5.0 (Windows NT 6.1; Win64; x64) AppleWebKit/537.36 (KHTML, like Gecko) Chrome/85.0.4183.83 Safari/537.36"
89.132.225.94 - - [06/Sep/2020:14:20:59 +0200] "POST /admin16011/ajax.php?rand=1599394857202 HTTP/1.1" 200 2788 "http://www.deszkak.hu/admin16011/index.php?controller=AdminOrders&token=0209ffce19e7478d67c5c840bf0a38da" "Mozilla/5.0 (Windows NT 6.1; Win64; x64) AppleWebKit/537.36 (KHTML, like Gecko) Chrome/85.0.4183.83 Safari/537.36"
176.241.23.138 - - [06/Sep/2020:14:22:20 +0200] "GET / HTTP/1.1" 301 - "-" "Mozilla/5.0 (Linux; Android 10; SAMSUNG SM-A715F) AppleWebKit/537.36 (KHTML, like Gecko) SamsungBrowser/12.1 Chrome/79.0.3945.136 Mobile Safari/537.36"
89.132.225.94 - - [06/Sep/2020:14:21:10 +0200] "POST /admin16011/ajax.php?rand=1599394868204 HTTP/1.1" 200 1565 "http://www.deszkak.hu/admin16011/index.php?controller=AdminOrders&token=c1978206ebd196d9f154bec0d83018cf" "Mozilla/5.0 (Windows NT 6.1; Win64; x64) AppleWebKit/537.36 (KHTML, like Gecko) Chrome/85.0.4183.83 Safari/537.36"
89.132.225.94 - - [06/Sep/2020:14:23:11 +0200] "POST /admin16011/ajax.php?rand=1599394989219 HTTP/1.1" 200 1568 "http://www.deszkak.hu/admin16011/index.php?controller=AdminOrders&token=c1978206ebd196d9f154bec0d83018cf" "Mozilla/5.0 (Windows NT 6.1; Win64; x64) AppleWebKit/537.36 (KHTML, like Gecko) Chrome/85.0.4183.83 Safari/537.36"
66.249.66.130 - - [06/Sep/2020:14:24:56 +0200] "GET /hu/36_atlantic HTTP/1.1" 301 - "-" "Mozilla/5.0 (Linux; Android 6.0.1; Nexus 5X Build/MMB29P) AppleWebKit/537.36 (KHTML, like Gecko) Chrome/80.0.3987.92 Mobile Safari/537.36 (compatible; Googlebot/2.1; +http://www.google.com/bot.html)"
66.249.66.132 - - [06/Sep/2020:14:25:01 +0200] "GET /hu/36_atlantic HTTP/1.1" 301 - "-" "Mozilla/5.0 (Linux; Android 6.0.1; Nexus 5X Build/MMB29P) AppleWebKit/537.36 (KHTML, like Gecko) Chrome/80.0.3987.92 Mobile Safari/537.36 (compatible; Googlebot/2.1; +http://www.google.com/bot.html)"
89.132.225.94 - - [06/Sep/2020:14:23:00 +0200] "POST /admin16011/ajax.php?rand=1599394978202 HTTP/1.1" 200 2791 "http://www.deszkak.hu/admin16011/index.php?controller=AdminOrders&token=0209ffce19e7478d67c5c840bf0a38da" "Mozilla/5.0 (Windows NT 6.1; Win64; x64) AppleWebKit/537.36 (KHTML, like Gecko) Chrome/85.0.4183.83 Safari/537.36"
89.132.225.94 - - [06/Sep/2020:14:25:01 +0200] "POST /admin16011/ajax.php?rand=1599395099207 HTTP/1.1" 200 2781 "http://www.deszkak.hu/admin16011/index.php?controller=AdminOrders&token=0209ffce19e7478d67c5c840bf0a38da" "Mozilla/5.0 (Windows NT 6.1; Win64; x64) AppleWebKit/537.36 (KHTML, like Gecko) Chrome/85.0.4183.83 Safari/537.36"
89.132.225.94 - - [06/Sep/2020:14:25:12 +0200] "POST /admin16011/ajax.php?rand=1599395110206 HTTP/1.1" 200 1751 "http://www.deszkak.hu/admin16011/index.php?controller=AdminOrders&token=c1978206ebd196d9f154bec0d83018cf" "Mozilla/5.0 (Windows NT 6.1; Win64; x64) AppleWebKit/537.36 (KHTML, like Gecko) Chrome/85.0.4183.83 Safari/537.36"
89.132.225.94 - - [06/Sep/2020:14:27:02 +0200] "POST /admin16011/ajax.php?rand=1599395220206 HTTP/1.1" 200 2781 "http://www.deszkak.hu/admin16011/index.php?controller=AdminOrders&token=0209ffce19e7478d67c5c840bf0a38da" "Mozilla/5.0 (Windows NT 6.1; Win64; x64) AppleWebKit/537.36 (KHTML, like Gecko) Chrome/85.0.4183.83 Safari/537.36"
216.244.66.194 - - [06/Sep/2020:14:27:48 +0200] "GET /hu/15-griptapek HTTP/1.1" 301 - "-" "Mozilla/5.0 (compatible; DotBot/1.1; http://www.opensiteexplorer.org/dotbot, help@moz.com)"
216.244.66.194 - - [06/Sep/2020:14:27:41 +0200] "GET /hu/fuggok/1622-sushi-california-158mm-gordeszka-felfuggesztes.html HTTP/1.1" 301 - "-" "Mozilla/5.0 (compatible; DotBot/1.1; http://www.opensiteexplorer.org/dotbot, help@moz.com)"
216.244.66.194 - - [06/Sep/2020:14:27:58 +0200] "GET /en/cart?add=1&id_product=1458&token=dd1548e4374f499b814aa1cfc96bc198 HTTP/1.1" 301 - "-" "Mozilla/5.0 (compatible; DotBot/1.1; http://www.opensiteexplorer.org/dotbot, help@moz.com)"
216.244.66.194 - - [06/Sep/2020:14:27:54 +0200] "GET /hu/alkatreszek/1406-rio-roller-coaster-62-mm-kerek-piros.html HTTP/1.1" 301 - "-" "Mozilla/5.0 (compatible; DotBot/1.1; http://www.opensiteexplorer.org/dotbot, help@moz.com)"
89.132.225.94 - - [06/Sep/2020:14:27:13 +0200] "POST /admin16011/ajax.php?rand=1599395231203 HTTP/1.1" 200 1751 "http://www.deszkak.hu/admin16011/index.php?controller=AdminOrders&token=c1978206ebd196d9f154bec0d83018cf" "Mozilla/5.0 (Windows NT 6.1; Win64; x64) AppleWebKit/537.36 (KHTML, like Gecko) Chrome/85.0.4183.83 Safari/537.36"
216.244.66.194 - - [06/Sep/2020:14:28:01 +0200] "GET /en/trucks/1627-sushi-pagoda-134-mm-skateboard-truck-black.html HTTP/1.1" 301 - "-" "Mozilla/5.0 (compatible; DotBot/1.1; http://www.opensiteexplorer.org/dotbot, help@moz.com)"
216.244.66.194 - - [06/Sep/2020:14:28:09 +0200] "GET /en/accessories/1399-rio-roller-coster-58-mm-wheel-blue.html HTTP/1.1" 301 - "-" "Mozilla/5.0 (compatible; DotBot/1.1; http://www.opensiteexplorer.org/dotbot, help@moz.com)"
216.244.66.194 - - [06/Sep/2020:14:28:07 +0200] "GET /en/knee-elbow-ankle-protect/1426-rekd-ramp-elbow-pad.html HTTP/1.1" 301 - "-" "Mozilla/5.0 (compatible; DotBot/1.1; http://www.opensiteexplorer.org/dotbot, help@moz.com)"
216.244.66.194 - - [06/Sep/2020:14:28:04 +0200] "GET /en/cart?add=1&id_product=1503&token=dd1548e4374f499b814aa1cfc96bc198 HTTP/1.1" 301 - "-" "Mozilla/5.0 (compatible; DotBot/1.1; http://www.opensiteexplorer.org/dotbot, help@moz.com)"
216.244.66.194 - - [06/Sep/2020:14:29:34 +0200] "GET /en/cart?add=1&id_product=623&token=dd1548e4374f499b814aa1cfc96bc198 HTTP/1.1" 301 - "-" "Mozilla/5.0 (compatible; DotBot/1.1; http://www.opensiteexplorer.org/dotbot, help@moz.com)"
89.132.225.94 - - [06/Sep/2020:14:29:03 +0200] "POST /admin16011/ajax.php?rand=1599395341208 HTTP/1.1" 200 2781 "http://www.deszkak.hu/admin16011/index.php?controller=AdminOrders&token=0209ffce19e7478d67c5c840bf0a38da" "Mozilla/5.0 (Windows NT 6.1; Win64; x64) AppleWebKit/537.36 (KHTML, like Gecko) Chrome/85.0.4183.83 Safari/537.36"
216.244.66.194 - - [06/Sep/2020:14:29:06 +0200] "GET /en/cart?add=1&id_product=848&token=dd1548e4374f499b814aa1cfc96bc198 HTTP/1.1" 301 - "-" "Mozilla/5.0 (compatible; DotBot/1.1; http://www.opensiteexplorer.org/dotbot, help@moz.com)"
89.132.225.94 - - [06/Sep/2020:14:29:14 +0200] "POST /admin16011/ajax.php?rand=1599395352226 HTTP/1.1" 200 1751 "http://www.deszkak.hu/admin16011/index.php?controller=AdminOrders&token=c1978206ebd196d9f154bec0d83018cf" "Mozilla/5.0 (Windows NT 6.1; Win64; x64) AppleWebKit/537.36 (KHTML, like Gecko) Chrome/85.0.4183.83 Safari/537.36"
89.132.225.94 - - [06/Sep/2020:14:31:04 +0200] "POST /admin16011/ajax.php?rand=1599395462202 HTTP/1.1" 200 2802 "http://www.deszkak.hu/admin16011/index.php?controller=AdminOrders&token=0209ffce19e7478d67c5c840bf0a38da" "Mozilla/5.0 (Windows NT 6.1; Win64; x64) AppleWebKit/537.36 (KHTML, like Gecko) Chrome/85.0.4183.83 Safari/537.36"
89.132.225.94 - - [06/Sep/2020:14:31:15 +0200] "POST /admin16011/ajax.php?rand=1599395473208 HTTP/1.1" 200 1772 "http://www.deszkak.hu/admin16011/index.php?controller=AdminOrders&token=c1978206ebd196d9f154bec0d83018cf" "Mozilla/5.0 (Windows NT 6.1; Win64; x64) AppleWebKit/537.36 (KHTML, like Gecko) Chrome/85.0.4183.83 Safari/537.36"
188.6.153.162 - - [06/Sep/2020:14:31:54 +0200] "GET / HTTP/1.1" 301 - "https://www.google.com/" "Mozilla/5.0 (Windows NT 10.0; Win64; x64) AppleWebKit/537.36 (KHTML, like Gecko) Chrome/85.0.4183.83 Safari/537.36"
207.46.13.126 - - [06/Sep/2020:14:31:01 +0200] "GET /hu/cruiser-short-board/879-maui-cookie-board-cruiser-zold.html HTTP/1.1" 301 - "-" "Mozilla/5.0 (compatible; bingbot/2.0; +http://www.bing.com/bingbot.htm)"
89.132.225.94 - - [06/Sep/2020:14:33:05 +0200] "POST /admin16011/ajax.php?rand=1599395583216 HTTP/1.1" 200 2802 "http://www.deszkak.hu/admin16011/index.php?controller=AdminOrders&token=0209ffce19e7478d67c5c840bf0a38da" "Mozilla/5.0 (Windows NT 6.1; Win64; x64) AppleWebKit/537.36 (KHTML, like Gecko) Chrome/85.0.4183.83 Safari/537.36"
89.132.225.94 - - [06/Sep/2020:14:33:16 +0200] "POST /admin16011/ajax.php?rand=1599395594208 HTTP/1.1" 200 1772 "http://www.deszkak.hu/admin16011/index.php?controller=AdminOrders&token=c1978206ebd196d9f154bec0d83018cf" "Mozilla/5.0 (Windows NT 6.1; Win64; x64) AppleWebKit/537.36 (KHTML, like Gecko) Chrome/85.0.4183.83 Safari/537.36"
89.132.225.94 - - [06/Sep/2020:14:35:17 +0200] "POST /admin16011/ajax.php?rand=1599395715210 HTTP/1.1" 200 1772 "http://www.deszkak.hu/admin16011/index.php?controller=AdminOrders&token=c1978206ebd196d9f154bec0d83018cf" "Mozilla/5.0 (Windows NT 6.1; Win64; x64) AppleWebKit/537.36 (KHTML, like Gecko) Chrome/85.0.4183.83 Safari/537.36"
89.132.225.94 - - [06/Sep/2020:14:35:06 +0200] "POST /admin16011/ajax.php?rand=1599395704207 HTTP/1.1" 200 2802 "http://www.deszkak.hu/admin16011/index.php?controller=AdminOrders&token=0209ffce19e7478d67c5c840bf0a38da" "Mozilla/5.0 (Windows NT 6.1; Win64; x64) AppleWebKit/537.36 (KHTML, like Gecko) Chrome/85.0.4183.83 Safari/537.36"
66.249.66.130 - - [06/Sep/2020:14:37:07 +0200] "GET /en/bolts-and-nuts/1612-enuff-bulk-1-mounting-bolt-black.html HTTP/1.1" 301 - "-" "Mozilla/5.0 (Linux; Android 6.0.1; Nexus 5X Build/MMB29P) AppleWebKit/537.36 (KHTML, like Gecko) Chrome/80.0.3987.92 Mobile Safari/537.36 (compatible; Googlebot/2.1; +http://www.google.com/bot.html)"
66.249.66.134 - - [06/Sep/2020:14:37:10 +0200] "GET /en/bolts-and-nuts/1612-enuff-bulk-1-mounting-bolt-black.html HTTP/1.1" 301 - "-" "Mozilla/5.0 (Linux; Android 6.0.1; Nexus 5X Build/MMB29P) AppleWebKit/537.36 (KHTML, like Gecko) Chrome/80.0.3987.92 Mobile Safari/537.36 (compatible; Googlebot/2.1; +http://www.google.com/bot.html)"
188.156.17.142 - - [06/Sep/2020:14:38:38 +0200] "GET / HTTP/1.1" 301 - "-" "Mozilla/5.0 (Linux; Android 10; Mi A2 Lite) AppleWebKit/537.36 (KHTML, like Gecko) Chrome/85.0.4183.81 Mobile Safari/537.36"
188.6.153.162 - - [06/Sep/2020:14:36:31 +0200] "GET / HTTP/1.1" 301 - "https://www.google.com/" "Mozilla/5.0 (Windows NT 10.0; Win64; x64) AppleWebKit/537.36 (KHTML, like Gecko) Chrome/85.0.4183.83 Safari/537.36"
89.132.225.94 - - [06/Sep/2020:14:37:07 +0200] "POST /admin16011/ajax.php?rand=1599395825208 HTTP/1.1" 200 2802 "http://www.deszkak.hu/admin16011/index.php?controller=AdminOrders&token=0209ffce19e7478d67c5c840bf0a38da" "Mozilla/5.0 (Windows NT 6.1; Win64; x64) AppleWebKit/537.36 (KHTML, like Gecko) Chrome/85.0.4183.83 Safari/537.36"
89.132.225.94 - - [06/Sep/2020:14:37:18 +0200] "POST /admin16011/ajax.php?rand=1599395836204 HTTP/1.1" 200 1772 "http://www.deszkak.hu/admin16011/index.php?controller=AdminOrders&token=c1978206ebd196d9f154bec0d83018cf" "Mozilla/5.0 (Windows NT 6.1; Win64; x64) AppleWebKit/537.36 (KHTML, like Gecko) Chrome/85.0.4183.83 Safari/537.36"
89.132.225.94 - - [06/Sep/2020:14:39:19 +0200] "POST /admin16011/ajax.php?rand=1599395957218 HTTP/1.1" 200 1772 "http://www.deszkak.hu/admin16011/index.php?controller=AdminOrders&token=c1978206ebd196d9f154bec0d83018cf" "Mozilla/5.0 (Windows NT 6.1; Win64; x64) AppleWebKit/537.36 (KHTML, like Gecko) Chrome/85.0.4183.83 Safari/537.36"
89.132.225.94 - - [06/Sep/2020:14:39:08 +0200] "POST /admin16011/ajax.php?rand=1599395946205 HTTP/1.1" 200 2802 "http://www.deszkak.hu/admin16011/index.php?controller=AdminOrders&token=0209ffce19e7478d67c5c840bf0a38da" "Mozilla/5.0 (Windows NT 6.1; Win64; x64) AppleWebKit/537.36 (KHTML, like Gecko) Chrome/85.0.4183.83 Safari/537.36"
89.132.225.94 - - [06/Sep/2020:14:41:09 +0200] "POST /admin16011/ajax.php?rand=1599396067207 HTTP/1.1" 200 2802 "http://www.deszkak.hu/admin16011/index.php?controller=AdminOrders&token=0209ffce19e7478d67c5c840bf0a38da" "Mozilla/5.0 (Windows NT 6.1; Win64; x64) AppleWebKit/537.36 (KHTML, like Gecko) Chrome/85.0.4183.83 Safari/537.36"
141.8.142.88 - - [06/Sep/2020:14:43:22 +0200] "GET /4566-home_default/enuff-dip-stained-825-deck-zold-rozsaszin.jpg HTTP/1.1" 304 - "-" "Mozilla/5.0 (compatible; YandexImages/3.0; +http://yandex.com/bots)"
89.132.225.94 - - [06/Sep/2020:14:41:20 +0200] "POST /admin16011/ajax.php?rand=1599396078209 HTTP/1.1" 200 1772 "http://www.deszkak.hu/admin16011/index.php?controller=AdminOrders&token=c1978206ebd196d9f154bec0d83018cf" "Mozilla/5.0 (Windows NT 6.1; Win64; x64) AppleWebKit/537.36 (KHTML, like Gecko) Chrome/85.0.4183.83 Safari/537.36"
89.132.225.94 - - [06/Sep/2020:14:43:21 +0200] "POST /admin16011/ajax.php?rand=1599396199208 HTTP/1.1" 200 1772 "http://www.deszkak.hu/admin16011/index.php?controller=AdminOrders&token=c1978206ebd196d9f154bec0d83018cf" "Mozilla/5.0 (Windows NT 6.1; Win64; x64) AppleWebKit/537.36 (KHTML, like Gecko) Chrome/85.0.4183.83 Safari/537.36"
89.132.225.94 - - [06/Sep/2020:14:43:10 +0200] "POST /admin16011/ajax.php?rand=1599396188211 HTTP/1.1" 200 2802 "http://www.deszkak.hu/admin16011/index.php?controller=AdminOrders&token=0209ffce19e7478d67c5c840bf0a38da" "Mozilla/5.0 (Windows NT 6.1; Win64; x64) AppleWebKit/537.36 (KHTML, like Gecko) Chrome/85.0.4183.83 Safari/537.36"
79.175.111.91 - - [06/Sep/2020:14:42:36 +0200] "GET / HTTP/1.1" 301 - "-" "Mozilla/5.0 (Windows NT 10.0) AppleWebKit/537.36 (KHTML, like Gecko) Chrome/84.0.4147.105 Safari/537.36 OPR/70.0.3728.106"
66.249.66.134 - - [06/Sep/2020:14:44:33 +0200] "GET /en/skateboard/155-enuff-refresher-skateboard-wheels-orange.html HTTP/1.1" 301 - "-" "Mozilla/5.0 (Linux; Android 6.0.1; Nexus 5X Build/MMB29P) AppleWebKit/537.36 (KHTML, like Gecko) Chrome/80.0.3987.92 Mobile Safari/537.36 (compatible; Googlebot/2.1; +http://www.google.com/bot.html)"
218.64.100.24 - - [06/Sep/2020:14:44:24 +0200] "GET /2704-large_default/ram-longboard-cariad-emberglow.jpg HTTP/1.1" 200 29595 "https://cn.bing.com/" "Mozilla/5.0 (Macintosh; Intel Mac OS X 10_15_4) AppleWebKit/605.1.15 (KHTML, like Gecko) Version/13.1.2 Safari/605.1.15"
141.8.142.88 - - [06/Sep/2020:14:43:18 +0200] "GET /robots.txt HTTP/1.1" 200 2464 "-" "Mozilla/5.0 (compatible; YandexBot/3.0; +http://yandex.com/bots)"
66.249.66.134 - - [06/Sep/2020:14:44:37 +0200] "GET /en/skateboard/155-enuff-refresher-skateboard-wheels-orange.html HTTP/1.1" 301 - "-" "Mozilla/5.0 (Linux; Android 6.0.1; Nexus 5X Build/MMB29P) AppleWebKit/537.36 (KHTML, like Gecko) Chrome/80.0.3987.92 Mobile Safari/537.36 (compatible; Googlebot/2.1; +http://www.google.com/bot.html)"
141.8.142.88 - - [06/Sep/2020:14:43:36 +0200] "GET /1709-small_default/rio-roller-pure-gyerek-quad-gorkorcsolya-piros-feher.jpg HTTP/1.1" 304 - "-" "Mozilla/5.0 (compatible; YandexImages/3.0; +http://yandex.com/bots)"
89.132.225.94 - - [06/Sep/2020:14:47:12 +0200] "POST /admin16011/ajax.php?rand=1599396430208 HTTP/1.1" 200 2802 "http://www.deszkak.hu/admin16011/index.php?controller=AdminOrders&token=0209ffce19e7478d67c5c840bf0a38da" "Mozilla/5.0 (Windows NT 6.1; Win64; x64) AppleWebKit/537.36 (KHTML, like Gecko) Chrome/85.0.4183.83 Safari/537.36"
89.132.225.94 - - [06/Sep/2020:14:47:23 +0200] "POST /admin16011/ajax.php?rand=1599396441214 HTTP/1.1" 200 1772 "http://www.deszkak.hu/admin16011/index.php?controller=AdminOrders&token=c1978206ebd196d9f154bec0d83018cf" "Mozilla/5.0 (Windows NT 6.1; Win64; x64) AppleWebKit/537.36 (KHTML, like Gecko) Chrome/85.0.4183.83 Safari/537.36"
89.132.225.94 - - [06/Sep/2020:14:45:22 +0200] "POST /admin16011/ajax.php?rand=1599396320227 HTTP/1.1" 200 1772 "http://www.deszkak.hu/admin16011/index.php?controller=AdminOrders&token=c1978206ebd196d9f154bec0d83018cf" "Mozilla/5.0 (Windows NT 6.1; Win64; x64) AppleWebKit/537.36 (KHTML, like Gecko) Chrome/85.0.4183.83 Safari/537.36"
89.132.10.248 - - [06/Sep/2020:14:46:49 +0200] "GET /hu/32-wave-board?gclid=CjwKCAjwkdL6BRAREiwA-kiczJnA-ZDU33HRt2WzSpmDIee_DEuOhJBJFqDUKtnxKJZ2VkvuRiKNJRoCeRoQAvD_BwE HTTP/1.1" 301 - "-" "Mozilla/5.0 (Linux; Android 8.0.0; LDN-L21) AppleWebKit/537.36 (KHTML, like Gecko) Chrome/85.0.4183.81 Mobile Safari/537.36"
89.132.225.94 - - [06/Sep/2020:14:45:11 +0200] "POST /admin16011/ajax.php?rand=1599396309208 HTTP/1.1" 200 2802 "http://www.deszkak.hu/admin16011/index.php?controller=AdminOrders&token=0209ffce19e7478d67c5c840bf0a38da" "Mozilla/5.0 (Windows NT 6.1; Win64; x64) AppleWebKit/537.36 (KHTML, like Gecko) Chrome/85.0.4183.83 Safari/537.36"
66.249.66.130 - - [06/Sep/2020:14:48:37 +0200] "GET /en/cruisers/1835-penny-27-cruiser-makana.html HTTP/1.1" 301 - "-" "Mozilla/5.0 (Linux; Android 6.0.1; Nexus 5X Build/MMB29P) AppleWebKit/537.36 (KHTML, like Gecko) Chrome/80.0.3987.92 Mobile Safari/537.36 (compatible; Googlebot/2.1; +http://www.google.com/bot.html)"
66.249.66.130 - - [06/Sep/2020:14:48:39 +0200] "GET /en/cruisers/1835-penny-27-cruiser-makana.html HTTP/1.1" 301 - "-" "Mozilla/5.0 (Linux; Android 6.0.1; Nexus 5X Build/MMB29P) AppleWebKit/537.36 (KHTML, like Gecko) Chrome/80.0.3987.92 Mobile Safari/537.36 (compatible; Googlebot/2.1; +http://www.google.com/bot.html)"
66.249.66.130 - - [06/Sep/2020:14:48:52 +0200] "GET /hu/egyeb/151-enuff-g%C3%B6rdeszka-al%C3%A1t%C3%A9t-piros.html HTTP/1.1" 301 - "-" "Mozilla/5.0 (Linux; Android 6.0.1; Nexus 5X Build/MMB29P) AppleWebKit/537.36 (KHTML, like Gecko) Chrome/85.0.4183.97 Mobile Safari/537.36 (compatible; Googlebot/2.1; +http://www.google.com/bot.html)"
66.249.66.130 - - [06/Sep/2020:14:48:57 +0200] "GET /hu/egyeb/151-enuff-g%C3%B6rdeszka-al%C3%A1t%C3%A9t-piros.html HTTP/1.1" 301 - "-" "Mozilla/5.0 (Linux; Android 6.0.1; Nexus 5X Build/MMB29P) AppleWebKit/537.36 (KHTML, like Gecko) Chrome/85.0.4183.97 Mobile Safari/537.36 (compatible; Googlebot/2.1; +http://www.google.com/bot.html)"
89.132.225.94 - - [06/Sep/2020:14:49:13 +0200] "POST /admin16011/ajax.php?rand=1599396551222 HTTP/1.1" 200 2802 "http://www.deszkak.hu/admin16011/index.php?controller=AdminOrders&token=0209ffce19e7478d67c5c840bf0a38da" "Mozilla/5.0 (Windows NT 6.1; Win64; x64) AppleWebKit/537.36 (KHTML, like Gecko) Chrome/85.0.4183.83 Safari/537.36"
89.132.225.94 - - [06/Sep/2020:14:49:24 +0200] "POST /admin16011/ajax.php?rand=1599396562214 HTTP/1.1" 200 1772 "http://www.deszkak.hu/admin16011/index.php?controller=AdminOrders&token=c1978206ebd196d9f154bec0d83018cf" "Mozilla/5.0 (Windows NT 6.1; Win64; x64) AppleWebKit/537.36 (KHTML, like Gecko) Chrome/85.0.4183.83 Safari/537.36"
89.132.225.94 - - [06/Sep/2020:14:51:14 +0200] "POST /admin16011/ajax.php?rand=1599396672209 HTTP/1.1" 200 2802 "http://www.deszkak.hu/admin16011/index.php?controller=AdminOrders&token=0209ffce19e7478d67c5c840bf0a38da" "Mozilla/5.0 (Windows NT 6.1; Win64; x64) AppleWebKit/537.36 (KHTML, like Gecko) Chrome/85.0.4183.83 Safari/537.36"
89.132.225.94 - - [06/Sep/2020:14:53:16 +0200] "POST /admin16011/ajax.php?rand=1599396793213 HTTP/1.1" 200 2802 "http://www.deszkak.hu/admin16011/index.php?controller=AdminOrders&token=0209ffce19e7478d67c5c840bf0a38da" "Mozilla/5.0 (Windows NT 6.1; Win64; x64) AppleWebKit/537.36 (KHTML, like Gecko) Chrome/85.0.4183.83 Safari/537.36"
89.132.225.94 - - [06/Sep/2020:14:51:25 +0200] "POST /admin16011/ajax.php?rand=1599396683212 HTTP/1.1" 200 1772 "http://www.deszkak.hu/admin16011/index.php?controller=AdminOrders&token=c1978206ebd196d9f154bec0d83018cf" "Mozilla/5.0 (Windows NT 6.1; Win64; x64) AppleWebKit/537.36 (KHTML, like Gecko) Chrome/85.0.4183.83 Safari/537.36"
89.132.225.94 - - [06/Sep/2020:14:53:26 +0200] "POST /admin16011/ajax.php?rand=1599396804213 HTTP/1.1" 200 1772 "http://www.deszkak.hu/admin16011/index.php?controller=AdminOrders&token=c1978206ebd196d9f154bec0d83018cf" "Mozilla/5.0 (Windows NT 6.1; Win64; x64) AppleWebKit/537.36 (KHTML, like Gecko) Chrome/85.0.4183.83 Safari/537.36"
89.132.225.94 - - [06/Sep/2020:14:55:27 +0200] "POST /admin16011/ajax.php?rand=1599396925209 HTTP/1.1" 200 1772 "http://www.deszkak.hu/admin16011/index.php?controller=AdminOrders&token=c1978206ebd196d9f154bec0d83018cf" "Mozilla/5.0 (Windows NT 6.1; Win64; x64) AppleWebKit/537.36 (KHTML, like Gecko) Chrome/85.0.4183.83 Safari/537.36"
89.132.225.94 - - [06/Sep/2020:14:55:16 +0200] "POST /admin16011/ajax.php?rand=1599396914212 HTTP/1.1" 200 2802 "http://www.deszkak.hu/admin16011/index.php?controller=AdminOrders&token=0209ffce19e7478d67c5c840bf0a38da" "Mozilla/5.0 (Windows NT 6.1; Win64; x64) AppleWebKit/537.36 (KHTML, like Gecko) Chrome/85.0.4183.83 Safari/537.36"
66.249.66.130 - - [06/Sep/2020:14:57:00 +0200] "GET /hu/egyeb/151-enuff-g%C3%B6rdeszka-al%C3%A1t%C3%A9t-piros.html HTTP/1.1" 301 - "-" "Mozilla/5.0 (compatible; Googlebot/2.1; +http://www.google.com/bot.html)"
89.132.225.94 - - [06/Sep/2020:14:57:17 +0200] "POST /admin16011/ajax.php?rand=1599397035220 HTTP/1.1" 200 2802 "http://www.deszkak.hu/admin16011/index.php?controller=AdminOrders&token=0209ffce19e7478d67c5c840bf0a38da" "Mozilla/5.0 (Windows NT 6.1; Win64; x64) AppleWebKit/537.36 (KHTML, like Gecko) Chrome/85.0.4183.83 Safari/537.36"
89.132.225.94 - - [06/Sep/2020:14:57:28 +0200] "POST /admin16011/ajax.php?rand=1599397046220 HTTP/1.1" 200 1772 "http://www.deszkak.hu/admin16011/index.php?controller=AdminOrders&token=c1978206ebd196d9f154bec0d83018cf" "Mozilla/5.0 (Windows NT 6.1; Win64; x64) AppleWebKit/537.36 (KHTML, like Gecko) Chrome/85.0.4183.83 Safari/537.36"
89.132.225.94 - - [06/Sep/2020:14:59:29 +0200] "POST /admin16011/ajax.php?rand=1599397167215 HTTP/1.1" 200 1772 "http://www.deszkak.hu/admin16011/index.php?controller=AdminOrders&token=c1978206ebd196d9f154bec0d83018cf" "Mozilla/5.0 (Windows NT 6.1; Win64; x64) AppleWebKit/537.36 (KHTML, like Gecko) Chrome/85.0.4183.83 Safari/537.36"
66.249.66.130 - - [06/Sep/2020:14:56:45 +0200] "GET /hu/egyeb/151-enuff-g%C3%B6rdeszka-al%C3%A1t%C3%A9t-piros.html HTTP/1.1" 301 - "-" "Mozilla/5.0 (compatible; Googlebot/2.1; +http://www.google.com/bot.html)"
89.132.225.94 - - [06/Sep/2020:14:59:18 +0200] "POST /admin16011/ajax.php?rand=1599397156213 HTTP/1.1" 200 2802 "http://www.deszkak.hu/admin16011/index.php?controller=AdminOrders&token=0209ffce19e7478d67c5c840bf0a38da" "Mozilla/5.0 (Windows NT 6.1; Win64; x64) AppleWebKit/537.36 (KHTML, like Gecko) Chrome/85.0.4183.83 Safari/537.36"
89.132.225.94 - - [06/Sep/2020:15:01:19 +0200] "POST /admin16011/ajax.php?rand=1599397277210 HTTP/1.1" 200 2802 "http://www.deszkak.hu/admin16011/index.php?controller=AdminOrders&token=0209ffce19e7478d67c5c840bf0a38da" "Mozilla/5.0 (Windows NT 6.1; Win64; x64) AppleWebKit/537.36 (KHTML, like Gecko) Chrome/85.0.4183.83 Safari/537.36"
89.132.225.94 - - [06/Sep/2020:15:01:30 +0200] "POST /admin16011/ajax.php?rand=1599397288215 HTTP/1.1" 200 1772 "http://www.deszkak.hu/admin16011/index.php?controller=AdminOrders&token=c1978206ebd196d9f154bec0d83018cf" "Mozilla/5.0 (Windows NT 6.1; Win64; x64) AppleWebKit/537.36 (KHTML, like Gecko) Chrome/85.0.4183.83 Safari/537.36"
89.132.225.94 - - [06/Sep/2020:15:03:31 +0200] "POST /admin16011/ajax.php?rand=1599397409217 HTTP/1.1" 200 1772 "http://www.deszkak.hu/admin16011/index.php?controller=AdminOrders&token=c1978206ebd196d9f154bec0d83018cf" "Mozilla/5.0 (Windows NT 6.1; Win64; x64) AppleWebKit/537.36 (KHTML, like Gecko) Chrome/85.0.4183.83 Safari/537.36"
89.132.225.94 - - [06/Sep/2020:15:03:20 +0200] "POST /admin16011/ajax.php?rand=1599397398219 HTTP/1.1" 200 2802 "http://www.deszkak.hu/admin16011/index.php?controller=AdminOrders&token=0209ffce19e7478d67c5c840bf0a38da" "Mozilla/5.0 (Windows NT 6.1; Win64; x64) AppleWebKit/537.36 (KHTML, like Gecko) Chrome/85.0.4183.83 Safari/537.36"
89.132.225.94 - - [06/Sep/2020:15:05:21 +0200] "POST /admin16011/ajax.php?rand=1599397519213 HTTP/1.1" 200 2802 "http://www.deszkak.hu/admin16011/index.php?controller=AdminOrders&token=0209ffce19e7478d67c5c840bf0a38da" "Mozilla/5.0 (Windows NT 6.1; Win64; x64) AppleWebKit/537.36 (KHTML, like Gecko) Chrome/85.0.4183.83 Safari/537.36"
89.132.225.94 - - [06/Sep/2020:15:05:32 +0200] "POST /admin16011/ajax.php?rand=1599397530215 HTTP/1.1" 200 1772 "http://www.deszkak.hu/admin16011/index.php?controller=AdminOrders&token=c1978206ebd196d9f154bec0d83018cf" "Mozilla/5.0 (Windows NT 6.1; Win64; x64) AppleWebKit/537.36 (KHTML, like Gecko) Chrome/85.0.4183.83 Safari/537.36"
89.132.225.94 - - [06/Sep/2020:15:07:22 +0200] "POST /admin16011/ajax.php?rand=1599397640216 HTTP/1.1" 200 2802 "http://www.deszkak.hu/admin16011/index.php?controller=AdminOrders&token=0209ffce19e7478d67c5c840bf0a38da" "Mozilla/5.0 (Windows NT 6.1; Win64; x64) AppleWebKit/537.36 (KHTML, like Gecko) Chrome/85.0.4183.83 Safari/537.36"
89.132.225.94 - - [06/Sep/2020:15:07:33 +0200] "POST /admin16011/ajax.php?rand=1599397651217 HTTP/1.1" 200 1772 "http://www.deszkak.hu/admin16011/index.php?controller=AdminOrders&token=c1978206ebd196d9f154bec0d83018cf" "Mozilla/5.0 (Windows NT 6.1; Win64; x64) AppleWebKit/537.36 (KHTML, like Gecko) Chrome/85.0.4183.83 Safari/537.36"
89.132.225.94 - - [06/Sep/2020:15:09:23 +0200] "POST /admin16011/ajax.php?rand=1599397761215 HTTP/1.1" 200 2802 "http://www.deszkak.hu/admin16011/index.php?controller=AdminOrders&token=0209ffce19e7478d67c5c840bf0a38da" "Mozilla/5.0 (Windows NT 6.1; Win64; x64) AppleWebKit/537.36 (KHTML, like Gecko) Chrome/85.0.4183.83 Safari/537.36"
89.132.225.94 - - [06/Sep/2020:15:09:35 +0200] "POST /admin16011/ajax.php?rand=1599397772217 HTTP/1.1" 200 1772 "http://www.deszkak.hu/admin16011/index.php?controller=AdminOrders&token=c1978206ebd196d9f154bec0d83018cf" "Mozilla/5.0 (Windows NT 6.1; Win64; x64) AppleWebKit/537.36 (KHTML, like Gecko) Chrome/85.0.4183.83 Safari/537.36"
78.131.13.47 - - [06/Sep/2020:15:09:43 +0200] "GET /hu/32-wave-board?gclid=CjwKCAjwkdL6BRAREiwA-kiczIoOvlCF9pYLFTRmbKLKkgnErKrIDOtPs5cnTh0syRA9eWNQKpTycBoCWWYQAvD_BwE HTTP/1.1" 301 - "-" "Mozilla/5.0 (Linux; Android 8.0.0; LDN-L21) AppleWebKit/537.36 (KHTML, like Gecko) Chrome/83.0.4103.106 Mobile Safari/537.36 OPR/59.1.2926.54067"
141.8.142.88 - - [06/Sep/2020:15:11:25 +0200] "GET /2822-thickbox_default/enuff-99a-gordeszka-gumipogacsa-fekete.jpg HTTP/1.1" 200 37902 "-" "Mozilla/5.0 (compatible; YandexImages/3.0; +http://yandex.com/bots)"
89.132.225.94 - - [06/Sep/2020:15:11:24 +0200] "POST /admin16011/ajax.php?rand=1599397882233 HTTP/1.1" 200 2802 "http://www.deszkak.hu/admin16011/index.php?controller=AdminOrders&token=0209ffce19e7478d67c5c840bf0a38da" "Mozilla/5.0 (Windows NT 6.1; Win64; x64) AppleWebKit/537.36 (KHTML, like Gecko) Chrome/85.0.4183.83 Safari/537.36"
89.132.225.94 - - [06/Sep/2020:15:13:36 +0200] "POST /admin16011/ajax.php?rand=1599398014217 HTTP/1.1" 200 1772 "http://www.deszkak.hu/admin16011/index.php?controller=AdminOrders&token=c1978206ebd196d9f154bec0d83018cf" "Mozilla/5.0 (Windows NT 6.1; Win64; x64) AppleWebKit/537.36 (KHTML, like Gecko) Chrome/85.0.4183.83 Safari/537.36"
89.132.225.94 - - [06/Sep/2020:15:11:35 +0200] "POST /admin16011/ajax.php?rand=1599397893220 HTTP/1.1" 200 1772 "http://www.deszkak.hu/admin16011/index.php?controller=AdminOrders&token=c1978206ebd196d9f154bec0d83018cf" "Mozilla/5.0 (Windows NT 6.1; Win64; x64) AppleWebKit/537.36 (KHTML, like Gecko) Chrome/85.0.4183.83 Safari/537.36"
31.13.103.118 - - [06/Sep/2020:15:14:05 +0200] "GET /hu/12-gordeszkak HTTP/1.1" 301 - "-" "facebookexternalhit/1.1 (+http://www.facebook.com/externalhit_uatext.php)"
89.132.225.94 - - [06/Sep/2020:15:13:25 +0200] "POST /admin16011/ajax.php?rand=1599398003218 HTTP/1.1" 200 2802 "http://www.deszkak.hu/admin16011/index.php?controller=AdminOrders&token=0209ffce19e7478d67c5c840bf0a38da" "Mozilla/5.0 (Windows NT 6.1; Win64; x64) AppleWebKit/537.36 (KHTML, like Gecko) Chrome/85.0.4183.83 Safari/537.36"
89.132.225.94 - - [06/Sep/2020:15:15:26 +0200] "POST /admin16011/ajax.php?rand=1599398124221 HTTP/1.1" 200 2802 "http://www.deszkak.hu/admin16011/index.php?controller=AdminOrders&token=0209ffce19e7478d67c5c840bf0a38da" "Mozilla/5.0 (Windows NT 6.1; Win64; x64) AppleWebKit/537.36 (KHTML, like Gecko) Chrome/85.0.4183.83 Safari/537.36"
89.132.225.94 - - [06/Sep/2020:15:15:37 +0200] "POST /admin16011/ajax.php?rand=1599398135220 HTTP/1.1" 200 1772 "http://www.deszkak.hu/admin16011/index.php?controller=AdminOrders&token=c1978206ebd196d9f154bec0d83018cf" "Mozilla/5.0 (Windows NT 6.1; Win64; x64) AppleWebKit/537.36 (KHTML, like Gecko) Chrome/85.0.4183.83 Safari/537.36"
89.132.225.94 - - [06/Sep/2020:15:17:27 +0200] "POST /admin16011/ajax.php?rand=1599398245216 HTTP/1.1" 200 2802 "http://www.deszkak.hu/admin16011/index.php?controller=AdminOrders&token=0209ffce19e7478d67c5c840bf0a38da" "Mozilla/5.0 (Windows NT 6.1; Win64; x64) AppleWebKit/537.36 (KHTML, like Gecko) Chrome/85.0.4183.83 Safari/537.36"
89.132.225.94 - - [06/Sep/2020:15:17:38 +0200] "POST /admin16011/ajax.php?rand=1599398256218 HTTP/1.1" 200 1772 "http://www.deszkak.hu/admin16011/index.php?controller=AdminOrders&token=c1978206ebd196d9f154bec0d83018cf" "Mozilla/5.0 (Windows NT 6.1; Win64; x64) AppleWebKit/537.36 (KHTML, like Gecko) Chrome/85.0.4183.83 Safari/537.36"
89.132.225.94 - - [06/Sep/2020:15:19:39 +0200] "POST /admin16011/ajax.php?rand=1599398377221 HTTP/1.1" 200 1772 "http://www.deszkak.hu/admin16011/index.php?controller=AdminOrders&token=c1978206ebd196d9f154bec0d83018cf" "Mozilla/5.0 (Windows NT 6.1; Win64; x64) AppleWebKit/537.36 (KHTML, like Gecko) Chrome/85.0.4183.83 Safari/537.36"
188.156.195.92 - - [06/Sep/2020:15:18:12 +0200] "GET / HTTP/1.1" 301 - "-" "Mozilla/5.0 (Windows NT 6.1; Win64; x64) AppleWebKit/537.36 (KHTML, like Gecko) Chrome/85.0.4183.83 Safari/537.36"
17.58.96.34 - - [06/Sep/2020:15:19:46 +0200] "GET /hu/19-cruiser-short-board HTTP/1.1" 301 - "-" "Mozilla/5.0 (Macintosh; Intel Mac OS X 10_15_5) AppleWebKit/605.1.15 (KHTML, like Gecko) Version/13.1.1 Safari/605.1.15 (Applebot/0.1; +http://www.apple.com/go/applebot)"
89.132.225.94 - - [06/Sep/2020:15:19:28 +0200] "POST /admin16011/ajax.php?rand=1599398366220 HTTP/1.1" 200 2802 "http://www.deszkak.hu/admin16011/index.php?controller=AdminOrders&token=0209ffce19e7478d67c5c840bf0a38da" "Mozilla/5.0 (Windows NT 6.1; Win64; x64) AppleWebKit/537.36 (KHTML, like Gecko) Chrome/85.0.4183.83 Safari/537.36"
89.132.225.94 - - [06/Sep/2020:15:21:29 +0200] "POST /admin16011/ajax.php?rand=1599398487218 HTTP/1.1" 200 2802 "http://www.deszkak.hu/admin16011/index.php?controller=AdminOrders&token=0209ffce19e7478d67c5c840bf0a38da" "Mozilla/5.0 (Windows NT 6.1; Win64; x64) AppleWebKit/537.36 (KHTML, like Gecko) Chrome/85.0.4183.83 Safari/537.36"
89.132.225.94 - - [06/Sep/2020:15:21:40 +0200] "POST /admin16011/ajax.php?rand=1599398498224 HTTP/1.1" 200 1772 "http://www.deszkak.hu/admin16011/index.php?controller=AdminOrders&token=c1978206ebd196d9f154bec0d83018cf" "Mozilla/5.0 (Windows NT 6.1; Win64; x64) AppleWebKit/537.36 (KHTML, like Gecko) Chrome/85.0.4183.83 Safari/537.36"
94.44.101.131 - - [06/Sep/2020:15:23:32 +0200] "GET /hu/32-wave-board?gclid=CjwKCAjwkdL6BRAREiwA-kiczBJKmXS4jeGeAFA7L16-JLl8Xp_7iRk16MORgqSXR8Ucin7f9aqtMRoC5awQAvD_BwE HTTP/1.1" 301 - "-" "Mozilla/5.0 (Linux; Android 9; MAR-LX1A) AppleWebKit/537.36 (KHTML, like Gecko) Chrome/85.0.4183.81 Mobile Safari/537.36"
216.244.66.194 - - [06/Sep/2020:15:23:30 +0200] "GET /en/cart?add=1&id_product=1080&token=dd1548e4374f499b814aa1cfc96bc198 HTTP/1.1" 301 - "-" "Mozilla/5.0 (compatible; DotBot/1.1; http://www.opensiteexplorer.org/dotbot, help@moz.com)"
89.132.225.94 - - [06/Sep/2020:15:23:30 +0200] "POST /admin16011/ajax.php?rand=1599398608225 HTTP/1.1" 200 2802 "http://www.deszkak.hu/admin16011/index.php?controller=AdminOrders&token=0209ffce19e7478d67c5c840bf0a38da" "Mozilla/5.0 (Windows NT 6.1; Win64; x64) AppleWebKit/537.36 (KHTML, like Gecko) Chrome/85.0.4183.83 Safari/537.36"
216.244.66.194 - - [06/Sep/2020:15:23:36 +0200] "GET /en/skateboard/567-steadfast-gels-50mm-skateboard-wheels-clear.html HTTP/1.1" 301 - "-" "Mozilla/5.0 (compatible; DotBot/1.1; http://www.opensiteexplorer.org/dotbot, help@moz.com)"
66.249.66.130 - - [06/Sep/2020:15:22:28 +0200] "GET /hu/cruiser/1810-penny-22-cruiser-makana.html HTTP/1.1" 301 - "-" "Mozilla/5.0 (compatible; Googlebot/2.1; +http://www.google.com/bot.html)"
216.244.66.194 - - [06/Sep/2020:15:23:25 +0200] "GET /en/longboards/1167-mindless-raider-iv-longboard-green-yelow.html HTTP/1.1" 301 - "-" "Mozilla/5.0 (compatible; DotBot/1.1; http://www.opensiteexplorer.org/dotbot, help@moz.com)"
216.244.66.194 - - [06/Sep/2020:15:23:39 +0200] "GET /en/cart?add=1&id_product=276&token=dd1548e4374f499b814aa1cfc96bc198 HTTP/1.1" 301 - "-" "Mozilla/5.0 (compatible; DotBot/1.1; http://www.opensiteexplorer.org/dotbot, help@moz.com)"
89.132.225.94 - - [06/Sep/2020:15:23:42 +0200] "POST /admin16011/ajax.php?rand=1599398619219 HTTP/1.1" 200 1772 "http://www.deszkak.hu/admin16011/index.php?controller=AdminOrders&token=c1978206ebd196d9f154bec0d83018cf" "Mozilla/5.0 (Windows NT 6.1; Win64; x64) AppleWebKit/537.36 (KHTML, like Gecko) Chrome/85.0.4183.83 Safari/537.36"
81.182.113.98 - - [06/Sep/2020:15:23:55 +0200] "GET /1736-thickbox_default/rio-roller-leopard-adult-quad-skate.jpg HTTP/1.1" 200 94398 "-" "Mozilla/5.0 (Windows NT 10.0; Win64; x64) AppleWebKit/537.36 (KHTML, like Gecko) Chrome/85.0.4183.83 Safari/537.36"
216.244.66.194 - - [06/Sep/2020:15:24:12 +0200] "GET /en/20_rekd HTTP/1.1" 301 - "-" "Mozilla/5.0 (compatible; DotBot/1.1; http://www.opensiteexplorer.org/dotbot, help@moz.com)"
89.132.225.94 - - [06/Sep/2020:15:25:42 +0200] "POST /admin16011/ajax.php?rand=1599398740225 HTTP/1.1" 200 1772 "http://www.deszkak.hu/admin16011/index.php?controller=AdminOrders&token=c1978206ebd196d9f154bec0d83018cf" "Mozilla/5.0 (Windows NT 6.1; Win64; x64) AppleWebKit/537.36 (KHTML, like Gecko) Chrome/85.0.4183.83 Safari/537.36"
89.132.225.94 - - [06/Sep/2020:15:25:31 +0200] "POST /admin16011/ajax.php?rand=1599398729222 HTTP/1.1" 200 2802 "http://www.deszkak.hu/admin16011/index.php?controller=AdminOrders&token=0209ffce19e7478d67c5c840bf0a38da" "Mozilla/5.0 (Windows NT 6.1; Win64; x64) AppleWebKit/537.36 (KHTML, like Gecko) Chrome/85.0.4183.83 Safari/537.36"
89.132.225.94 - - [06/Sep/2020:15:27:43 +0200] "POST /admin16011/ajax.php?rand=1599398861220 HTTP/1.1" 200 1772 "http://www.deszkak.hu/admin16011/index.php?controller=AdminOrders&token=c1978206ebd196d9f154bec0d83018cf" "Mozilla/5.0 (Windows NT 6.1; Win64; x64) AppleWebKit/537.36 (KHTML, like Gecko) Chrome/85.0.4183.83 Safari/537.36"
207.46.13.126 - - [06/Sep/2020:15:27:57 +0200] "GET /hu/longboard/611-ram-longboard-solitary-20-limited-edition-kek.html HTTP/1.1" 301 - "-" "Mozilla/5.0 (compatible; bingbot/2.0; +http://www.bing.com/bingbot.htm)"
66.249.66.130 - - [06/Sep/2020:15:29:16 +0200] "GET /hu/fuggok/1871-penny-3125-felfuggesztes-sarga.html HTTP/1.1" 301 - "-" "Mozilla/5.0 (Linux; Android 6.0.1; Nexus 5X Build/MMB29P) AppleWebKit/537.36 (KHTML, like Gecko) Chrome/80.0.3987.92 Mobile Safari/537.36 (compatible; Googlebot/2.1; +http://www.google.com/bot.html)"
39.103.142.195 - - [06/Sep/2020:15:29:01 +0200] "GET /utility/convert/source/d7.2_x1.5/readme.txt HTTP/1.1" 302 - "-" "Mozilla/5.0 (Windows NT 10.0; WOW64; rv:48.0) Gecko/20100101 Firefox/48.0"
66.249.66.130 - - [06/Sep/2020:15:29:13 +0200] "GET /hu/fuggok/1871-penny-3125-felfuggesztes-sarga.html HTTP/1.1" 301 - "-" "Mozilla/5.0 (Linux; Android 6.0.1; Nexus 5X Build/MMB29P) AppleWebKit/537.36 (KHTML, like Gecko) Chrome/80.0.3987.92 Mobile Safari/537.36 (compatible; Googlebot/2.1; +http://www.google.com/bot.html)"
89.132.225.94 - - [06/Sep/2020:15:27:32 +0200] "POST /admin16011/ajax.php?rand=1599398850224 HTTP/1.1" 200 2802 "http://www.deszkak.hu/admin16011/index.php?controller=AdminOrders&token=0209ffce19e7478d67c5c840bf0a38da" "Mozilla/5.0 (Windows NT 6.1; Win64; x64) AppleWebKit/537.36 (KHTML, like Gecko) Chrome/85.0.4183.83 Safari/537.36"
89.132.225.94 - - [06/Sep/2020:15:29:33 +0200] "POST /admin16011/ajax.php?rand=1599398971222 HTTP/1.1" 200 2803 "http://www.deszkak.hu/admin16011/index.php?controller=AdminOrders&token=0209ffce19e7478d67c5c840bf0a38da" "Mozilla/5.0 (Windows NT 6.1; Win64; x64) AppleWebKit/537.36 (KHTML, like Gecko) Chrome/85.0.4183.83 Safari/537.36"
66.249.66.130 - - [06/Sep/2020:15:29:41 +0200] "GET /hu/longboard/444-stella-69mm-longboard-kerek-feher.html HTTP/1.1" 301 - "-" "Mozilla/5.0 (Linux; Android 6.0.1; Nexus 5X Build/MMB29P) AppleWebKit/537.36 (KHTML, like Gecko) Chrome/80.0.3987.92 Mobile Safari/537.36 (compatible; Googlebot/2.1; +http://www.google.com/bot.html)"
66.249.66.130 - - [06/Sep/2020:15:29:45 +0200] "GET /hu/longboard/444-stella-69mm-longboard-kerek-feher.html HTTP/1.1" 301 - "-" "Mozilla/5.0 (Linux; Android 6.0.1; Nexus 5X Build/MMB29P) AppleWebKit/537.36 (KHTML, like Gecko) Chrome/80.0.3987.92 Mobile Safari/537.36 (compatible; Googlebot/2.1; +http://www.google.com/bot.html)"
89.132.225.94 - - [06/Sep/2020:15:29:44 +0200] "POST /admin16011/ajax.php?rand=1599398982232 HTTP/1.1" 200 1773 "http://www.deszkak.hu/admin16011/index.php?controller=AdminOrders&token=c1978206ebd196d9f154bec0d83018cf" "Mozilla/5.0 (Windows NT 6.1; Win64; x64) AppleWebKit/537.36 (KHTML, like Gecko) Chrome/85.0.4183.83 Safari/537.36"
77.110.130.143 - - [06/Sep/2020:15:27:46 +0200] "GET /hu/contact-us HTTP/1.1" 301 - "-" "Mozilla/5.0 (Linux; Android 10; SM-A505FN) AppleWebKit/537.36 (KHTML, like Gecko) Chrome/83.0.4103.106 Mobile Safari/537.36"
89.132.225.94 - - [06/Sep/2020:15:31:45 +0200] "POST /admin16011/ajax.php?rand=1599399103227 HTTP/1.1" 200 1773 "http://www.deszkak.hu/admin16011/index.php?controller=AdminOrders&token=c1978206ebd196d9f154bec0d83018cf" "Mozilla/5.0 (Windows NT 6.1; Win64; x64) AppleWebKit/537.36 (KHTML, like Gecko) Chrome/85.0.4183.83 Safari/537.36"
89.132.225.94 - - [06/Sep/2020:15:31:34 +0200] "POST /admin16011/ajax.php?rand=1599399092225 HTTP/1.1" 200 2803 "http://www.deszkak.hu/admin16011/index.php?controller=AdminOrders&token=0209ffce19e7478d67c5c840bf0a38da" "Mozilla/5.0 (Windows NT 6.1; Win64; x64) AppleWebKit/537.36 (KHTML, like Gecko) Chrome/85.0.4183.83 Safari/537.36"
94.44.120.226 - - [06/Sep/2020:15:32:12 +0200] "GET / HTTP/1.1" 301 - "-" "Mozilla/5.0 (Linux; Android 10; SM-A515F) AppleWebKit/537.36 (KHTML, like Gecko) Chrome/83.0.4103.106 Mobile Safari/537.36"
66.249.66.130 - - [06/Sep/2020:15:29:54 +0200] "GET /en/bearings/121-mindless-voodoo-hoodoo-bearings-freeride.html?search_query=mindless&results=62 HTTP/1.1" 301 - "-" "Mozilla/5.0 (Linux; Android 6.0.1; Nexus 5X Build/MMB29P) AppleWebKit/537.36 (KHTML, like Gecko) Chrome/80.0.3987.92 Mobile Safari/537.36 (compatible; Googlebot/2.1; +http://www.google.com/bot.html)"
91.147.251.192 - - [06/Sep/2020:15:33:31 +0200] "GET / HTTP/1.1" 301 - "android-app://com.google.android.googlequicksearchbox/" "Mozilla/5.0 (Linux; Android 10; SM-A715F) AppleWebKit/537.36 (KHTML, like Gecko) Chrome/85.0.4183.81 Mobile Safari/537.36"
91.147.251.192 - - [06/Sep/2020:15:32:43 +0200] "GET / HTTP/1.1" 301 - "android-app://com.google.android.googlequicksearchbox/" "Mozilla/5.0 (Linux; Android 10; SM-A715F) AppleWebKit/537.36 (KHTML, like Gecko) Chrome/85.0.4183.81 Mobile Safari/537.36"
89.132.225.94 - - [06/Sep/2020:15:33:35 +0200] "POST /admin16011/ajax.php?rand=1599399213220 HTTP/1.1" 200 2803 "http://www.deszkak.hu/admin16011/index.php?controller=AdminOrders&token=0209ffce19e7478d67c5c840bf0a38da" "Mozilla/5.0 (Windows NT 6.1; Win64; x64) AppleWebKit/537.36 (KHTML, like Gecko) Chrome/85.0.4183.83 Safari/537.36"
141.8.142.88 - - [06/Sep/2020:15:35:10 +0200] "GET /2038-thickbox_default/street-surfing-longboard-42-the-leaf.jpg HTTP/1.1" 304 - "-" "Mozilla/5.0 (compatible; YandexImages/3.0; +http://yandex.com/bots)"
89.132.225.94 - - [06/Sep/2020:15:33:46 +0200] "POST /admin16011/ajax.php?rand=1599399224226 HTTP/1.1" 200 1773 "http://www.deszkak.hu/admin16011/index.php?controller=AdminOrders&token=c1978206ebd196d9f154bec0d83018cf" "Mozilla/5.0 (Windows NT 6.1; Win64; x64) AppleWebKit/537.36 (KHTML, like Gecko) Chrome/85.0.4183.83 Safari/537.36"
89.132.225.94 - - [06/Sep/2020:15:35:36 +0200] "POST /admin16011/ajax.php?rand=1599399334227 HTTP/1.1" 200 2803 "http://www.deszkak.hu/admin16011/index.php?controller=AdminOrders&token=0209ffce19e7478d67c5c840bf0a38da" "Mozilla/5.0 (Windows NT 6.1; Win64; x64) AppleWebKit/537.36 (KHTML, like Gecko) Chrome/85.0.4183.83 Safari/537.36"
89.132.225.94 - - [06/Sep/2020:15:35:47 +0200] "POST /admin16011/ajax.php?rand=1599399345223 HTTP/1.1" 200 1773 "http://www.deszkak.hu/admin16011/index.php?controller=AdminOrders&token=c1978206ebd196d9f154bec0d83018cf" "Mozilla/5.0 (Windows NT 6.1; Win64; x64) AppleWebKit/537.36 (KHTML, like Gecko) Chrome/85.0.4183.83 Safari/537.36"
89.132.225.94 - - [06/Sep/2020:15:37:48 +0200] "POST /admin16011/ajax.php?rand=1599399466223 HTTP/1.1" 200 1773 "http://www.deszkak.hu/admin16011/index.php?controller=AdminOrders&token=c1978206ebd196d9f154bec0d83018cf" "Mozilla/5.0 (Windows NT 6.1; Win64; x64) AppleWebKit/537.36 (KHTML, like Gecko) Chrome/85.0.4183.83 Safari/537.36"
89.132.225.94 - - [06/Sep/2020:15:37:37 +0200] "POST /admin16011/ajax.php?rand=1599399455225 HTTP/1.1" 200 2803 "http://www.deszkak.hu/admin16011/index.php?controller=AdminOrders&token=0209ffce19e7478d67c5c840bf0a38da" "Mozilla/5.0 (Windows NT 6.1; Win64; x64) AppleWebKit/537.36 (KHTML, like Gecko) Chrome/85.0.4183.83 Safari/537.36"
23.94.145.122 - - [06/Sep/2020:15:40:09 +0200] "GET / HTTP/1.1" 301 - "-" "Mozilla/5.0 (Windows NT 10.0; Win64; x64; rv:64.0) Gecko/20100101 Firefox/64.0"
89.132.225.94 - - [06/Sep/2020:15:39:38 +0200] "POST /admin16011/ajax.php?rand=1599399576223 HTTP/1.1" 200 2781 "http://www.deszkak.hu/admin16011/index.php?controller=AdminOrders&token=0209ffce19e7478d67c5c840bf0a38da" "Mozilla/5.0 (Windows NT 6.1; Win64; x64) AppleWebKit/537.36 (KHTML, like Gecko) Chrome/85.0.4183.83 Safari/537.36"
66.249.66.130 - - [06/Sep/2020:15:39:49 +0200] "GET /hu/longboard/487-stella-kicktail-slow-dayz-longboard-kek.html?search_query=stella&results=33 HTTP/1.1" 301 - "-" "Mozilla/5.0 (compatible; Googlebot/2.1; +http://www.google.com/bot.html)"
66.249.66.130 - - [06/Sep/2020:15:37:20 +0200] "GET /hu/csavarok/141-enuff-longboard-tocsavarkeszlet-1.html?search_query=tocsavarkeszlet&results=11 HTTP/1.1" 301 - "-" "Mozilla/5.0 (Linux; Android 6.0.1; Nexus 5X Build/MMB29P) AppleWebKit/537.36 (KHTML, like Gecko) Chrome/80.0.3987.92 Mobile Safari/537.36 (compatible; Googlebot/2.1; +http://www.google.com/bot.html)"
66.249.66.130 - - [06/Sep/2020:15:37:25 +0200] "GET /hu/csavarok/141-enuff-longboard-tocsavarkeszlet-1.html?search_query=tocsavarkeszlet&results=11 HTTP/1.1" 301 - "-" "Mozilla/5.0 (Linux; Android 6.0.1; Nexus 5X Build/MMB29P) AppleWebKit/537.36 (KHTML, like Gecko) Chrome/80.0.3987.92 Mobile Safari/537.36 (compatible; Googlebot/2.1; +http://www.google.com/bot.html)"
66.249.66.130 - - [06/Sep/2020:15:39:53 +0200] "GET /hu/longboard/487-stella-kicktail-slow-dayz-longboard-kek.html?search_query=stella&results=33 HTTP/1.1" 301 - "-" "Mozilla/5.0 (compatible; Googlebot/2.1; +http://www.google.com/bot.html)"
23.94.145.165 - - [06/Sep/2020:15:40:17 +0200] "GET / HTTP/1.1" 301 - "-" "Mozilla/5.0 (Windows NT 10.0; Win64; x64; rv:64.0) Gecko/20100101 Firefox/64.0"
89.132.225.94 - - [06/Sep/2020:15:39:49 +0200] "POST /admin16011/ajax.php?rand=1599399587241 HTTP/1.1" 200 1751 "http://www.deszkak.hu/admin16011/index.php?controller=AdminOrders&token=c1978206ebd196d9f154bec0d83018cf" "Mozilla/5.0 (Windows NT 6.1; Win64; x64) AppleWebKit/537.36 (KHTML, like Gecko) Chrome/85.0.4183.83 Safari/537.36"
66.249.66.132 - - [06/Sep/2020:15:41:43 +0200] "GET /hu/longboard/487-stella-kicktail-slow-dayz-longboard-kek.html?search_query=stella&results=33 HTTP/1.1" 301 - "-" "Mozilla/5.0 (Linux; Android 6.0.1; Nexus 5X Build/MMB29P) AppleWebKit/537.36 (KHTML, like Gecko) Chrome/85.0.4183.97 Mobile Safari/537.36 (compatible; Googlebot/2.1; +http://www.google.com/bot.html)"
89.132.225.94 - - [06/Sep/2020:15:41:39 +0200] "POST /admin16011/ajax.php?rand=1599399697248 HTTP/1.1" 200 2790 "http://www.deszkak.hu/admin16011/index.php?controller=AdminOrders&token=0209ffce19e7478d67c5c840bf0a38da" "Mozilla/5.0 (Windows NT 6.1; Win64; x64) AppleWebKit/537.36 (KHTML, like Gecko) Chrome/85.0.4183.83 Safari/537.36"
89.132.225.94 - - [06/Sep/2020:15:41:50 +0200] "POST /admin16011/ajax.php?rand=1599399708223 HTTP/1.1" 200 1936 "http://www.deszkak.hu/admin16011/index.php?controller=AdminOrders&token=c1978206ebd196d9f154bec0d83018cf" "Mozilla/5.0 (Windows NT 6.1; Win64; x64) AppleWebKit/537.36 (KHTML, like Gecko) Chrome/85.0.4183.83 Safari/537.36"
89.132.225.94 - - [06/Sep/2020:15:43:40 +0200] "POST /admin16011/ajax.php?rand=1599399818227 HTTP/1.1" 200 2790 "http://www.deszkak.hu/admin16011/index.php?controller=AdminOrders&token=0209ffce19e7478d67c5c840bf0a38da" "Mozilla/5.0 (Windows NT 6.1; Win64; x64) AppleWebKit/537.36 (KHTML, like Gecko) Chrome/85.0.4183.83 Safari/537.36"
66.249.66.132 - - [06/Sep/2020:15:41:39 +0200] "GET /hu/longboard/487-stella-kicktail-slow-dayz-longboard-kek.html?search_query=stella&results=33 HTTP/1.1" 301 - "-" "Mozilla/5.0 (Linux; Android 6.0.1; Nexus 5X Build/MMB29P) AppleWebKit/537.36 (KHTML, like Gecko) Chrome/85.0.4183.97 Mobile Safari/537.36 (compatible; Googlebot/2.1; +http://www.google.com/bot.html)"
89.132.225.94 - - [06/Sep/2020:15:43:51 +0200] "POST /admin16011/ajax.php?rand=1599399829225 HTTP/1.1" 200 1936 "http://www.deszkak.hu/admin16011/index.php?controller=AdminOrders&token=c1978206ebd196d9f154bec0d83018cf" "Mozilla/5.0 (Windows NT 6.1; Win64; x64) AppleWebKit/537.36 (KHTML, like Gecko) Chrome/85.0.4183.83 Safari/537.36"
89.132.225.94 - - [06/Sep/2020:15:45:52 +0200] "POST /admin16011/ajax.php?rand=1599399950232 HTTP/1.1" 200 1936 "http://www.deszkak.hu/admin16011/index.php?controller=AdminOrders&token=c1978206ebd196d9f154bec0d83018cf" "Mozilla/5.0 (Windows NT 6.1; Win64; x64) AppleWebKit/537.36 (KHTML, like Gecko) Chrome/85.0.4183.83 Safari/537.36"
89.132.225.94 - - [06/Sep/2020:15:47:53 +0200] "POST /admin16011/ajax.php?rand=1599400071230 HTTP/1.1" 200 1936 "http://www.deszkak.hu/admin16011/index.php?controller=AdminOrders&token=c1978206ebd196d9f154bec0d83018cf" "Mozilla/5.0 (Windows NT 6.1; Win64; x64) AppleWebKit/537.36 (KHTML, like Gecko) Chrome/85.0.4183.83 Safari/537.36"
89.132.225.94 - - [06/Sep/2020:15:47:42 +0200] "POST /admin16011/ajax.php?rand=1599400060228 HTTP/1.1" 200 2790 "http://www.deszkak.hu/admin16011/index.php?controller=AdminOrders&token=0209ffce19e7478d67c5c840bf0a38da" "Mozilla/5.0 (Windows NT 6.1; Win64; x64) AppleWebKit/537.36 (KHTML, like Gecko) Chrome/85.0.4183.83 Safari/537.36"
89.132.225.94 - - [06/Sep/2020:15:45:41 +0200] "POST /admin16011/ajax.php?rand=1599399939230 HTTP/1.1" 200 2790 "http://www.deszkak.hu/admin16011/index.php?controller=AdminOrders&token=0209ffce19e7478d67c5c840bf0a38da" "Mozilla/5.0 (Windows NT 6.1; Win64; x64) AppleWebKit/537.36 (KHTML, like Gecko) Chrome/85.0.4183.83 Safari/537.36"
89.132.225.94 - - [06/Sep/2020:15:49:44 +0200] "POST /admin16011/ajax.php?rand=1599400181227 HTTP/1.1" 200 2810 "http://www.deszkak.hu/admin16011/index.php?controller=AdminOrders&token=0209ffce19e7478d67c5c840bf0a38da" "Mozilla/5.0 (Windows NT 6.1; Win64; x64) AppleWebKit/537.36 (KHTML, like Gecko) Chrome/85.0.4183.83 Safari/537.36"
89.132.225.94 - - [06/Sep/2020:15:49:54 +0200] "POST /admin16011/ajax.php?rand=1599400192228 HTTP/1.1" 200 1956 "http://www.deszkak.hu/admin16011/index.php?controller=AdminOrders&token=c1978206ebd196d9f154bec0d83018cf" "Mozilla/5.0 (Windows NT 6.1; Win64; x64) AppleWebKit/537.36 (KHTML, like Gecko) Chrome/85.0.4183.83 Safari/537.36"
54.36.148.112 - - [06/Sep/2020:15:51:51 +0200] "GET /en/other/1021-ram-longboard-bag-xl.html HTTP/1.1" 301 - "-" "Mozilla/5.0 (compatible; AhrefsBot/6.1; +http://ahrefs.com/robot/)"
89.132.225.94 - - [06/Sep/2020:15:51:44 +0200] "POST /admin16011/ajax.php?rand=1599400302229 HTTP/1.1" 200 2810 "http://www.deszkak.hu/admin16011/index.php?controller=AdminOrders&token=0209ffce19e7478d67c5c840bf0a38da" "Mozilla/5.0 (Windows NT 6.1; Win64; x64) AppleWebKit/537.36 (KHTML, like Gecko) Chrome/85.0.4183.83 Safari/537.36"
89.132.225.94 - - [06/Sep/2020:15:51:55 +0200] "POST /admin16011/ajax.php?rand=1599400313229 HTTP/1.1" 200 1956 "http://www.deszkak.hu/admin16011/index.php?controller=AdminOrders&token=c1978206ebd196d9f154bec0d83018cf" "Mozilla/5.0 (Windows NT 6.1; Win64; x64) AppleWebKit/537.36 (KHTML, like Gecko) Chrome/85.0.4183.83 Safari/537.36"
89.132.225.94 - - [06/Sep/2020:15:53:45 +0200] "POST /admin16011/ajax.php?rand=1599400423228 HTTP/1.1" 200 2810 "http://www.deszkak.hu/admin16011/index.php?controller=AdminOrders&token=0209ffce19e7478d67c5c840bf0a38da" "Mozilla/5.0 (Windows NT 6.1; Win64; x64) AppleWebKit/537.36 (KHTML, like Gecko) Chrome/85.0.4183.83 Safari/537.36"
89.132.225.94 - - [06/Sep/2020:15:53:56 +0200] "POST /admin16011/ajax.php?rand=1599400434228 HTTP/1.1" 200 1956 "http://www.deszkak.hu/admin16011/index.php?controller=AdminOrders&token=c1978206ebd196d9f154bec0d83018cf" "Mozilla/5.0 (Windows NT 6.1; Win64; x64) AppleWebKit/537.36 (KHTML, like Gecko) Chrome/85.0.4183.83 Safari/537.36"
