89.132.225.94 - - [06/Sep/2020:12:36:18 +0200] "POST /admin16011/ajax.php?rand=1599388576174 HTTP/1.1" 200 1431 "http://www.deszkak.hu/admin16011/index.php?controller=AdminOrders&token=c1978206ebd196d9f154bec0d83018cf" "Mozilla/5.0 (Windows NT 6.1; Win64; x64) AppleWebKit/537.36 (KHTML, like Gecko) Chrome/85.0.4183.83 Safari/537.36"
216.244.66.194 - - [06/Sep/2020:12:36:47 +0200] "GET /en/cart?add=1&id_product=1835&token=dd1548e4374f499b814aa1cfc96bc198 HTTP/1.1" 301 - "-" "Mozilla/5.0 (compatible; DotBot/1.1; http://www.opensiteexplorer.org/dotbot, help@moz.com)"
216.244.66.194 - - [06/Sep/2020:12:36:46 +0200] "GET /en/cart?add=1&id_product=1607&token=dd1548e4374f499b814aa1cfc96bc198 HTTP/1.1" 301 - "-" "Mozilla/5.0 (compatible; DotBot/1.1; http://www.opensiteexplorer.org/dotbot, help@moz.com)"
89.132.225.94 - - [06/Sep/2020:12:36:07 +0200] "POST /admin16011/ajax.php?rand=1599388565167 HTTP/1.1" 200 2830 "http://www.deszkak.hu/admin16011/index.php?controller=AdminOrders&token=0209ffce19e7478d67c5c840bf0a38da" "Mozilla/5.0 (Windows NT 6.1; Win64; x64) AppleWebKit/537.36 (KHTML, like Gecko) Chrome/85.0.4183.83 Safari/537.36"
89.132.225.94 - - [06/Sep/2020:12:38:19 +0200] "POST /admin16011/ajax.php?rand=1599388697174 HTTP/1.1" 200 1431 "http://www.deszkak.hu/admin16011/index.php?controller=AdminOrders&token=c1978206ebd196d9f154bec0d83018cf" "Mozilla/5.0 (Windows NT 6.1; Win64; x64) AppleWebKit/537.36 (KHTML, like Gecko) Chrome/85.0.4183.83 Safari/537.36"
66.249.66.130 - - [06/Sep/2020:12:35:59 +0200] "GET /en/cruisers-short-boards/580-ram-old-school-cruiser-dragonfruit-pink.html HTTP/1.1" 301 - "-" "Mozilla/5.0 (Linux; Android 6.0.1; Nexus 5X Build/MMB29P) AppleWebKit/537.36 (KHTML, like Gecko) Chrome/80.0.3987.92 Mobile Safari/537.36 (compatible; Googlebot/2.1; +http://www.google.com/bot.html)"
66.249.66.130 - - [06/Sep/2020:12:39:25 +0200] "GET /hu/quad-gorkorcsolya/761-rio-roller-varsity-felnott-quad-gorkorcsolya-kek-arany.html HTTP/1.1" 301 - "-" "Mozilla/5.0 (Linux; Android 6.0.1; Nexus 5X Build/MMB29P) AppleWebKit/537.36 (KHTML, like Gecko) Chrome/80.0.3987.92 Mobile Safari/537.36 (compatible; Googlebot/2.1; +http://www.google.com/bot.html)"
89.132.225.94 - - [06/Sep/2020:12:38:08 +0200] "POST /admin16011/ajax.php?rand=1599388686174 HTTP/1.1" 200 2830 "http://www.deszkak.hu/admin16011/index.php?controller=AdminOrders&token=0209ffce19e7478d67c5c840bf0a38da" "Mozilla/5.0 (Windows NT 6.1; Win64; x64) AppleWebKit/537.36 (KHTML, like Gecko) Chrome/85.0.4183.83 Safari/537.36"
89.132.225.94 - - [06/Sep/2020:12:42:10 +0200] "POST /admin16011/ajax.php?rand=1599388928173 HTTP/1.1" 200 2830 "http://www.deszkak.hu/admin16011/index.php?controller=AdminOrders&token=0209ffce19e7478d67c5c840bf0a38da" "Mozilla/5.0 (Windows NT 6.1; Win64; x64) AppleWebKit/537.36 (KHTML, like Gecko) Chrome/85.0.4183.83 Safari/537.36"
89.132.225.94 - - [06/Sep/2020:12:42:21 +0200] "POST /admin16011/ajax.php?rand=1599388939224 HTTP/1.1" 200 1431 "http://www.deszkak.hu/admin16011/index.php?controller=AdminOrders&token=c1978206ebd196d9f154bec0d83018cf" "Mozilla/5.0 (Windows NT 6.1; Win64; x64) AppleWebKit/537.36 (KHTML, like Gecko) Chrome/85.0.4183.83 Safari/537.36"
89.132.225.94 - - [06/Sep/2020:12:40:09 +0200] "POST /admin16011/ajax.php?rand=1599388807172 HTTP/1.1" 200 2830 "http://www.deszkak.hu/admin16011/index.php?controller=AdminOrders&token=0209ffce19e7478d67c5c840bf0a38da" "Mozilla/5.0 (Windows NT 6.1; Win64; x64) AppleWebKit/537.36 (KHTML, like Gecko) Chrome/85.0.4183.83 Safari/537.36"
66.249.66.134 - - [06/Sep/2020:12:39:22 +0200] "GET /hu/quad-gorkorcsolya/761-rio-roller-varsity-felnott-quad-gorkorcsolya-kek-arany.html HTTP/1.1" 301 - "-" "Mozilla/5.0 (Linux; Android 6.0.1; Nexus 5X Build/MMB29P) AppleWebKit/537.36 (KHTML, like Gecko) Chrome/80.0.3987.92 Mobile Safari/537.36 (compatible; Googlebot/2.1; +http://www.google.com/bot.html)"
89.132.225.94 - - [06/Sep/2020:12:40:20 +0200] "POST /admin16011/ajax.php?rand=1599388818173 HTTP/1.1" 200 1431 "http://www.deszkak.hu/admin16011/index.php?controller=AdminOrders&token=c1978206ebd196d9f154bec0d83018cf" "Mozilla/5.0 (Windows NT 6.1; Win64; x64) AppleWebKit/537.36 (KHTML, like Gecko) Chrome/85.0.4183.83 Safari/537.36"
89.132.225.94 - - [06/Sep/2020:12:44:11 +0200] "POST /admin16011/ajax.php?rand=1599389049176 HTTP/1.1" 200 2830 "http://www.deszkak.hu/admin16011/index.php?controller=AdminOrders&token=0209ffce19e7478d67c5c840bf0a38da" "Mozilla/5.0 (Windows NT 6.1; Win64; x64) AppleWebKit/537.36 (KHTML, like Gecko) Chrome/85.0.4183.83 Safari/537.36"
89.135.88.235 - - [06/Sep/2020:12:45:16 +0200] "GET / HTTP/1.1" 301 - "-" "Mozilla/5.0 (Windows NT 10.0; Win64; x64) AppleWebKit/537.36 (KHTML, like Gecko) Chrome/85.0.4183.83 Safari/537.36"
89.132.225.94 - - [06/Sep/2020:12:46:12 +0200] "POST /admin16011/ajax.php?rand=1599389170175 HTTP/1.1" 200 2830 "http://www.deszkak.hu/admin16011/index.php?controller=AdminOrders&token=0209ffce19e7478d67c5c840bf0a38da" "Mozilla/5.0 (Windows NT 6.1; Win64; x64) AppleWebKit/537.36 (KHTML, like Gecko) Chrome/85.0.4183.83 Safari/537.36"
89.132.225.94 - - [06/Sep/2020:12:44:22 +0200] "POST /admin16011/ajax.php?rand=1599389060178 HTTP/1.1" 200 1431 "http://www.deszkak.hu/admin16011/index.php?controller=AdminOrders&token=c1978206ebd196d9f154bec0d83018cf" "Mozilla/5.0 (Windows NT 6.1; Win64; x64) AppleWebKit/537.36 (KHTML, like Gecko) Chrome/85.0.4183.83 Safari/537.36"
89.132.225.94 - - [06/Sep/2020:12:46:23 +0200] "POST /admin16011/ajax.php?rand=1599389181174 HTTP/1.1" 200 1431 "http://www.deszkak.hu/admin16011/index.php?controller=AdminOrders&token=c1978206ebd196d9f154bec0d83018cf" "Mozilla/5.0 (Windows NT 6.1; Win64; x64) AppleWebKit/537.36 (KHTML, like Gecko) Chrome/85.0.4183.83 Safari/537.36"
89.132.225.94 - - [06/Sep/2020:12:48:13 +0200] "POST /admin16011/ajax.php?rand=1599389291172 HTTP/1.1" 200 2830 "http://www.deszkak.hu/admin16011/index.php?controller=AdminOrders&token=0209ffce19e7478d67c5c840bf0a38da" "Mozilla/5.0 (Windows NT 6.1; Win64; x64) AppleWebKit/537.36 (KHTML, like Gecko) Chrome/85.0.4183.83 Safari/537.36"
188.156.17.142 - - [06/Sep/2020:12:49:08 +0200] "GET / HTTP/1.1" 301 - "-" "Mozilla/5.0 (Linux; Android 10; Mi A2 Lite) AppleWebKit/537.36 (KHTML, like Gecko) Chrome/85.0.4183.81 Mobile Safari/537.36"
188.156.17.142 - - [06/Sep/2020:12:49:08 +0200] "GET / HTTP/1.1" 301 - "-" "Mozilla/5.0 (Linux; Android 10; Mi A2 Lite) AppleWebKit/537.36 (KHTML, like Gecko) Chrome/85.0.4183.81 Mobile Safari/537.36"
89.132.225.94 - - [06/Sep/2020:12:48:24 +0200] "POST /admin16011/ajax.php?rand=1599389302175 HTTP/1.1" 200 1431 "http://www.deszkak.hu/admin16011/index.php?controller=AdminOrders&token=c1978206ebd196d9f154bec0d83018cf" "Mozilla/5.0 (Windows NT 6.1; Win64; x64) AppleWebKit/537.36 (KHTML, like Gecko) Chrome/85.0.4183.83 Safari/537.36"
89.132.225.94 - - [06/Sep/2020:12:50:25 +0200] "POST /admin16011/ajax.php?rand=1599389423177 HTTP/1.1" 200 1431 "http://www.deszkak.hu/admin16011/index.php?controller=AdminOrders&token=c1978206ebd196d9f154bec0d83018cf" "Mozilla/5.0 (Windows NT 6.1; Win64; x64) AppleWebKit/537.36 (KHTML, like Gecko) Chrome/85.0.4183.83 Safari/537.36"
37.76.73.188 - - [06/Sep/2020:12:50:02 +0200] "GET /en/32-wave-board?gclid=CjwKCAjwkdL6BRAREiwA-kiczBdgluWu3WrHb2BQbWWNwlrqG8QhXIIOjYFow6CRM_7-D9lOMfDzJhoCA8sQAvD_BwE HTTP/1.1" 301 - "https://www.google.com/" "Mozilla/5.0 (Linux; Android 9; Redmi Note 8T) AppleWebKit/537.36 (KHTML, like Gecko) Chrome/85.0.4183.81 Mobile Safari/537.36"
89.132.225.94 - - [06/Sep/2020:12:50:14 +0200] "POST /admin16011/ajax.php?rand=1599389412185 HTTP/1.1" 200 2830 "http://www.deszkak.hu/admin16011/index.php?controller=AdminOrders&token=0209ffce19e7478d67c5c840bf0a38da" "Mozilla/5.0 (Windows NT 6.1; Win64; x64) AppleWebKit/537.36 (KHTML, like Gecko) Chrome/85.0.4183.83 Safari/537.36"
5.255.253.188 - - [06/Sep/2020:12:52:35 +0200] "GET /4241-cart_default/tony-hawk-540-series-gordeszka-fullcourt.jpg HTTP/1.1" 304 - "-" "Mozilla/5.0 (compatible; YandexImages/3.0; +http://yandex.com/bots)"
89.132.225.94 - - [06/Sep/2020:12:52:26 +0200] "POST /admin16011/ajax.php?rand=1599389544180 HTTP/1.1" 200 1431 "http://www.deszkak.hu/admin16011/index.php?controller=AdminOrders&token=c1978206ebd196d9f154bec0d83018cf" "Mozilla/5.0 (Windows NT 6.1; Win64; x64) AppleWebKit/537.36 (KHTML, like Gecko) Chrome/85.0.4183.83 Safari/537.36"
141.8.142.88 - - [06/Sep/2020:12:52:31 +0200] "GET /robots.txt HTTP/1.1" 200 2464 "-" "Mozilla/5.0 (compatible; YandexBot/3.0; +http://yandex.com/bots)"
89.132.225.94 - - [06/Sep/2020:12:52:15 +0200] "POST /admin16011/ajax.php?rand=1599389533176 HTTP/1.1" 200 2830 "http://www.deszkak.hu/admin16011/index.php?controller=AdminOrders&token=0209ffce19e7478d67c5c840bf0a38da" "Mozilla/5.0 (Windows NT 6.1; Win64; x64) AppleWebKit/537.36 (KHTML, like Gecko) Chrome/85.0.4183.83 Safari/537.36"
95.214.122.11 - - [06/Sep/2020:12:54:24 +0200] "GET / HTTP/1.1" 301 - "-" "Mozilla/5.0 (iPhone; CPU iPhone OS 14_0 like Mac OS X) AppleWebKit/605.1.15 (KHTML, like Gecko) Version/14.0 Mobile/15E148 Safari/604.1"
89.132.225.94 - - [06/Sep/2020:12:54:16 +0200] "POST /admin16011/ajax.php?rand=1599389654179 HTTP/1.1" 200 2830 "http://www.deszkak.hu/admin16011/index.php?controller=AdminOrders&token=0209ffce19e7478d67c5c840bf0a38da" "Mozilla/5.0 (Windows NT 6.1; Win64; x64) AppleWebKit/537.36 (KHTML, like Gecko) Chrome/85.0.4183.83 Safari/537.36"
89.132.225.94 - - [06/Sep/2020:12:54:27 +0200] "POST /admin16011/ajax.php?rand=1599389665176 HTTP/1.1" 200 1431 "http://www.deszkak.hu/admin16011/index.php?controller=AdminOrders&token=c1978206ebd196d9f154bec0d83018cf" "Mozilla/5.0 (Windows NT 6.1; Win64; x64) AppleWebKit/537.36 (KHTML, like Gecko) Chrome/85.0.4183.83 Safari/537.36"
89.132.225.94 - - [06/Sep/2020:12:56:17 +0200] "POST /admin16011/ajax.php?rand=1599389775192 HTTP/1.1" 200 2830 "http://www.deszkak.hu/admin16011/index.php?controller=AdminOrders&token=0209ffce19e7478d67c5c840bf0a38da" "Mozilla/5.0 (Windows NT 6.1; Win64; x64) AppleWebKit/537.36 (KHTML, like Gecko) Chrome/85.0.4183.83 Safari/537.36"
89.132.225.94 - - [06/Sep/2020:12:56:28 +0200] "POST /admin16011/ajax.php?rand=1599389786174 HTTP/1.1" 200 1431 "http://www.deszkak.hu/admin16011/index.php?controller=AdminOrders&token=c1978206ebd196d9f154bec0d83018cf" "Mozilla/5.0 (Windows NT 6.1; Win64; x64) AppleWebKit/537.36 (KHTML, like Gecko) Chrome/85.0.4183.83 Safari/537.36"
141.8.142.88 - - [06/Sep/2020:12:57:31 +0200] "GET /2148-large_default/aob-alpha-83a-longboard-wheels-blue.jpg HTTP/1.1" 304 - "-" "Mozilla/5.0 (compatible; YandexImages/3.0; +http://yandex.com/bots)"
37.76.119.6 - - [06/Sep/2020:12:58:01 +0200] "GET /hu/32-wave-board?gclid=CjwKCAjwkdL6BRAREiwA-kiczM9Jd3OzBDg6QJQJGmtDEM9le_rblHWvQjbYUZDm3YIWySR4ruIcChoCTg0QAvD_BwE HTTP/1.1" 301 - "https://www.google.com/" "Mozilla/5.0 (Linux; Android 10; SM-G965F) AppleWebKit/537.36 (KHTML, like Gecko) Chrome/85.0.4183.81 Mobile Safari/537.36"
89.132.225.94 - - [06/Sep/2020:12:58:29 +0200] "POST /admin16011/ajax.php?rand=1599389907186 HTTP/1.1" 200 1403 "http://www.deszkak.hu/admin16011/index.php?controller=AdminOrders&token=c1978206ebd196d9f154bec0d83018cf" "Mozilla/5.0 (Windows NT 6.1; Win64; x64) AppleWebKit/537.36 (KHTML, like Gecko) Chrome/85.0.4183.83 Safari/537.36"
46.119.125.135 - - [06/Sep/2020:13:00:22 +0200] "GET /en/cruisers/2336-nkd-city-39-cruiser.html HTTP/1.0" 301 - "http://www.deszkak.hu/en/cruisers/2336-nkd-city-39-cruiser.html" "Mozilla/5.0 (Windows NT 10.0) AppleWebKit/537.36 (KHTML, like Gecko) Chrome/67.0.3396.99 Safari/537.36"
89.132.225.94 - - [06/Sep/2020:13:00:30 +0200] "POST /admin16011/ajax.php?rand=1599390028176 HTTP/1.1" 200 1403 "http://www.deszkak.hu/admin16011/index.php?controller=AdminOrders&token=c1978206ebd196d9f154bec0d83018cf" "Mozilla/5.0 (Windows NT 6.1; Win64; x64) AppleWebKit/537.36 (KHTML, like Gecko) Chrome/85.0.4183.83 Safari/537.36"
89.132.225.94 - - [06/Sep/2020:13:00:19 +0200] "POST /admin16011/ajax.php?rand=1599390017178 HTTP/1.1" 200 2802 "http://www.deszkak.hu/admin16011/index.php?controller=AdminOrders&token=0209ffce19e7478d67c5c840bf0a38da" "Mozilla/5.0 (Windows NT 6.1; Win64; x64) AppleWebKit/537.36 (KHTML, like Gecko) Chrome/85.0.4183.83 Safari/537.36"
37.76.56.22 - - [06/Sep/2020:13:01:40 +0200] "GET /hu/32-wave-board?gclid=CjwKCAjwkdL6BRAREiwA-kiczD50izVXLpFkcU6EV0a_bykBhF5VKtXxM5W_S7_KzIc_4zaLHkmcMxoCg7kQAvD_BwE HTTP/1.1" 301 - "https://www.google.com/" "Mozilla/5.0 (Linux; Android 9; MAR-LX1A) AppleWebKit/537.36 (KHTML, like Gecko) Chrome/84.0.4147.125 Mobile Safari/537.36"
89.132.225.94 - - [06/Sep/2020:12:58:18 +0200] "POST /admin16011/ajax.php?rand=1599389896175 HTTP/1.1" 200 2802 "http://www.deszkak.hu/admin16011/index.php?controller=AdminOrders&token=0209ffce19e7478d67c5c840bf0a38da" "Mozilla/5.0 (Windows NT 6.1; Win64; x64) AppleWebKit/537.36 (KHTML, like Gecko) Chrome/85.0.4183.83 Safari/537.36"
89.132.225.94 - - [06/Sep/2020:13:02:20 +0200] "POST /admin16011/ajax.php?rand=1599390138175 HTTP/1.1" 200 2781 "http://www.deszkak.hu/admin16011/index.php?controller=AdminOrders&token=0209ffce19e7478d67c5c840bf0a38da" "Mozilla/5.0 (Windows NT 6.1; Win64; x64) AppleWebKit/537.36 (KHTML, like Gecko) Chrome/85.0.4183.83 Safari/537.36"
89.132.225.94 - - [06/Sep/2020:13:02:31 +0200] "POST /admin16011/ajax.php?rand=1599390149189 HTTP/1.1" 200 1382 "http://www.deszkak.hu/admin16011/index.php?controller=AdminOrders&token=c1978206ebd196d9f154bec0d83018cf" "Mozilla/5.0 (Windows NT 6.1; Win64; x64) AppleWebKit/537.36 (KHTML, like Gecko) Chrome/85.0.4183.83 Safari/537.36"
89.132.225.94 - - [06/Sep/2020:13:04:21 +0200] "POST /admin16011/ajax.php?rand=1599390259179 HTTP/1.1" 200 2788 "http://www.deszkak.hu/admin16011/index.php?controller=AdminOrders&token=0209ffce19e7478d67c5c840bf0a38da" "Mozilla/5.0 (Windows NT 6.1; Win64; x64) AppleWebKit/537.36 (KHTML, like Gecko) Chrome/85.0.4183.83 Safari/537.36"
89.132.225.94 - - [06/Sep/2020:13:04:32 +0200] "POST /admin16011/ajax.php?rand=1599390270183 HTTP/1.1" 200 1565 "http://www.deszkak.hu/admin16011/index.php?controller=AdminOrders&token=c1978206ebd196d9f154bec0d83018cf" "Mozilla/5.0 (Windows NT 6.1; Win64; x64) AppleWebKit/537.36 (KHTML, like Gecko) Chrome/85.0.4183.83 Safari/537.36"
66.249.66.130 - - [06/Sep/2020:13:05:45 +0200] "GET /hu/cruiser/1717-stella-beer-runner-monk-cruiser.html HTTP/1.1" 301 - "-" "Mozilla/5.0 (Linux; Android 6.0.1; Nexus 5X Build/MMB29P) AppleWebKit/537.36 (KHTML, like Gecko) Chrome/80.0.3987.92 Mobile Safari/537.36 (compatible; Googlebot/2.1; +http://www.google.com/bot.html)"
40.77.167.134 - - [06/Sep/2020:13:08:00 +0200] "GET /en/grip-tapes/1323-flik-grip-tape-risegrind.html HTTP/1.1" 301 - "-" "Mozilla/5.0 (compatible; bingbot/2.0; +http://www.bing.com/bingbot.htm)"
89.132.225.94 - - [06/Sep/2020:13:08:23 +0200] "POST /admin16011/ajax.php?rand=1599390501181 HTTP/1.1" 200 2788 "http://www.deszkak.hu/admin16011/index.php?controller=AdminOrders&token=0209ffce19e7478d67c5c840bf0a38da" "Mozilla/5.0 (Windows NT 6.1; Win64; x64) AppleWebKit/537.36 (KHTML, like Gecko) Chrome/85.0.4183.83 Safari/537.36"
89.132.225.94 - - [06/Sep/2020:13:06:22 +0200] "POST /admin16011/ajax.php?rand=1599390380178 HTTP/1.1" 200 2788 "http://www.deszkak.hu/admin16011/index.php?controller=AdminOrders&token=0209ffce19e7478d67c5c840bf0a38da" "Mozilla/5.0 (Windows NT 6.1; Win64; x64) AppleWebKit/537.36 (KHTML, like Gecko) Chrome/85.0.4183.83 Safari/537.36"
89.132.225.94 - - [06/Sep/2020:13:06:33 +0200] "POST /admin16011/ajax.php?rand=1599390391182 HTTP/1.1" 200 1565 "http://www.deszkak.hu/admin16011/index.php?controller=AdminOrders&token=c1978206ebd196d9f154bec0d83018cf" "Mozilla/5.0 (Windows NT 6.1; Win64; x64) AppleWebKit/537.36 (KHTML, like Gecko) Chrome/85.0.4183.83 Safari/537.36"
89.132.225.94 - - [06/Sep/2020:13:08:34 +0200] "POST /admin16011/ajax.php?rand=1599390512201 HTTP/1.1" 200 1565 "http://www.deszkak.hu/admin16011/index.php?controller=AdminOrders&token=c1978206ebd196d9f154bec0d83018cf" "Mozilla/5.0 (Windows NT 6.1; Win64; x64) AppleWebKit/537.36 (KHTML, like Gecko) Chrome/85.0.4183.83 Safari/537.36"
89.132.225.94 - - [06/Sep/2020:13:10:35 +0200] "POST /admin16011/ajax.php?rand=1599390633187 HTTP/1.1" 200 1565 "http://www.deszkak.hu/admin16011/index.php?controller=AdminOrders&token=c1978206ebd196d9f154bec0d83018cf" "Mozilla/5.0 (Windows NT 6.1; Win64; x64) AppleWebKit/537.36 (KHTML, like Gecko) Chrome/85.0.4183.83 Safari/537.36"
66.249.66.132 - - [06/Sep/2020:13:11:56 +0200] "GET /en/skateboards/1732-sds-red-blaam-775-skateboard.html HTTP/1.1" 301 - "-" "Mozilla/5.0 (Linux; Android 6.0.1; Nexus 5X Build/MMB29P) AppleWebKit/537.36 (KHTML, like Gecko) Chrome/80.0.3987.92 Mobile Safari/537.36 (compatible; Googlebot/2.1; +http://www.google.com/bot.html)"
66.249.66.132 - - [06/Sep/2020:13:11:59 +0200] "GET /en/skateboards/1732-sds-red-blaam-775-skateboard.html HTTP/1.1" 301 - "-" "Mozilla/5.0 (Linux; Android 6.0.1; Nexus 5X Build/MMB29P) AppleWebKit/537.36 (KHTML, like Gecko) Chrome/80.0.3987.92 Mobile Safari/537.36 (compatible; Googlebot/2.1; +http://www.google.com/bot.html)"
89.132.225.94 - - [06/Sep/2020:13:10:24 +0200] "POST /admin16011/ajax.php?rand=1599390622181 HTTP/1.1" 200 2788 "http://www.deszkak.hu/admin16011/index.php?controller=AdminOrders&token=0209ffce19e7478d67c5c840bf0a38da" "Mozilla/5.0 (Windows NT 6.1; Win64; x64) AppleWebKit/537.36 (KHTML, like Gecko) Chrome/85.0.4183.83 Safari/537.36"
89.132.225.94 - - [06/Sep/2020:13:12:36 +0200] "POST /admin16011/ajax.php?rand=1599390754185 HTTP/1.1" 200 1565 "http://www.deszkak.hu/admin16011/index.php?controller=AdminOrders&token=c1978206ebd196d9f154bec0d83018cf" "Mozilla/5.0 (Windows NT 6.1; Win64; x64) AppleWebKit/537.36 (KHTML, like Gecko) Chrome/85.0.4183.83 Safari/537.36"
89.132.225.94 - - [06/Sep/2020:13:12:25 +0200] "POST /admin16011/ajax.php?rand=1599390743178 HTTP/1.1" 200 2788 "http://www.deszkak.hu/admin16011/index.php?controller=AdminOrders&token=0209ffce19e7478d67c5c840bf0a38da" "Mozilla/5.0 (Windows NT 6.1; Win64; x64) AppleWebKit/537.36 (KHTML, like Gecko) Chrome/85.0.4183.83 Safari/537.36"
89.132.225.94 - - [06/Sep/2020:13:14:26 +0200] "POST /admin16011/ajax.php?rand=1599390864182 HTTP/1.1" 200 2788 "http://www.deszkak.hu/admin16011/index.php?controller=AdminOrders&token=0209ffce19e7478d67c5c840bf0a38da" "Mozilla/5.0 (Windows NT 6.1; Win64; x64) AppleWebKit/537.36 (KHTML, like Gecko) Chrome/85.0.4183.83 Safari/537.36"
89.132.225.94 - - [06/Sep/2020:13:14:37 +0200] "POST /admin16011/ajax.php?rand=1599390875185 HTTP/1.1" 200 1565 "http://www.deszkak.hu/admin16011/index.php?controller=AdminOrders&token=c1978206ebd196d9f154bec0d83018cf" "Mozilla/5.0 (Windows NT 6.1; Win64; x64) AppleWebKit/537.36 (KHTML, like Gecko) Chrome/85.0.4183.83 Safari/537.36"
89.132.225.94 - - [06/Sep/2020:13:16:38 +0200] "POST /admin16011/ajax.php?rand=1599390996183 HTTP/1.1" 200 1568 "http://www.deszkak.hu/admin16011/index.php?controller=AdminOrders&token=c1978206ebd196d9f154bec0d83018cf" "Mozilla/5.0 (Windows NT 6.1; Win64; x64) AppleWebKit/537.36 (KHTML, like Gecko) Chrome/85.0.4183.83 Safari/537.36"
89.132.225.94 - - [06/Sep/2020:13:16:27 +0200] "POST /admin16011/ajax.php?rand=1599390985184 HTTP/1.1" 200 2791 "http://www.deszkak.hu/admin16011/index.php?controller=AdminOrders&token=0209ffce19e7478d67c5c840bf0a38da" "Mozilla/5.0 (Windows NT 6.1; Win64; x64) AppleWebKit/537.36 (KHTML, like Gecko) Chrome/85.0.4183.83 Safari/537.36"
66.249.66.130 - - [06/Sep/2020:13:18:37 +0200] "GET /en/grip-tapes/1319-flik-grip-tape-eggplant.html?search_query=flik+grip+tape&results=43 HTTP/1.1" 301 - "-" "Mozilla/5.0 (Linux; Android 6.0.1; Nexus 5X Build/MMB29P) AppleWebKit/537.36 (KHTML, like Gecko) Chrome/80.0.3987.92 Mobile Safari/537.36 (compatible; Googlebot/2.1; +http://www.google.com/bot.html)"
89.132.225.94 - - [06/Sep/2020:13:18:39 +0200] "POST /admin16011/ajax.php?rand=1599391117183 HTTP/1.1" 200 1568 "http://www.deszkak.hu/admin16011/index.php?controller=AdminOrders&token=c1978206ebd196d9f154bec0d83018cf" "Mozilla/5.0 (Windows NT 6.1; Win64; x64) AppleWebKit/537.36 (KHTML, like Gecko) Chrome/85.0.4183.83 Safari/537.36"
66.249.66.130 - - [06/Sep/2020:13:17:56 +0200] "GET /en/bearings/121-mindless-voodoo-hoodoo-bearings-freeride.html?search_query=mindless&results=62 HTTP/1.1" 301 - "-" "Mozilla/5.0 (Linux; Android 6.0.1; Nexus 5X Build/MMB29P) AppleWebKit/537.36 (KHTML, like Gecko) Chrome/80.0.3987.92 Mobile Safari/537.36 (compatible; Googlebot/2.1; +http://www.google.com/bot.html)"
89.132.225.94 - - [06/Sep/2020:13:18:28 +0200] "POST /admin16011/ajax.php?rand=1599391106186 HTTP/1.1" 200 2791 "http://www.deszkak.hu/admin16011/index.php?controller=AdminOrders&token=0209ffce19e7478d67c5c840bf0a38da" "Mozilla/5.0 (Windows NT 6.1; Win64; x64) AppleWebKit/537.36 (KHTML, like Gecko) Chrome/85.0.4183.83 Safari/537.36"
89.132.225.94 - - [06/Sep/2020:13:20:29 +0200] "POST /admin16011/ajax.php?rand=1599391227181 HTTP/1.1" 200 2791 "http://www.deszkak.hu/admin16011/index.php?controller=AdminOrders&token=0209ffce19e7478d67c5c840bf0a38da" "Mozilla/5.0 (Windows NT 6.1; Win64; x64) AppleWebKit/537.36 (KHTML, like Gecko) Chrome/85.0.4183.83 Safari/537.36"
89.132.225.94 - - [06/Sep/2020:13:20:40 +0200] "POST /admin16011/ajax.php?rand=1599391238182 HTTP/1.1" 200 1568 "http://www.deszkak.hu/admin16011/index.php?controller=AdminOrders&token=c1978206ebd196d9f154bec0d83018cf" "Mozilla/5.0 (Windows NT 6.1; Win64; x64) AppleWebKit/537.36 (KHTML, like Gecko) Chrome/85.0.4183.83 Safari/537.36"
66.249.66.134 - - [06/Sep/2020:13:21:19 +0200] "GET /en/skateboards/831-tony-hawk-720-series-skateboard-reaper.html HTTP/1.1" 301 - "-" "Mozilla/5.0 (Linux; Android 6.0.1; Nexus 5X Build/MMB29P) AppleWebKit/537.36 (KHTML, like Gecko) Chrome/80.0.3987.92 Mobile Safari/537.36 (compatible; Googlebot/2.1; +http://www.google.com/bot.html)"
66.249.66.130 - - [06/Sep/2020:13:21:22 +0200] "GET /en/skateboards/831-tony-hawk-720-series-skateboard-reaper.html HTTP/1.1" 301 - "-" "Mozilla/5.0 (Linux; Android 6.0.1; Nexus 5X Build/MMB29P) AppleWebKit/537.36 (KHTML, like Gecko) Chrome/80.0.3987.92 Mobile Safari/537.36 (compatible; Googlebot/2.1; +http://www.google.com/bot.html)"
89.132.225.94 - - [06/Sep/2020:13:22:41 +0200] "POST /admin16011/ajax.php?rand=1599391359187 HTTP/1.1" 200 1568 "http://www.deszkak.hu/admin16011/index.php?controller=AdminOrders&token=c1978206ebd196d9f154bec0d83018cf" "Mozilla/5.0 (Windows NT 6.1; Win64; x64) AppleWebKit/537.36 (KHTML, like Gecko) Chrome/85.0.4183.83 Safari/537.36"
89.132.225.94 - - [06/Sep/2020:13:22:30 +0200] "POST /admin16011/ajax.php?rand=1599391348181 HTTP/1.1" 200 2791 "http://www.deszkak.hu/admin16011/index.php?controller=AdminOrders&token=0209ffce19e7478d67c5c840bf0a38da" "Mozilla/5.0 (Windows NT 6.1; Win64; x64) AppleWebKit/537.36 (KHTML, like Gecko) Chrome/85.0.4183.83 Safari/537.36"
89.132.225.94 - - [06/Sep/2020:13:24:42 +0200] "POST /admin16011/ajax.php?rand=1599391480184 HTTP/1.1" 200 1568 "http://www.deszkak.hu/admin16011/index.php?controller=AdminOrders&token=c1978206ebd196d9f154bec0d83018cf" "Mozilla/5.0 (Windows NT 6.1; Win64; x64) AppleWebKit/537.36 (KHTML, like Gecko) Chrome/85.0.4183.83 Safari/537.36"
89.132.225.94 - - [06/Sep/2020:13:24:31 +0200] "POST /admin16011/ajax.php?rand=1599391469187 HTTP/1.1" 200 2791 "http://www.deszkak.hu/admin16011/index.php?controller=AdminOrders&token=0209ffce19e7478d67c5c840bf0a38da" "Mozilla/5.0 (Windows NT 6.1; Win64; x64) AppleWebKit/537.36 (KHTML, like Gecko) Chrome/85.0.4183.83 Safari/537.36"
89.132.225.94 - - [06/Sep/2020:13:26:32 +0200] "POST /admin16011/ajax.php?rand=1599391590183 HTTP/1.1" 200 2791 "http://www.deszkak.hu/admin16011/index.php?controller=AdminOrders&token=0209ffce19e7478d67c5c840bf0a38da" "Mozilla/5.0 (Windows NT 6.1; Win64; x64) AppleWebKit/537.36 (KHTML, like Gecko) Chrome/85.0.4183.83 Safari/537.36"
188.156.17.142 - - [06/Sep/2020:13:27:09 +0200] "GET / HTTP/1.1" 301 - "-" "Mozilla/5.0 (Linux; Android 10; Mi A2 Lite) AppleWebKit/537.36 (KHTML, like Gecko) Chrome/85.0.4183.81 Mobile Safari/537.36"
62.100.248.14 - - [06/Sep/2020:13:27:27 +0200] "GET / HTTP/1.1" 301 - "https://www.google.hu/" "Mozilla/5.0 (Linux; Android 10; SAMSUNG SM-A715F) AppleWebKit/537.36 (KHTML, like Gecko) SamsungBrowser/12.1 Chrome/79.0.3945.136 Mobile Safari/537.36"
89.132.225.94 - - [06/Sep/2020:13:28:44 +0200] "POST /admin16011/ajax.php?rand=1599391722187 HTTP/1.1" 200 1568 "http://www.deszkak.hu/admin16011/index.php?controller=AdminOrders&token=c1978206ebd196d9f154bec0d83018cf" "Mozilla/5.0 (Windows NT 6.1; Win64; x64) AppleWebKit/537.36 (KHTML, like Gecko) Chrome/85.0.4183.83 Safari/537.36"
66.249.66.130 - - [06/Sep/2020:13:24:42 +0200] "GET /hu/griptapek/1515-flik-zodiac-grip-tape-leo.html?search_query=flik+grip+tape&results=57 HTTP/1.1" 301 - "-" "Mozilla/5.0 (Linux; Android 6.0.1; Nexus 5X Build/MMB29P) AppleWebKit/537.36 (KHTML, like Gecko) Chrome/80.0.3987.92 Mobile Safari/537.36 (compatible; Googlebot/2.1; +http://www.google.com/bot.html)"
141.8.142.88 - - [06/Sep/2020:13:28:18 +0200] "GET /3591-home_default/steadfast-5050-skateboard-wheels-black-green.jpg HTTP/1.1" 304 - "-" "Mozilla/5.0 (compatible; YandexImages/3.0; +http://yandex.com/bots)"
89.132.225.94 - - [06/Sep/2020:13:26:43 +0200] "POST /admin16011/ajax.php?rand=1599391601205 HTTP/1.1" 200 1568 "http://www.deszkak.hu/admin16011/index.php?controller=AdminOrders&token=c1978206ebd196d9f154bec0d83018cf" "Mozilla/5.0 (Windows NT 6.1; Win64; x64) AppleWebKit/537.36 (KHTML, like Gecko) Chrome/85.0.4183.83 Safari/537.36"
89.132.225.94 - - [06/Sep/2020:13:28:33 +0200] "POST /admin16011/ajax.php?rand=1599391711189 HTTP/1.1" 200 2791 "http://www.deszkak.hu/admin16011/index.php?controller=AdminOrders&token=0209ffce19e7478d67c5c840bf0a38da" "Mozilla/5.0 (Windows NT 6.1; Win64; x64) AppleWebKit/537.36 (KHTML, like Gecko) Chrome/85.0.4183.83 Safari/537.36"
66.249.66.130 - - [06/Sep/2020:13:30:57 +0200] "GET /en/cruisers/1310-stella-putzer-complete-board-orange.html HTTP/1.1" 301 - "-" "Mozilla/5.0 (Linux; Android 6.0.1; Nexus 5X Build/MMB29P) AppleWebKit/537.36 (KHTML, like Gecko) Chrome/85.0.4183.97 Mobile Safari/537.36 (compatible; Googlebot/2.1; +http://www.google.com/bot.html)"
216.244.66.194 - - [06/Sep/2020:13:30:27 +0200] "GET /hu/longboard/443-stella-69mm-longboard-kerek-piros.html HTTP/1.1" 301 - "-" "Mozilla/5.0 (compatible; DotBot/1.1; http://www.opensiteexplorer.org/dotbot, help@moz.com)"
89.132.225.94 - - [06/Sep/2020:13:30:34 +0200] "POST /admin16011/ajax.php?rand=1599391832193 HTTP/1.1" 200 2791 "http://www.deszkak.hu/admin16011/index.php?controller=AdminOrders&token=0209ffce19e7478d67c5c840bf0a38da" "Mozilla/5.0 (Windows NT 6.1; Win64; x64) AppleWebKit/537.36 (KHTML, like Gecko) Chrome/85.0.4183.83 Safari/537.36"
216.244.66.194 - - [06/Sep/2020:13:30:18 +0200] "GET /en/cart?add=1&id_product=1228&token=dd1548e4374f499b814aa1cfc96bc198 HTTP/1.1" 301 - "-" "Mozilla/5.0 (compatible; DotBot/1.1; http://www.opensiteexplorer.org/dotbot, help@moz.com)"
216.244.66.194 - - [06/Sep/2020:13:30:23 +0200] "GET /en/cart?add=1&id_product=1243&token=dd1548e4374f499b814aa1cfc96bc198 HTTP/1.1" 301 - "-" "Mozilla/5.0 (compatible; DotBot/1.1; http://www.opensiteexplorer.org/dotbot, help@moz.com)"
216.244.66.194 - - [06/Sep/2020:13:30:11 +0200] "GET /en/accessories/1412-rio-roller-light-up-54-mm-wheel-white.html HTTP/1.1" 301 - "-" "Mozilla/5.0 (compatible; DotBot/1.1; http://www.opensiteexplorer.org/dotbot, help@moz.com)"
89.132.225.94 - - [06/Sep/2020:13:30:45 +0200] "POST /admin16011/ajax.php?rand=1599391843198 HTTP/1.1" 200 1568 "http://www.deszkak.hu/admin16011/index.php?controller=AdminOrders&token=c1978206ebd196d9f154bec0d83018cf" "Mozilla/5.0 (Windows NT 6.1; Win64; x64) AppleWebKit/537.36 (KHTML, like Gecko) Chrome/85.0.4183.83 Safari/537.36"
185.181.103.244 - - [06/Sep/2020:13:30:25 +0200] "GET / HTTP/1.1" 301 - "-" "Mozilla/5.0 (Windows NT 10.0; Win64; x64) AppleWebKit/537.36 (KHTML, like Gecko) Chrome/85.0.4183.83 Safari/537.36"
66.249.66.130 - - [06/Sep/2020:13:31:00 +0200] "GET /en/cruisers/1310-stella-putzer-complete-board-orange.html HTTP/1.1" 301 - "-" "Mozilla/5.0 (Linux; Android 6.0.1; Nexus 5X Build/MMB29P) AppleWebKit/537.36 (KHTML, like Gecko) Chrome/85.0.4183.97 Mobile Safari/537.36 (compatible; Googlebot/2.1; +http://www.google.com/bot.html)"
216.244.66.194 - - [06/Sep/2020:13:32:16 +0200] "GET /en/cart?add=1&id_product=1287&token=dd1548e4374f499b814aa1cfc96bc198 HTTP/1.1" 301 - "-" "Mozilla/5.0 (compatible; DotBot/1.1; http://www.opensiteexplorer.org/dotbot, help@moz.com)"
216.244.66.194 - - [06/Sep/2020:13:32:19 +0200] "GET /en/cart?add=1&id_product=784&token=dd1548e4374f499b814aa1cfc96bc198 HTTP/1.1" 301 - "-" "Mozilla/5.0 (compatible; DotBot/1.1; http://www.opensiteexplorer.org/dotbot, help@moz.com)"
89.132.225.94 - - [06/Sep/2020:13:32:47 +0200] "POST /admin16011/ajax.php?rand=1599391964184 HTTP/1.1" 200 1567 "http://www.deszkak.hu/admin16011/index.php?controller=AdminOrders&token=c1978206ebd196d9f154bec0d83018cf" "Mozilla/5.0 (Windows NT 6.1; Win64; x64) AppleWebKit/537.36 (KHTML, like Gecko) Chrome/85.0.4183.83 Safari/537.36"
89.132.225.94 - - [06/Sep/2020:13:32:35 +0200] "POST /admin16011/ajax.php?rand=1599391953187 HTTP/1.1" 200 2790 "http://www.deszkak.hu/admin16011/index.php?controller=AdminOrders&token=0209ffce19e7478d67c5c840bf0a38da" "Mozilla/5.0 (Windows NT 6.1; Win64; x64) AppleWebKit/537.36 (KHTML, like Gecko) Chrome/85.0.4183.83 Safari/537.36"
89.132.225.94 - - [06/Sep/2020:13:34:36 +0200] "POST /admin16011/ajax.php?rand=1599392074188 HTTP/1.1" 200 2790 "http://www.deszkak.hu/admin16011/index.php?controller=AdminOrders&token=0209ffce19e7478d67c5c840bf0a38da" "Mozilla/5.0 (Windows NT 6.1; Win64; x64) AppleWebKit/537.36 (KHTML, like Gecko) Chrome/85.0.4183.83 Safari/537.36"
94.44.101.63 - - [06/Sep/2020:13:36:02 +0200] "GET / HTTP/1.1" 301 - "-" "Mozilla/5.0 (Linux; U; Android 9; hu-hu; Redmi Note 8 Build/PKQ1.190616.001) AppleWebKit/537.36 (KHTML, like Gecko) Version/4.0 Chrome/71.0.3578.141 Mobile Safari/537.36 XiaoMi/MiuiBrowser/12.5.2-go"
89.132.225.94 - - [06/Sep/2020:13:34:47 +0200] "POST /admin16011/ajax.php?rand=1599392085193 HTTP/1.1" 200 1567 "http://www.deszkak.hu/admin16011/index.php?controller=AdminOrders&token=c1978206ebd196d9f154bec0d83018cf" "Mozilla/5.0 (Windows NT 6.1; Win64; x64) AppleWebKit/537.36 (KHTML, like Gecko) Chrome/85.0.4183.83 Safari/537.36"
66.249.92.69 - - [06/Sep/2020:13:37:16 +0200] "GET /en/32-wave-board?gclid=EAIaIQobChMIwPu5t4qs3AIVAQAAAB0BAAAAEAAYACAAEgJVzfD_BwE HTTP/1.1" 301 - "-" "Mozilla/5.0 (iPhone; CPU iPhone OS 9_1 like Mac OS X) AppleWebKit/601.1.46 (KHTML, like Gecko) Version/9.0 Mobile/13B143 Safari/601.1 (compatible; AdsBot-Google-Mobile; +http://www.google.com/mobile/adsbot.html)"
89.132.225.94 - - [06/Sep/2020:13:36:48 +0200] "POST /admin16011/ajax.php?rand=1599392206189 HTTP/1.1" 200 1567 "http://www.deszkak.hu/admin16011/index.php?controller=AdminOrders&token=c1978206ebd196d9f154bec0d83018cf" "Mozilla/5.0 (Windows NT 6.1; Win64; x64) AppleWebKit/537.36 (KHTML, like Gecko) Chrome/85.0.4183.83 Safari/537.36"
89.132.225.94 - - [06/Sep/2020:13:36:37 +0200] "POST /admin16011/ajax.php?rand=1599392195187 HTTP/1.1" 200 2790 "http://www.deszkak.hu/admin16011/index.php?controller=AdminOrders&token=0209ffce19e7478d67c5c840bf0a38da" "Mozilla/5.0 (Windows NT 6.1; Win64; x64) AppleWebKit/537.36 (KHTML, like Gecko) Chrome/85.0.4183.83 Safari/537.36"
89.132.225.94 - - [06/Sep/2020:13:38:38 +0200] "POST /admin16011/ajax.php?rand=1599392316187 HTTP/1.1" 200 2790 "http://www.deszkak.hu/admin16011/index.php?controller=AdminOrders&token=0209ffce19e7478d67c5c840bf0a38da" "Mozilla/5.0 (Windows NT 6.1; Win64; x64) AppleWebKit/537.36 (KHTML, like Gecko) Chrome/85.0.4183.83 Safari/537.36"
54.36.148.190 - - [06/Sep/2020:13:37:14 +0200] "GET /hu/csapagyak/996-sushi-firecracker-sevens-bearings.html HTTP/1.1" 301 - "-" "Mozilla/5.0 (compatible; AhrefsBot/6.1; +http://ahrefs.com/robot/)"
89.132.225.94 - - [06/Sep/2020:13:38:49 +0200] "POST /admin16011/ajax.php?rand=1599392327190 HTTP/1.1" 200 1567 "http://www.deszkak.hu/admin16011/index.php?controller=AdminOrders&token=c1978206ebd196d9f154bec0d83018cf" "Mozilla/5.0 (Windows NT 6.1; Win64; x64) AppleWebKit/537.36 (KHTML, like Gecko) Chrome/85.0.4183.83 Safari/537.36"
89.132.225.94 - - [06/Sep/2020:13:40:50 +0200] "POST /admin16011/ajax.php?rand=1599392448194 HTTP/1.1" 200 1567 "http://www.deszkak.hu/admin16011/index.php?controller=AdminOrders&token=c1978206ebd196d9f154bec0d83018cf" "Mozilla/5.0 (Windows NT 6.1; Win64; x64) AppleWebKit/537.36 (KHTML, like Gecko) Chrome/85.0.4183.83 Safari/537.36"
178.164.139.163 - - [06/Sep/2020:13:40:11 +0200] "GET /hu/32-wave-board?gclid=CjwKCAjwkdL6BRAREiwA-kiczOMzib-zBkbm7lE-Mh8yq6P5ucZu3wUMqGz7TVKYqTOl_KKEbiQcsxoCTBwQAvD_BwE HTTP/1.1" 301 - "https://www.google.com/" "Mozilla/5.0 (Linux; Android 9; SM-A530F) AppleWebKit/537.36 (KHTML, like Gecko) Chrome/85.0.4183.81 Mobile Safari/537.36"
89.132.225.94 - - [06/Sep/2020:13:40:39 +0200] "POST /admin16011/ajax.php?rand=1599392437193 HTTP/1.1" 200 2790 "http://www.deszkak.hu/admin16011/index.php?controller=AdminOrders&token=0209ffce19e7478d67c5c840bf0a38da" "Mozilla/5.0 (Windows NT 6.1; Win64; x64) AppleWebKit/537.36 (KHTML, like Gecko) Chrome/85.0.4183.83 Safari/537.36"
89.132.225.94 - - [06/Sep/2020:13:42:51 +0200] "POST /admin16011/ajax.php?rand=1599392569189 HTTP/1.1" 200 1567 "http://www.deszkak.hu/admin16011/index.php?controller=AdminOrders&token=c1978206ebd196d9f154bec0d83018cf" "Mozilla/5.0 (Windows NT 6.1; Win64; x64) AppleWebKit/537.36 (KHTML, like Gecko) Chrome/85.0.4183.83 Safari/537.36"
34.246.84.242 - - [06/Sep/2020:13:41:43 +0200] "GET / HTTP/1.1" 301 - "-" "Mozilla/5.0 (Windows NT 10.0; Win64; x64) AppleWebKit/537.36 (KHTML, like Gecko) Chrome/46.0.2486.0 Safari/537.36 Edge/13.10586"
194.152.23.158 - - [06/Sep/2020:13:43:00 +0200] "GET /en/skateboard/155-enuff-refresher-skateboard-wheels-orange.html HTTP/1.1" 301 - "https://www.google.com/" "Mozilla/5.0 (Macintosh; Intel Mac OS X 10_12_6) AppleWebKit/537.36 (KHTML, like Gecko) Chrome/85.0.4183.83 Safari/537.36"
89.132.225.94 - - [06/Sep/2020:13:42:40 +0200] "POST /admin16011/ajax.php?rand=1599392558190 HTTP/1.1" 200 2790 "http://www.deszkak.hu/admin16011/index.php?controller=AdminOrders&token=0209ffce19e7478d67c5c840bf0a38da" "Mozilla/5.0 (Windows NT 6.1; Win64; x64) AppleWebKit/537.36 (KHTML, like Gecko) Chrome/85.0.4183.83 Safari/537.36"
89.132.225.94 - - [06/Sep/2020:13:44:41 +0200] "POST /admin16011/ajax.php?rand=1599392679191 HTTP/1.1" 200 2790 "http://www.deszkak.hu/admin16011/index.php?controller=AdminOrders&token=0209ffce19e7478d67c5c840bf0a38da" "Mozilla/5.0 (Windows NT 6.1; Win64; x64) AppleWebKit/537.36 (KHTML, like Gecko) Chrome/85.0.4183.83 Safari/537.36"
207.46.13.246 - - [06/Sep/2020:13:43:58 +0200] "GET /robots.txt HTTP/1.1" 200 2464 "-" "Mozilla/5.0 (compatible; bingbot/2.0; +http://www.bing.com/bingbot.htm)"
89.132.225.94 - - [06/Sep/2020:13:44:52 +0200] "POST /admin16011/ajax.php?rand=1599392690194 HTTP/1.1" 200 1567 "http://www.deszkak.hu/admin16011/index.php?controller=AdminOrders&token=c1978206ebd196d9f154bec0d83018cf" "Mozilla/5.0 (Windows NT 6.1; Win64; x64) AppleWebKit/537.36 (KHTML, like Gecko) Chrome/85.0.4183.83 Safari/537.36"
89.132.225.94 - - [06/Sep/2020:13:46:42 +0200] "POST /admin16011/ajax.php?rand=1599392800196 HTTP/1.1" 200 2790 "http://www.deszkak.hu/admin16011/index.php?controller=AdminOrders&token=0209ffce19e7478d67c5c840bf0a38da" "Mozilla/5.0 (Windows NT 6.1; Win64; x64) AppleWebKit/537.36 (KHTML, like Gecko) Chrome/85.0.4183.83 Safari/537.36"
176.77.157.128 - - [06/Sep/2020:13:48:30 +0200] "GET /index.php?id_cms=6&controller=cms HTTP/1.1" 301 - "-" "Mozilla/5.0 (Linux; Android 10; POCO F2 Pro) AppleWebKit/537.36 (KHTML, like Gecko) Chrome/85.0.4183.81 Mobile Safari/537.36"
89.132.225.94 - - [06/Sep/2020:13:48:43 +0200] "POST /admin16011/ajax.php?rand=1599392921196 HTTP/1.1" 200 2790 "http://www.deszkak.hu/admin16011/index.php?controller=AdminOrders&token=0209ffce19e7478d67c5c840bf0a38da" "Mozilla/5.0 (Windows NT 6.1; Win64; x64) AppleWebKit/537.36 (KHTML, like Gecko) Chrome/85.0.4183.83 Safari/537.36"
66.249.66.132 - - [06/Sep/2020:13:49:04 +0200] "GET /hu/36_atlantic HTTP/1.1" 301 - "-" "Mozilla/5.0 (compatible; Googlebot/2.1; +http://www.google.com/bot.html)"
66.249.66.130 - - [06/Sep/2020:13:49:11 +0200] "GET /hu/36_atlantic HTTP/1.1" 301 - "-" "Mozilla/5.0 (compatible; Googlebot/2.1; +http://www.google.com/bot.html)"
89.132.225.94 - - [06/Sep/2020:13:46:53 +0200] "POST /admin16011/ajax.php?rand=1599392811204 HTTP/1.1" 200 1567 "http://www.deszkak.hu/admin16011/index.php?controller=AdminOrders&token=c1978206ebd196d9f154bec0d83018cf" "Mozilla/5.0 (Windows NT 6.1; Win64; x64) AppleWebKit/537.36 (KHTML, like Gecko) Chrome/85.0.4183.83 Safari/537.36"
89.132.225.94 - - [06/Sep/2020:13:48:54 +0200] "POST /admin16011/ajax.php?rand=1599392932195 HTTP/1.1" 200 1567 "http://www.deszkak.hu/admin16011/index.php?controller=AdminOrders&token=c1978206ebd196d9f154bec0d83018cf" "Mozilla/5.0 (Windows NT 6.1; Win64; x64) AppleWebKit/537.36 (KHTML, like Gecko) Chrome/85.0.4183.83 Safari/537.36"
188.156.17.142 - - [06/Sep/2020:13:51:47 +0200] "GET / HTTP/1.1" 301 - "-" "Mozilla/5.0 (Linux; Android 10; Mi A2 Lite) AppleWebKit/537.36 (KHTML, like Gecko) Chrome/85.0.4183.81 Mobile Safari/537.36"
188.156.17.142 - - [06/Sep/2020:13:51:48 +0200] "GET / HTTP/1.1" 301 - "-" "Mozilla/5.0 (Linux; Android 10; Mi A2 Lite) AppleWebKit/537.36 (KHTML, like Gecko) Chrome/85.0.4183.81 Mobile Safari/537.36"
89.132.225.94 - - [06/Sep/2020:13:50:44 +0200] "POST /admin16011/ajax.php?rand=1599393042195 HTTP/1.1" 200 2790 "http://www.deszkak.hu/admin16011/index.php?controller=AdminOrders&token=0209ffce19e7478d67c5c840bf0a38da" "Mozilla/5.0 (Windows NT 6.1; Win64; x64) AppleWebKit/537.36 (KHTML, like Gecko) Chrome/85.0.4183.83 Safari/537.36"
188.156.17.142 - - [06/Sep/2020:13:51:49 +0200] "GET / HTTP/1.1" 301 - "-" "Mozilla/5.0 (Linux; Android 10; Mi A2 Lite) AppleWebKit/537.36 (KHTML, like Gecko) Chrome/85.0.4183.81 Mobile Safari/537.36"
89.132.225.94 - - [06/Sep/2020:13:52:45 +0200] "POST /admin16011/ajax.php?rand=1599393163199 HTTP/1.1" 200 2790 "http://www.deszkak.hu/admin16011/index.php?controller=AdminOrders&token=0209ffce19e7478d67c5c840bf0a38da" "Mozilla/5.0 (Windows NT 6.1; Win64; x64) AppleWebKit/537.36 (KHTML, like Gecko) Chrome/85.0.4183.83 Safari/537.36"
89.132.225.94 - - [06/Sep/2020:13:52:56 +0200] "POST /admin16011/ajax.php?rand=1599393174200 HTTP/1.1" 200 1567 "http://www.deszkak.hu/admin16011/index.php?controller=AdminOrders&token=c1978206ebd196d9f154bec0d83018cf" "Mozilla/5.0 (Windows NT 6.1; Win64; x64) AppleWebKit/537.36 (KHTML, like Gecko) Chrome/85.0.4183.83 Safari/537.36"
109.110.133.31 - - [06/Sep/2020:13:52:48 +0200] "GET /hu/32-wave-board?gclid=CjwKCAjwkdL6BRAREiwA-kiczLUJ4isJm8P3KV7TR3jsytPubzjH-Cbt-f0q7iBrdYP5sdZpctyeXBoCOuMQAvD_BwE HTTP/1.1" 301 - "https://www.google.com/" "Mozilla/5.0 (Windows NT 10.0; Win64; x64) AppleWebKit/537.36 (KHTML, like Gecko) Chrome/85.0.4183.83 Safari/537.36"
89.132.225.94 - - [06/Sep/2020:13:50:55 +0200] "POST /admin16011/ajax.php?rand=1599393053199 HTTP/1.1" 200 1567 "http://www.deszkak.hu/admin16011/index.php?controller=AdminOrders&token=c1978206ebd196d9f154bec0d83018cf" "Mozilla/5.0 (Windows NT 6.1; Win64; x64) AppleWebKit/537.36 (KHTML, like Gecko) Chrome/85.0.4183.83 Safari/537.36"
89.132.225.94 - - [06/Sep/2020:13:54:46 +0200] "POST /admin16011/ajax.php?rand=1599393284197 HTTP/1.1" 200 2790 "http://www.deszkak.hu/admin16011/index.php?controller=AdminOrders&token=0209ffce19e7478d67c5c840bf0a38da" "Mozilla/5.0 (Windows NT 6.1; Win64; x64) AppleWebKit/537.36 (KHTML, like Gecko) Chrome/85.0.4183.83 Safari/537.36"
89.132.225.94 - - [06/Sep/2020:13:54:57 +0200] "POST /admin16011/ajax.php?rand=1599393295195 HTTP/1.1" 200 1567 "http://www.deszkak.hu/admin16011/index.php?controller=AdminOrders&token=c1978206ebd196d9f154bec0d83018cf" "Mozilla/5.0 (Windows NT 6.1; Win64; x64) AppleWebKit/537.36 (KHTML, like Gecko) Chrome/85.0.4183.83 Safari/537.36"
145.236.113.104 - - [06/Sep/2020:13:57:01 +0200] "GET / HTTP/1.1" 301 - "-" "Mozilla/5.0 (iPhone; CPU iPhone OS 13_6_1 like Mac OS X) AppleWebKit/605.1.15 (KHTML, like Gecko) Version/13.1.2 Mobile/15E148 Safari/604.1"
89.132.225.94 - - [06/Sep/2020:13:56:58 +0200] "POST /admin16011/ajax.php?rand=1599393416198 HTTP/1.1" 200 1565 "http://www.deszkak.hu/admin16011/index.php?controller=AdminOrders&token=c1978206ebd196d9f154bec0d83018cf" "Mozilla/5.0 (Windows NT 6.1; Win64; x64) AppleWebKit/537.36 (KHTML, like Gecko) Chrome/85.0.4183.83 Safari/537.36"
188.146.103.96 - - [06/Sep/2020:13:56:42 +0200] "GET /2378/enuff-bearings-swiss-abec-9.jpg HTTP/1.1" 200 91717 "-" "Mozilla/5.0 (Windows NT 10.0; Win64; x64) AppleWebKit/537.36 (KHTML, like Gecko) Chrome/85.0.4183.83 Safari/537.36"
89.132.225.94 - - [06/Sep/2020:13:56:47 +0200] "POST /admin16011/ajax.php?rand=1599393405197 HTTP/1.1" 200 2788 "http://www.deszkak.hu/admin16011/index.php?controller=AdminOrders&token=0209ffce19e7478d67c5c840bf0a38da" "Mozilla/5.0 (Windows NT 6.1; Win64; x64) AppleWebKit/537.36 (KHTML, like Gecko) Chrome/85.0.4183.83 Safari/537.36"
89.132.225.94 - - [06/Sep/2020:13:58:48 +0200] "POST /admin16011/ajax.php?rand=1599393526199 HTTP/1.1" 200 2788 "http://www.deszkak.hu/admin16011/index.php?controller=AdminOrders&token=0209ffce19e7478d67c5c840bf0a38da" "Mozilla/5.0 (Windows NT 6.1; Win64; x64) AppleWebKit/537.36 (KHTML, like Gecko) Chrome/85.0.4183.83 Safari/537.36"
89.132.225.94 - - [06/Sep/2020:13:58:59 +0200] "POST /admin16011/ajax.php?rand=1599393537195 HTTP/1.1" 200 1565 "http://www.deszkak.hu/admin16011/index.php?controller=AdminOrders&token=c1978206ebd196d9f154bec0d83018cf" "Mozilla/5.0 (Windows NT 6.1; Win64; x64) AppleWebKit/537.36 (KHTML, like Gecko) Chrome/85.0.4183.83 Safari/537.36"
89.132.225.94 - - [06/Sep/2020:14:00:49 +0200] "POST /admin16011/ajax.php?rand=1599393647193 HTTP/1.1" 200 2788 "http://www.deszkak.hu/admin16011/index.php?controller=AdminOrders&token=0209ffce19e7478d67c5c840bf0a38da" "Mozilla/5.0 (Windows NT 6.1; Win64; x64) AppleWebKit/537.36 (KHTML, like Gecko) Chrome/85.0.4183.83 Safari/537.36"
89.132.225.94 - - [06/Sep/2020:14:01:00 +0200] "POST /admin16011/ajax.php?rand=1599393658193 HTTP/1.1" 200 1565 "http://www.deszkak.hu/admin16011/index.php?controller=AdminOrders&token=c1978206ebd196d9f154bec0d83018cf" "Mozilla/5.0 (Windows NT 6.1; Win64; x64) AppleWebKit/537.36 (KHTML, like Gecko) Chrome/85.0.4183.83 Safari/537.36"
89.132.225.94 - - [06/Sep/2020:14:02:50 +0200] "POST /admin16011/ajax.php?rand=1599393768197 HTTP/1.1" 200 2788 "http://www.deszkak.hu/admin16011/index.php?controller=AdminOrders&token=0209ffce19e7478d67c5c840bf0a38da" "Mozilla/5.0 (Windows NT 6.1; Win64; x64) AppleWebKit/537.36 (KHTML, like Gecko) Chrome/85.0.4183.83 Safari/537.36"
66.249.66.130 - - [06/Sep/2020:14:03:17 +0200] "GET /en/bolts-and-nuts/1529-steadfast-kingpin-nut.html HTTP/1.1" 301 - "-" "Mozilla/5.0 (Linux; Android 6.0.1; Nexus 5X Build/MMB29P) AppleWebKit/537.36 (KHTML, like Gecko) Chrome/80.0.3987.92 Mobile Safari/537.36 (compatible; Googlebot/2.1; +http://www.google.com/bot.html)"
89.132.225.94 - - [06/Sep/2020:14:03:01 +0200] "POST /admin16011/ajax.php?rand=1599393779202 HTTP/1.1" 200 1565 "http://www.deszkak.hu/admin16011/index.php?controller=AdminOrders&token=c1978206ebd196d9f154bec0d83018cf" "Mozilla/5.0 (Windows NT 6.1; Win64; x64) AppleWebKit/537.36 (KHTML, like Gecko) Chrome/85.0.4183.83 Safari/537.36"
54.36.148.233 - - [06/Sep/2020:14:04:10 +0200] "GET /hu/longboard/699-d-street-block-drop-through-longboard-zold.html HTTP/1.1" 301 - "-" "Mozilla/5.0 (compatible; AhrefsBot/6.1; +http://ahrefs.com/robot/)"
66.249.66.130 - - [06/Sep/2020:14:04:40 +0200] "GET /en/longboards/1209-area-pointer-longboard.html?search_query=area&results=52 HTTP/1.1" 301 - "-" "Mozilla/5.0 (Linux; Android 6.0.1; Nexus 5X Build/MMB29P) AppleWebKit/537.36 (KHTML, like Gecko) Chrome/80.0.3987.92 Mobile Safari/537.36 (compatible; Googlebot/2.1; +http://www.google.com/bot.html)"
66.249.66.130 - - [06/Sep/2020:14:04:38 +0200] "GET /en/longboards/1209-area-pointer-longboard.html?search_query=area&results=52 HTTP/1.1" 301 - "-" "Mozilla/5.0 (Linux; Android 6.0.1; Nexus 5X Build/MMB29P) AppleWebKit/537.36 (KHTML, like Gecko) Chrome/80.0.3987.92 Mobile Safari/537.36 (compatible; Googlebot/2.1; +http://www.google.com/bot.html)"
89.132.225.94 - - [06/Sep/2020:14:04:51 +0200] "POST /admin16011/ajax.php?rand=1599393889194 HTTP/1.1" 200 2788 "http://www.deszkak.hu/admin16011/index.php?controller=AdminOrders&token=0209ffce19e7478d67c5c840bf0a38da" "Mozilla/5.0 (Windows NT 6.1; Win64; x64) AppleWebKit/537.36 (KHTML, like Gecko) Chrome/85.0.4183.83 Safari/537.36"
89.132.225.94 - - [06/Sep/2020:14:05:02 +0200] "POST /admin16011/ajax.php?rand=1599393900197 HTTP/1.1" 200 1565 "http://www.deszkak.hu/admin16011/index.php?controller=AdminOrders&token=c1978206ebd196d9f154bec0d83018cf" "Mozilla/5.0 (Windows NT 6.1; Win64; x64) AppleWebKit/537.36 (KHTML, like Gecko) Chrome/85.0.4183.83 Safari/537.36"
89.132.225.94 - - [06/Sep/2020:14:07:03 +0200] "POST /admin16011/ajax.php?rand=1599394021202 HTTP/1.1" 200 1565 "http://www.deszkak.hu/admin16011/index.php?controller=AdminOrders&token=c1978206ebd196d9f154bec0d83018cf" "Mozilla/5.0 (Windows NT 6.1; Win64; x64) AppleWebKit/537.36 (KHTML, like Gecko) Chrome/85.0.4183.83 Safari/537.36"
89.132.225.94 - - [06/Sep/2020:14:06:52 +0200] "POST /admin16011/ajax.php?rand=1599394010196 HTTP/1.1" 200 2788 "http://www.deszkak.hu/admin16011/index.php?controller=AdminOrders&token=0209ffce19e7478d67c5c840bf0a38da" "Mozilla/5.0 (Windows NT 6.1; Win64; x64) AppleWebKit/537.36 (KHTML, like Gecko) Chrome/85.0.4183.83 Safari/537.36"
89.132.225.94 - - [06/Sep/2020:14:09:04 +0200] "POST /admin16011/ajax.php?rand=1599394142199 HTTP/1.1" 200 1565 "http://www.deszkak.hu/admin16011/index.php?controller=AdminOrders&token=c1978206ebd196d9f154bec0d83018cf" "Mozilla/5.0 (Windows NT 6.1; Win64; x64) AppleWebKit/537.36 (KHTML, like Gecko) Chrome/85.0.4183.83 Safari/537.36"
178.48.53.212 - - [06/Sep/2020:14:09:14 +0200] "GET / HTTP/1.1" 301 - "-" "Mozilla/5.0 (Windows NT 10.0; Win64; x64) AppleWebKit/537.36 (KHTML, like Gecko) Chrome/85.0.4183.83 Safari/537.36"
89.132.225.94 - - [06/Sep/2020:14:08:53 +0200] "POST /admin16011/ajax.php?rand=1599394131198 HTTP/1.1" 200 2788 "http://www.deszkak.hu/admin16011/index.php?controller=AdminOrders&token=0209ffce19e7478d67c5c840bf0a38da" "Mozilla/5.0 (Windows NT 6.1; Win64; x64) AppleWebKit/537.36 (KHTML, like Gecko) Chrome/85.0.4183.83 Safari/537.36"
89.132.225.94 - - [06/Sep/2020:14:10:54 +0200] "POST /admin16011/ajax.php?rand=1599394252235 HTTP/1.1" 200 2788 "http://www.deszkak.hu/admin16011/index.php?controller=AdminOrders&token=0209ffce19e7478d67c5c840bf0a38da" "Mozilla/5.0 (Windows NT 6.1; Win64; x64) AppleWebKit/537.36 (KHTML, like Gecko) Chrome/85.0.4183.83 Safari/537.36"
89.132.225.94 - - [06/Sep/2020:14:11:05 +0200] "POST /admin16011/ajax.php?rand=1599394263197 HTTP/1.1" 200 1565 "http://www.deszkak.hu/admin16011/index.php?controller=AdminOrders&token=c1978206ebd196d9f154bec0d83018cf" "Mozilla/5.0 (Windows NT 6.1; Win64; x64) AppleWebKit/537.36 (KHTML, like Gecko) Chrome/85.0.4183.83 Safari/537.36"
89.132.225.94 - - [06/Sep/2020:14:12:55 +0200] "POST /admin16011/ajax.php?rand=1599394373199 HTTP/1.1" 200 2788 "http://www.deszkak.hu/admin16011/index.php?controller=AdminOrders&token=0209ffce19e7478d67c5c840bf0a38da" "Mozilla/5.0 (Windows NT 6.1; Win64; x64) AppleWebKit/537.36 (KHTML, like Gecko) Chrome/85.0.4183.83 Safari/537.36"
89.132.225.94 - - [06/Sep/2020:14:13:06 +0200] "POST /admin16011/ajax.php?rand=1599394384200 HTTP/1.1" 200 1565 "http://www.deszkak.hu/admin16011/index.php?controller=AdminOrders&token=c1978206ebd196d9f154bec0d83018cf" "Mozilla/5.0 (Windows NT 6.1; Win64; x64) AppleWebKit/537.36 (KHTML, like Gecko) Chrome/85.0.4183.83 Safari/537.36"
114.119.158.193 - - [06/Sep/2020:14:15:09 +0200] "GET /index.php?id_cms=10&controller=cms HTTP/1.1" 301 - "-" "Mozilla/5.0 (Linux; Android 7.0;) AppleWebKit/537.36 (KHTML, like Gecko) Mobile Safari/537.36 (compatible; PetalBot;+http://aspiegel.com/petalbot)"
141.8.142.88 - - [06/Sep/2020:14:14:35 +0200] "GET /4250-cart_default/d-street-el-mexicana-longboard.jpg HTTP/1.1" 304 - "-" "Mozilla/5.0 (compatible; YandexImages/3.0; +http://yandex.com/bots)"
89.132.225.94 - - [06/Sep/2020:14:14:56 +0200] "POST /admin16011/ajax.php?rand=1599394494197 HTTP/1.1" 200 2788 "http://www.deszkak.hu/admin16011/index.php?controller=AdminOrders&token=0209ffce19e7478d67c5c840bf0a38da" "Mozilla/5.0 (Windows NT 6.1; Win64; x64) AppleWebKit/537.36 (KHTML, like Gecko) Chrome/85.0.4183.83 Safari/537.36"
31.46.84.144 - - [06/Sep/2020:14:18:17 +0200] "GET / HTTP/1.1" 301 - "-" "Mozilla/5.0 (Windows NT 10.0; Win64; x64) AppleWebKit/537.36 (KHTML, like Gecko) Chrome/85.0.4183.83 Safari/537.36"
66.249.66.130 - - [06/Sep/2020:14:18:10 +0200] "GET /hu/cruiser/1812-penny-22-cruiser-rainbow-bridge.html HTTP/1.1" 301 - "-" "Mozilla/5.0 (Linux; Android 6.0.1; Nexus 5X Build/MMB29P) AppleWebKit/537.36 (KHTML, like Gecko) Chrome/80.0.3987.92 Mobile Safari/537.36 (compatible; Googlebot/2.1; +http://www.google.com/bot.html)"
89.132.225.94 - - [06/Sep/2020:14:16:57 +0200] "POST /admin16011/ajax.php?rand=1599394615199 HTTP/1.1" 200 2788 "http://www.deszkak.hu/admin16011/index.php?controller=AdminOrders&token=0209ffce19e7478d67c5c840bf0a38da" "Mozilla/5.0 (Windows NT 6.1; Win64; x64) AppleWebKit/537.36 (KHTML, like Gecko) Chrome/85.0.4183.83 Safari/537.36"
141.8.142.88 - - [06/Sep/2020:14:14:31 +0200] "GET /2659-thickbox_default/enuff-refresher-53-mm-skateboard-wheels-rasta.jpg HTTP/1.1" 304 - "-" "Mozilla/5.0 (compatible; YandexImages/3.0; +http://yandex.com/bots)"
