207.46.13.165 - - [13/Sep/2020:03:32:32 +0200] "GET /en/longboards/463-stella-drop-through-a-form-longboard.html HTTP/1.1" 301 374 "-" "Mozilla/5.0 (compatible; bingbot/2.0; +http://www.bing.com/bingbot.htm)"
66.249.66.132 - - [13/Sep/2020:03:34:57 +0200] "GET /hu/cruiser-short-board/1815-penny-22-cruiser-simpsons-homer.html HTTP/1.1" 301 379 "-" "Mozilla/5.0 (Linux; Android 6.0.1; Nexus 5X Build/MMB29P) AppleWebKit/537.36 (KHTML, like Gecko) Chrome/80.0.3987.92 Mobile Safari/537.36 (compatible; Googlebot/2.1; +http://www.google.com/bot.html)"
207.46.13.252 - - [13/Sep/2020:03:36:44 +0200] "GET /1036-thickbox_default/sds-soapbox-rat-race-75-gordeszka.jpg HTTP/1.1" 301 374 "-" "Mozilla/5.0 (compatible; bingbot/2.0; +http://www.bing.com/bingbot.htm)"
66.249.66.132 - - [13/Sep/2020:03:34:57 +0200] "GET /robots.txt HTTP/1.1" 301 325 "-" "Mozilla/5.0 (compatible; Googlebot/2.1; +http://www.google.com/bot.html)"
66.249.66.130 - - [13/Sep/2020:03:41:25 +0200] "GET /en/trucks/1087-enuff-decade-pro-139mm-skateboard-truck-black-black.html HTTP/1.1" 301 386 "-" "Mozilla/5.0 (Linux; Android 6.0.1; Nexus 5X Build/MMB29P) AppleWebKit/537.36 (KHTML, like Gecko) Chrome/80.0.3987.92 Mobile Safari/537.36 (compatible; Googlebot/2.1; +http://www.google.com/bot.html)"
157.55.39.135 - - [13/Sep/2020:03:48:21 +0200] "GET /3094-thickbox_default/pro-tec-full-cut-helmet-matt-black.jpg HTTP/1.1" 301 375 "-" "Mozilla/5.0 (compatible; bingbot/2.0; +http://www.bing.com/bingbot.htm)"
207.46.13.16 - - [13/Sep/2020:03:49:03 +0200] "GET /215-home_default/enuff-logo-stain-775-gordeszka-lila.jpg HTTP/1.1" 301 371 "-" "Mozilla/5.0 (compatible; bingbot/2.0; +http://www.bing.com/bingbot.htm)"
89.46.106.169 - - [13/Sep/2020:03:54:18 +0200] "GET /backup/wp-admin/ HTTP/1.1" 301 331 "http://deszkak.hu/" "Mozilla/5.0 (Windows NT 10.0; Win64; x64) AppleWebKit/537.36 (KHTML, like Gecko) Chrome/78.0.3904.97 Safari/537.36"
66.249.66.130 - - [13/Sep/2020:03:55:32 +0200] "GET /2037-large_default/street-surfing-longboard-42-the-leaf.jpg HTTP/1.1" 301 374 "-" "Googlebot-Image/1.0"
114.119.165.136 - - [13/Sep/2020:04:00:43 +0200] "GET /robots.txt HTTP/1.1" 301 325 "-" "(compatible;PetalBot;+http://aspiegel.com/petalbot)"
40.77.167.30 - - [13/Sep/2020:04:03:51 +0200] "GET /735-large_default/stella-global-cruiser-mr-bottle-longboard.jpg HTTP/1.1" 301 378 "-" "Mozilla/5.0 (compatible; bingbot/2.0; +http://www.bing.com/bingbot.htm)"
66.249.66.130 - - [13/Sep/2020:04:05:17 +0200] "GET /en/skateboard/158-enuff-refresher-skateboard-wheels-rasta.html HTTP/1.1" 301 377 "-" "Mozilla/5.0 (Linux; Android 6.0.1; Nexus 5X Build/MMB29P) AppleWebKit/537.36 (KHTML, like Gecko) Chrome/85.0.4183.97 Mobile Safari/537.36 (compatible; Googlebot/2.1; +http://www.google.com/bot.html)"
157.55.39.135 - - [13/Sep/2020:04:03:39 +0200] "GET /1269-home_default/enuff-block-icon-skateboard-blue.jpg HTTP/1.1" 301 369 "-" "Mozilla/5.0 (compatible; bingbot/2.0; +http://www.bing.com/bingbot.htm)"
40.77.167.30 - - [13/Sep/2020:04:03:51 +0200] "GET /3102-large_default/pro-tec-full-cut-bukosisak-aranycsillam.jpg HTTP/1.1" 301 377 "-" "Mozilla/5.0 (compatible; bingbot/2.0; +http://www.bing.com/bingbot.htm)"
66.249.66.130 - - [13/Sep/2020:04:05:20 +0200] "GET /en/search?orderby=position&orderway=desc&category_filter=0&search_query=sfr&submit_search= HTTP/1.1" 301 421 "-" "Mozilla/5.0 (Linux; Android 6.0.1; Nexus 5X Build/MMB29P) AppleWebKit/537.36 (KHTML, like Gecko) Chrome/80.0.3987.92 Mobile Safari/537.36 (compatible; Googlebot/2.1; +http://www.google.com/bot.html)"
5.188.84.228 - - [13/Sep/2020:04:08:16 +0200] "GET / HTTP/1.0" 301 315 "http://www.deszkak.hu/" "Mozilla/5.0 (Windows NT 5.1) AppleWebKit/537.36 (KHTML, like Gecko) Chrome/49.0.2623.112 Safari/537.36"
176.63.17.238 - - [13/Sep/2020:04:09:21 +0200] "GET /hu/?fbclid=PAAaatlNwa5uvqjvl3AC63P-dK7uNLCgQqUDyXsqQ5amIv0ZeEbOls2FQ79cs HTTP/1.1" 301 387 "http://instagram.com/" "Mozilla/5.0 (Linux; Android 10; SM-A105FN Build/QP1A.190711.020; wv) AppleWebKit/537.36 (KHTML, like Gecko) Version/4.0 Chrome/85.0.4183.81 Mobile Safari/537.36 Instagram 158.0.0.30.123 Android (29/10; 280dpi; 720x1382; samsung; SM-A105FN; a10; exynos7884B; hu_HU; 243646252)"
66.249.66.132 - - [13/Sep/2020:04:26:02 +0200] "GET /1923-home_default/enuff-skeleton-gordeszka-lila.jpg HTTP/1.1" 301 366 "-" "Googlebot-Image/1.0"
66.249.66.132 - - [13/Sep/2020:04:36:12 +0200] "GET /1856-home_default/area-replica-mrcruiza-cruiser.jpg HTTP/1.1" 301 366 "-" "Googlebot-Image/1.0"
216.244.66.194 - - [13/Sep/2020:04:38:54 +0200] "GET /robots.txt HTTP/1.1" 301 325 "-" "Mozilla/5.0 (compatible; DotBot/1.1; http://www.opensiteexplorer.org/dotbot, help@moz.com)"
66.249.66.130 - - [13/Sep/2020:04:36:12 +0200] "GET /robots.txt HTTP/1.1" 301 325 "-" "Mozilla/5.0 (compatible; Googlebot/2.1; +http://www.google.com/bot.html)"
207.46.13.35 - - [13/Sep/2020:04:51:12 +0200] "GET /2560-thickbox_default/stella-spanker-longboard-gel-wheels-blue.jpg HTTP/1.1" 301 381 "-" "Mozilla/5.0 (compatible; bingbot/2.0; +http://www.bing.com/bingbot.htm)"
40.77.167.103 - - [13/Sep/2020:04:51:48 +0200] "GET /1738-thickbox_default/rio-roller-leopard-felnott-quad-gorkorcsolya.jpg HTTP/1.1" 301 385 "-" "Mozilla/5.0 (compatible; bingbot/2.0; +http://www.bing.com/bingbot.htm)"
66.249.66.130 - - [13/Sep/2020:04:56:16 +0200] "GET /260-home_default/enuff-logo-775-gordeszka-fluo.jpg HTTP/1.1" 301 365 "-" "Googlebot-Image/1.0"
66.249.92.67 - - [13/Sep/2020:04:57:28 +0200] "GET /en/32-wave-board?gclid=EAIaIQobChMIwPu5t4qs3AIVAQAAAB0BAAAAEAAYACAAEgJVzfD_BwE HTTP/1.1" 301 393 "-" "Mozilla/5.0 (iPhone; CPU iPhone OS 9_1 like Mac OS X) AppleWebKit/601.1.46 (KHTML, like Gecko) Version/9.0 Mobile/13B143 Safari/601.1 (compatible; AdsBot-Google-Mobile; +http://www.google.com/mobile/adsbot.html)"
66.249.66.130 - - [13/Sep/2020:04:58:51 +0200] "GET /en/tools/919-steadfast-skateboard-tool-neon-pink.html HTTP/1.1" 301 368 "-" "Mozilla/5.0 (Linux; Android 6.0.1; Nexus 5X Build/MMB29P) AppleWebKit/537.36 (KHTML, like Gecko) Chrome/80.0.3987.92 Mobile Safari/537.36 (compatible; Googlebot/2.1; +http://www.google.com/bot.html)"
66.249.66.132 - - [13/Sep/2020:05:00:59 +0200] "GET /266-large_default/enuff-skull-skateboard-woodblack.jpg HTTP/1.1" 301 369 "-" "Googlebot-Image/1.0"
40.77.167.103 - - [13/Sep/2020:05:00:50 +0200] "GET /1035-thickbox_default/sds-soapbox-rat-race-75-skateboard.jpg HTTP/1.1" 301 375 "-" "Mozilla/5.0 (compatible; bingbot/2.0; +http://www.bing.com/bingbot.htm)"
66.249.66.132 - - [13/Sep/2020:05:06:23 +0200] "GET /1785-thickbox_default/area-cleo-75-gordeszka.jpg HTTP/1.1" 301 363 "-" "Googlebot-Image/1.0"
66.249.66.134 - - [13/Sep/2020:05:09:07 +0200] "GET /en/cruisers-short-boards/809-street-surfing-beach-board-cruiser-wipeout.html HTTP/1.1" 301 391 "-" "Mozilla/5.0 (Linux; Android 6.0.1; Nexus 5X Build/MMB29P) AppleWebKit/537.36 (KHTML, like Gecko) Chrome/80.0.3987.92 Mobile Safari/537.36 (compatible; Googlebot/2.1; +http://www.google.com/bot.html)"
114.119.136.86 - - [13/Sep/2020:05:11:39 +0200] "GET /robots.txt HTTP/1.1" 301 325 "-" "(compatible;PetalBot;+http://aspiegel.com/petalbot)"
207.46.13.16 - - [13/Sep/2020:05:11:24 +0200] "GET /2641-large_default/steadfast-gels-50mm-gordeszka-kerekek-kek.jpg HTTP/1.1" 301 379 "-" "Mozilla/5.0 (compatible; bingbot/2.0; +http://www.bing.com/bingbot.htm)"
207.46.13.252 - - [13/Sep/2020:05:14:27 +0200] "GET /3777-cart_default/enuff-splat-gordeszka-piros-kek.jpg HTTP/1.1" 301 368 "-" "Mozilla/5.0 (compatible; bingbot/2.0; +http://www.bing.com/bingbot.htm)"
66.249.66.130 - - [13/Sep/2020:05:13:26 +0200] "GET /en/37-tools HTTP/1.1" 301 326 "-" "Mozilla/5.0 (Linux; Android 6.0.1; Nexus 5X Build/MMB29P) AppleWebKit/537.36 (KHTML, like Gecko) Chrome/80.0.3987.92 Mobile Safari/537.36 (compatible; Googlebot/2.1; +http://www.google.com/bot.html)"
66.249.66.130 - - [13/Sep/2020:05:20:47 +0200] "GET /1_hu_0_sitemap.xml HTTP/1.1" 301 333 "-" "Mozilla/5.0 (Linux; Android 6.0.1; Nexus 5X Build/MMB29P) AppleWebKit/537.36 (KHTML, like Gecko) Chrome/80.0.3987.92 Mobile Safari/537.36 (compatible; Googlebot/2.1; +http://www.google.com/bot.html)"
66.249.66.130 - - [13/Sep/2020:05:24:57 +0200] "GET /hu/longboard/1190-area-70mm-longboard-kerek-feher.html HTTP/1.1" 301 369 "-" "Mozilla/5.0 (Linux; Android 6.0.1; Nexus 5X Build/MMB29P) AppleWebKit/537.36 (KHTML, like Gecko) Chrome/80.0.3987.92 Mobile Safari/537.36 (compatible; Googlebot/2.1; +http://www.google.com/bot.html)"
207.46.13.35 - - [13/Sep/2020:05:28:05 +0200] "GET /1736-thickbox_default/rio-roller-leopard-adult-quad-skate.jpg HTTP/1.1" 301 376 "-" "Mozilla/5.0 (compatible; bingbot/2.0; +http://www.bing.com/bingbot.htm)"
157.55.39.58 - - [13/Sep/2020:05:27:13 +0200] "GET /3742-large_default/pro-tec-classic-helmet-gloss-eggplant.jpg HTTP/1.1" 301 375 "-" "Mozilla/5.0 (compatible; bingbot/2.0; +http://www.bing.com/bingbot.htm)"
66.249.66.130 - - [13/Sep/2020:05:26:30 +0200] "GET /2153-home_default/gapp-longboard-felfuggesztes-fekete.jpg HTTP/1.1" 301 372 "-" "Googlebot-Image/1.0"
157.55.39.135 - - [13/Sep/2020:05:28:12 +0200] "GET /4202-home_default/tony-hawk-360-series-skateboard-banner-hawk.jpg HTTP/1.1" 301 380 "-" "Mozilla/5.0 (compatible; bingbot/2.0; +http://www.bing.com/bingbot.htm)"
66.249.66.132 - - [13/Sep/2020:05:28:22 +0200] "GET /hu/16-alkatreszek HTTP/1.1" 301 332 "-" "Mozilla/5.0 (Linux; Android 6.0.1; Nexus 5X Build/MMB29P) AppleWebKit/537.36 (KHTML, like Gecko) Chrome/80.0.3987.92 Mobile Safari/537.36 (compatible; Googlebot/2.1; +http://www.google.com/bot.html)"
66.249.66.130 - - [13/Sep/2020:05:29:34 +0200] "GET /hu/14-kerekek HTTP/1.1" 301 328 "-" "Mozilla/5.0 (Linux; Android 6.0.1; Nexus 5X Build/MMB29P) AppleWebKit/537.36 (KHTML, like Gecko) Chrome/80.0.3987.92 Mobile Safari/537.36 (compatible; Googlebot/2.1; +http://www.google.com/bot.html)"
66.249.66.130 - - [13/Sep/2020:05:32:45 +0200] "GET /robots.txt HTTP/1.1" 301 325 "-" "Mozilla/5.0 (compatible; Googlebot/2.1; +http://www.google.com/bot.html)"
66.249.66.130 - - [13/Sep/2020:05:32:45 +0200] "GET /en/quad-skate/758-rio-roller-varsity-kids-quad-skate-blue-gold.html HTTP/1.1" 301 382 "-" "Mozilla/5.0 (Linux; Android 6.0.1; Nexus 5X Build/MMB29P) AppleWebKit/537.36 (KHTML, like Gecko) Chrome/80.0.3987.92 Mobile Safari/537.36 (compatible; Googlebot/2.1; +http://www.google.com/bot.html)"
87.106.168.173 - - [13/Sep/2020:05:43:03 +0200] "GET /administrator/ HTTP/1.1" 301 329 "-" "Mozilla/5.0 (X11; Ubuntu; Linux i686; rv:28.0) Gecko/20100101 Firefox/28.0"
87.106.168.173 - - [13/Sep/2020:05:43:08 +0200] "GET /admin/view/javascript/common.js HTTP/1.1" 301 346 "-" "Mozilla/5.0 (X11; Ubuntu; Linux i686; rv:28.0) Gecko/20100101 Firefox/28.0"
87.106.168.173 - - [13/Sep/2020:05:43:02 +0200] "GET /plugins/system/debug/debug.xml HTTP/1.1" 301 345 "-" "Mozilla/5.0 (X11; Ubuntu; Linux i686; rv:28.0) Gecko/20100101 Firefox/28.0"
87.106.168.173 - - [13/Sep/2020:05:43:11 +0200] "GET /vendor/phpunit/phpunit/LICENSE HTTP/1.1" 301 345 "-" "Mozilla/5.0 (X11; Ubuntu; Linux i686; rv:28.0) Gecko/20100101 Firefox/28.0"
87.106.168.173 - - [13/Sep/2020:05:42:58 +0200] "GET / HTTP/1.1" 301 315 "-" "Mozilla/5.0 (X11; Ubuntu; Linux i686; rv:28.0) Gecko/20100101 Firefox/28.0"
87.106.168.173 - - [13/Sep/2020:05:43:00 +0200] "GET /administrator/help/en-GB/toc.json HTTP/1.1" 301 348 "-" "Mozilla/5.0 (X11; Ubuntu; Linux i686; rv:28.0) Gecko/20100101 Firefox/28.0"
87.106.168.173 - - [13/Sep/2020:05:43:10 +0200] "GET /images/editor/separator.gif HTTP/1.1" 301 342 "-" "Mozilla/5.0 (X11; Ubuntu; Linux i686; rv:28.0) Gecko/20100101 Firefox/28.0"
66.249.66.132 - - [13/Sep/2020:05:42:21 +0200] "GET /en/longboards/982-ram-longboard-kihei-beach-glass.html HTTP/1.1" 301 369 "-" "Mozilla/5.0 (Linux; Android 6.0.1; Nexus 5X Build/MMB29P) AppleWebKit/537.36 (KHTML, like Gecko) Chrome/80.0.3987.92 Mobile Safari/537.36 (compatible; Googlebot/2.1; +http://www.google.com/bot.html)"
87.106.168.173 - - [13/Sep/2020:05:43:01 +0200] "GET /administrator/language/en-GB/install.xml HTTP/1.1" 301 355 "-" "Mozilla/5.0 (X11; Ubuntu; Linux i686; rv:28.0) Gecko/20100101 Firefox/28.0"
87.106.168.173 - - [13/Sep/2020:05:42:59 +0200] "GET /wp-includes/js/jquery/jquery.js HTTP/1.1" 301 346 "-" "Mozilla/5.0 (X11; Ubuntu; Linux i686; rv:28.0) Gecko/20100101 Firefox/28.0"
87.106.168.173 - - [13/Sep/2020:05:43:06 +0200] "GET / HTTP/1.1" 301 315 "-" "Mozilla/5.0 (X11; Ubuntu; Linux i686; rv:28.0) Gecko/20100101 Firefox/28.0"
87.106.168.173 - - [13/Sep/2020:05:43:11 +0200] "GET /js/header-rollup-554.js HTTP/1.1" 500 - "-" "Mozilla/5.0 (X11; Ubuntu; Linux i686; rv:28.0) Gecko/20100101 Firefox/28.0"
87.106.168.173 - - [13/Sep/2020:05:43:13 +0200] "GET /.env HTTP/1.1" 301 319 "-" "Mozilla/5.0 (X11; Ubuntu; Linux i686; rv:28.0) Gecko/20100101 Firefox/28.0"
87.106.168.173 - - [13/Sep/2020:05:42:59 +0200] "GET / HTTP/1.1" 301 315 "-" "Mozilla/5.0 (X11; Ubuntu; Linux i686; rv:28.0) Gecko/20100101 Firefox/28.0"
87.106.168.173 - - [13/Sep/2020:05:43:05 +0200] "GET /misc/ajax.js HTTP/1.1" 301 327 "-" "Mozilla/5.0 (X11; Ubuntu; Linux i686; rv:28.0) Gecko/20100101 Firefox/28.0"
87.106.168.173 - - [13/Sep/2020:05:43:08 +0200] "GET / HTTP/1.1" 301 315 "-" "Mozilla/5.0 (X11; Ubuntu; Linux i686; rv:28.0) Gecko/20100101 Firefox/28.0"
87.106.168.173 - - [13/Sep/2020:05:43:07 +0200] "GET / HTTP/1.1" 301 315 "-" "Mozilla/5.0 (X11; Ubuntu; Linux i686; rv:28.0) Gecko/20100101 Firefox/28.0"
157.55.39.76 - - [13/Sep/2020:05:45:11 +0200] "GET /2632-thickbox_default/steadfast-50mm-gordeszka-kerekek-lila.jpg HTTP/1.1" 301 378 "-" "Mozilla/5.0 (compatible; bingbot/2.0; +http://www.bing.com/bingbot.htm)"
216.244.66.194 - - [13/Sep/2020:05:44:03 +0200] "GET /robots.txt HTTP/1.1" 301 325 "-" "Mozilla/5.0 (compatible; DotBot/1.1; http://www.opensiteexplorer.org/dotbot, help@moz.com)"
192.99.10.170 - - [13/Sep/2020:05:46:35 +0200] "GET /robots.txt HTTP/1.1" 301 325 "-" "Mozilla/5.0 (compatible; MJ12bot/v1.4.8; http://mj12bot.com/)"
40.77.167.103 - - [13/Sep/2020:05:55:27 +0200] "GET /1804-home_default/area-african-baby-skateboard.jpg HTTP/1.1" 301 365 "-" "Mozilla/5.0 (compatible; bingbot/2.0; +http://www.bing.com/bingbot.htm)"
66.249.66.132 - - [13/Sep/2020:05:56:19 +0200] "GET /hu/cruiser-short-board/1815-penny-22-cruiser-simpsons-homer.html HTTP/1.1" 301 379 "-" "Mozilla/5.0 (Linux; Android 6.0.1; Nexus 5X Build/MMB29P) AppleWebKit/537.36 (KHTML, like Gecko) Chrome/80.0.3987.92 Mobile Safari/537.36 (compatible; Googlebot/2.1; +http://www.google.com/bot.html)"
66.249.66.132 - - [13/Sep/2020:05:57:06 +0200] "GET /hu/cruiser/1817-penny-22-cruiser-simpsons-excellenta-burns.html HTTP/1.1" 301 378 "-" "Mozilla/5.0 (Linux; Android 6.0.1; Nexus 5X Build/MMB29P) AppleWebKit/537.36 (KHTML, like Gecko) Chrome/80.0.3987.92 Mobile Safari/537.36 (compatible; Googlebot/2.1; +http://www.google.com/bot.html)"
148.251.69.139 - - [13/Sep/2020:05:57:00 +0200] "GET /robots.txt HTTP/1.1" 301 325 "-" "Mozilla/5.0 (compatible; MJ12bot/v1.4.8; http://mj12bot.com/)"
66.249.66.130 - - [13/Sep/2020:05:56:41 +0200] "GET /4550-home_default/enuff-diamond-logo-skateboard-black.jpg HTTP/1.1" 301 372 "-" "Googlebot-Image/1.0"
66.249.66.130 - - [13/Sep/2020:05:57:54 +0200] "GET /hu/fuggok/730-aob-mk-longboard-felfuggesztes-polished.html HTTP/1.1" 301 373 "-" "Mozilla/5.0 (Linux; Android 6.0.1; Nexus 5X Build/MMB29P) AppleWebKit/537.36 (KHTML, like Gecko) Chrome/80.0.3987.92 Mobile Safari/537.36 (compatible; Googlebot/2.1; +http://www.google.com/bot.html)"
66.249.66.132 - - [13/Sep/2020:05:59:27 +0200] "GET / HTTP/1.1" 301 315 "-" "Mozilla/5.0 (compatible; Googlebot/2.1; +http://www.google.com/bot.html)"
207.46.13.16 - - [13/Sep/2020:06:02:25 +0200] "GET /1938-thickbox_default/tony-hawk-900-series-skateboard-feathered.jpg HTTP/1.1" 301 382 "-" "Mozilla/5.0 (compatible; bingbot/2.0; +http://www.bing.com/bingbot.htm)"
176.241.58.214 - - [13/Sep/2020:06:02:37 +0200] "GET /hu/?fbclid=PAAabA2vGv_HZu4LH9nT0JOn-ec-MC_27MDtVJhJWYOdYNVMmQasT3b8yex7E HTTP/1.1" 301 387 "http://instagram.com/" "Mozilla/5.0 (Linux; Android 10; SM-A405FN Build/QP1A.190711.020; wv) AppleWebKit/537.36 (KHTML, like Gecko) Version/4.0 Chrome/85.0.4183.101 Mobile Safari/537.36 Instagram 158.0.0.30.123 Android (29/10; 480dpi; 1080x2110; samsung; SM-A405FN; a40; exynos7904; hu_HU; 243646269)"
192.99.7.128 - - [13/Sep/2020:06:03:11 +0200] "GET /robots.txt HTTP/1.1" 301 325 "-" "Mozilla/5.0 (compatible; MJ12bot/v1.4.8; http://mj12bot.com/)"
66.249.66.132 - - [13/Sep/2020:06:05:15 +0200] "GET /en/others/129-mindless-voodoo-juju-83a-longboard-bushings-green.html HTTP/1.1" 301 383 "-" "Mozilla/5.0 (Linux; Android 6.0.1; Nexus 5X Build/MMB29P) AppleWebKit/537.36 (KHTML, like Gecko) Chrome/85.0.4183.97 Mobile Safari/537.36 (compatible; Googlebot/2.1; +http://www.google.com/bot.html)"
31.13.127.120 - - [13/Sep/2020:06:11:40 +0200] "GET /en/cruisers-short-boards/1129-mgp-retro-board-fader-cruiser-blue-yellow.html HTTP/1.1" 301 391 "-" "facebookexternalhit/1.1 (+http://www.facebook.com/externalhit_uatext.php)"
31.13.127.118 - - [13/Sep/2020:06:11:40 +0200] "GET /en/cruisers-short-boards/1129-mgp-retro-board-fader-cruiser-blue-yellow.html HTTP/1.1" 301 391 "-" "facebookexternalhit/1.1 (+http://www.facebook.com/externalhit_uatext.php)"
207.46.13.35 - - [13/Sep/2020:06:14:29 +0200] "GET /2545-large_default/maui-micro-cruiser-pink.jpg HTTP/1.1" 301 361 "-" "Mozilla/5.0 (compatible; bingbot/2.0; +http://www.bing.com/bingbot.htm)"
157.55.39.76 - - [13/Sep/2020:06:27:38 +0200] "GET /2525-large_default/stella-bamboo-breakers-longboard.jpg HTTP/1.1" 301 370 "-" "Mozilla/5.0 (compatible; bingbot/2.0; +http://www.bing.com/bingbot.htm)"
114.119.137.128 - - [13/Sep/2020:06:28:48 +0200] "GET /robots.txt HTTP/1.1" 301 325 "-" "(compatible;PetalBot;+http://aspiegel.com/petalbot)"
157.55.39.19 - - [13/Sep/2020:06:26:49 +0200] "GET /robots.txt HTTP/1.1" 301 325 "-" "Mozilla/5.0 (compatible; bingbot/2.0; +http://www.bing.com/bingbot.htm)"
39.101.1.61 - - [13/Sep/2020:06:33:18 +0200] "GET /e/admin/index.php HTTP/1.1" 301 332 "-" "Mozilla/5.0 (Windows NT 10.0; WOW64; rv:48.0) Gecko/20100101 Firefox/48.0"
66.249.66.132 - - [13/Sep/2020:06:34:42 +0200] "GET /robots.txt HTTP/1.1" 301 325 "-" "Mozilla/5.0 (compatible; Googlebot/2.1; +http://www.google.com/bot.html)"
40.77.167.103 - - [13/Sep/2020:06:38:17 +0200] "GET /en/cart?add=1&id_product=968&token=dd1548e4374f499b814aa1cfc96bc198 HTTP/1.1" 301 390 "-" "Mozilla/5.0 (compatible; bingbot/2.0; +http://www.bing.com/bingbot.htm)"
66.249.66.132 - - [13/Sep/2020:06:39:00 +0200] "GET /en/quad-skate/1156-rio-roller-classic-ii-adult-quad-skate-blueberry.html HTTP/1.1" 301 387 "-" "Mozilla/5.0 (Linux; Android 6.0.1; Nexus 5X Build/MMB29P) AppleWebKit/537.36 (KHTML, like Gecko) Chrome/80.0.3987.92 Mobile Safari/537.36 (compatible; Googlebot/2.1; +http://www.google.com/bot.html)"
157.55.39.135 - - [13/Sep/2020:06:45:38 +0200] "GET /2256-home_default/ibiza-resident-refresco-longboard.jpg HTTP/1.1" 301 370 "-" "Mozilla/5.0 (compatible; bingbot/2.0; +http://www.bing.com/bingbot.htm)"
66.249.66.130 - - [13/Sep/2020:06:47:36 +0200] "GET /en/skateboards/1105-enuff-nihon-skateboard-geisha.html HTTP/1.1" 301 369 "-" "Mozilla/5.0 (Linux; Android 6.0.1; Nexus 5X Build/MMB29P) AppleWebKit/537.36 (KHTML, like Gecko) Chrome/80.0.3987.92 Mobile Safari/537.36 (compatible; Googlebot/2.1; +http://www.google.com/bot.html)"
66.249.66.130 - - [13/Sep/2020:06:47:22 +0200] "GET /hu/gordeszkak/774-area-girlstar-73-gordeszka.html HTTP/1.1" 301 364 "-" "Mozilla/5.0 (compatible; Googlebot/2.1; +http://www.google.com/bot.html)"
66.249.66.130 - - [13/Sep/2020:06:51:47 +0200] "GET /en/decks/1339-sds-faded-825-deck-purple.html HTTP/1.1" 301 359 "-" "Mozilla/5.0 (Linux; Android 6.0.1; Nexus 5X Build/MMB29P) AppleWebKit/537.36 (KHTML, like Gecko) Chrome/80.0.3987.92 Mobile Safari/537.36 (compatible; Googlebot/2.1; +http://www.google.com/bot.html)"
216.244.66.194 - - [13/Sep/2020:06:51:42 +0200] "GET /robots.txt HTTP/1.1" 301 325 "-" "Mozilla/5.0 (compatible; DotBot/1.1; http://www.opensiteexplorer.org/dotbot, help@moz.com)"
207.46.13.165 - - [13/Sep/2020:06:52:16 +0200] "GET /en/cart?add=1&id_product=1280&token=dd1548e4374f499b814aa1cfc96bc198 HTTP/1.1" 301 391 "-" "Mozilla/5.0 (compatible; bingbot/2.0; +http://www.bing.com/bingbot.htm)"
185.181.103.244 - - [13/Sep/2020:06:53:21 +0200] "GET / HTTP/1.1" 301 315 "-" "Mozilla/5.0 (Windows NT 10.0; Win64; x64) AppleWebKit/537.36 (KHTML, like Gecko) Chrome/85.0.4183.102 Safari/537.36"
207.46.13.252 - - [13/Sep/2020:06:54:59 +0200] "GET /1851-large_default/area-replica-waver-cruiser.jpg HTTP/1.1" 301 364 "-" "Mozilla/5.0 (compatible; bingbot/2.0; +http://www.bing.com/bingbot.htm)"
157.55.39.135 - - [13/Sep/2020:06:59:07 +0200] "GET /2996-large_default/enuff-peacekeeper-54mm-skateboard-wheels.jpg HTTP/1.1" 301 378 "-" "Mozilla/5.0 (compatible; bingbot/2.0; +http://www.bing.com/bingbot.htm)"
207.46.13.35 - - [13/Sep/2020:07:01:38 +0200] "GET /2257-home_default/ibiza-resident-refresco-longboard.jpg HTTP/1.1" 301 370 "-" "Mozilla/5.0 (compatible; bingbot/2.0; +http://www.bing.com/bingbot.htm)"
66.249.66.132 - - [13/Sep/2020:07:02:09 +0200] "GET /en/skateboard/1605-enuff-refresher-ii-53-mm-skateboard-wheels-green.html HTTP/1.1" 301 387 "-" "Mozilla/5.0 (compatible; Googlebot/2.1; +http://www.google.com/bot.html)"
66.249.66.130 - - [13/Sep/2020:07:08:07 +0200] "GET /en/search?search_query=crhfhtqfwanwey&category_filter=0 HTTP/1.1" 301 374 "-" "Mozilla/5.0 (compatible; Googlebot/2.1; +http://www.google.com/bot.html)"
157.55.39.135 - - [13/Sep/2020:07:10:59 +0200] "GET /698-large_default/stella-bamboo-stingray-longboard.jpg HTTP/1.1" 301 369 "-" "Mozilla/5.0 (compatible; bingbot/2.0; +http://www.bing.com/bingbot.htm)"
157.55.39.58 - - [13/Sep/2020:07:11:15 +0200] "GET /4804-home_default/penny-27-cruiser-skull-splatter.jpg HTTP/1.1" 301 368 "-" "Mozilla/5.0 (compatible; bingbot/2.0; +http://www.bing.com/bingbot.htm)"
79.122.110.41 - - [13/Sep/2020:07:23:41 +0200] "GET /hu/griptapek/901-flik-grip-tape-zold-csillam.html HTTP/1.1" 301 364 "-" "Mozilla/5.0 (iPhone; CPU iPhone OS 13_6_1 like Mac OS X) AppleWebKit/605.1.15 (KHTML, like Gecko) Version/13.1.2 Mobile/15E148 Safari/604.1"
66.249.66.132 - - [13/Sep/2020:07:27:11 +0200] "GET /2842-home_default/enuff-tag-graffiti-gordeszka-sarga.jpg HTTP/1.1" 301 371 "-" "Googlebot-Image/1.0"
87.106.204.37 - - [13/Sep/2020:07:33:23 +0200] "GET / HTTP/1.1" 301 315 "-" "Mozilla/5.0 (X11; Ubuntu; Linux i686; rv:28.0) Gecko/20100101 Firefox/28.0"
87.106.204.37 - - [13/Sep/2020:07:33:05 +0200] "GET / HTTP/1.1" 301 315 "-" "Mozilla/5.0 (X11; Ubuntu; Linux i686; rv:28.0) Gecko/20100101 Firefox/28.0"
87.106.204.37 - - [13/Sep/2020:07:33:15 +0200] "GET /administrator/ HTTP/1.1" 301 329 "-" "Mozilla/5.0 (X11; Ubuntu; Linux i686; rv:28.0) Gecko/20100101 Firefox/28.0"
87.106.204.37 - - [13/Sep/2020:07:33:07 +0200] "GET /administrator/help/en-GB/toc.json HTTP/1.1" 301 348 "-" "Mozilla/5.0 (X11; Ubuntu; Linux i686; rv:28.0) Gecko/20100101 Firefox/28.0"
87.106.204.37 - - [13/Sep/2020:07:33:25 +0200] "GET /images/editor/separator.gif HTTP/1.1" 301 342 "-" "Mozilla/5.0 (X11; Ubuntu; Linux i686; rv:28.0) Gecko/20100101 Firefox/28.0"
87.106.204.37 - - [13/Sep/2020:07:33:04 +0200] "GET / HTTP/1.1" 301 315 "-" "Mozilla/5.0 (X11; Ubuntu; Linux i686; rv:28.0) Gecko/20100101 Firefox/28.0"
87.106.204.37 - - [13/Sep/2020:07:33:11 +0200] "GET /administrator/language/en-GB/install.xml HTTP/1.1" 301 355 "-" "Mozilla/5.0 (X11; Ubuntu; Linux i686; rv:28.0) Gecko/20100101 Firefox/28.0"
87.106.204.37 - - [13/Sep/2020:07:33:30 +0200] "GET /vendor/phpunit/phpunit/LICENSE HTTP/1.1" 301 345 "-" "Mozilla/5.0 (X11; Ubuntu; Linux i686; rv:28.0) Gecko/20100101 Firefox/28.0"
87.106.204.37 - - [13/Sep/2020:07:33:06 +0200] "GET /wp-includes/js/jquery/jquery.js HTTP/1.1" 301 346 "-" "Mozilla/5.0 (X11; Ubuntu; Linux i686; rv:28.0) Gecko/20100101 Firefox/28.0"
87.106.204.37 - - [13/Sep/2020:07:33:20 +0200] "GET / HTTP/1.1" 301 315 "-" "Mozilla/5.0 (X11; Ubuntu; Linux i686; rv:28.0) Gecko/20100101 Firefox/28.0"
87.106.204.37 - - [13/Sep/2020:07:33:14 +0200] "GET /plugins/system/debug/debug.xml HTTP/1.1" 301 345 "-" "Mozilla/5.0 (X11; Ubuntu; Linux i686; rv:28.0) Gecko/20100101 Firefox/28.0"
87.106.204.37 - - [13/Sep/2020:07:33:17 +0200] "GET /misc/ajax.js HTTP/1.1" 301 327 "-" "Mozilla/5.0 (X11; Ubuntu; Linux i686; rv:28.0) Gecko/20100101 Firefox/28.0"
87.106.204.37 - - [13/Sep/2020:07:33:27 +0200] "GET /js/header-rollup-554.js HTTP/1.1" 500 - "-" "Mozilla/5.0 (X11; Ubuntu; Linux i686; rv:28.0) Gecko/20100101 Firefox/28.0"
87.106.204.37 - - [13/Sep/2020:07:33:23 +0200] "GET / HTTP/1.1" 301 315 "-" "Mozilla/5.0 (X11; Ubuntu; Linux i686; rv:28.0) Gecko/20100101 Firefox/28.0"
87.106.204.37 - - [13/Sep/2020:07:33:24 +0200] "GET /admin/view/javascript/common.js HTTP/1.1" 301 346 "-" "Mozilla/5.0 (X11; Ubuntu; Linux i686; rv:28.0) Gecko/20100101 Firefox/28.0"
87.106.204.37 - - [13/Sep/2020:07:33:33 +0200] "GET /.env HTTP/1.1" 301 319 "-" "Mozilla/5.0 (X11; Ubuntu; Linux i686; rv:28.0) Gecko/20100101 Firefox/28.0"
40.77.167.103 - - [13/Sep/2020:07:35:09 +0200] "GET /991-thickbox_default/mindless-savage-iii-longboard-kek.jpg HTTP/1.1" 301 373 "-" "Mozilla/5.0 (compatible; bingbot/2.0; +http://www.bing.com/bingbot.htm)"
157.55.39.58 - - [13/Sep/2020:07:36:24 +0200] "GET /3405-large_default/maui-off-the-grid-longboard.jpg HTTP/1.1" 301 365 "-" "Mozilla/5.0 (compatible; bingbot/2.0; +http://www.bing.com/bingbot.htm)"
114.119.157.54 - - [13/Sep/2020:07:38:07 +0200] "GET /robots.txt HTTP/1.1" 301 325 "-" "(compatible;PetalBot;+http://aspiegel.com/petalbot)"
157.55.39.135 - - [13/Sep/2020:07:44:06 +0200] "GET /3393-home_default/pro-tec-street-konyokvedo.jpg HTTP/1.1" 301 362 "-" "Mozilla/5.0 (compatible; bingbot/2.0; +http://www.bing.com/bingbot.htm)"
207.46.13.252 - - [13/Sep/2020:07:49:47 +0200] "GET /en/quad-skate/1461-rio-roller-milkshake-kids-quad-skate-purple-green.html HTTP/1.1" 301 388 "-" "Mozilla/5.0 (compatible; bingbot/2.0; +http://www.bing.com/bingbot.htm)"
66.249.66.132 - - [13/Sep/2020:07:51:15 +0200] "GET /robots.txt HTTP/1.1" 301 325 "-" "Mozilla/5.0 (compatible; Googlebot/2.1; +http://www.google.com/bot.html)"
66.249.66.134 - - [13/Sep/2020:07:51:15 +0200] "GET /hu/16-alkatreszek HTTP/1.1" 301 332 "-" "Mozilla/5.0 (Linux; Android 6.0.1; Nexus 5X Build/MMB29P) AppleWebKit/537.36 (KHTML, like Gecko) Chrome/80.0.3987.92 Mobile Safari/537.36 (compatible; Googlebot/2.1; +http://www.google.com/bot.html)"
66.249.66.130 - - [13/Sep/2020:07:52:51 +0200] "GET /hu/cruiser-short-board/1137-street-surfing-cruiser-30-jelly-fish.html HTTP/1.1" 301 384 "-" "Mozilla/5.0 (Linux; Android 6.0.1; Nexus 5X Build/MMB29P) AppleWebKit/537.36 (KHTML, like Gecko) Chrome/80.0.3987.92 Mobile Safari/537.36 (compatible; Googlebot/2.1; +http://www.google.com/bot.html)"
66.249.66.130 - - [13/Sep/2020:07:52:51 +0200] "GET /en/helmets/502-pro-tec-classic-helmet-gloss-white.html HTTP/1.1" 301 369 "-" "Mozilla/5.0 (Linux; Android 6.0.1; Nexus 5X Build/MMB29P) AppleWebKit/537.36 (KHTML, like Gecko) Chrome/80.0.3987.92 Mobile Safari/537.36 (compatible; Googlebot/2.1; +http://www.google.com/bot.html)"
66.249.66.130 - - [13/Sep/2020:07:54:50 +0200] "GET /en/cruisers-short-boards/1566-area-katana-28-cruiser.html?search_query=area&results=71 HTTP/1.1" 301 405 "-" "Mozilla/5.0 (Linux; Android 6.0.1; Nexus 5X Build/MMB29P) AppleWebKit/537.36 (KHTML, like Gecko) Chrome/80.0.3987.92 Mobile Safari/537.36 (compatible; Googlebot/2.1; +http://www.google.com/bot.html)"
81.183.180.227 - - [13/Sep/2020:07:55:58 +0200] "GET / HTTP/1.1" 301 315 "https://www.google.com/" "Mozilla/5.0 (Macintosh; Intel Mac OS X 10_13_6) AppleWebKit/537.36 (KHTML, like Gecko) Chrome/83.0.4103.116 Safari/537.36"
207.46.13.35 - - [13/Sep/2020:07:58:19 +0200] "GET /453-home_default/tony-hawk-77-gordeszka-king-squak-fekete.jpg HTTP/1.1" 301 376 "-" "Mozilla/5.0 (compatible; bingbot/2.0; +http://www.bing.com/bingbot.htm)"
40.77.167.103 - - [13/Sep/2020:07:56:28 +0200] "GET /1981-large_default/street-surfing-casterboard-wave-original-radiance.jpg HTTP/1.1" 301 387 "-" "Mozilla/5.0 (compatible; bingbot/2.0; +http://www.bing.com/bingbot.htm)"
66.249.66.130 - - [13/Sep/2020:07:58:50 +0200] "GET /hu/gordeszkak/467-stella-flatnose-panther-complete-board.html?search_query=stella&results=44 HTTP/1.1" 301 411 "-" "Mozilla/5.0 (compatible; Googlebot/2.1; +http://www.google.com/bot.html)"
216.244.66.194 - - [13/Sep/2020:08:07:35 +0200] "GET /robots.txt HTTP/1.1" 301 325 "-" "Mozilla/5.0 (compatible; DotBot/1.1; http://www.opensiteexplorer.org/dotbot, help@moz.com)"
207.46.13.35 - - [13/Sep/2020:08:09:11 +0200] "GET /1218-home_default/ram-longboard-solitary-20-limited-edition-kek.jpg HTTP/1.1" 301 382 "-" "Mozilla/5.0 (compatible; bingbot/2.0; +http://www.bing.com/bingbot.htm)"
40.121.132.110 - - [13/Sep/2020:08:06:09 +0200] "GET / HTTP/1.1" 301 315 "-" "python-requests/2.24.0"
66.249.66.132 - - [13/Sep/2020:08:10:15 +0200] "GET /en/knee-elbow-ankle-protect/1590-rekd-pro-knee-gasket.html HTTP/1.1" 301 373 "-" "Mozilla/5.0 (Linux; Android 6.0.1; Nexus 5X Build/MMB29P) AppleWebKit/537.36 (KHTML, like Gecko) Chrome/80.0.3987.92 Mobile Safari/537.36 (compatible; Googlebot/2.1; +http://www.google.com/bot.html)"
207.46.13.16 - - [13/Sep/2020:08:11:26 +0200] "GET /3583-cart_default/sds-watercolor-775-gordeszka.jpg HTTP/1.1" 301 365 "-" "Mozilla/5.0 (compatible; bingbot/2.0; +http://www.bing.com/bingbot.htm)"
66.249.66.130 - - [13/Sep/2020:08:14:36 +0200] "GET /en/knee-elbow-ankle-protect/1525-armor-3600-pad-set.html HTTP/1.1" 301 371 "-" "Mozilla/5.0 (Linux; Android 6.0.1; Nexus 5X Build/MMB29P) AppleWebKit/537.36 (KHTML, like Gecko) Chrome/80.0.3987.92 Mobile Safari/537.36 (compatible; Googlebot/2.1; +http://www.google.com/bot.html)"
157.55.39.76 - - [13/Sep/2020:08:15:55 +0200] "GET /3770-thickbox_default/enuff-decade-pro-satin-139mm-skateboard-truck-raw-gold.jpg HTTP/1.1" 301 395 "-" "Mozilla/5.0 (compatible; bingbot/2.0; +http://www.bing.com/bingbot.htm)"
172.83.45.212 - - [13/Sep/2020:08:23:37 +0200] "GET /en/cruisers/2336-nkd-city-39-cruiser.html HTTP/1.0" 301 356 "http://www.deszkak.hu/en/cruisers/2336-nkd-city-39-cruiser.html" "Mozilla/5.0 (Windows NT 6.1) AppleWebKit/537.36 (KHTML, like Gecko) Chrome/67.0.3396.99 Safari/537.36"
157.55.39.76 - - [13/Sep/2020:08:21:47 +0200] "GET /hu/lapok/192-mindless-corsair-longboard-lap-kiarusitas-zold.html HTTP/1.1" 301 379 "-" "Mozilla/5.0 (compatible; bingbot/2.0; +http://www.bing.com/bingbot.htm)"
176.63.120.2 - - [13/Sep/2020:08:26:17 +0200] "GET /hu/?fbclid=PAAaYY3MkrC5VdP69KLW3VvIUhIqMP_G5IEIwJNqYDrU0keO9bJOHEHfR5-Ws HTTP/1.1" 301 387 "http://instagram.com/" "Mozilla/5.0 (Linux; Android 9; SM-J415FN Build/PPR1.180610.011; wv) AppleWebKit/537.36 (KHTML, like Gecko) Version/4.0 Chrome/85.0.4183.101 Mobile Safari/537.36 Instagram 158.0.0.30.123 Android (28/9; 280dpi; 720x1396; samsung; SM-J415FN; j4primelte; qcom; hu_HU; 243646252)"
40.77.167.103 - - [13/Sep/2020:08:26:37 +0200] "GET /3478-thickbox_default/sfr-vision-canvas-gyerek-quad-gorkorcsolya-floral.jpg HTTP/1.1" 301 390 "-" "Mozilla/5.0 (compatible; bingbot/2.0; +http://www.bing.com/bingbot.htm)"
207.46.13.16 - - [13/Sep/2020:08:26:32 +0200] "GET /robots.txt HTTP/1.1" 301 325 "-" "Mozilla/5.0 (compatible; bingbot/2.0; +http://www.bing.com/bingbot.htm)"
207.46.13.35 - - [13/Sep/2020:08:27:29 +0200] "GET /2385-thickbox_default/enuff-bearings-abec-9.jpg HTTP/1.1" 301 362 "-" "Mozilla/5.0 (compatible; bingbot/2.0; +http://www.bing.com/bingbot.htm)"
66.249.66.130 - - [13/Sep/2020:08:27:40 +0200] "GET /en/longboards/983-ram-shortboard-okun-evening-sand.html HTTP/1.1" 301 370 "-" "Mozilla/5.0 (Linux; Android 6.0.1; Nexus 5X Build/MMB29P) AppleWebKit/537.36 (KHTML, like Gecko) Chrome/80.0.3987.92 Mobile Safari/537.36 (compatible; Googlebot/2.1; +http://www.google.com/bot.html)"
176.77.132.73 - - [13/Sep/2020:08:32:46 +0200] "GET / HTTP/1.1" 301 315 "http://www.google.com/" "Mozilla/5.0 (Linux; Android 9; ANE-LX1) AppleWebKit/537.36 (KHTML, like Gecko) Chrome/85.0.4183.101 Mobile Safari/537.36"
157.55.39.58 - - [13/Sep/2020:08:33:46 +0200] "GET /2658-thickbox_default/enuff-refresher-gordeszka-kerekek-rasta.jpg HTTP/1.1" 301 380 "-" "Mozilla/5.0 (compatible; bingbot/2.0; +http://www.bing.com/bingbot.htm)"
13.66.185.182 - - [13/Sep/2020:08:36:34 +0200] "GET /wp-content/plugins/wp-file-manager/lib/php/connector.minimal.php HTTP/1.1" 301 379 "-" "Mozilla/5.0 (X11; Linux x86_64) AppleWebKit/537.36 (KHTML, like Gecko) Chrome/81.0.4044.129 Safari/537.36"
144.76.176.171 - - [13/Sep/2020:08:36:32 +0200] "GET /robots.txt HTTP/1.1" 301 325 "-" "Mozilla/5.0 (compatible; MJ12bot/v1.4.8; http://mj12bot.com/)"
207.46.13.35 - - [13/Sep/2020:08:39:52 +0200] "GET /3867-large_default/steadfast-kingpin-nut.jpg HTTP/1.1" 301 359 "-" "Mozilla/5.0 (compatible; bingbot/2.0; +http://www.bing.com/bingbot.htm)"
66.249.66.132 - - [13/Sep/2020:08:47:07 +0200] "GET /robots.txt HTTP/1.1" 301 325 "-" "Mozilla/5.0 (compatible; Googlebot/2.1; +http://www.google.com/bot.html)"
66.249.66.132 - - [13/Sep/2020:08:47:07 +0200] "GET /hu/best-sales?p=5 HTTP/1.1" 301 332 "-" "Mozilla/5.0 (Linux; Android 6.0.1; Nexus 5X Build/MMB29P) AppleWebKit/537.36 (KHTML, like Gecko) Chrome/80.0.3987.92 Mobile Safari/537.36 (compatible; Googlebot/2.1; +http://www.google.com/bot.html)"
66.249.66.130 - - [13/Sep/2020:08:47:22 +0200] "GET /hu/33_wefunk HTTP/1.1" 301 327 "-" "Mozilla/5.0 (compatible; Googlebot/2.1; +http://www.google.com/bot.html)"
66.249.66.130 - - [13/Sep/2020:08:49:24 +0200] "GET /en/longboards/981-ram-longboard-kihei-green-gables.html HTTP/1.1" 301 370 "-" "Mozilla/5.0 (Linux; Android 6.0.1; Nexus 5X Build/MMB29P) AppleWebKit/537.36 (KHTML, like Gecko) Chrome/80.0.3987.92 Mobile Safari/537.36 (compatible; Googlebot/2.1; +http://www.google.com/bot.html)"
114.119.150.226 - - [13/Sep/2020:08:53:08 +0200] "GET /robots.txt HTTP/1.1" 301 325 "-" "(compatible;PetalBot;+http://aspiegel.com/petalbot)"
91.146.183.114 - - [13/Sep/2020:08:54:20 +0200] "GET /hu/?fbclid=PAAaY1Hm1jEDOEcytul29UoIK4eGQcnx3gcx7Iqt5FYfx_34CtsevurMPBGGM HTTP/1.1" 301 387 "http://instagram.com/" "Mozilla/5.0 (Linux; Android 10; SM-A600FN Build/QP1A.190711.020; wv) AppleWebKit/537.36 (KHTML, like Gecko) Version/4.0 Chrome/85.0.4183.101 Mobile Safari/537.36 Instagram 158.0.0.30.123 Android (29/10; 320dpi; 720x1450; samsung; SM-A600FN; a6lte; samsungexynos7870; hu_HU; 243646252)"
178.63.87.197 - - [13/Sep/2020:08:57:46 +0200] "GET /robots.txt HTTP/1.1" 301 325 "-" "Mozilla/5.0 (compatible; MJ12bot/v1.4.8; http://mj12bot.com/)"
207.46.13.16 - - [13/Sep/2020:09:00:05 +0200] "GET /hu/lapok/314-sds-dipped-775-lap-zold.html HTTP/1.1" 301 356 "-" "Mozilla/5.0 (compatible; bingbot/2.0; +http://www.bing.com/bingbot.htm)"
207.46.13.16 - - [13/Sep/2020:08:55:20 +0200] "GET /338-home_default/ram-longboard-lokz-marina-kek.jpg HTTP/1.1" 301 365 "-" "Mozilla/5.0 (compatible; bingbot/2.0; +http://www.bing.com/bingbot.htm)"
207.46.13.35 - - [13/Sep/2020:09:03:27 +0200] "GET /4147-home_default/mgp-gangsta-series-skateboard-crowned.jpg HTTP/1.1" 301 374 "-" "Mozilla/5.0 (compatible; bingbot/2.0; +http://www.bing.com/bingbot.htm)"
216.244.66.194 - - [13/Sep/2020:09:07:42 +0200] "GET /robots.txt HTTP/1.1" 301 325 "-" "Mozilla/5.0 (compatible; DotBot/1.1; http://www.opensiteexplorer.org/dotbot, help@moz.com)"
66.249.66.130 - - [13/Sep/2020:09:11:22 +0200] "GET /hu/33_wefunk HTTP/1.1" 301 327 "-" "Mozilla/5.0 (Linux; Android 6.0.1; Nexus 5X Build/MMB29P) AppleWebKit/537.36 (KHTML, like Gecko) Chrome/85.0.4183.97 Mobile Safari/537.36 (compatible; Googlebot/2.1; +http://www.google.com/bot.html)"
37.234.209.118 - - [13/Sep/2020:09:12:19 +0200] "GET / HTTP/1.1" 301 315 "https://www.google.com/" "Mozilla/5.0 (Windows NT 10.0; Win64; x64) AppleWebKit/537.36 (KHTML, like Gecko) Chrome/85.0.4183.102 Safari/537.36"
94.44.107.1 - - [13/Sep/2020:09:13:48 +0200] "GET /hu/32-wave-board?gclid=Cj0KCQjwhvf6BRCkARIsAGl1GGiKqwpeSPyfymsiClw-N1Allj2Om5BN5vBo5xmJVTOUzJyQY9C4CTAaAiTLEALw_wcB HTTP/1.1" 301 430 "-" "Mozilla/5.0 (iPhone; CPU iPhone OS 13_6_1 like Mac OS X) AppleWebKit/605.1.15 (KHTML, like Gecko) Version/13.1.2 Mobile/15E148 Safari/604.1"
207.46.13.165 - - [13/Sep/2020:09:15:18 +0200] "GET /1361-thickbox_default/ram-shortboard-ciemah-micro-dandelion-yellow.jpg HTTP/1.1" 301 385 "-" "Mozilla/5.0 (compatible; bingbot/2.0; +http://www.bing.com/bingbot.htm)"
66.249.66.132 - - [13/Sep/2020:09:15:30 +0200] "GET /hu/csapagyak/996-sushi-firecracker-sevens-bearings.html HTTP/1.1" 301 370 "-" "Mozilla/5.0 (Linux; Android 6.0.1; Nexus 5X Build/MMB29P) AppleWebKit/537.36 (KHTML, like Gecko) Chrome/80.0.3987.92 Mobile Safari/537.36 (compatible; Googlebot/2.1; +http://www.google.com/bot.html)"
66.249.66.130 - - [13/Sep/2020:09:16:53 +0200] "GET /3842-thickbox_default/gain-ankle-protector.jpg HTTP/1.1" 301 361 "-" "Googlebot-Image/1.0"
158.69.245.202 - - [13/Sep/2020:09:16:39 +0200] "GET /robots.txt HTTP/1.1" 301 325 "-" "Mozilla/5.0 (compatible; MJ12bot/v1.4.8; http://mj12bot.com/)"
94.44.106.76 - - [13/Sep/2020:09:19:55 +0200] "GET / HTTP/1.1" 301 315 "http://www.google.com/" "Mozilla/5.0 (Linux; Android 7.0; SM-G920F) AppleWebKit/537.36 (KHTML, like Gecko) Chrome/85.0.4183.101 Mobile Safari/537.36"
66.249.66.134 - - [13/Sep/2020:09:23:02 +0200] "GET /en/cruisers-short-boards/580-ram-old-school-cruiser-dragonfruit-pink.html HTTP/1.1" 301 388 "-" "Mozilla/5.0 (Linux; Android 6.0.1; Nexus 5X Build/MMB29P) AppleWebKit/537.36 (KHTML, like Gecko) Chrome/80.0.3987.92 Mobile Safari/537.36 (compatible; Googlebot/2.1; +http://www.google.com/bot.html)"
66.249.66.130 - - [13/Sep/2020:09:28:38 +0200] "GET /hu/cruiser-short-board/1815-penny-22-cruiser-simpsons-homer.html HTTP/1.1" 301 379 "-" "Mozilla/5.0 (Linux; Android 6.0.1; Nexus 5X Build/MMB29P) AppleWebKit/537.36 (KHTML, like Gecko) Chrome/80.0.3987.92 Mobile Safari/537.36 (compatible; Googlebot/2.1; +http://www.google.com/bot.html)"
164.132.222.79 - - [13/Sep/2020:09:28:07 +0200] "GET / HTTP/1.1" 301 315 "-" "Mozilla/5.0 (Macintosh; Intel Mac OS X 10_10_1) AppleWebKit/537.36 (KHTML, like Gecko) Chrome/41.0.2227.1 Safari/537.36"
66.249.66.132 - - [13/Sep/2020:09:35:22 +0200] "GET /en/longboard/970-ram-78a-longboard-wheels-white-with-blue-logo.html HTTP/1.1" 301 382 "-" "Mozilla/5.0 (Linux; Android 6.0.1; Nexus 5X Build/MMB29P) AppleWebKit/537.36 (KHTML, like Gecko) Chrome/85.0.4183.97 Mobile Safari/537.36 (compatible; Googlebot/2.1; +http://www.google.com/bot.html)"
66.249.66.132 - - [13/Sep/2020:09:35:22 +0200] "GET /robots.txt HTTP/1.1" 301 325 "-" "Mozilla/5.0 (compatible; Googlebot/2.1; +http://www.google.com/bot.html)"
40.77.167.103 - - [13/Sep/2020:09:37:46 +0200] "GET /hu/gordeszkak/1098-enuff-fade-gordeszka-kek.html HTTP/1.1" 301 363 "-" "Mozilla/5.0 (compatible; bingbot/2.0; +http://www.bing.com/bingbot.htm)"
157.55.39.76 - - [13/Sep/2020:09:33:12 +0200] "GET /2919-thickbox_default/sfr-vision-ii-kids-quad-skate-blue.jpg HTTP/1.1" 301 375 "-" "Mozilla/5.0 (compatible; bingbot/2.0; +http://www.bing.com/bingbot.htm)"
157.55.39.135 - - [13/Sep/2020:09:42:50 +0200] "GET /452-home_default/tony-hawk-775-skateboard-full-hawk-white.jpg HTTP/1.1" 301 376 "-" "Mozilla/5.0 (compatible; bingbot/2.0; +http://www.bing.com/bingbot.htm)"
157.55.39.135 - - [13/Sep/2020:09:42:52 +0200] "GET /1361-home_default/ram-shortboard-ciemah-micro-dandelion-yellow.jpg HTTP/1.1" 301 381 "-" "Mozilla/5.0 (compatible; bingbot/2.0; +http://www.bing.com/bingbot.htm)"
79.122.116.57 - - [13/Sep/2020:09:44:11 +0200] "GET / HTTP/1.1" 301 315 "-" "Mozilla/5.0 (iPhone; CPU iPhone OS 13_6 like Mac OS X) AppleWebKit/605.1.15 (KHTML, like Gecko) CriOS/84.0.4147.122 Mobile/15E148 Safari/604.1"
31.46.179.34 - - [13/Sep/2020:09:45:40 +0200] "GET /hu/32-wave-board?gclid=EAIaIQobChMIk4m5o9Hl6wIVXBV7Ch3LfAnBEAAYASAAEgLRBPD_BwE HTTP/1.1" 301 393 "-" "Mozilla/5.0 (Linux; Android 9; Redmi Note 5) AppleWebKit/537.36 (KHTML, like Gecko) Chrome/81.0.4044.138 Mobile Safari/537.36"
79.122.116.57 - - [13/Sep/2020:09:44:11 +0200] "GET /favicon.ico HTTP/1.1" 301 326 "-" "Mozilla/5.0 (iPhone; CPU iPhone OS 13_7 like Mac OS X) AppleWebKit/605.1.15 (KHTML, like Gecko) CriOS/85.0.4183.92 Mobile/15E148 Safari/604.1"
176.241.58.214 - - [13/Sep/2020:09:48:26 +0200] "GET /hu/32-wave-board?gclid=Cj0KCQjwhvf6BRCkARIsAGl1GGgPf6XKsRKwOcTLLfCbj_8rBVGrLiH113hnuyzhSetPzSQpjNrGp8caAke1EALw_wcB HTTP/1.1" 301 430 "-" "Mozilla/5.0 (Linux; Android 10; SM-A405FN) AppleWebKit/537.36 (KHTML, like Gecko) Chrome/85.0.4183.101 Mobile Safari/537.36"
176.63.192.168 - - [13/Sep/2020:09:49:58 +0200] "GET / HTTP/1.1" 301 315 "-" "Mozilla/5.0 (Windows NT 10.0; Win64; x64) AppleWebKit/537.36 (KHTML, like Gecko) Chrome/85.0.4183.102 Safari/537.36"
31.46.67.45 - - [13/Sep/2020:09:51:58 +0200] "GET /hu/?fbclid=PAAaZuR8uDTVL6VvjA3Z2_yqPup1ioudN2ta6UUOFm1H5Oc671I72EAzLe0Y4 HTTP/1.1" 301 387 "http://instagram.com/" "Mozilla/5.0 (Linux; Android 9; Redmi 6 Build/PPR1.180610.011; wv) AppleWebKit/537.36 (KHTML, like Gecko) Version/4.0 Chrome/85.0.4183.81 Mobile Safari/537.36 Instagram 158.0.0.30.123 Android (28/9; 320dpi; 720x1344; Xiaomi/xiaomi; Redmi 6; cereus; mt6765; hu_HU; 243646252)"
84.236.73.130 - - [13/Sep/2020:09:55:52 +0200] "GET /hu/?fbclid=PAAabfNIVha0FSNPavuIyyPo6r8dlyrna091R8qia9udCDL6uZCrpTF0DoH-o HTTP/1.1" 301 387 "-" "Mozilla/5.0 (iPhone; CPU iPhone OS 13_7 like Mac OS X) AppleWebKit/605.1.15 (KHTML, like Gecko) Mobile/15E148 Instagram 158.0.0.27.120 (iPhone8,4; iOS 13_7; hu_HU; hu-HU; scale=2.00; 640x1136; 242841067)"
62.165.245.61 - - [13/Sep/2020:09:56:58 +0200] "GET / HTTP/1.1" 301 315 "-" "Mozilla/5.0 (iPhone; CPU iPhone OS 13_7 like Mac OS X) AppleWebKit/605.1.15 (KHTML, like Gecko) Version/13.1.2 Mobile/15E148 Safari/604.1"
66.249.66.130 - - [13/Sep/2020:09:59:22 +0200] "GET /en/longboard/970-ram-78a-longboard-wheels-white-with-blue-logo.html HTTP/1.1" 301 382 "-" "Mozilla/5.0 (compatible; Googlebot/2.1; +http://www.google.com/bot.html)"
188.127.150.230 - - [13/Sep/2020:10:03:15 +0200] "GET /hu/36-alatet HTTP/1.1" 301 327 "https://www.google.com/" "Mozilla/5.0 (Linux; Android 10; SM-A750FN) AppleWebKit/537.36 (KHTML, like Gecko) Chrome/80.0.3987.162 Mobile Safari/537.36 OPR/57.2.2830.52651"
176.63.86.83 - - [13/Sep/2020:10:04:07 +0200] "GET /hu/?fbclid=PAAabKPMr6BF1fCacYoOrtrKd9jStajpa0ZhQUk1_9_hXoDUpEPN7wHm5SYoE HTTP/1.1" 301 387 "http://instagram.com/" "Mozilla/5.0 (Linux; Android 10; SM-A600FN Build/QP1A.190711.020; wv) AppleWebKit/537.36 (KHTML, like Gecko) Version/4.0 Chrome/85.0.4183.101 Mobile Safari/537.36 Instagram 158.0.0.30.123 Android (29/10; 320dpi; 720x1384; samsung; SM-A600FN; a6lte; samsungexynos7870; hu_HU; 243646252)"
157.41.19.230 - - [13/Sep/2020:10:07:18 +0200] "GET / HTTP/1.1" 301 315 "-" "-"
66.249.66.134 - - [13/Sep/2020:10:05:21 +0200] "GET /en/skateboard/367-steadfast-50mm-skateboard-wheels-neon-orange.html HTTP/1.1" 301 382 "-" "Mozilla/5.0 (Linux; Android 6.0.1; Nexus 5X Build/MMB29P) AppleWebKit/537.36 (KHTML, like Gecko) Chrome/80.0.3987.92 Mobile Safari/537.36 (compatible; Googlebot/2.1; +http://www.google.com/bot.html)"
157.41.19.230 - - [13/Sep/2020:10:07:14 +0200] "HEAD / HTTP/1.1" 301 - "-" "-"
157.41.19.230 - - [13/Sep/2020:10:07:24 +0200] "GET / HTTP/1.1" 301 315 "-" "-"
216.244.66.194 - - [13/Sep/2020:10:08:36 +0200] "GET /robots.txt HTTP/1.1" 301 325 "-" "Mozilla/5.0 (compatible; DotBot/1.1; http://www.opensiteexplorer.org/dotbot, help@moz.com)"
114.119.130.152 - - [13/Sep/2020:10:07:06 +0200] "GET /robots.txt HTTP/1.1" 301 325 "-" "(compatible;PetalBot;+http://aspiegel.com/petalbot)"
66.249.66.130 - - [13/Sep/2020:10:12:56 +0200] "GET /hu/cruiser/1812-penny-22-cruiser-rainbow-bridge.html HTTP/1.1" 301 367 "-" "Mozilla/5.0 (Linux; Android 6.0.1; Nexus 5X Build/MMB29P) AppleWebKit/537.36 (KHTML, like Gecko) Chrome/80.0.3987.92 Mobile Safari/537.36 (compatible; Googlebot/2.1; +http://www.google.com/bot.html)"
148.251.8.250 - - [13/Sep/2020:10:16:58 +0200] "GET /robots.txt HTTP/1.1" 301 325 "-" "Mozilla/5.0 (compatible; MJ12bot/v1.4.8; http://mj12bot.com/)"
66.249.66.130 - - [13/Sep/2020:10:16:31 +0200] "GET /en/trucks/1187-mindless-voodoo-talisman-ii-longboard-trucks-raw.html HTTP/1.1" 301 383 "-" "Mozilla/5.0 (Linux; Android 6.0.1; Nexus 5X Build/MMB29P) AppleWebKit/537.36 (KHTML, like Gecko) Chrome/80.0.3987.92 Mobile Safari/537.36 (compatible; Googlebot/2.1; +http://www.google.com/bot.html)"
157.55.39.58 - - [13/Sep/2020:10:17:42 +0200] "GET /modules/ptspagebuilder/images/stella_ps_1a.jpg HTTP/1.1" 301 361 "-" "Mozilla/5.0 (compatible; bingbot/2.0; +http://www.bing.com/bingbot.htm)"
157.55.39.76 - - [13/Sep/2020:10:17:48 +0200] "GET /3067-thickbox_default/sfr-vision-canvas-gyerek-quad-gorkorcsolya-leopard.jpg HTTP/1.1" 301 391 "-" "Mozilla/5.0 (compatible; bingbot/2.0; +http://www.bing.com/bingbot.htm)"
66.249.66.130 - - [13/Sep/2020:10:19:22 +0200] "GET /hu/gordeszkak/774-area-girlstar-73-gordeszka.html HTTP/1.1" 301 364 "-" "Mozilla/5.0 (Linux; Android 6.0.1; Nexus 5X Build/MMB29P) AppleWebKit/537.36 (KHTML, like Gecko) Chrome/85.0.4183.97 Mobile Safari/537.36 (compatible; Googlebot/2.1; +http://www.google.com/bot.html)"
213.217.225.176 - - [13/Sep/2020:10:19:51 +0200] "GET /en/cruisers/2336-nkd-city-39-cruiser.html HTTP/1.0" 301 356 "http://www.deszkak.hu/en/cruisers/2336-nkd-city-39-cruiser.html" "Mozilla/5.0 (Windows NT 10.0; Win64; x64) AppleWebKit/537.36 (KHTML, like Gecko) Chrome/66.0.3359.181 Safari/537.36"
66.249.66.134 - - [13/Sep/2020:10:20:07 +0200] "GET /hu/gordeszka/1389-steadfast-5050-gordeszka-kerekek-kek-rozsaszin.html HTTP/1.1" 301 384 "-" "Mozilla/5.0 (Linux; Android 6.0.1; Nexus 5X Build/MMB29P) AppleWebKit/537.36 (KHTML, like Gecko) Chrome/80.0.3987.92 Mobile Safari/537.36 (compatible; Googlebot/2.1; +http://www.google.com/bot.html)"
66.249.66.130 - - [13/Sep/2020:10:21:19 +0200] "GET /hu/csavarok/141-enuff-longboard-tocsavarkeszlet-1.html?search_query=tocsavarkeszlet&results=11 HTTP/1.1" 301 413 "-" "Mozilla/5.0 (Linux; Android 6.0.1; Nexus 5X Build/MMB29P) AppleWebKit/537.36 (KHTML, like Gecko) Chrome/80.0.3987.92 Mobile Safari/537.36 (compatible; Googlebot/2.1; +http://www.google.com/bot.html)"
157.55.39.76 - - [13/Sep/2020:10:21:43 +0200] "GET /hu/cart?add=1&id_product=753&token=dd1548e4374f499b814aa1cfc96bc198 HTTP/1.1" 301 390 "-" "Mozilla/5.0 (compatible; bingbot/2.0; +http://www.bing.com/bingbot.htm)"
66.249.66.130 - - [13/Sep/2020:10:20:45 +0200] "GET /en/cruisers/1880-street-surfing-cruiser-space-line.html HTTP/1.1" 301 370 "-" "Mozilla/5.0 (Linux; Android 6.0.1; Nexus 5X Build/MMB29P) AppleWebKit/537.36 (KHTML, like Gecko) Chrome/80.0.3987.92 Mobile Safari/537.36 (compatible; Googlebot/2.1; +http://www.google.com/bot.html)"
79.121.88.82 - - [13/Sep/2020:10:24:58 +0200] "GET /hu/?fbclid=PAAaYi4NW5FhxCFwaagfEgJyUyDpIMz-VfmjQ4kG18fU0Rxiz7-hf2uKm1KiI HTTP/1.1" 301 387 "http://instagram.com/" "Mozilla/5.0 (Linux; Android 7.1.1; SM-J510FN Build/NMF26X; wv) AppleWebKit/537.36 (KHTML, like Gecko) Version/4.0 Chrome/85.0.4183.101 Mobile Safari/537.36 Instagram 158.0.0.30.123 Android (25/7.1.1; 320dpi; 720x1280; samsung; SM-J510FN; j5xnlte; qcom; hu_HU; 243646252)"
176.63.26.153 - - [13/Sep/2020:10:25:20 +0200] "GET / HTTP/1.1" 301 315 "-" "Mozilla/5.0 (Windows NT 10.0; Win64; x64) AppleWebKit/537.36 (KHTML, like Gecko) Chrome/85.0.4183.102 Safari/537.36"
37.76.66.106 - - [13/Sep/2020:10:24:04 +0200] "GET /hu/?fbclid=PAAaaHeGKQJwBIiin3jZBg-nPoRr6HqVNcavqxIHRZiFFegAE9iHlpYg698Oc HTTP/1.1" 301 387 "http://instagram.com/" "Mozilla/5.0 (Linux; Android 9; SM-G950F Build/PPR1.180610.011; wv) AppleWebKit/537.36 (KHTML, like Gecko) Version/4.0 Chrome/85.0.4183.101 Mobile Safari/537.36 Instagram 158.0.0.30.123 Android (28/9; 480dpi; 1080x2175; samsung; SM-G950F; dreamlte; samsungexynos8895; hu_HU; 243646269)"
66.249.66.130 - - [13/Sep/2020:10:32:29 +0200] "GET /hu/16-alkatreszek HTTP/1.1" 301 332 "-" "Mozilla/5.0 (Linux; Android 6.0.1; Nexus 5X Build/MMB29P) AppleWebKit/537.36 (KHTML, like Gecko) Chrome/80.0.3987.92 Mobile Safari/537.36 (compatible; Googlebot/2.1; +http://www.google.com/bot.html)"
89.135.31.213 - - [13/Sep/2020:10:34:59 +0200] "GET /hu/?fbclid=PAAaY9g_BAm9nQRYQGrq1XjUYxxLsj_vc8HebHtTtUz21fM-u5WGTFaxUT2Go HTTP/1.1" 301 387 "-" "Mozilla/5.0 (iPhone; CPU iPhone OS 13_7 like Mac OS X) AppleWebKit/605.1.15 (KHTML, like Gecko) Mobile/15E148 Instagram 158.1.0.29.120 (iPhone9,4; iOS 13_7; hu_HU; hu-HU; scale=2.61; 1080x1920; 244229785)"
157.55.39.58 - - [13/Sep/2020:10:35:39 +0200] "GET /258-home_default/enuff-logo-skateboard-rasta.jpg HTTP/1.1" 301 363 "-" "Mozilla/5.0 (compatible; bingbot/2.0; +http://www.bing.com/bingbot.htm)"
95.163.255.198 - - [13/Sep/2020:10:42:18 +0200] "GET /1815-large_default/area-benice-skateboard.jpg HTTP/1.1" 301 360 "http://deszkak.hu/1815-large_default/area-benice-skateboard.jpg" "Mozilla/5.0 (compatible; Linux x86_64; Mail.RU_Bot/Img/2.0; +http://go.mail.ru/help/robots)"
95.163.255.129 - - [13/Sep/2020:10:42:16 +0200] "GET /robots.txt HTTP/1.0" 301 325 "-" "Mozilla/5.0 (compatible; Linux x86_64; Mail.RU_Bot/Img/2.0; +http://go.mail.ru/help/robots)"
66.249.66.132 - - [13/Sep/2020:10:43:16 +0200] "GET /hu/longboard/978-ram-longboard-samo-korallzatony.html HTTP/1.1" 301 368 "-" "Mozilla/5.0 (Linux; Android 6.0.1; Nexus 5X Build/MMB29P) AppleWebKit/537.36 (KHTML, like Gecko) Chrome/80.0.3987.92 Mobile Safari/537.36 (compatible; Googlebot/2.1; +http://www.google.com/bot.html)"
66.249.66.130 - - [13/Sep/2020:10:42:53 +0200] "GET /robots.txt HTTP/1.1" 301 325 "-" "Mozilla/5.0 (compatible; Googlebot/2.1; +http://www.google.com/bot.html)"
66.249.66.130 - - [13/Sep/2020:10:42:52 +0200] "GET /hu/alatet/998-sushi-pagoda-alatet-fekete.html HTTP/1.1" 301 360 "-" "Mozilla/5.0 (Linux; Android 6.0.1; Nexus 5X Build/MMB29P) AppleWebKit/537.36 (KHTML, like Gecko) Chrome/80.0.3987.92 Mobile Safari/537.36 (compatible; Googlebot/2.1; +http://www.google.com/bot.html)"
